******************************************************************************
             TMS320C2000 Linker PC v6.4.10                     
******************************************************************************
>> Linked Wed Jul 06 15:27:57 2016

OUTPUT FILE NAME:   <proj_lab20.out>
ENTRY POINT SYMBOL: "_c_int00"  address: 003f3559


MEMORY CONFIGURATION

         name            origin    length      used     unused   attr    fill
----------------------  --------  ---------  --------  --------  ----  --------
PAGE 0:
  P_RAML0               00008000   00000800  00000054  000007ac  RWIX
  OTP                   003d7800   00000400  00000000  00000400  RWIX
  FLASHB_D              003f0000   00006000  00003837  000027c9  RWIX
  CSM_RSVD              003f7f80   00000076  00000000  00000076  RWIX
  BEGIN                 003f7ff6   00000002  00000002  00000000  RWIX
  CSM_PWL_P0            003f7ff8   00000008  00000000  00000008  RWIX
  IQTABLES              003fe000   00000b50  00000000  00000b50  RWIX
  IQTABLES2             003feb50   0000008c  00000000  0000008c  RWIX
  IQTABLES3             003febdc   000000aa  00000000  000000aa  RWIX
  ROM                   003ff27c   00000d44  00000000  00000d44  RWIX
  RESET                 003fffc0   00000002  00000000  00000002  RWIX
  VECTORS               003fffc2   0000003e  00000000  0000003e  RWIX

PAGE 1:
  RAMM0_M1              00000000   00000600  00000588  00000078  RWIX
  D_RAML0               00008800   00000800  000000f3  0000070d  RWIX
  D_FLASHA              003f6000   00001f80  00000084  00001efc  RWIX


SECTION ALLOCATION MAP

 output                                  attributes/
section   page    origin      length       input sections
--------  ----  ----------  ----------   ----------------
.text      0    003f0000    00003744     
                  003f0000    00000e94     fast_public.lib : ctrl_priv.obj (.text)
                  003f0e94    000008c6     hal.obj (.text)
                  003f175a    000004b6     user.obj (.text)
                  003f1c10    0000045f     ctrl.obj (.text)
                  003f206f    000003d6     proj_lab20.obj (.text:retain)
                  003f2445    0000038d     proj_lab20.obj (.text)
                  003f27d2    000002f7     pwm.obj (.text)
                  003f2ac9    000002d4     drv8301.obj (.text)
                  003f2d9d    000001f7     adc.obj (.text)
                  003f2f94    0000016c     gpio.obj (.text)
                  003f3100    0000012c     clk.obj (.text)
                  003f322c    00000102     pie.obj (.text)
                  003f332e    000000aa     spi.obj (.text)
                  003f33d8    0000005c     pll.obj (.text)
                  003f3434    00000051     rts2800_ml.lib : sqrt.obj (.text)
                  003f3485    00000048     offset.obj (.text)
                  003f34cd    00000047     wdog.obj (.text)
                  003f3514    00000045     pwr.obj (.text)
                  003f3559    00000044     rts2800_ml.lib : boot.obj (.text)
                  003f359d    00000033     timer.obj (.text)
                  003f35d0    0000002e     osc.obj (.text)
                  003f35fe    0000002a     rts2800_ml.lib : l_div.obj (.text)
                  003f3628    00000025     cpu.obj (.text)
                  003f364d    00000022     filter_fo.obj (.text)
                  003f366f    00000021     flash.obj (.text)
                  003f3690    00000021     rts2800_ml.lib : fs_toul.obj (.text)
                  003f36b1    0000001d                    : fs_tou.obj (.text)
                  003f36ce    00000019                    : args_main.obj (.text)
                  003f36e7    00000019                    : exit.obj (.text)
                  003f3700    00000011     memCopy.obj (.text)
                  003f3711    00000009     rts2800_ml.lib : _lock.obj (.text)
                  003f371a    00000008     CodeStartBranch.obj (.text)
                  003f3722    00000008     svgen.obj (.text)
                  003f372a    00000007     clarke.obj (.text)
                  003f3731    00000007     ipark.obj (.text)
                  003f3738    00000007     park.obj (.text)
                  003f373f    00000005     pie.obj (.text:retain)

ramfuncs   0    003f3744    00000054     RUN ADDR = 00008000
                  003f3744    00000032     flash.obj (ramfuncs)
                  003f3776    0000001e     hal.obj (ramfuncs)
                  003f3794    00000004     usDelay.obj (ramfuncs)

.cinit     0    003f3798    0000009f     
                  003f3798    00000085     proj_lab20.obj (.cinit)
                  003f381d    0000000a     rts2800_ml.lib : exit.obj (.cinit)
                  003f3827    00000005                    : _lock.obj (.cinit:__lock)
                  003f382c    00000005                    : _lock.obj (.cinit:__unlock)
                  003f3831    00000004     drv8301.obj (.cinit)
                  003f3835    00000002     --HOLE-- [fill = 0]

.pinit     0    003f0000    00000000     UNINITIALIZED

codestart 
*          0    003f7ff6    00000002     
                  003f7ff6    00000002     CodeStartBranch.obj (codestart)

rom_accessed_data 
*          1    00000000    00000304     UNINITIALIZED
                  00000000    00000208     proj_lab20.obj (rom_accessed_data)
                  00000208    00000038     --HOLE--
                  00000240    000000c4     hal.obj (rom_accessed_data)

.switch    1    00000000    00000000     UNINITIALIZED

.stack     1    00000304    00000200     UNINITIALIZED
                  00000304    00000200     --HOLE--

.ebss      1    00008800    000000f3     UNINITIALIZED
                  00008800    000000e8     proj_lab20.obj (.ebss)
                  000088e8    00000004     rts2800_ml.lib : exit.obj (.ebss)
                  000088ec    00000002                    : _lock.obj (.ebss:__lock)
                  000088ee    00000002                    : _lock.obj (.ebss:__unlock)
                  000088f0    00000002     drv8301.obj (.ebss)
                  000088f2    00000001     cpu.obj (.ebss)

.econst    1    003f6000    00000084     RUN ADDR = 00000504
                  003f6000    0000005c     fast_public.lib : ctrl_priv.obj (.econst)
                  003f605c    0000001c     ctrl.obj (.econst)
                  003f6078    00000008     user.obj (.econst)
                  003f6080    00000004     hal.obj (.econst)

.reset     0    003fffc0    00000002     DSECT
                  003fffc0    00000002     rts2800_ml.lib : boot.obj (.reset)

vectors    0    003fffc2    00000000     DSECT


GLOBAL DATA SYMBOLS: SORTED BY DATA PAGE

address     data page           name
--------    ----------------    ----
00000000       0 (00000000)     _halHandle

00000040       1 (00000040)     _gUserParams

00000100       4 (00000100)     _ctrl

00000240       9 (00000240)     _hal

00000304       c (00000300)     __stack

00008800     220 (00008800)     _Flag_Latch_softwareUpdate
00008801     220 (00008800)     _gLEDcnt
00008802     220 (00008800)     _gCounter_updateGlobals
00008804     220 (00008800)     _clarkeHandle_V
00008806     220 (00008800)     _estHandle
00008808     220 (00008800)     _ctrlHandle
0000880a     220 (00008800)     _clarkeHandle_I
0000880c     220 (00008800)     _gTorque_Ls_Id_Iq_pu_to_Nm_sf
0000880e     220 (00008800)     _gTorque_Flux_Iq_pu_to_Nm_sf
00008810     220 (00008800)     _gFlux_pu_to_Wb_sf
00008812     220 (00008800)     _gFlux_pu_to_VpHz_sf
00008814     220 (00008800)     _svgen
00008816     220 (00008800)     _parkHandle
00008818     220 (00008800)     _svgenHandle
0000881a     220 (00008800)     _iparkHandle
0000881c     220 (00008800)     _gMaxCurrentSlope
0000881e     220 (00008800)     _park
00008822     220 (00008800)     _ipark
00008826     220 (00008800)     _clarke_V
0000882c     220 (00008800)     _clarke_I
00008832     220 (00008800)     _gAdcBiasI
00008838     220 (00008800)     _gPwmData

00008840     221 (00008840)     _gAdcBiasV
00008846     221 (00008840)     _gAdcData
00008856     221 (00008840)     _gDrvSpi8301Vars

00008880     222 (00008880)     _gMotorVars

000088e8     223 (000088c0)     ___TI_cleanup_ptr
000088ea     223 (000088c0)     ___TI_dtors_ptr
000088ec     223 (000088c0)     __lock
000088ee     223 (000088c0)     __unlock
000088f2     223 (000088c0)     _cpu


GLOBAL SYMBOLS: SORTED ALPHABETICALLY BY Name 

page  address   name                                             
----  -------   ----                                             
0     003f0000  .text                                            
0     003f36e7  C$$EXIT                                          
abs   003fdc5e  FD$$MPY                                          
abs   003fdf7b  FD$$TOL                                          
abs   003fdeb8  FS$$ADD                                          
abs   003fdf2b  FS$$CMP                                          
abs   003fdce1  FS$$DIV                                          
abs   003fdde7  FS$$MPY                                          
abs   003fff4d  FS$$NEG                                          
abs   003fdeb3  FS$$SUB                                          
abs   003fdfb7  FS$$TOFD                                         
abs   003fff0e  FS$$TOI                                          
0     003f36b1  FS$$TOU                                          
0     003f3690  FS$$TOUL                                         
abs   003fff33  I$$TOFS                                          
0     003f35fe  L$$DIV                                           
0     003f360d  L$$MOD                                           
abs   003ff8bd  U$$TOFS                                          
0     003f361b  UL$$DIV                                          
0     003f3622  UL$$MOD                                          
abs   003ff8aa  UL$$TOFS                                         
0     003f2f8a  _ADC_disable                                     
0     003f2f80  _ADC_disableBandGap                              
0     003f2f69  _ADC_disableInt                                  
0     003f2f5f  _ADC_disableNoOverlapMode                        
0     003f2f55  _ADC_disableRefBuffers                           
0     003f2f4b  _ADC_disableVoltRefLoConv                        
0     003f2f41  _ADC_enable                                      
0     003f2f37  _ADC_enableBandGap                               
0     003f2f21  _ADC_enableInt                                   
0     003f2f17  _ADC_enableNoOverlapMode                         
0     003f2f0d  _ADC_enableRefBuffers                            
0     003f2f03  _ADC_enableVoltRefLoConv                         
0     003f2efc  _ADC_getDivideSelect                             
0     003f2ef3  _ADC_init                                        
0     003f2ee9  _ADC_powerDown                                   
0     003f2edf  _ADC_powerUp                                     
0     003f2ed5  _ADC_reset                                       
0     003f2ec4  _ADC_setDivideSelect                             
0     003f2ea3  _ADC_setIntMode                                  
0     003f2e92  _ADC_setIntPulseGenMode                          
0     003f2e71  _ADC_setIntSrc                                   
0     003f2e67  _ADC_setOffTrim                                  
0     003f2e50  _ADC_setSampleMode                               
0     003f2e3d  _ADC_setSampleOverlapMode                        
0     003f2e29  _ADC_setSocChanNumber                            
0     003f2e1c  _ADC_setSocFrc                                   
0     003f2e12  _ADC_setSocFrcWord                               
0     003f2dfe  _ADC_setSocSampleDelay                           
0     003f2dea  _ADC_setSocTrigSrc                               
0     003f2dd9  _ADC_setTempSensorSrc                            
0     003f2dc8  _ADC_setVoltRefSrc                               
0     003f2d9d  _ADC_setupSocTrigSrc                             
0     003f372a  _CLARKE_init                                     
0     003f3225  _CLK_disableAdcClock                             
0     003f321f  _CLK_disableClkIn                                
0     003f321b  _CLK_disableCompClock                            
0     003f3214  _CLK_disableCpuTimerClock                        
0     003f320e  _CLK_disableCrystalOsc                           
0     003f3207  _CLK_disableEcap1Clock                           
0     003f3200  _CLK_disableGpioInputClock                       
0     003f31f9  _CLK_disableHrPwmClock                           
0     003f31f2  _CLK_disableI2cClock                             
0     003f31ec  _CLK_disableOsc1                                 
0     003f31e6  _CLK_disableOsc1HaltMode                         
0     003f31e0  _CLK_disableOsc2                                 
0     003f31da  _CLK_disableOsc2HaltMode                         
0     003f31d0  _CLK_disablePwmClock                             
0     003f31c9  _CLK_disableSciaClock                            
0     003f31c2  _CLK_disableSpiaClock                            
0     003f31bb  _CLK_disableTbClockSync                          
0     003f31b5  _CLK_disableWatchDogHaltMode                     
0     003f31ae  _CLK_enableAdcClock                              
0     003f31a8  _CLK_enableClkIn                                 
0     003f31a2  _CLK_enableCompClock                             
0     003f319c  _CLK_enableCpuTimerClock                         
0     003f3196  _CLK_enableCrystalOsc                            
0     003f318f  _CLK_enableEcap1Clock                            
0     003f3188  _CLK_enableGpioInputClock                        
0     003f3181  _CLK_enableHrPwmClock                            
0     003f317a  _CLK_enableI2cClock                              
0     003f3174  _CLK_enableOsc1                                  
0     003f316e  _CLK_enableOsc1HaltMode                          
0     003f3168  _CLK_enableOsc2                                  
0     003f3162  _CLK_enableOsc2HaltMode                          
0     003f3159  _CLK_enablePwmClock                              
0     003f3152  _CLK_enableSciaClock                             
0     003f314b  _CLK_enableSpiaClock                             
0     003f3144  _CLK_enableTbClockSync                           
0     003f313e  _CLK_enableWatchDogHaltMode                      
0     003f3137  _CLK_init                                        
0     003f3130  _CLK_setClkOutPreScaler                          
0     003f312a  _CLK_setLowSpdPreScaler                          
0     003f3123  _CLK_setOsc2Src                                  
0     003f311c  _CLK_setOscSrc                                   
0     003f3115  _CLK_setTimer2PreScale                           
0     003f310e  _CLK_setTimer2Src                                
0     003f3107  _CLK_setWatchDogSrc                              
0     003f3100  _CLK_setXClkInSrc                                
0     003f364a  _CPU_clearIntFlags                               
0     003f3647  _CPU_disableDebugInt                             
0     003f3644  _CPU_disableGlobalInts                           
0     003f363f  _CPU_disableInt                                  
0     003f363c  _CPU_disableInts                                 
0     003f3639  _CPU_disableProtectedRegisterWrite               
0     003f3636  _CPU_enableDebugInt                              
0     003f3633  _CPU_enableGlobalInts                            
0     003f362f  _CPU_enableInt                                   
0     003f362c  _CPU_enableProtectedRegisterWrite                
0     003f3628  _CPU_init                                        
0     003f2033  _CTRL_getGains                                   
0     003f202c  _CTRL_getIab_filt_pu                             
0     003f2025  _CTRL_getIab_in_pu                               
0     003f201e  _CTRL_getIdq_in_pu                               
0     003f2017  _CTRL_getIdq_ref_pu                              
0     003f206c  _CTRL_getMagCurrent_pu                           
0     003f2069  _CTRL_getMaximumSpeed_pu                         
0     003f2010  _CTRL_getVab_in_pu                               
0     003f2009  _CTRL_getVab_out_pu                              
0     003f2002  _CTRL_getVdq_out_pu                              
0     003f0e8a  _CTRL_getVersion                                 
0     003f1ff9  _CTRL_getWaitTimes                               
abs   003fd88b  _CTRL_initCtrl                                   
0     003f0dbe  _CTRL_runTraj                                    
0     003f0658  _CTRL_setEstParams                               
0     003f1d79  _CTRL_setGains                                   
0     003f2063  _CTRL_setMagCurrent_pu                           
0     003f2066  _CTRL_setMaximumSpeed_pu                         
0     003f1da1  _CTRL_setParams                                  
0     003f1d66  _CTRL_setSpd_ref_krpm                            
0     003f1d63  _CTRL_setSpd_ref_pu                              
0     003f0525  _CTRL_setUserMotorParams                         
0     003f1d5a  _CTRL_setWaitTimes                               
0     003f1d3e  _CTRL_setupClarke_I                              
0     003f1d28  _CTRL_setupClarke_V                              
0     003f033d  _CTRL_setupCtrl                                  
0     003f019f  _CTRL_setupEstIdleState                          
0     003f0164  _CTRL_setupEstOnLineState                        
0     003f0000  _CTRL_setupTraj                                  
0     003f1cc4  _CTRL_setup_user                                 
0     003f1c10  _CTRL_updateState                                
0     003f2d7a  _DRV8301_enable                                  
0     003f2d68  _DRV8301_getDcCalMode                            
0     003f2d4d  _DRV8301_getFaultType                            
0     003f2d47  _DRV8301_getId                                   
0     003f2d40  _DRV8301_getOcLevel                              
0     003f2d39  _DRV8301_getOcMode                               
0     003f2d32  _DRV8301_getOcOffTimeMode                        
0     003f2d2b  _DRV8301_getOcTwMode                             
0     003f2d24  _DRV8301_getPeakCurrent                          
0     003f2d1d  _DRV8301_getPwmMode                              
0     003f2d16  _DRV8301_getShuntAmpGain                         
0     003f2d0c  _DRV8301_init                                    
0     003f2d06  _DRV8301_isFault                                 
0     003f2cff  _DRV8301_isReset                                 
0     003f2c89  _DRV8301_readData                                
0     003f2b09  _DRV8301_readSpi                                 
0     003f2c7a  _DRV8301_reset                                   
0     003f2c5b  _DRV8301_setDcCalMode                            
0     003f2c59  _DRV8301_setGpioHandle                           
0     003f2c57  _DRV8301_setGpioNumber                           
0     003f2c43  _DRV8301_setOcLevel                              
0     003f2c2f  _DRV8301_setOcMode                               
0     003f2c1b  _DRV8301_setOcOffTimeMode                        
0     003f2c07  _DRV8301_setOcTwMode                             
0     003f2bf3  _DRV8301_setPeakCurrent                          
0     003f2bdf  _DRV8301_setPwmMode                              
0     003f2bcb  _DRV8301_setShuntAmpGain                         
0     003f2bc9  _DRV8301_setSpiHandle                            
0     003f2b42  _DRV8301_setupSpi                                
0     003f2ae0  _DRV8301_writeData                               
0     003f2ac9  _DRV8301_writeSpi                                
abs   003fd9e5  _EST_Angle_setParams                             
abs   003fd922  _EST_Dir_setParams                               
abs   003fd1e8  _EST_EPL_setParams                               
abs   003fd9b0  _EST_Flux_ab_setParams                           
abs   003fd514  _EST_Flux_computeOneOverFlux_qFmt                
abs   003fda3b  _EST_Flux_dq_setParams                           
abs   003fd49c  _EST_Flux_getRatedFlux_pu                        
abs   003fd42e  _EST_Flux_setParams                              
abs   003fd41e  _EST_Flux_setWaitTimes                           
abs   003fd95c  _EST_Freq_setParams                              
abs   003fd1be  _EST_I_setParams                                 
abs   003fd9cc  _EST_Iab_setParams                               
abs   003fda1e  _EST_Idq_setParams                               
abs   003fd3a8  _EST_Ls_getLs_d                                  
abs   003fd2b6  _EST_Ls_setLs_d                                  
abs   003fd284  _EST_Ls_setLs_q                                  
abs   003fd247  _EST_Ls_setParams                                
abs   003fd237  _EST_Ls_setWaitTimes                             
abs   003fda0d  _EST_OneOverDcBus_setParams                      
abs   003fd7e9  _EST_Rr_setParams                                
abs   003fd788  _EST_Rr_setRr                                    
abs   003fd57d  _EST_RsOnLine_setFilterParams                    
abs   003fd54d  _EST_RsOnLine_setParams                          
abs   003fd767  _EST_Rs_getRs                                    
abs   003fd725  _EST_Rs_setParams                                
abs   003fd6c3  _EST_Rs_setRs                                    
abs   003fd6b3  _EST_Rs_setWaitTimes                             
abs   003fd1af  _EST_TRAJ_setParams                              
abs   003fda53  _EST_Vab_setParams                               
abs   003fda47  _EST_Vback_ab_setParams                          
abs   003fda5e  _EST_Vback_dq_setParams                          
abs   003fd9fb  _EST_Vdq_setParams                               
abs   003fc092  _EST_computeDirection_qFmt                       
abs   003fd16d  _EST_computeL                                    
abs   003fd14d  _EST_computeR                                    
abs   003fd145  _EST_doCurrentCtrl                               
abs   003fd13d  _EST_doSpeedCtrl                                 
abs   003fc5f2  _EST_getAngle_pu                                 
abs   003fd0a3  _EST_getFlux_VpHz                                
abs   003fd090  _EST_getFlux_pu                                  
abs   003fd073  _EST_getFm_pu                                    
abs   003fc062  _EST_getFullScaleCurrent                         
abs   003fd043  _EST_getFullScaleFlux                            
abs   003fcc5c  _EST_getFullScaleFreq                            
abs   003fc4d1  _EST_getFullScaleInductance                      
abs   003fc08e  _EST_getFullScaleVoltage                         
abs   003fd017  _EST_getIdRated                                  
abs   003fcfe4  _EST_getLs_coarse_max_pu                         
abs   003fcfda  _EST_getLs_d_H                                   
abs   003fcfd5  _EST_getLs_d_pu                                  
abs   003fcfb3  _EST_getLs_q_H                                   
abs   003fcfae  _EST_getLs_q_pu                                  
abs   003fcfa2  _EST_getMaxCurrentSlope_pu                       
abs   003fcf98  _EST_getOneOverDcBus_pu                          
abs   003fcf92  _EST_getRr_Ohm                                   
abs   003fcef8  _EST_getRs_Ohm                                   
abs   003fceab  _EST_getSpeed_krpm                               
abs   003fc000  _EST_getState                                    
abs   003fce3d  _EST_get_krpm_to_pu_sf                           
abs   003fce38  _EST_get_pu_to_krpm_sf                           
abs   003fcd72  _EST_isError                                     
abs   003fcd6b  _EST_isIdle                                      
abs   003fcd64  _EST_isLockRotor                                 
abs   003fc05e  _EST_isMotorIdentified                           
abs   003fcd5d  _EST_isOnLine                                    
abs   003fc5ed  _EST_resetCounter_ctrl                           
abs   003fc05a  _EST_resetCounter_state                          
abs   003fcc60  _EST_run                                         
abs   003fc5c5  _EST_setFlag_enableFluxControl                   
abs   003fc5c0  _EST_setFlag_enableForceAngle                    
abs   003fc5bc  _EST_setFlag_enableRsOnLine                      
abs   003fc5b8  _EST_setFlag_enableRsRecalc                      
abs   003fc5b4  _EST_setFlag_estComplete                         
abs   003fc5b0  _EST_setFlag_updateRs                            
abs   003fc594  _EST_setFullScaleCurrent                         
abs   003fc58b  _EST_setFullScaleFreq                            
abs   003fc573  _EST_setFullScaleResistance                      
abs   003fc56f  _EST_setFullScaleVoltage                         
abs   003fc569  _EST_setIdRated_pu                               
abs   003fc565  _EST_setId_ref_pu                                
abs   003fc55f  _EST_setIdle                                     
abs   003fc54c  _EST_setIdle_all                                 
abs   003fc548  _EST_setIq_ref_pu                                
abs   003fc52a  _EST_setLs_d_pu                                  
abs   003fc4d6  _EST_setLs_qFmt                                  
abs   003fc4cc  _EST_setLs_q_pu                                  
abs   003fc4c0  _EST_setMaxCurrentSlope_pu                       
abs   003fc4bb  _EST_setMotorParams                              
abs   003fc3fd  _EST_setRs_pu                                    
abs   003fc3e2  _EST_setWaitTimes                                
abs   003fc3da  _EST_updateId_ref_pu                             
abs   003fc0f8  _EST_updateState                                 
abs   003fc002  _EST_useZeroIq_ref                               
0     003f366c  _FILTER_FO_getDenCoeffs                          
0     003f3665  _FILTER_FO_getInitialConditions                  
0     003f365f  _FILTER_FO_getNumCoeffs                          
0     003f3658  _FILTER_FO_init                                  
0     003f3656  _FILTER_FO_setDenCoeffs                          
0     003f3651  _FILTER_FO_setInitialConditions                  
0     003f364d  _FILTER_FO_setNumCoeffs                          
0     003f368a  _FLASH_clear3VStatus                             
0     0000802c  _FLASH_disablePipelineMode                       
0     00008026  _FLASH_enablePipelineMode                        
0     003f3687  _FLASH_get3VStatus                               
0     003f3684  _FLASH_getActiveWaitCount                        
0     003f3680  _FLASH_getActiveWaitStatus                       
0     003f367d  _FLASH_getPowerMode                              
0     003f367a  _FLASH_getStandbyWaitCount                       
0     003f3676  _FLASH_getStandbyWaitStatus                      
0     003f366f  _FLASH_init                                      
0     00008021  _FLASH_setActiveWaitCount                        
0     0000801a  _FLASH_setNumPagedReadWaitStates                 
0     00008013  _FLASH_setNumRandomReadWaitStates                
0     0000800c  _FLASH_setOtpWaitStates                          
0     00008005  _FLASH_setPowerMode                              
0     00008000  _FLASH_setStandbyWaitCount                       
1     00008800  _Flag_Latch_softwareUpdate                       
0     003f30f1  _GPIO_getData                                    
0     003f30e6  _GPIO_getPortData                                
0     003f30df  _GPIO_init                                       
0     003f30d5  _GPIO_lpmSelect                                  
0     003f30b5  _GPIO_read                                       
0     003f309a  _GPIO_setDirection                               
0     003f308f  _GPIO_setExtInt                                  
0     003f307e  _GPIO_setHigh                                    
0     003f306d  _GPIO_setLow                                     
0     003f303a  _GPIO_setMode                                    
0     003f302d  _GPIO_setPortData                                
0     003f3012  _GPIO_setPullUp                                  
0     003f2fd5  _GPIO_setQualification                           
0     003f2fa5  _GPIO_setQualificationPeriod                     
0     003f2f94  _GPIO_toggle                                     
0     003f1261  _HAL_AdcCalChanSelect                            
0     003f12b8  _HAL_AdcCalConversion                            
0     003f141a  _HAL_AdcOffsetSelfCal                            
0     003f14e3  _HAL_OscTempComp                                 
0     003f153c  _HAL_cal                                         
0     003f1756  _HAL_disableGlobalInts                           
0     003f166e  _HAL_disableWdog                                 
0     003f1744  _HAL_enableAdcInts                               
0     003f1740  _HAL_enableDebugInt                              
0     003f173b  _HAL_enableDrv                                   
0     003f1737  _HAL_enableGlobalInts                            
0     003f1726  _HAL_enablePwmInt                                
0     003f1449  _HAL_getOscTrimValue                             
0     003f1673  _HAL_init                                        
0     003f145f  _HAL_osc1Comp                                    
0     003f14a1  _HAL_osc2Comp                                    
0     003f1669  _HAL_readDrvData                                 
0     003f1553  _HAL_setParams                                   
0     003f119e  _HAL_setupAdcs                                   
0     003f1182  _HAL_setupClks                                   
0     003f117d  _HAL_setupDrvSpi                                 
0     003f115f  _HAL_setupFaults                                 
0     00008032  _HAL_setupFlash                                  
0     003f114a  _HAL_setupGate                                   
0     003f10ab  _HAL_setupGpios                                  
0     003f1085  _HAL_setupLaunchPadGpio0and1                     
0     003f1050  _HAL_setupPeripheralClks                         
0     003f1034  _HAL_setupPie                                    
0     003f0ff5  _HAL_setupPll                                    
0     003f0f1d  _HAL_setupPwms                                   
0     003f0ee7  _HAL_setupSpiA                                   
0     003f0e99  _HAL_setupTimers                                 
0     003f0e94  _HAL_writeDrvData                                
0     003f3731  _IPARK_init                                      
0     003f34be  _OFFSET_getBeta                                  
0     003f34ac  _OFFSET_init                                     
0     003f3496  _OFFSET_setBeta                                  
0     003f3487  _OFFSET_setInitCond                              
0     003f3485  _OFFSET_setOffset                                
0     003f35f7  _OSC_init                                        
0     003f35ea  _OSC_setCoarseTrim                               
0     003f35d9  _OSC_setFineTrim                                 
0     003f35d0  _OSC_setTrim                                     
0     003f3738  _PARK_init                                       
0     003f3327  _PIE_clearAllFlags                               
0     003f3324  _PIE_clearAllInts                                
0     003f3321  _PIE_disable                                     
0     003f331a  _PIE_disableAllInts                              
0     003f3316  _PIE_disableCaptureInt                           
0     003f330d  _PIE_disableExtInt                               
0     003f3303  _PIE_disableInt                                  
0     003f3300  _PIE_enable                                      
0     003f32e3  _PIE_enableAdcInt                                
0     003f32df  _PIE_enableCaptureInt                            
0     003f32c2  _PIE_enableExtInt                                
0     003f32b9  _PIE_enableInt                                   
0     003f32b4  _PIE_enablePwmInt                                
0     003f32af  _PIE_enablePwmTzInt                              
0     003f32ac  _PIE_enableTimer0Int                             
0     003f32a3  _PIE_forceInt                                    
0     003f329b  _PIE_getExtIntCount                              
0     003f3294  _PIE_getIntEnables                               
0     003f328d  _PIE_getIntFlags                                 
0     003f373f  _PIE_illegalIsr                                  
0     003f3284  _PIE_init                                        
0     003f3273  _PIE_registerPieIntHandler                       
0     003f3268  _PIE_registerSystemIntHandler                    
0     003f325d  _PIE_setDefaultIntVectorTable                    
0     003f324c  _PIE_setExtIntPolarity                           
0     003f3239  _PIE_unregisterPieIntHandler                     
0     003f322c  _PIE_unregisterSystemIntHandler                  
0     003f342e  _PLL_disable                                     
0     003f3428  _PLL_disableClkDetect                            
0     003f3422  _PLL_disableNormRdy                              
0     003f341c  _PLL_disableOsc                                  
0     003f3416  _PLL_enable                                      
0     003f3410  _PLL_enableClkDetect                             
0     003f340a  _PLL_enableNormRdy                               
0     003f3404  _PLL_enableOsc                                   
0     003f3400  _PLL_getClkFreq                                  
0     003f33fd  _PLL_getClkStatus                                
0     003f33fa  _PLL_getDivideSelect                             
0     003f33f7  _PLL_getLockStatus                               
0     003f33f0  _PLL_init                                        
0     003f33ea  _PLL_resetClkDetect                              
0     003f33e4  _PLL_setClkFreq                                  
0     003f33dd  _PLL_setDivideSelect                             
0     003f33d8  _PLL_setLockPeriod                               
0     003f2ac3  _PWM_clearTripZone                               
0     003f2ac0  _PWM_decrementDeadBandFallingEdgeDelay           
0     003f2abd  _PWM_decrementDeadBandRisingEdgeDelay            
0     003f2ab6  _PWM_disableAutoConvert                          
0     003f2ab2  _PWM_disableChopping                             
0     003f2aaf  _PWM_disableCounterLoad                          
0     003f2aac  _PWM_disableDeadBand                             
0     003f2aa8  _PWM_disableDeadBandHalfCycle                    
0     003f2aa1  _PWM_disableDigitalCompareBlankingWindow         
0     003f2a9a  _PWM_disableDigitalCompareBlankingWindowInversion
0     003f2a93  _PWM_disableHrPeriod                             
0     003f2a8c  _PWM_disableHrPhaseSync                          
0     003f2a88  _PWM_disableInt                                  
0     003f2a84  _PWM_disableSocAPulse                            
0     003f2a80  _PWM_disableSocBPulse                            
0     003f2a79  _PWM_disableTripZoneInt                          
0     003f2a72  _PWM_disableTripZoneSrc                          
0     003f2a6c  _PWM_disableTripZones                            
0     003f2a65  _PWM_enableAutoConvert                           
0     003f2a61  _PWM_enableChopping                              
0     003f2a5e  _PWM_enableCounterLoad                           
0     003f2a5a  _PWM_enableDeadBandHalfCycle                     
0     003f2a53  _PWM_enableDigitalCompareBlankingWindow          
0     003f2a4c  _PWM_enableDigitalCompareBlankingWindowInversion 
0     003f2a45  _PWM_enableHrPeriod                              
0     003f2a3e  _PWM_enableHrPhaseSync                           
0     003f2a3a  _PWM_enableInt                                   
0     003f2a36  _PWM_enableSocAPulse                             
0     003f2a32  _PWM_enableSocBPulse                             
0     003f2a2c  _PWM_enableTripZoneInt                           
0     003f2a26  _PWM_enableTripZoneSrc                           
0     003f2a23  _PWM_getDeadBandFallingEdgeDelay                 
0     003f2a20  _PWM_getDeadBandRisingEdgeDelay                  
0     003f2a1c  _PWM_getIntCount                                 
0     003f2a18  _PWM_getShadowStatus_CmpA                        
0     003f2a14  _PWM_getShadowStatus_CmpB                        
0     003f2a0f  _PWM_getSocACount                                
0     003f2a0a  _PWM_getSocBCount                                
0     003f2a07  _PWM_incrementDeadBandFallingEdgeDelay           
0     003f2a04  _PWM_incrementDeadBandRisingEdgeDelay            
0     003f29fd  _PWM_init                                        
0     003f29f6  _PWM_setActionQualContSWForce_PwmA               
0     003f29ed  _PWM_setActionQualContSWForce_PwmB               
0     003f29e4  _PWM_setActionQual_CntDown_CmpA_PwmA             
0     003f29db  _PWM_setActionQual_CntDown_CmpA_PwmB             
0     003f29d2  _PWM_setActionQual_CntDown_CmpB_PwmA             
0     003f29c9  _PWM_setActionQual_CntDown_CmpB_PwmB             
0     003f29c0  _PWM_setActionQual_CntUp_CmpA_PwmA               
0     003f29b7  _PWM_setActionQual_CntUp_CmpA_PwmB               
0     003f29ae  _PWM_setActionQual_CntUp_CmpB_PwmA               
0     003f29a5  _PWM_setActionQual_CntUp_CmpB_PwmB               
0     003f299c  _PWM_setActionQual_Period_PwmA                   
0     003f2993  _PWM_setActionQual_Period_PwmB                   
0     003f298c  _PWM_setActionQual_Zero_PwmA                     
0     003f2985  _PWM_setActionQual_Zero_PwmB                     
0     003f297e  _PWM_setChoppingClkFreq                          
0     003f2977  _PWM_setChoppingDutyCycle                        
0     003f2970  _PWM_setChoppingPulseWidth                       
0     003f296c  _PWM_setClkDiv                                   
0     003f296a  _PWM_setCount                                    
0     003f2966  _PWM_setCounterMode                              
0     003f2963  _PWM_setDeadBandFallingEdgeDelay                 
0     003f295c  _PWM_setDeadBandInputMode                        
0     003f2955  _PWM_setDeadBandOutputMode                       
0     003f294e  _PWM_setDeadBandPolarity                         
0     003f294b  _PWM_setDeadBandRisingEdgeDelay                  
0     003f2931  _PWM_setDigitalCompareAEvent1                    
0     003f2921  _PWM_setDigitalCompareAEvent2                    
0     003f2907  _PWM_setDigitalCompareBEvent1                    
0     003f28f7  _PWM_setDigitalCompareBEvent2                    
0     003f28eb  _PWM_setDigitalCompareBlankingPulse              
0     003f28e8  _PWM_setDigitalCompareFilterOffset               
0     003f28de  _PWM_setDigitalCompareFilterSource               
0     003f28db  _PWM_setDigitalCompareFilterWindow               
0     003f28cc  _PWM_setDigitalCompareInput                      
0     003f28c8  _PWM_setHighSpeedClkDiv                          
0     003f28be  _PWM_setHrControlMode                            
0     003f28b4  _PWM_setHrEdgeMode                               
0     003f28aa  _PWM_setHrShadowMode                             
0     003f28a3  _PWM_setIntMode                                  
0     003f289c  _PWM_setIntPeriod                                
0     003f2898  _PWM_setLoadMode_CmpA                            
0     003f2892  _PWM_setLoadMode_CmpB                            
0     003f2890  _PWM_setPeriod                                   
0     003f288b  _PWM_setPeriodHr                                 
0     003f2887  _PWM_setPeriodLoad                               
0     003f2885  _PWM_setPhase                                    
0     003f2881  _PWM_setPhaseDir                                 
0     003f287d  _PWM_setRunMode                                  
0     003f2877  _PWM_setShadowMode_CmpA                          
0     003f2871  _PWM_setShadowMode_CmpB                          
0     003f2868  _PWM_setSocAPeriod                               
0     003f285f  _PWM_setSocAPulseSrc                             
0     003f2856  _PWM_setSocBPeriod                               
0     003f284d  _PWM_setSocBPulseSrc                             
0     003f284a  _PWM_setSwSync                                   
0     003f2846  _PWM_setSyncMode                                 
0     003f283c  _PWM_setTripZoneDCEventSelect_DCAEVT1            
0     003f2830  _PWM_setTripZoneDCEventSelect_DCAEVT2            
0     003f2824  _PWM_setTripZoneDCEventSelect_DCBEVT1            
0     003f2818  _PWM_setTripZoneDCEventSelect_DCBEVT2            
0     003f280c  _PWM_setTripZoneState_DCAEVT1                    
0     003f2800  _PWM_setTripZoneState_DCAEVT2                    
0     003f27f4  _PWM_setTripZoneState_DCBEVT1                    
0     003f27e8  _PWM_setTripZoneState_DCBEVT2                    
0     003f27de  _PWM_setTripZoneState_TZA                        
0     003f27d2  _PWM_setTripZoneState_TZB                        
0     003f3556  _PWR_disableBrownOutReset                        
0     003f354c  _PWR_disableWatchDogInt                          
0     003f3549  _PWR_enableBrownOutReset                         
0     003f353f  _PWR_enableWatchDogInt                           
0     003f3536  _PWR_init                                        
0     003f3525  _PWR_setLowPowerMode                             
0     003f3514  _PWR_setNumStandByClocks                         
0     003f3798  _RamfuncsLoadEnd                                 
0     003f3744  _RamfuncsLoadStart                               
0     00008000  _RamfuncsRunStart                                
0     003f33d4  _SPI_clearRxFifoInt                              
0     003f33d0  _SPI_clearRxFifoOvf                              
0     003f33cc  _SPI_clearTxFifoInt                              
0     003f33c9  _SPI_disableInt                                  
0     003f33c6  _SPI_disableLoopBack                             
0     003f33c3  _SPI_disableOverRunInt                           
0     003f33bf  _SPI_disableRxFifoInt                            
0     003f33bc  _SPI_disableTx                                   
0     003f33b8  _SPI_disableTxFifoEnh                            
0     003f33b4  _SPI_disableTxFifoInt                            
0     003f33b1  _SPI_enable                                      
0     003f33ad  _SPI_enableChannels                              
0     003f33aa  _SPI_enableInt                                   
0     003f33a7  _SPI_enableLoopBack                              
0     003f33a4  _SPI_enableOverRunInt                            
0     003f33a0  _SPI_enableRxFifo                                
0     003f339c  _SPI_enableRxFifoInt                             
0     003f3399  _SPI_enableTx                                    
0     003f3395  _SPI_enableTxFifo                                
0     003f3391  _SPI_enableTxFifoEnh                             
0     003f338d  _SPI_enableTxFifoInt                             
0     003f338a  _SPI_getIntFlagStatus                            
0     003f3386  _SPI_getRxFifoStatus                             
0     003f3383  _SPI_getTxBufferStatus                           
0     003f337f  _SPI_getTxFifoStatus                             
0     003f3378  _SPI_init                                        
0     003f3375  _SPI_reset                                       
0     003f3371  _SPI_resetChannels                               
0     003f336d  _SPI_resetRxFifo                                 
0     003f3369  _SPI_resetTxFifo                                 
0     003f3367  _SPI_setBaudRate                                 
0     003f3363  _SPI_setCharLength                               
0     003f3361  _SPI_setClkPhase                                 
0     003f335d  _SPI_setClkPolarity                              
0     003f335b  _SPI_setMode                                     
0     003f3354  _SPI_setPriority                                 
0     003f334d  _SPI_setRxFifoIntLevel                           
0     003f3346  _SPI_setSteInv                                   
0     003f333f  _SPI_setSuspend                                  
0     003f3338  _SPI_setTriWire                                  
0     003f3335  _SPI_setTxDelay                                  
0     003f332e  _SPI_setTxFifoIntLevel                           
0     003f3723  _SVGEN_init                                      
0     003f3722  _SVGEN_setup                                     
0     003f35cd  _TIMER_clearFlag                                 
0     003f35ca  _TIMER_disableInt                                
0     003f35c7  _TIMER_enableInt                                 
0     003f35c4  _TIMER_getStatus                                 
0     003f35bd  _TIMER_init                                      
0     003f35af  _TIMER_setDecimationFactor                       
0     003f35ab  _TIMER_setEmulationMode                          
0     003f359d  _TIMER_setPreScaler                              
0     003f1b4f  _USER_calcPIgains                                
0     003f1b4b  _USER_checkForErrors                             
0     003f1b3d  _USER_computeFlux                                
0     003f1aed  _USER_computeFlux_pu_to_VpHz_sf                  
0     003f1a9d  _USER_computeFlux_pu_to_Wb_sf                    
0     003f1a4d  _USER_computeTorque_Flux_Iq_pu_to_Nm_sf          
0     003f1a00  _USER_computeTorque_Ls_Id_Iq_pu_to_Nm_sf         
0     003f19b3  _USER_computeTorque_Nm                           
0     003f195b  _USER_computeTorque_lbin                         
0     003f1958  _USER_getErrorCode                               
0     003f1955  _USER_setErrorCode                               
0     003f17f2  _USER_setParams                                  
0     003f175a  _USER_softwareUpdate1p6                          
0     003f350c  _WDOG_clearCounter                               
0     003f3504  _WDOG_disable                                    
0     003f34fe  _WDOG_disableInt                                 
0     003f34f8  _WDOG_disableOverRide                            
0     003f34ef  _WDOG_enable                                     
0     003f34e9  _WDOG_enableInt                                  
0     003f34e3  _WDOG_enableOverRide                             
0     003f34e0  _WDOG_getIntStatus                               
0     003f34d9  _WDOG_init                                       
0     003f34d7  _WDOG_setCount                                   
0     003f34cd  _WDOG_setPreScaler                               
abs   003ff854  __IQ24cosPU                                      
abs   003fff8f  __IQ24rmpy                                       
abs   003ff82b  __IQ24sinPU                                      
abs   003ff2aa  __IQ24sqrt                                       
abs   003ff87b  __IQ29rsmpy                                      
abs   003fff52  __IQ30rsmpy                                      
abs   003fff7b  __IQ30toF                                        
1     00000504  __STACK_END                                      
abs   00000200  __STACK_SIZE                                     
1     000088e8  ___TI_cleanup_ptr                                
1     000088ea  ___TI_dtors_ptr                                  
abs   ffffffff  ___binit__                                       
abs   ffffffff  ___c_args__                                      
0     003f3798  ___cinit__                                       
0     003f3744  ___etext__                                       
abs   ffffffff  ___pinit__                                       
0     003f0000  ___text__                                        
0     003f36ce  __args_main                                      
1     000088ec  __lock                                           
0     003f3719  __nop                                            
0     003f3715  __register_lock                                  
0     003f3711  __register_unlock                                
1     00000304  __stack                                          
1     000088ee  __unlock                                         
0     003f36e7  _abort                                           
0     003f3559  _c_int00                                         
1     0000880a  _clarkeHandle_I                                  
1     00008804  _clarkeHandle_V                                  
1     0000882c  _clarke_I                                        
1     00008826  _clarke_V                                        
1     000088f2  _cpu                                             
1     00000100  _ctrl                                            
1     00008808  _ctrlHandle                                      
1     003f6084  _econst_end                                      
1     00000504  _econst_ram_load                                 
1     003f6000  _econst_start                                    
abs   000007fc  _errno                                           
1     00008806  _estHandle                                       
0     003f36e9  _exit                                            
1     00008832  _gAdcBiasI                                       
1     00008840  _gAdcBiasV                                       
1     00008846  _gAdcData                                        
1     00008802  _gCounter_updateGlobals                          
1     00008856  _gDrvSpi8301Vars                                 
1     00008812  _gFlux_pu_to_VpHz_sf                             
1     00008810  _gFlux_pu_to_Wb_sf                               
1     00008801  _gLEDcnt                                         
1     0000881c  _gMaxCurrentSlope                                
1     00008880  _gMotorVars                                      
1     00008838  _gPwmData                                        
1     0000880e  _gTorque_Flux_Iq_pu_to_Nm_sf                     
1     0000880c  _gTorque_Ls_Id_Iq_pu_to_Nm_sf                    
1     00000040  _gUserParams                                     
1     00000240  _hal                                             
1     00000000  _halHandle                                       
1     00008822  _ipark                                           
1     0000881a  _iparkHandle                                     
abs   003fde41  _ldexp                                           
abs   003fda88  _log                                             
0     003f2506  _main                                            
0     003f206f  _mainISR                                         
0     003f3700  _memCopy                                         
abs   003fde82  _modf                                            
1     0000881e  _park                                            
1     00008816  _parkHandle                                      
abs   003fdd64  _pow                                             
0     003f24ed  _setupClarke_I                                   
0     003f24da  _setupClarke_V                                   
0     003f3434  _sqrt                                            
1     00008814  _svgen                                           
1     00008818  _svgenHandle                                     
1     00000000  _switch_end                                      
1     00000000  _switch_ram_load                                 
1     00000000  _switch_start                                    
0     003f2467  _updateGlobalVariables_motor                     
0     003f2445  _updateKpKiGains                                 
0     00008050  _usDelay                                         
abs   ffffffff  binit                                            
0     003f3798  cinit                                            
0     003f7ff6  code_start                                       
0     003f3744  etext                                            
abs   ffffffff  pinit                                            


GLOBAL SYMBOLS: SORTED BY Symbol Address 

page  address   name                                             
----  -------   ----                                             
0     00008000  _FLASH_setStandbyWaitCount                       
0     00008000  _RamfuncsRunStart                                
0     00008005  _FLASH_setPowerMode                              
0     0000800c  _FLASH_setOtpWaitStates                          
0     00008013  _FLASH_setNumRandomReadWaitStates                
0     0000801a  _FLASH_setNumPagedReadWaitStates                 
0     00008021  _FLASH_setActiveWaitCount                        
0     00008026  _FLASH_enablePipelineMode                        
0     0000802c  _FLASH_disablePipelineMode                       
0     00008032  _HAL_setupFlash                                  
0     00008050  _usDelay                                         
0     003f0000  .text                                            
0     003f0000  _CTRL_setupTraj                                  
0     003f0000  ___text__                                        
0     003f0164  _CTRL_setupEstOnLineState                        
0     003f019f  _CTRL_setupEstIdleState                          
0     003f033d  _CTRL_setupCtrl                                  
0     003f0525  _CTRL_setUserMotorParams                         
0     003f0658  _CTRL_setEstParams                               
0     003f0dbe  _CTRL_runTraj                                    
0     003f0e8a  _CTRL_getVersion                                 
0     003f0e94  _HAL_writeDrvData                                
0     003f0e99  _HAL_setupTimers                                 
0     003f0ee7  _HAL_setupSpiA                                   
0     003f0f1d  _HAL_setupPwms                                   
0     003f0ff5  _HAL_setupPll                                    
0     003f1034  _HAL_setupPie                                    
0     003f1050  _HAL_setupPeripheralClks                         
0     003f1085  _HAL_setupLaunchPadGpio0and1                     
0     003f10ab  _HAL_setupGpios                                  
0     003f114a  _HAL_setupGate                                   
0     003f115f  _HAL_setupFaults                                 
0     003f117d  _HAL_setupDrvSpi                                 
0     003f1182  _HAL_setupClks                                   
0     003f119e  _HAL_setupAdcs                                   
0     003f1261  _HAL_AdcCalChanSelect                            
0     003f12b8  _HAL_AdcCalConversion                            
0     003f141a  _HAL_AdcOffsetSelfCal                            
0     003f1449  _HAL_getOscTrimValue                             
0     003f145f  _HAL_osc1Comp                                    
0     003f14a1  _HAL_osc2Comp                                    
0     003f14e3  _HAL_OscTempComp                                 
0     003f153c  _HAL_cal                                         
0     003f1553  _HAL_setParams                                   
0     003f1669  _HAL_readDrvData                                 
0     003f166e  _HAL_disableWdog                                 
0     003f1673  _HAL_init                                        
0     003f1726  _HAL_enablePwmInt                                
0     003f1737  _HAL_enableGlobalInts                            
0     003f173b  _HAL_enableDrv                                   
0     003f1740  _HAL_enableDebugInt                              
0     003f1744  _HAL_enableAdcInts                               
0     003f1756  _HAL_disableGlobalInts                           
0     003f175a  _USER_softwareUpdate1p6                          
0     003f17f2  _USER_setParams                                  
0     003f1955  _USER_setErrorCode                               
0     003f1958  _USER_getErrorCode                               
0     003f195b  _USER_computeTorque_lbin                         
0     003f19b3  _USER_computeTorque_Nm                           
0     003f1a00  _USER_computeTorque_Ls_Id_Iq_pu_to_Nm_sf         
0     003f1a4d  _USER_computeTorque_Flux_Iq_pu_to_Nm_sf          
0     003f1a9d  _USER_computeFlux_pu_to_Wb_sf                    
0     003f1aed  _USER_computeFlux_pu_to_VpHz_sf                  
0     003f1b3d  _USER_computeFlux                                
0     003f1b4b  _USER_checkForErrors                             
0     003f1b4f  _USER_calcPIgains                                
0     003f1c10  _CTRL_updateState                                
0     003f1cc4  _CTRL_setup_user                                 
0     003f1d28  _CTRL_setupClarke_V                              
0     003f1d3e  _CTRL_setupClarke_I                              
0     003f1d5a  _CTRL_setWaitTimes                               
0     003f1d63  _CTRL_setSpd_ref_pu                              
0     003f1d66  _CTRL_setSpd_ref_krpm                            
0     003f1d79  _CTRL_setGains                                   
0     003f1da1  _CTRL_setParams                                  
0     003f1ff9  _CTRL_getWaitTimes                               
0     003f2002  _CTRL_getVdq_out_pu                              
0     003f2009  _CTRL_getVab_out_pu                              
0     003f2010  _CTRL_getVab_in_pu                               
0     003f2017  _CTRL_getIdq_ref_pu                              
0     003f201e  _CTRL_getIdq_in_pu                               
0     003f2025  _CTRL_getIab_in_pu                               
0     003f202c  _CTRL_getIab_filt_pu                             
0     003f2033  _CTRL_getGains                                   
0     003f2063  _CTRL_setMagCurrent_pu                           
0     003f2066  _CTRL_setMaximumSpeed_pu                         
0     003f2069  _CTRL_getMaximumSpeed_pu                         
0     003f206c  _CTRL_getMagCurrent_pu                           
0     003f206f  _mainISR                                         
0     003f2445  _updateKpKiGains                                 
0     003f2467  _updateGlobalVariables_motor                     
0     003f24da  _setupClarke_V                                   
0     003f24ed  _setupClarke_I                                   
0     003f2506  _main                                            
0     003f27d2  _PWM_setTripZoneState_TZB                        
0     003f27de  _PWM_setTripZoneState_TZA                        
0     003f27e8  _PWM_setTripZoneState_DCBEVT2                    
0     003f27f4  _PWM_setTripZoneState_DCBEVT1                    
0     003f2800  _PWM_setTripZoneState_DCAEVT2                    
0     003f280c  _PWM_setTripZoneState_DCAEVT1                    
0     003f2818  _PWM_setTripZoneDCEventSelect_DCBEVT2            
0     003f2824  _PWM_setTripZoneDCEventSelect_DCBEVT1            
0     003f2830  _PWM_setTripZoneDCEventSelect_DCAEVT2            
0     003f283c  _PWM_setTripZoneDCEventSelect_DCAEVT1            
0     003f2846  _PWM_setSyncMode                                 
0     003f284a  _PWM_setSwSync                                   
0     003f284d  _PWM_setSocBPulseSrc                             
0     003f2856  _PWM_setSocBPeriod                               
0     003f285f  _PWM_setSocAPulseSrc                             
0     003f2868  _PWM_setSocAPeriod                               
0     003f2871  _PWM_setShadowMode_CmpB                          
0     003f2877  _PWM_setShadowMode_CmpA                          
0     003f287d  _PWM_setRunMode                                  
0     003f2881  _PWM_setPhaseDir                                 
0     003f2885  _PWM_setPhase                                    
0     003f2887  _PWM_setPeriodLoad                               
0     003f288b  _PWM_setPeriodHr                                 
0     003f2890  _PWM_setPeriod                                   
0     003f2892  _PWM_setLoadMode_CmpB                            
0     003f2898  _PWM_setLoadMode_CmpA                            
0     003f289c  _PWM_setIntPeriod                                
0     003f28a3  _PWM_setIntMode                                  
0     003f28aa  _PWM_setHrShadowMode                             
0     003f28b4  _PWM_setHrEdgeMode                               
0     003f28be  _PWM_setHrControlMode                            
0     003f28c8  _PWM_setHighSpeedClkDiv                          
0     003f28cc  _PWM_setDigitalCompareInput                      
0     003f28db  _PWM_setDigitalCompareFilterWindow               
0     003f28de  _PWM_setDigitalCompareFilterSource               
0     003f28e8  _PWM_setDigitalCompareFilterOffset               
0     003f28eb  _PWM_setDigitalCompareBlankingPulse              
0     003f28f7  _PWM_setDigitalCompareBEvent2                    
0     003f2907  _PWM_setDigitalCompareBEvent1                    
0     003f2921  _PWM_setDigitalCompareAEvent2                    
0     003f2931  _PWM_setDigitalCompareAEvent1                    
0     003f294b  _PWM_setDeadBandRisingEdgeDelay                  
0     003f294e  _PWM_setDeadBandPolarity                         
0     003f2955  _PWM_setDeadBandOutputMode                       
0     003f295c  _PWM_setDeadBandInputMode                        
0     003f2963  _PWM_setDeadBandFallingEdgeDelay                 
0     003f2966  _PWM_setCounterMode                              
0     003f296a  _PWM_setCount                                    
0     003f296c  _PWM_setClkDiv                                   
0     003f2970  _PWM_setChoppingPulseWidth                       
0     003f2977  _PWM_setChoppingDutyCycle                        
0     003f297e  _PWM_setChoppingClkFreq                          
0     003f2985  _PWM_setActionQual_Zero_PwmB                     
0     003f298c  _PWM_setActionQual_Zero_PwmA                     
0     003f2993  _PWM_setActionQual_Period_PwmB                   
0     003f299c  _PWM_setActionQual_Period_PwmA                   
0     003f29a5  _PWM_setActionQual_CntUp_CmpB_PwmB               
0     003f29ae  _PWM_setActionQual_CntUp_CmpB_PwmA               
0     003f29b7  _PWM_setActionQual_CntUp_CmpA_PwmB               
0     003f29c0  _PWM_setActionQual_CntUp_CmpA_PwmA               
0     003f29c9  _PWM_setActionQual_CntDown_CmpB_PwmB             
0     003f29d2  _PWM_setActionQual_CntDown_CmpB_PwmA             
0     003f29db  _PWM_setActionQual_CntDown_CmpA_PwmB             
0     003f29e4  _PWM_setActionQual_CntDown_CmpA_PwmA             
0     003f29ed  _PWM_setActionQualContSWForce_PwmB               
0     003f29f6  _PWM_setActionQualContSWForce_PwmA               
0     003f29fd  _PWM_init                                        
0     003f2a04  _PWM_incrementDeadBandRisingEdgeDelay            
0     003f2a07  _PWM_incrementDeadBandFallingEdgeDelay           
0     003f2a0a  _PWM_getSocBCount                                
0     003f2a0f  _PWM_getSocACount                                
0     003f2a14  _PWM_getShadowStatus_CmpB                        
0     003f2a18  _PWM_getShadowStatus_CmpA                        
0     003f2a1c  _PWM_getIntCount                                 
0     003f2a20  _PWM_getDeadBandRisingEdgeDelay                  
0     003f2a23  _PWM_getDeadBandFallingEdgeDelay                 
0     003f2a26  _PWM_enableTripZoneSrc                           
0     003f2a2c  _PWM_enableTripZoneInt                           
0     003f2a32  _PWM_enableSocBPulse                             
0     003f2a36  _PWM_enableSocAPulse                             
0     003f2a3a  _PWM_enableInt                                   
0     003f2a3e  _PWM_enableHrPhaseSync                           
0     003f2a45  _PWM_enableHrPeriod                              
0     003f2a4c  _PWM_enableDigitalCompareBlankingWindowInversion 
0     003f2a53  _PWM_enableDigitalCompareBlankingWindow          
0     003f2a5a  _PWM_enableDeadBandHalfCycle                     
0     003f2a5e  _PWM_enableCounterLoad                           
0     003f2a61  _PWM_enableChopping                              
0     003f2a65  _PWM_enableAutoConvert                           
0     003f2a6c  _PWM_disableTripZones                            
0     003f2a72  _PWM_disableTripZoneSrc                          
0     003f2a79  _PWM_disableTripZoneInt                          
0     003f2a80  _PWM_disableSocBPulse                            
0     003f2a84  _PWM_disableSocAPulse                            
0     003f2a88  _PWM_disableInt                                  
0     003f2a8c  _PWM_disableHrPhaseSync                          
0     003f2a93  _PWM_disableHrPeriod                             
0     003f2a9a  _PWM_disableDigitalCompareBlankingWindowInversion
0     003f2aa1  _PWM_disableDigitalCompareBlankingWindow         
0     003f2aa8  _PWM_disableDeadBandHalfCycle                    
0     003f2aac  _PWM_disableDeadBand                             
0     003f2aaf  _PWM_disableCounterLoad                          
0     003f2ab2  _PWM_disableChopping                             
0     003f2ab6  _PWM_disableAutoConvert                          
0     003f2abd  _PWM_decrementDeadBandRisingEdgeDelay            
0     003f2ac0  _PWM_decrementDeadBandFallingEdgeDelay           
0     003f2ac3  _PWM_clearTripZone                               
0     003f2ac9  _DRV8301_writeSpi                                
0     003f2ae0  _DRV8301_writeData                               
0     003f2b09  _DRV8301_readSpi                                 
0     003f2b42  _DRV8301_setupSpi                                
0     003f2bc9  _DRV8301_setSpiHandle                            
0     003f2bcb  _DRV8301_setShuntAmpGain                         
0     003f2bdf  _DRV8301_setPwmMode                              
0     003f2bf3  _DRV8301_setPeakCurrent                          
0     003f2c07  _DRV8301_setOcTwMode                             
0     003f2c1b  _DRV8301_setOcOffTimeMode                        
0     003f2c2f  _DRV8301_setOcMode                               
0     003f2c43  _DRV8301_setOcLevel                              
0     003f2c57  _DRV8301_setGpioNumber                           
0     003f2c59  _DRV8301_setGpioHandle                           
0     003f2c5b  _DRV8301_setDcCalMode                            
0     003f2c7a  _DRV8301_reset                                   
0     003f2c89  _DRV8301_readData                                
0     003f2cff  _DRV8301_isReset                                 
0     003f2d06  _DRV8301_isFault                                 
0     003f2d0c  _DRV8301_init                                    
0     003f2d16  _DRV8301_getShuntAmpGain                         
0     003f2d1d  _DRV8301_getPwmMode                              
0     003f2d24  _DRV8301_getPeakCurrent                          
0     003f2d2b  _DRV8301_getOcTwMode                             
0     003f2d32  _DRV8301_getOcOffTimeMode                        
0     003f2d39  _DRV8301_getOcMode                               
0     003f2d40  _DRV8301_getOcLevel                              
0     003f2d47  _DRV8301_getId                                   
0     003f2d4d  _DRV8301_getFaultType                            
0     003f2d68  _DRV8301_getDcCalMode                            
0     003f2d7a  _DRV8301_enable                                  
0     003f2d9d  _ADC_setupSocTrigSrc                             
0     003f2dc8  _ADC_setVoltRefSrc                               
0     003f2dd9  _ADC_setTempSensorSrc                            
0     003f2dea  _ADC_setSocTrigSrc                               
0     003f2dfe  _ADC_setSocSampleDelay                           
0     003f2e12  _ADC_setSocFrcWord                               
0     003f2e1c  _ADC_setSocFrc                                   
0     003f2e29  _ADC_setSocChanNumber                            
0     003f2e3d  _ADC_setSampleOverlapMode                        
0     003f2e50  _ADC_setSampleMode                               
0     003f2e67  _ADC_setOffTrim                                  
0     003f2e71  _ADC_setIntSrc                                   
0     003f2e92  _ADC_setIntPulseGenMode                          
0     003f2ea3  _ADC_setIntMode                                  
0     003f2ec4  _ADC_setDivideSelect                             
0     003f2ed5  _ADC_reset                                       
0     003f2edf  _ADC_powerUp                                     
0     003f2ee9  _ADC_powerDown                                   
0     003f2ef3  _ADC_init                                        
0     003f2efc  _ADC_getDivideSelect                             
0     003f2f03  _ADC_enableVoltRefLoConv                         
0     003f2f0d  _ADC_enableRefBuffers                            
0     003f2f17  _ADC_enableNoOverlapMode                         
0     003f2f21  _ADC_enableInt                                   
0     003f2f37  _ADC_enableBandGap                               
0     003f2f41  _ADC_enable                                      
0     003f2f4b  _ADC_disableVoltRefLoConv                        
0     003f2f55  _ADC_disableRefBuffers                           
0     003f2f5f  _ADC_disableNoOverlapMode                        
0     003f2f69  _ADC_disableInt                                  
0     003f2f80  _ADC_disableBandGap                              
0     003f2f8a  _ADC_disable                                     
0     003f2f94  _GPIO_toggle                                     
0     003f2fa5  _GPIO_setQualificationPeriod                     
0     003f2fd5  _GPIO_setQualification                           
0     003f3012  _GPIO_setPullUp                                  
0     003f302d  _GPIO_setPortData                                
0     003f303a  _GPIO_setMode                                    
0     003f306d  _GPIO_setLow                                     
0     003f307e  _GPIO_setHigh                                    
0     003f308f  _GPIO_setExtInt                                  
0     003f309a  _GPIO_setDirection                               
0     003f30b5  _GPIO_read                                       
0     003f30d5  _GPIO_lpmSelect                                  
0     003f30df  _GPIO_init                                       
0     003f30e6  _GPIO_getPortData                                
0     003f30f1  _GPIO_getData                                    
0     003f3100  _CLK_setXClkInSrc                                
0     003f3107  _CLK_setWatchDogSrc                              
0     003f310e  _CLK_setTimer2Src                                
0     003f3115  _CLK_setTimer2PreScale                           
0     003f311c  _CLK_setOscSrc                                   
0     003f3123  _CLK_setOsc2Src                                  
0     003f312a  _CLK_setLowSpdPreScaler                          
0     003f3130  _CLK_setClkOutPreScaler                          
0     003f3137  _CLK_init                                        
0     003f313e  _CLK_enableWatchDogHaltMode                      
0     003f3144  _CLK_enableTbClockSync                           
0     003f314b  _CLK_enableSpiaClock                             
0     003f3152  _CLK_enableSciaClock                             
0     003f3159  _CLK_enablePwmClock                              
0     003f3162  _CLK_enableOsc2HaltMode                          
0     003f3168  _CLK_enableOsc2                                  
0     003f316e  _CLK_enableOsc1HaltMode                          
0     003f3174  _CLK_enableOsc1                                  
0     003f317a  _CLK_enableI2cClock                              
0     003f3181  _CLK_enableHrPwmClock                            
0     003f3188  _CLK_enableGpioInputClock                        
0     003f318f  _CLK_enableEcap1Clock                            
0     003f3196  _CLK_enableCrystalOsc                            
0     003f319c  _CLK_enableCpuTimerClock                         
0     003f31a2  _CLK_enableCompClock                             
0     003f31a8  _CLK_enableClkIn                                 
0     003f31ae  _CLK_enableAdcClock                              
0     003f31b5  _CLK_disableWatchDogHaltMode                     
0     003f31bb  _CLK_disableTbClockSync                          
0     003f31c2  _CLK_disableSpiaClock                            
0     003f31c9  _CLK_disableSciaClock                            
0     003f31d0  _CLK_disablePwmClock                             
0     003f31da  _CLK_disableOsc2HaltMode                         
0     003f31e0  _CLK_disableOsc2                                 
0     003f31e6  _CLK_disableOsc1HaltMode                         
0     003f31ec  _CLK_disableOsc1                                 
0     003f31f2  _CLK_disableI2cClock                             
0     003f31f9  _CLK_disableHrPwmClock                           
0     003f3200  _CLK_disableGpioInputClock                       
0     003f3207  _CLK_disableEcap1Clock                           
0     003f320e  _CLK_disableCrystalOsc                           
0     003f3214  _CLK_disableCpuTimerClock                        
0     003f321b  _CLK_disableCompClock                            
0     003f321f  _CLK_disableClkIn                                
0     003f3225  _CLK_disableAdcClock                             
0     003f322c  _PIE_unregisterSystemIntHandler                  
0     003f3239  _PIE_unregisterPieIntHandler                     
0     003f324c  _PIE_setExtIntPolarity                           
0     003f325d  _PIE_setDefaultIntVectorTable                    
0     003f3268  _PIE_registerSystemIntHandler                    
0     003f3273  _PIE_registerPieIntHandler                       
0     003f3284  _PIE_init                                        
0     003f328d  _PIE_getIntFlags                                 
0     003f3294  _PIE_getIntEnables                               
0     003f329b  _PIE_getExtIntCount                              
0     003f32a3  _PIE_forceInt                                    
0     003f32ac  _PIE_enableTimer0Int                             
0     003f32af  _PIE_enablePwmTzInt                              
0     003f32b4  _PIE_enablePwmInt                                
0     003f32b9  _PIE_enableInt                                   
0     003f32c2  _PIE_enableExtInt                                
0     003f32df  _PIE_enableCaptureInt                            
0     003f32e3  _PIE_enableAdcInt                                
0     003f3300  _PIE_enable                                      
0     003f3303  _PIE_disableInt                                  
0     003f330d  _PIE_disableExtInt                               
0     003f3316  _PIE_disableCaptureInt                           
0     003f331a  _PIE_disableAllInts                              
0     003f3321  _PIE_disable                                     
0     003f3324  _PIE_clearAllInts                                
0     003f3327  _PIE_clearAllFlags                               
0     003f332e  _SPI_setTxFifoIntLevel                           
0     003f3335  _SPI_setTxDelay                                  
0     003f3338  _SPI_setTriWire                                  
0     003f333f  _SPI_setSuspend                                  
0     003f3346  _SPI_setSteInv                                   
0     003f334d  _SPI_setRxFifoIntLevel                           
0     003f3354  _SPI_setPriority                                 
0     003f335b  _SPI_setMode                                     
0     003f335d  _SPI_setClkPolarity                              
0     003f3361  _SPI_setClkPhase                                 
0     003f3363  _SPI_setCharLength                               
0     003f3367  _SPI_setBaudRate                                 
0     003f3369  _SPI_resetTxFifo                                 
0     003f336d  _SPI_resetRxFifo                                 
0     003f3371  _SPI_resetChannels                               
0     003f3375  _SPI_reset                                       
0     003f3378  _SPI_init                                        
0     003f337f  _SPI_getTxFifoStatus                             
0     003f3383  _SPI_getTxBufferStatus                           
0     003f3386  _SPI_getRxFifoStatus                             
0     003f338a  _SPI_getIntFlagStatus                            
0     003f338d  _SPI_enableTxFifoInt                             
0     003f3391  _SPI_enableTxFifoEnh                             
0     003f3395  _SPI_enableTxFifo                                
0     003f3399  _SPI_enableTx                                    
0     003f339c  _SPI_enableRxFifoInt                             
0     003f33a0  _SPI_enableRxFifo                                
0     003f33a4  _SPI_enableOverRunInt                            
0     003f33a7  _SPI_enableLoopBack                              
0     003f33aa  _SPI_enableInt                                   
0     003f33ad  _SPI_enableChannels                              
0     003f33b1  _SPI_enable                                      
0     003f33b4  _SPI_disableTxFifoInt                            
0     003f33b8  _SPI_disableTxFifoEnh                            
0     003f33bc  _SPI_disableTx                                   
0     003f33bf  _SPI_disableRxFifoInt                            
0     003f33c3  _SPI_disableOverRunInt                           
0     003f33c6  _SPI_disableLoopBack                             
0     003f33c9  _SPI_disableInt                                  
0     003f33cc  _SPI_clearTxFifoInt                              
0     003f33d0  _SPI_clearRxFifoOvf                              
0     003f33d4  _SPI_clearRxFifoInt                              
0     003f33d8  _PLL_setLockPeriod                               
0     003f33dd  _PLL_setDivideSelect                             
0     003f33e4  _PLL_setClkFreq                                  
0     003f33ea  _PLL_resetClkDetect                              
0     003f33f0  _PLL_init                                        
0     003f33f7  _PLL_getLockStatus                               
0     003f33fa  _PLL_getDivideSelect                             
0     003f33fd  _PLL_getClkStatus                                
0     003f3400  _PLL_getClkFreq                                  
0     003f3404  _PLL_enableOsc                                   
0     003f340a  _PLL_enableNormRdy                               
0     003f3410  _PLL_enableClkDetect                             
0     003f3416  _PLL_enable                                      
0     003f341c  _PLL_disableOsc                                  
0     003f3422  _PLL_disableNormRdy                              
0     003f3428  _PLL_disableClkDetect                            
0     003f342e  _PLL_disable                                     
0     003f3434  _sqrt                                            
0     003f3485  _OFFSET_setOffset                                
0     003f3487  _OFFSET_setInitCond                              
0     003f3496  _OFFSET_setBeta                                  
0     003f34ac  _OFFSET_init                                     
0     003f34be  _OFFSET_getBeta                                  
0     003f34cd  _WDOG_setPreScaler                               
0     003f34d7  _WDOG_setCount                                   
0     003f34d9  _WDOG_init                                       
0     003f34e0  _WDOG_getIntStatus                               
0     003f34e3  _WDOG_enableOverRide                             
0     003f34e9  _WDOG_enableInt                                  
0     003f34ef  _WDOG_enable                                     
0     003f34f8  _WDOG_disableOverRide                            
0     003f34fe  _WDOG_disableInt                                 
0     003f3504  _WDOG_disable                                    
0     003f350c  _WDOG_clearCounter                               
0     003f3514  _PWR_setNumStandByClocks                         
0     003f3525  _PWR_setLowPowerMode                             
0     003f3536  _PWR_init                                        
0     003f353f  _PWR_enableWatchDogInt                           
0     003f3549  _PWR_enableBrownOutReset                         
0     003f354c  _PWR_disableWatchDogInt                          
0     003f3556  _PWR_disableBrownOutReset                        
0     003f3559  _c_int00                                         
0     003f359d  _TIMER_setPreScaler                              
0     003f35ab  _TIMER_setEmulationMode                          
0     003f35af  _TIMER_setDecimationFactor                       
0     003f35bd  _TIMER_init                                      
0     003f35c4  _TIMER_getStatus                                 
0     003f35c7  _TIMER_enableInt                                 
0     003f35ca  _TIMER_disableInt                                
0     003f35cd  _TIMER_clearFlag                                 
0     003f35d0  _OSC_setTrim                                     
0     003f35d9  _OSC_setFineTrim                                 
0     003f35ea  _OSC_setCoarseTrim                               
0     003f35f7  _OSC_init                                        
0     003f35fe  L$$DIV                                           
0     003f360d  L$$MOD                                           
0     003f361b  UL$$DIV                                          
0     003f3622  UL$$MOD                                          
0     003f3628  _CPU_init                                        
0     003f362c  _CPU_enableProtectedRegisterWrite                
0     003f362f  _CPU_enableInt                                   
0     003f3633  _CPU_enableGlobalInts                            
0     003f3636  _CPU_enableDebugInt                              
0     003f3639  _CPU_disableProtectedRegisterWrite               
0     003f363c  _CPU_disableInts                                 
0     003f363f  _CPU_disableInt                                  
0     003f3644  _CPU_disableGlobalInts                           
0     003f3647  _CPU_disableDebugInt                             
0     003f364a  _CPU_clearIntFlags                               
0     003f364d  _FILTER_FO_setNumCoeffs                          
0     003f3651  _FILTER_FO_setInitialConditions                  
0     003f3656  _FILTER_FO_setDenCoeffs                          
0     003f3658  _FILTER_FO_init                                  
0     003f365f  _FILTER_FO_getNumCoeffs                          
0     003f3665  _FILTER_FO_getInitialConditions                  
0     003f366c  _FILTER_FO_getDenCoeffs                          
0     003f366f  _FLASH_init                                      
0     003f3676  _FLASH_getStandbyWaitStatus                      
0     003f367a  _FLASH_getStandbyWaitCount                       
0     003f367d  _FLASH_getPowerMode                              
0     003f3680  _FLASH_getActiveWaitStatus                       
0     003f3684  _FLASH_getActiveWaitCount                        
0     003f3687  _FLASH_get3VStatus                               
0     003f368a  _FLASH_clear3VStatus                             
0     003f3690  FS$$TOUL                                         
0     003f36b1  FS$$TOU                                          
0     003f36ce  __args_main                                      
0     003f36e7  C$$EXIT                                          
0     003f36e7  _abort                                           
0     003f36e9  _exit                                            
0     003f3700  _memCopy                                         
0     003f3711  __register_unlock                                
0     003f3715  __register_lock                                  
0     003f3719  __nop                                            
0     003f3722  _SVGEN_setup                                     
0     003f3723  _SVGEN_init                                      
0     003f372a  _CLARKE_init                                     
0     003f3731  _IPARK_init                                      
0     003f3738  _PARK_init                                       
0     003f373f  _PIE_illegalIsr                                  
0     003f3744  _RamfuncsLoadStart                               
0     003f3744  ___etext__                                       
0     003f3744  etext                                            
0     003f3798  _RamfuncsLoadEnd                                 
0     003f3798  ___cinit__                                       
0     003f3798  cinit                                            
0     003f7ff6  code_start                                       
1     00000000  _halHandle                                       
1     00000000  _switch_end                                      
1     00000000  _switch_ram_load                                 
1     00000000  _switch_start                                    
1     00000040  _gUserParams                                     
1     00000100  _ctrl                                            
1     00000240  _hal                                             
1     00000304  __stack                                          
1     00000504  __STACK_END                                      
1     00000504  _econst_ram_load                                 
1     00008800  _Flag_Latch_softwareUpdate                       
1     00008801  _gLEDcnt                                         
1     00008802  _gCounter_updateGlobals                          
1     00008804  _clarkeHandle_V                                  
1     00008806  _estHandle                                       
1     00008808  _ctrlHandle                                      
1     0000880a  _clarkeHandle_I                                  
1     0000880c  _gTorque_Ls_Id_Iq_pu_to_Nm_sf                    
1     0000880e  _gTorque_Flux_Iq_pu_to_Nm_sf                     
1     00008810  _gFlux_pu_to_Wb_sf                               
1     00008812  _gFlux_pu_to_VpHz_sf                             
1     00008814  _svgen                                           
1     00008816  _parkHandle                                      
1     00008818  _svgenHandle                                     
1     0000881a  _iparkHandle                                     
1     0000881c  _gMaxCurrentSlope                                
1     0000881e  _park                                            
1     00008822  _ipark                                           
1     00008826  _clarke_V                                        
1     0000882c  _clarke_I                                        
1     00008832  _gAdcBiasI                                       
1     00008838  _gPwmData                                        
1     00008840  _gAdcBiasV                                       
1     00008846  _gAdcData                                        
1     00008856  _gDrvSpi8301Vars                                 
1     00008880  _gMotorVars                                      
1     000088e8  ___TI_cleanup_ptr                                
1     000088ea  ___TI_dtors_ptr                                  
1     000088ec  __lock                                           
1     000088ee  __unlock                                         
1     000088f2  _cpu                                             
1     003f6000  _econst_start                                    
1     003f6084  _econst_end                                      
abs   00000200  __STACK_SIZE                                     
abs   000007fc  _errno                                           
abs   003fc000  _EST_getState                                    
abs   003fc002  _EST_useZeroIq_ref                               
abs   003fc05a  _EST_resetCounter_state                          
abs   003fc05e  _EST_isMotorIdentified                           
abs   003fc062  _EST_getFullScaleCurrent                         
abs   003fc08e  _EST_getFullScaleVoltage                         
abs   003fc092  _EST_computeDirection_qFmt                       
abs   003fc0f8  _EST_updateState                                 
abs   003fc3da  _EST_updateId_ref_pu                             
abs   003fc3e2  _EST_setWaitTimes                                
abs   003fc3fd  _EST_setRs_pu                                    
abs   003fc4bb  _EST_setMotorParams                              
abs   003fc4c0  _EST_setMaxCurrentSlope_pu                       
abs   003fc4cc  _EST_setLs_q_pu                                  
abs   003fc4d1  _EST_getFullScaleInductance                      
abs   003fc4d6  _EST_setLs_qFmt                                  
abs   003fc52a  _EST_setLs_d_pu                                  
abs   003fc548  _EST_setIq_ref_pu                                
abs   003fc54c  _EST_setIdle_all                                 
abs   003fc55f  _EST_setIdle                                     
abs   003fc565  _EST_setId_ref_pu                                
abs   003fc569  _EST_setIdRated_pu                               
abs   003fc56f  _EST_setFullScaleVoltage                         
abs   003fc573  _EST_setFullScaleResistance                      
abs   003fc58b  _EST_setFullScaleFreq                            
abs   003fc594  _EST_setFullScaleCurrent                         
abs   003fc5b0  _EST_setFlag_updateRs                            
abs   003fc5b4  _EST_setFlag_estComplete                         
abs   003fc5b8  _EST_setFlag_enableRsRecalc                      
abs   003fc5bc  _EST_setFlag_enableRsOnLine                      
abs   003fc5c0  _EST_setFlag_enableForceAngle                    
abs   003fc5c5  _EST_setFlag_enableFluxControl                   
abs   003fc5ed  _EST_resetCounter_ctrl                           
abs   003fc5f2  _EST_getAngle_pu                                 
abs   003fcc5c  _EST_getFullScaleFreq                            
abs   003fcc60  _EST_run                                         
abs   003fcd5d  _EST_isOnLine                                    
abs   003fcd64  _EST_isLockRotor                                 
abs   003fcd6b  _EST_isIdle                                      
abs   003fcd72  _EST_isError                                     
abs   003fce38  _EST_get_pu_to_krpm_sf                           
abs   003fce3d  _EST_get_krpm_to_pu_sf                           
abs   003fceab  _EST_getSpeed_krpm                               
abs   003fcef8  _EST_getRs_Ohm                                   
abs   003fcf92  _EST_getRr_Ohm                                   
abs   003fcf98  _EST_getOneOverDcBus_pu                          
abs   003fcfa2  _EST_getMaxCurrentSlope_pu                       
abs   003fcfae  _EST_getLs_q_pu                                  
abs   003fcfb3  _EST_getLs_q_H                                   
abs   003fcfd5  _EST_getLs_d_pu                                  
abs   003fcfda  _EST_getLs_d_H                                   
abs   003fcfe4  _EST_getLs_coarse_max_pu                         
abs   003fd017  _EST_getIdRated                                  
abs   003fd043  _EST_getFullScaleFlux                            
abs   003fd073  _EST_getFm_pu                                    
abs   003fd090  _EST_getFlux_pu                                  
abs   003fd0a3  _EST_getFlux_VpHz                                
abs   003fd13d  _EST_doSpeedCtrl                                 
abs   003fd145  _EST_doCurrentCtrl                               
abs   003fd14d  _EST_computeR                                    
abs   003fd16d  _EST_computeL                                    
abs   003fd1af  _EST_TRAJ_setParams                              
abs   003fd1be  _EST_I_setParams                                 
abs   003fd1e8  _EST_EPL_setParams                               
abs   003fd237  _EST_Ls_setWaitTimes                             
abs   003fd247  _EST_Ls_setParams                                
abs   003fd284  _EST_Ls_setLs_q                                  
abs   003fd2b6  _EST_Ls_setLs_d                                  
abs   003fd3a8  _EST_Ls_getLs_d                                  
abs   003fd41e  _EST_Flux_setWaitTimes                           
abs   003fd42e  _EST_Flux_setParams                              
abs   003fd49c  _EST_Flux_getRatedFlux_pu                        
abs   003fd514  _EST_Flux_computeOneOverFlux_qFmt                
abs   003fd54d  _EST_RsOnLine_setParams                          
abs   003fd57d  _EST_RsOnLine_setFilterParams                    
abs   003fd6b3  _EST_Rs_setWaitTimes                             
abs   003fd6c3  _EST_Rs_setRs                                    
abs   003fd725  _EST_Rs_setParams                                
abs   003fd767  _EST_Rs_getRs                                    
abs   003fd788  _EST_Rr_setRr                                    
abs   003fd7e9  _EST_Rr_setParams                                
abs   003fd88b  _CTRL_initCtrl                                   
abs   003fd922  _EST_Dir_setParams                               
abs   003fd95c  _EST_Freq_setParams                              
abs   003fd9b0  _EST_Flux_ab_setParams                           
abs   003fd9cc  _EST_Iab_setParams                               
abs   003fd9e5  _EST_Angle_setParams                             
abs   003fd9fb  _EST_Vdq_setParams                               
abs   003fda0d  _EST_OneOverDcBus_setParams                      
abs   003fda1e  _EST_Idq_setParams                               
abs   003fda3b  _EST_Flux_dq_setParams                           
abs   003fda47  _EST_Vback_ab_setParams                          
abs   003fda53  _EST_Vab_setParams                               
abs   003fda5e  _EST_Vback_dq_setParams                          
abs   003fda88  _log                                             
abs   003fdc5e  FD$$MPY                                          
abs   003fdce1  FS$$DIV                                          
abs   003fdd64  _pow                                             
abs   003fdde7  FS$$MPY                                          
abs   003fde41  _ldexp                                           
abs   003fde82  _modf                                            
abs   003fdeb3  FS$$SUB                                          
abs   003fdeb8  FS$$ADD                                          
abs   003fdf2b  FS$$CMP                                          
abs   003fdf7b  FD$$TOL                                          
abs   003fdfb7  FS$$TOFD                                         
abs   003ff2aa  __IQ24sqrt                                       
abs   003ff82b  __IQ24sinPU                                      
abs   003ff854  __IQ24cosPU                                      
abs   003ff87b  __IQ29rsmpy                                      
abs   003ff8aa  UL$$TOFS                                         
abs   003ff8bd  U$$TOFS                                          
abs   003fff0e  FS$$TOI                                          
abs   003fff33  I$$TOFS                                          
abs   003fff4d  FS$$NEG                                          
abs   003fff52  __IQ30rsmpy                                      
abs   003fff7b  __IQ30toF                                        
abs   003fff8f  __IQ24rmpy                                       
abs   ffffffff  ___binit__                                       
abs   ffffffff  ___c_args__                                      
abs   ffffffff  ___pinit__                                       
abs   ffffffff  binit                                            
abs   ffffffff  pinit                                            

[667 symbols]
