<?xml version="1.0"?>
<link_info>
   <banner>TMS320C2000 Linker PC v6.4.11</banner>
   <copyright>Copyright (c) 1996-2015 Texas Instruments Incorporated</copyright>
   <link_time>0x586a5bd3</link_time>
   <link_errors>0x1</link_errors>
   <output_file>proj_lab02a.out</output_file>
   <entry_point>
      <name>_c_int00</name>
      <address>0xa655</address>
   </entry_point>
   <input_file_list>
      <input_file id="fl-5">
         <path>.\</path>
         <kind>object</kind>
         <file>CodeStartBranch.obj</file>
         <name>CodeStartBranch.obj</name>
      </input_file>
      <input_file id="fl-6">
         <path>.\</path>
         <kind>object</kind>
         <file>adc.obj</file>
         <name>adc.obj</name>
      </input_file>
      <input_file id="fl-7">
         <path>.\</path>
         <kind>object</kind>
         <file>clk.obj</file>
         <name>clk.obj</name>
      </input_file>
      <input_file id="fl-8">
         <path>.\</path>
         <kind>object</kind>
         <file>cpu.obj</file>
         <name>cpu.obj</name>
      </input_file>
      <input_file id="fl-9">
         <path>.\</path>
         <kind>object</kind>
         <file>drv8301.obj</file>
         <name>drv8301.obj</name>
      </input_file>
      <input_file id="fl-a">
         <path>.\</path>
         <kind>object</kind>
         <file>flash.obj</file>
         <name>flash.obj</name>
      </input_file>
      <input_file id="fl-b">
         <path>.\</path>
         <kind>object</kind>
         <file>gpio.obj</file>
         <name>gpio.obj</name>
      </input_file>
      <input_file id="fl-c">
         <path>.\</path>
         <kind>object</kind>
         <file>hal.obj</file>
         <name>hal.obj</name>
      </input_file>
      <input_file id="fl-d">
         <path>.\</path>
         <kind>object</kind>
         <file>osc.obj</file>
         <name>osc.obj</name>
      </input_file>
      <input_file id="fl-e">
         <path>.\</path>
         <kind>object</kind>
         <file>pie.obj</file>
         <name>pie.obj</name>
      </input_file>
      <input_file id="fl-f">
         <path>.\</path>
         <kind>object</kind>
         <file>pll.obj</file>
         <name>pll.obj</name>
      </input_file>
      <input_file id="fl-10">
         <path>.\</path>
         <kind>object</kind>
         <file>proj_lab02a.obj</file>
         <name>proj_lab02a.obj</name>
      </input_file>
      <input_file id="fl-11">
         <path>.\</path>
         <kind>object</kind>
         <file>pwm.obj</file>
         <name>pwm.obj</name>
      </input_file>
      <input_file id="fl-12">
         <path>.\</path>
         <kind>object</kind>
         <file>pwr.obj</file>
         <name>pwr.obj</name>
      </input_file>
      <input_file id="fl-13">
         <path>.\</path>
         <kind>object</kind>
         <file>spi.obj</file>
         <name>spi.obj</name>
      </input_file>
      <input_file id="fl-14">
         <path>.\</path>
         <kind>object</kind>
         <file>timer.obj</file>
         <name>timer.obj</name>
      </input_file>
      <input_file id="fl-15">
         <path>.\</path>
         <kind>object</kind>
         <file>usDelay.obj</file>
         <name>usDelay.obj</name>
      </input_file>
      <input_file id="fl-16">
         <path>.\</path>
         <kind>object</kind>
         <file>user.obj</file>
         <name>user.obj</name>
      </input_file>
      <input_file id="fl-17">
         <path>.\</path>
         <kind>object</kind>
         <file>wdog.obj</file>
         <name>wdog.obj</name>
      </input_file>
      <input_file id="fl-1b">
         <path>C:\ti\ccsv6\tools\compiler\c2000_6.4.11\lib\</path>
         <kind>archive</kind>
         <file>rts2800_ml.lib</file>
         <name>fd_mpy.obj</name>
      </input_file>
      <input_file id="fl-1c">
         <path>C:\ti\ccsv6\tools\compiler\c2000_6.4.11\lib\</path>
         <kind>archive</kind>
         <file>rts2800_ml.lib</file>
         <name>fd_tol.obj</name>
      </input_file>
      <input_file id="fl-1d">
         <path>C:\ti\ccsv6\tools\compiler\c2000_6.4.11\lib\</path>
         <kind>archive</kind>
         <file>rts2800_ml.lib</file>
         <name>fs_add.obj</name>
      </input_file>
      <input_file id="fl-1e">
         <path>C:\ti\ccsv6\tools\compiler\c2000_6.4.11\lib\</path>
         <kind>archive</kind>
         <file>rts2800_ml.lib</file>
         <name>fs_cmp.obj</name>
      </input_file>
      <input_file id="fl-1f">
         <path>C:\ti\ccsv6\tools\compiler\c2000_6.4.11\lib\</path>
         <kind>archive</kind>
         <file>rts2800_ml.lib</file>
         <name>fs_div.obj</name>
      </input_file>
      <input_file id="fl-20">
         <path>C:\ti\ccsv6\tools\compiler\c2000_6.4.11\lib\</path>
         <kind>archive</kind>
         <file>rts2800_ml.lib</file>
         <name>fs_mpy.obj</name>
      </input_file>
      <input_file id="fl-21">
         <path>C:\ti\ccsv6\tools\compiler\c2000_6.4.11\lib\</path>
         <kind>archive</kind>
         <file>rts2800_ml.lib</file>
         <name>fs_neg.obj</name>
      </input_file>
      <input_file id="fl-22">
         <path>C:\ti\ccsv6\tools\compiler\c2000_6.4.11\lib\</path>
         <kind>archive</kind>
         <file>rts2800_ml.lib</file>
         <name>fs_tofd.obj</name>
      </input_file>
      <input_file id="fl-23">
         <path>C:\ti\ccsv6\tools\compiler\c2000_6.4.11\lib\</path>
         <kind>archive</kind>
         <file>rts2800_ml.lib</file>
         <name>fs_toi.obj</name>
      </input_file>
      <input_file id="fl-24">
         <path>C:\ti\ccsv6\tools\compiler\c2000_6.4.11\lib\</path>
         <kind>archive</kind>
         <file>rts2800_ml.lib</file>
         <name>fs_tou.obj</name>
      </input_file>
      <input_file id="fl-25">
         <path>C:\ti\ccsv6\tools\compiler\c2000_6.4.11\lib\</path>
         <kind>archive</kind>
         <file>rts2800_ml.lib</file>
         <name>fs_toul.obj</name>
      </input_file>
      <input_file id="fl-26">
         <path>C:\ti\ccsv6\tools\compiler\c2000_6.4.11\lib\</path>
         <kind>archive</kind>
         <file>rts2800_ml.lib</file>
         <name>i_tofs.obj</name>
      </input_file>
      <input_file id="fl-27">
         <path>C:\ti\ccsv6\tools\compiler\c2000_6.4.11\lib\</path>
         <kind>archive</kind>
         <file>rts2800_ml.lib</file>
         <name>u_tofs.obj</name>
      </input_file>
      <input_file id="fl-28">
         <path>C:\ti\ccsv6\tools\compiler\c2000_6.4.11\lib\</path>
         <kind>archive</kind>
         <file>rts2800_ml.lib</file>
         <name>ul_tofs.obj</name>
      </input_file>
      <input_file id="fl-29">
         <path>C:\Users\bee25\Documents\Visual Studio 2015\Projects\telescopeController_Hardware\third party\motorware_1_01_00_16\sw\modules\fast\lib\32b\f28x\f2806x\</path>
         <kind>archive</kind>
         <file>2806xRevB_FastSpinROMSymbols.lib</file>
         <name>TMS320x2806x_REVB_boot_rom_out__CTRL_getVersion_tmp.obj</name>
      </input_file>
      <input_file id="fl-2a">
         <path>C:\Users\bee25\Documents\Visual Studio 2015\Projects\telescopeController_Hardware\third party\motorware_1_01_00_16\sw\modules\fast\lib\32b\f28x\f2806x\</path>
         <kind>archive</kind>
         <file>2806xRevB_FastSpinROMSymbols.lib</file>
         <name>TMS320x2806x_REVB_boot_rom_out__CTRL_initCtrl_tmp.obj</name>
      </input_file>
      <input_file id="fl-2b">
         <path>C:\Users\bee25\Documents\Visual Studio 2015\Projects\telescopeController_Hardware\third party\motorware_1_01_00_16\sw\modules\fast\lib\32b\f28x\f2806x\</path>
         <kind>archive</kind>
         <file>2806xRevB_FastSpinROMSymbols.lib</file>
         <name>TMS320x2806x_REVB_boot_rom_out__CTRL_run_tmp.obj</name>
      </input_file>
      <input_file id="fl-2c">
         <path>C:\Users\bee25\Documents\Visual Studio 2015\Projects\telescopeController_Hardware\third party\motorware_1_01_00_16\sw\modules\fast\lib\32b\f28x\f2806x\</path>
         <kind>archive</kind>
         <file>2806xRevB_FastSpinROMSymbols.lib</file>
         <name>TMS320x2806x_REVB_boot_rom_out__CTRL_setGains_tmp.obj</name>
      </input_file>
      <input_file id="fl-2d">
         <path>C:\Users\bee25\Documents\Visual Studio 2015\Projects\telescopeController_Hardware\third party\motorware_1_01_00_16\sw\modules\fast\lib\32b\f28x\f2806x\</path>
         <kind>archive</kind>
         <file>2806xRevB_FastSpinROMSymbols.lib</file>
         <name>TMS320x2806x_REVB_boot_rom_out__CTRL_setParams_tmp.obj</name>
      </input_file>
      <input_file id="fl-2e">
         <path>C:\Users\bee25\Documents\Visual Studio 2015\Projects\telescopeController_Hardware\third party\motorware_1_01_00_16\sw\modules\fast\lib\32b\f28x\f2806x\</path>
         <kind>archive</kind>
         <file>2806xRevB_FastSpinROMSymbols.lib</file>
         <name>TMS320x2806x_REVB_boot_rom_out__CTRL_setSpd_ref_krpm_tmp.obj</name>
      </input_file>
      <input_file id="fl-2f">
         <path>C:\Users\bee25\Documents\Visual Studio 2015\Projects\telescopeController_Hardware\third party\motorware_1_01_00_16\sw\modules\fast\lib\32b\f28x\f2806x\</path>
         <kind>archive</kind>
         <file>2806xRevB_FastSpinROMSymbols.lib</file>
         <name>TMS320x2806x_REVB_boot_rom_out__CTRL_setup_tmp.obj</name>
      </input_file>
      <input_file id="fl-30">
         <path>C:\Users\bee25\Documents\Visual Studio 2015\Projects\telescopeController_Hardware\third party\motorware_1_01_00_16\sw\modules\fast\lib\32b\f28x\f2806x\</path>
         <kind>archive</kind>
         <file>2806xRevB_FastSpinROMSymbols.lib</file>
         <name>TMS320x2806x_REVB_boot_rom_out__CTRL_updateState_tmp.obj</name>
      </input_file>
      <input_file id="fl-31">
         <path>C:\Users\bee25\Documents\Visual Studio 2015\Projects\telescopeController_Hardware\third party\motorware_1_01_00_16\sw\modules\fast\lib\32b\f28x\f2806x\</path>
         <kind>archive</kind>
         <file>2806xRevB_FastSpinROMSymbols.lib</file>
         <name>TMS320x2806x_REVB_boot_rom_out__EST_computeDirection_qFmt_tmp.obj</name>
      </input_file>
      <input_file id="fl-32">
         <path>C:\Users\bee25\Documents\Visual Studio 2015\Projects\telescopeController_Hardware\third party\motorware_1_01_00_16\sw\modules\fast\lib\32b\f28x\f2806x\</path>
         <kind>archive</kind>
         <file>2806xRevB_FastSpinROMSymbols.lib</file>
         <name>TMS320x2806x_REVB_boot_rom_out__EST_getFlux_VpHz_tmp.obj</name>
      </input_file>
      <input_file id="fl-33">
         <path>C:\Users\bee25\Documents\Visual Studio 2015\Projects\telescopeController_Hardware\third party\motorware_1_01_00_16\sw\modules\fast\lib\32b\f28x\f2806x\</path>
         <kind>archive</kind>
         <file>2806xRevB_FastSpinROMSymbols.lib</file>
         <name>TMS320x2806x_REVB_boot_rom_out__EST_getFlux_pu_tmp.obj</name>
      </input_file>
      <input_file id="fl-34">
         <path>C:\Users\bee25\Documents\Visual Studio 2015\Projects\telescopeController_Hardware\third party\motorware_1_01_00_16\sw\modules\fast\lib\32b\f28x\f2806x\</path>
         <kind>archive</kind>
         <file>2806xRevB_FastSpinROMSymbols.lib</file>
         <name>TMS320x2806x_REVB_boot_rom_out__EST_getIdRated_tmp.obj</name>
      </input_file>
      <input_file id="fl-35">
         <path>C:\Users\bee25\Documents\Visual Studio 2015\Projects\telescopeController_Hardware\third party\motorware_1_01_00_16\sw\modules\fast\lib\32b\f28x\f2806x\</path>
         <kind>archive</kind>
         <file>2806xRevB_FastSpinROMSymbols.lib</file>
         <name>TMS320x2806x_REVB_boot_rom_out__EST_getLs_coarse_max_pu_tmp.obj</name>
      </input_file>
      <input_file id="fl-36">
         <path>C:\Users\bee25\Documents\Visual Studio 2015\Projects\telescopeController_Hardware\third party\motorware_1_01_00_16\sw\modules\fast\lib\32b\f28x\f2806x\</path>
         <kind>archive</kind>
         <file>2806xRevB_FastSpinROMSymbols.lib</file>
         <name>TMS320x2806x_REVB_boot_rom_out__EST_getLs_d_H_tmp.obj</name>
      </input_file>
      <input_file id="fl-37">
         <path>C:\Users\bee25\Documents\Visual Studio 2015\Projects\telescopeController_Hardware\third party\motorware_1_01_00_16\sw\modules\fast\lib\32b\f28x\f2806x\</path>
         <kind>archive</kind>
         <file>2806xRevB_FastSpinROMSymbols.lib</file>
         <name>TMS320x2806x_REVB_boot_rom_out__EST_getLs_d_pu_tmp.obj</name>
      </input_file>
      <input_file id="fl-38">
         <path>C:\Users\bee25\Documents\Visual Studio 2015\Projects\telescopeController_Hardware\third party\motorware_1_01_00_16\sw\modules\fast\lib\32b\f28x\f2806x\</path>
         <kind>archive</kind>
         <file>2806xRevB_FastSpinROMSymbols.lib</file>
         <name>TMS320x2806x_REVB_boot_rom_out__EST_getLs_q_H_tmp.obj</name>
      </input_file>
      <input_file id="fl-39">
         <path>C:\Users\bee25\Documents\Visual Studio 2015\Projects\telescopeController_Hardware\third party\motorware_1_01_00_16\sw\modules\fast\lib\32b\f28x\f2806x\</path>
         <kind>archive</kind>
         <file>2806xRevB_FastSpinROMSymbols.lib</file>
         <name>TMS320x2806x_REVB_boot_rom_out__EST_getLs_q_pu_tmp.obj</name>
      </input_file>
      <input_file id="fl-3a">
         <path>C:\Users\bee25\Documents\Visual Studio 2015\Projects\telescopeController_Hardware\third party\motorware_1_01_00_16\sw\modules\fast\lib\32b\f28x\f2806x\</path>
         <kind>archive</kind>
         <file>2806xRevB_FastSpinROMSymbols.lib</file>
         <name>TMS320x2806x_REVB_boot_rom_out__EST_getMaxCurrentSlope_pu_tmp.obj</name>
      </input_file>
      <input_file id="fl-3b">
         <path>C:\Users\bee25\Documents\Visual Studio 2015\Projects\telescopeController_Hardware\third party\motorware_1_01_00_16\sw\modules\fast\lib\32b\f28x\f2806x\</path>
         <kind>archive</kind>
         <file>2806xRevB_FastSpinROMSymbols.lib</file>
         <name>TMS320x2806x_REVB_boot_rom_out__EST_getRr_Ohm_tmp.obj</name>
      </input_file>
      <input_file id="fl-3c">
         <path>C:\Users\bee25\Documents\Visual Studio 2015\Projects\telescopeController_Hardware\third party\motorware_1_01_00_16\sw\modules\fast\lib\32b\f28x\f2806x\</path>
         <kind>archive</kind>
         <file>2806xRevB_FastSpinROMSymbols.lib</file>
         <name>TMS320x2806x_REVB_boot_rom_out__EST_getRs_Ohm_tmp.obj</name>
      </input_file>
      <input_file id="fl-3d">
         <path>C:\Users\bee25\Documents\Visual Studio 2015\Projects\telescopeController_Hardware\third party\motorware_1_01_00_16\sw\modules\fast\lib\32b\f28x\f2806x\</path>
         <kind>archive</kind>
         <file>2806xRevB_FastSpinROMSymbols.lib</file>
         <name>TMS320x2806x_REVB_boot_rom_out__EST_getSpeed_krpm_tmp.obj</name>
      </input_file>
      <input_file id="fl-3e">
         <path>C:\Users\bee25\Documents\Visual Studio 2015\Projects\telescopeController_Hardware\third party\motorware_1_01_00_16\sw\modules\fast\lib\32b\f28x\f2806x\</path>
         <kind>archive</kind>
         <file>2806xRevB_FastSpinROMSymbols.lib</file>
         <name>TMS320x2806x_REVB_boot_rom_out__EST_getState_tmp.obj</name>
      </input_file>
      <input_file id="fl-3f">
         <path>C:\Users\bee25\Documents\Visual Studio 2015\Projects\telescopeController_Hardware\third party\motorware_1_01_00_16\sw\modules\fast\lib\32b\f28x\f2806x\</path>
         <kind>archive</kind>
         <file>2806xRevB_FastSpinROMSymbols.lib</file>
         <name>TMS320x2806x_REVB_boot_rom_out__EST_get_pu_to_krpm_sf_tmp.obj</name>
      </input_file>
      <input_file id="fl-40">
         <path>C:\Users\bee25\Documents\Visual Studio 2015\Projects\telescopeController_Hardware\third party\motorware_1_01_00_16\sw\modules\fast\lib\32b\f28x\f2806x\</path>
         <kind>archive</kind>
         <file>2806xRevB_FastSpinROMSymbols.lib</file>
         <name>TMS320x2806x_REVB_boot_rom_out__EST_isMotorIdentified_tmp.obj</name>
      </input_file>
      <input_file id="fl-41">
         <path>C:\Users\bee25\Documents\Visual Studio 2015\Projects\telescopeController_Hardware\third party\motorware_1_01_00_16\sw\modules\fast\lib\32b\f28x\f2806x\</path>
         <kind>archive</kind>
         <file>2806xRevB_FastSpinROMSymbols.lib</file>
         <name>TMS320x2806x_REVB_boot_rom_out__EST_setDir_qFmt_tmp.obj</name>
      </input_file>
      <input_file id="fl-42">
         <path>C:\Users\bee25\Documents\Visual Studio 2015\Projects\telescopeController_Hardware\third party\motorware_1_01_00_16\sw\modules\fast\lib\32b\f28x\f2806x\</path>
         <kind>archive</kind>
         <file>2806xRevB_FastSpinROMSymbols.lib</file>
         <name>TMS320x2806x_REVB_boot_rom_out__EST_setFe_neg_max_pu_tmp.obj</name>
      </input_file>
      <input_file id="fl-43">
         <path>C:\Users\bee25\Documents\Visual Studio 2015\Projects\telescopeController_Hardware\third party\motorware_1_01_00_16\sw\modules\fast\lib\32b\f28x\f2806x\</path>
         <kind>archive</kind>
         <file>2806xRevB_FastSpinROMSymbols.lib</file>
         <name>TMS320x2806x_REVB_boot_rom_out__EST_setFe_pos_min_pu_tmp.obj</name>
      </input_file>
      <input_file id="fl-44">
         <path>C:\Users\bee25\Documents\Visual Studio 2015\Projects\telescopeController_Hardware\third party\motorware_1_01_00_16\sw\modules\fast\lib\32b\f28x\f2806x\</path>
         <kind>archive</kind>
         <file>2806xRevB_FastSpinROMSymbols.lib</file>
         <name>TMS320x2806x_REVB_boot_rom_out__EST_setFlag_enableForceAngle_tmp.obj</name>
      </input_file>
      <input_file id="fl-45">
         <path>C:\Users\bee25\Documents\Visual Studio 2015\Projects\telescopeController_Hardware\third party\motorware_1_01_00_16\sw\modules\fast\lib\32b\f28x\f2806x\</path>
         <kind>archive</kind>
         <file>2806xRevB_FastSpinROMSymbols.lib</file>
         <name>TMS320x2806x_REVB_boot_rom_out__EST_setLs_d_pu_tmp.obj</name>
      </input_file>
      <input_file id="fl-46">
         <path>C:\Users\bee25\Documents\Visual Studio 2015\Projects\telescopeController_Hardware\third party\motorware_1_01_00_16\sw\modules\fast\lib\32b\f28x\f2806x\</path>
         <kind>archive</kind>
         <file>2806xRevB_FastSpinROMSymbols.lib</file>
         <name>TMS320x2806x_REVB_boot_rom_out__EST_setLs_qFmt_tmp.obj</name>
      </input_file>
      <input_file id="fl-47">
         <path>C:\Users\bee25\Documents\Visual Studio 2015\Projects\telescopeController_Hardware\third party\motorware_1_01_00_16\sw\modules\fast\lib\32b\f28x\f2806x\</path>
         <kind>archive</kind>
         <file>2806xRevB_FastSpinROMSymbols.lib</file>
         <name>TMS320x2806x_REVB_boot_rom_out__EST_setLs_q_pu_tmp.obj</name>
      </input_file>
      <input_file id="fl-48">
         <path>C:\Users\bee25\Documents\Visual Studio 2015\Projects\telescopeController_Hardware\third party\motorware_1_01_00_16\sw\modules\fast\lib\32b\f28x\f2806x\</path>
         <kind>archive</kind>
         <file>2806xRevB_FastSpinROMSymbols.lib</file>
         <name>TMS320x2806x_REVB_boot_rom_out__EST_setMaxCurrentSlope_pu_tmp.obj</name>
      </input_file>
      <input_file id="fl-49">
         <path>C:\Users\bee25\Documents\Visual Studio 2015\Projects\telescopeController_Hardware\third party\motorware_1_01_00_16\sw\modules\fast\lib\32b\f28x\f2806x\</path>
         <kind>archive</kind>
         <file>2806xRevB_FastSpinROMSymbols.lib</file>
         <name>TMS320x2806x_REVB_boot_rom_out__OFFSET_init_tmp.obj</name>
      </input_file>
      <input_file id="fl-4a">
         <path>C:\Users\bee25\Documents\Visual Studio 2015\Projects\telescopeController_Hardware\third party\motorware_1_01_00_16\sw\modules\fast\lib\32b\f28x\f2806x\</path>
         <kind>archive</kind>
         <file>2806xRevB_FastSpinROMSymbols.lib</file>
         <name>TMS320x2806x_REVB_boot_rom_out__OFFSET_setBeta_tmp.obj</name>
      </input_file>
      <input_file id="fl-4b">
         <path>C:\Users\bee25\Documents\Visual Studio 2015\Projects\telescopeController_Hardware\third party\motorware_1_01_00_16\sw\modules\fast\lib\32b\f28x\f2806x\</path>
         <kind>archive</kind>
         <file>2806xRevB_FastSpinROMSymbols.lib</file>
         <name>TMS320x2806x_REVB_boot_rom_out__OFFSET_setInitCond_tmp.obj</name>
      </input_file>
      <input_file id="fl-4c">
         <path>C:\Users\bee25\Documents\Visual Studio 2015\Projects\telescopeController_Hardware\third party\motorware_1_01_00_16\sw\modules\fast\lib\32b\f28x\f2806x\</path>
         <kind>archive</kind>
         <file>2806xRevB_FastSpinROMSymbols.lib</file>
         <name>TMS320x2806x_REVB_boot_rom_out__OFFSET_setOffset_tmp.obj</name>
      </input_file>
      <input_file id="fl-4d">
         <path>C:\Users\bee25\Documents\Visual Studio 2015\Projects\telescopeController_Hardware\third party\motorware_1_01_00_16\sw\modules\iqmath\lib\f28x\32b\</path>
         <kind>archive</kind>
         <file>IQmath.lib</file>
         <name>IQ30toF.obj</name>
      </input_file>
      <input_file id="fl-4e">
         <path>C:\ti\ccsv6\tools\compiler\c2000_6.4.11\lib\</path>
         <kind>archive</kind>
         <file>rts2800_ml.lib</file>
         <name>boot.obj</name>
      </input_file>
      <input_file id="fl-4f">
         <path>C:\ti\ccsv6\tools\compiler\c2000_6.4.11\lib\</path>
         <kind>archive</kind>
         <file>rts2800_ml.lib</file>
         <name>args_main.obj</name>
      </input_file>
      <input_file id="fl-50">
         <path>C:\ti\ccsv6\tools\compiler\c2000_6.4.11\lib\</path>
         <kind>archive</kind>
         <file>rts2800_ml.lib</file>
         <name>exit.obj</name>
      </input_file>
      <input_file id="fl-51">
         <path>C:\ti\ccsv6\tools\compiler\c2000_6.4.11\lib\</path>
         <kind>archive</kind>
         <file>rts2800_ml.lib</file>
         <name>_lock.obj</name>
      </input_file>
      <input_file id="fl-52">
         <path>C:\ti\ccsv6\tools\compiler\c2000_6.4.11\lib\</path>
         <kind>archive</kind>
         <file>rts2800_ml.lib</file>
         <name>log.obj</name>
      </input_file>
      <input_file id="fl-53">
         <path>C:\ti\ccsv6\tools\compiler\c2000_6.4.11\lib\</path>
         <kind>archive</kind>
         <file>rts2800_ml.lib</file>
         <name>errno.obj</name>
      </input_file>
      <input_file id="fl-54">
         <path>C:\ti\ccsv6\tools\compiler\c2000_6.4.11\lib\</path>
         <kind>archive</kind>
         <file>rts2800_ml.lib</file>
         <name>frexp.obj</name>
      </input_file>
      <input_file id="fl-55">
         <path>C:\ti\ccsv6\tools\compiler\c2000_6.4.11\lib\</path>
         <kind>archive</kind>
         <file>rts2800_ml.lib</file>
         <name>modf.obj</name>
      </input_file>
      <input_file id="fl-56">
         <path>C:\ti\ccsv6\tools\compiler\c2000_6.4.11\lib\</path>
         <kind>archive</kind>
         <file>rts2800_ml.lib</file>
         <name>fs_tol.obj</name>
      </input_file>
      <input_file id="fl-57">
         <path>C:\ti\ccsv6\tools\compiler\c2000_6.4.11\lib\</path>
         <kind>archive</kind>
         <file>rts2800_ml.lib</file>
         <name>l_tofs.obj</name>
      </input_file>
      <input_file id="fl-58">
         <path>C:\ti\ccsv6\tools\compiler\c2000_6.4.11\lib\</path>
         <kind>archive</kind>
         <file>rts2800_ml.lib</file>
         <name>pow.obj</name>
      </input_file>
      <input_file id="fl-59">
         <path>C:\ti\ccsv6\tools\compiler\c2000_6.4.11\lib\</path>
         <kind>archive</kind>
         <file>rts2800_ml.lib</file>
         <name>i_div.obj</name>
      </input_file>
      <input_file id="fl-5a">
         <path>C:\ti\ccsv6\tools\compiler\c2000_6.4.11\lib\</path>
         <kind>archive</kind>
         <file>rts2800_ml.lib</file>
         <name>_log.obj</name>
      </input_file>
      <input_file id="fl-5b">
         <path>C:\ti\ccsv6\tools\compiler\c2000_6.4.11\lib\</path>
         <kind>archive</kind>
         <file>rts2800_ml.lib</file>
         <name>exp.obj</name>
      </input_file>
      <input_file id="fl-5c">
         <path>C:\ti\ccsv6\tools\compiler\c2000_6.4.11\lib\</path>
         <kind>archive</kind>
         <file>rts2800_ml.lib</file>
         <name>ldexp.obj</name>
      </input_file>
      <input_file id="fl-5d">
         <path>C:\ti\ccsv6\tools\compiler\c2000_6.4.11\lib\</path>
         <kind>archive</kind>
         <file>rts2800_ml.lib</file>
         <name>sqrt.obj</name>
      </input_file>
   </input_file_list>
   <object_component_list>
      <object_component id="oc-15">
         <name>codestart</name>
         <load_address>0x0</load_address>
         <run_address>0x0</run_address>
         <size>0x2</size>
         <input_file_ref idref="fl-5"/>
      </object_component>
      <object_component id="oc-12a">
         <name>ramfuncs</name>
         <load_address>0xf3</load_address>
         <run_address>0xf3</run_address>
         <size>0x32</size>
         <input_file_ref idref="fl-a"/>
      </object_component>
      <object_component id="oc-6f">
         <name>ramfuncs</name>
         <load_address>0x125</load_address>
         <run_address>0x125</run_address>
         <size>0x4</size>
         <input_file_ref idref="fl-15"/>
      </object_component>
      <object_component id="oc-11e">
         <name>.text</name>
         <load_address>0x8000</load_address>
         <run_address>0x8000</run_address>
         <size>0xb59</size>
         <input_file_ref idref="fl-c"/>
      </object_component>
      <object_component id="oc-11f">
         <name>.text</name>
         <load_address>0x8b59</load_address>
         <run_address>0x8b59</run_address>
         <size>0x4c5</size>
         <input_file_ref idref="fl-16"/>
      </object_component>
      <object_component id="oc-11b">
         <name>.text</name>
         <load_address>0x901e</load_address>
         <run_address>0x901e</run_address>
         <size>0x344</size>
         <input_file_ref idref="fl-10"/>
      </object_component>
      <object_component id="oc-127">
         <name>.text</name>
         <load_address>0x9362</load_address>
         <run_address>0x9362</run_address>
         <size>0x2f7</size>
         <input_file_ref idref="fl-11"/>
      </object_component>
      <object_component id="oc-122">
         <name>.text</name>
         <load_address>0x9659</load_address>
         <run_address>0x9659</run_address>
         <size>0x2d4</size>
         <input_file_ref idref="fl-9"/>
      </object_component>
      <object_component id="oc-12b">
         <name>.text</name>
         <load_address>0x992d</load_address>
         <run_address>0x992d</run_address>
         <size>0x1fa</size>
         <input_file_ref idref="fl-6"/>
      </object_component>
      <object_component id="oc-11a">
         <name>.text</name>
         <load_address>0x9b27</load_address>
         <run_address>0x9b27</run_address>
         <size>0x19d</size>
         <input_file_ref idref="fl-b"/>
      </object_component>
      <object_component id="oc-128">
         <name>.text</name>
         <load_address>0x9cc4</load_address>
         <run_address>0x9cc4</run_address>
         <size>0x18b</size>
         <input_file_ref idref="fl-7"/>
      </object_component>
      <object_component id="oc-125">
         <name>.text</name>
         <load_address>0x9e4f</load_address>
         <run_address>0x9e4f</run_address>
         <size>0x102</size>
         <input_file_ref idref="fl-e"/>
      </object_component>
      <object_component id="oc-56">
         <name>.text:retain</name>
         <load_address>0x9f51</load_address>
         <run_address>0x9f51</run_address>
         <size>0xe6</size>
         <input_file_ref idref="fl-10"/>
      </object_component>
      <object_component id="oc-130">
         <name>.text</name>
         <load_address>0xa037</load_address>
         <run_address>0xa037</run_address>
         <size>0xad</size>
         <input_file_ref idref="fl-52"/>
      </object_component>
      <object_component id="oc-124">
         <name>.text</name>
         <load_address>0xa0e4</load_address>
         <run_address>0xa0e4</run_address>
         <size>0xaa</size>
         <input_file_ref idref="fl-13"/>
      </object_component>
      <object_component id="oc-137">
         <name>.text</name>
         <load_address>0xa18e</load_address>
         <run_address>0xa18e</run_address>
         <size>0x9f</size>
         <input_file_ref idref="fl-5b"/>
      </object_component>
      <object_component id="oc-136">
         <name>.text</name>
         <load_address>0xa22d</load_address>
         <run_address>0xa22d</run_address>
         <size>0x8f</size>
         <input_file_ref idref="fl-5a"/>
      </object_component>
      <object_component id="oc-132">
         <name>.text</name>
         <load_address>0xa2bc</load_address>
         <run_address>0xa2bc</run_address>
         <size>0x88</size>
         <input_file_ref idref="fl-58"/>
      </object_component>
      <object_component id="oc-7f">
         <name>.text</name>
         <load_address>0xa344</load_address>
         <run_address>0xa344</run_address>
         <size>0x83</size>
         <input_file_ref idref="fl-1b"/>
      </object_component>
      <object_component id="oc-93">
         <name>.text</name>
         <load_address>0xa3c7</load_address>
         <run_address>0xa3c7</run_address>
         <size>0x83</size>
         <input_file_ref idref="fl-1f"/>
      </object_component>
      <object_component id="oc-89">
         <name>.text</name>
         <load_address>0xa44a</load_address>
         <run_address>0xa44a</run_address>
         <size>0x78</size>
         <input_file_ref idref="fl-1d"/>
      </object_component>
      <object_component id="oc-129">
         <name>.text</name>
         <load_address>0xa4c2</load_address>
         <run_address>0xa4c2</run_address>
         <size>0x5c</size>
         <input_file_ref idref="fl-f"/>
      </object_component>
      <object_component id="oc-98">
         <name>.text</name>
         <load_address>0xa51e</load_address>
         <run_address>0xa51e</run_address>
         <size>0x5a</size>
         <input_file_ref idref="fl-20"/>
      </object_component>
      <object_component id="oc-133">
         <name>.text</name>
         <load_address>0xa578</load_address>
         <run_address>0xa578</run_address>
         <size>0x51</size>
         <input_file_ref idref="fl-5d"/>
      </object_component>
      <object_component id="oc-12d">
         <name>.text</name>
         <load_address>0xa5c9</load_address>
         <run_address>0xa5c9</run_address>
         <size>0x47</size>
         <input_file_ref idref="fl-17"/>
      </object_component>
      <object_component id="oc-12f">
         <name>.text</name>
         <load_address>0xa610</load_address>
         <run_address>0xa610</run_address>
         <size>0x45</size>
         <input_file_ref idref="fl-12"/>
      </object_component>
      <object_component id="oc-13">
         <name>.text</name>
         <load_address>0xa655</load_address>
         <run_address>0xa655</run_address>
         <size>0x44</size>
         <input_file_ref idref="fl-4e"/>
      </object_component>
      <object_component id="oc-138">
         <name>.text</name>
         <load_address>0xa699</load_address>
         <run_address>0xa699</run_address>
         <size>0x41</size>
         <input_file_ref idref="fl-5c"/>
      </object_component>
      <object_component id="oc-131">
         <name>.text</name>
         <load_address>0xa6da</load_address>
         <run_address>0xa6da</run_address>
         <size>0x33</size>
         <input_file_ref idref="fl-55"/>
      </object_component>
      <object_component id="oc-123">
         <name>.text</name>
         <load_address>0xa70d</load_address>
         <run_address>0xa70d</run_address>
         <size>0x33</size>
         <input_file_ref idref="fl-14"/>
      </object_component>
      <object_component id="oc-12c">
         <name>.text</name>
         <load_address>0xa740</load_address>
         <run_address>0xa740</run_address>
         <size>0x2e</size>
         <input_file_ref idref="fl-d"/>
      </object_component>
      <object_component id="oc-f0">
         <name>.text</name>
         <load_address>0xa76e</load_address>
         <run_address>0xa76e</run_address>
         <size>0x29</size>
         <input_file_ref idref="fl-56"/>
      </object_component>
      <object_component id="oc-126">
         <name>.text</name>
         <load_address>0xa797</load_address>
         <run_address>0xa797</run_address>
         <size>0x25</size>
         <input_file_ref idref="fl-8"/>
      </object_component>
      <object_component id="oc-a7">
         <name>.text</name>
         <load_address>0xa7bc</load_address>
         <run_address>0xa7bc</run_address>
         <size>0x25</size>
         <input_file_ref idref="fl-23"/>
      </object_component>
      <object_component id="oc-ff">
         <name>.text</name>
         <load_address>0xa7e1</load_address>
         <run_address>0xa7e1</run_address>
         <size>0x22</size>
         <input_file_ref idref="fl-59"/>
      </object_component>
      <object_component id="oc-12e">
         <name>.text</name>
         <load_address>0xa803</load_address>
         <run_address>0xa803</run_address>
         <size>0x21</size>
         <input_file_ref idref="fl-a"/>
      </object_component>
      <object_component id="oc-b1">
         <name>.text</name>
         <load_address>0xa824</load_address>
         <run_address>0xa824</run_address>
         <size>0x21</size>
         <input_file_ref idref="fl-25"/>
      </object_component>
      <object_component id="oc-84">
         <name>.text</name>
         <load_address>0xa845</load_address>
         <run_address>0xa845</run_address>
         <size>0x1f</size>
         <input_file_ref idref="fl-1c"/>
      </object_component>
      <object_component id="oc-ac">
         <name>.text</name>
         <load_address>0xa864</load_address>
         <run_address>0xa864</run_address>
         <size>0x1d</size>
         <input_file_ref idref="fl-24"/>
      </object_component>
      <object_component id="oc-a2">
         <name>.text</name>
         <load_address>0xa881</load_address>
         <run_address>0xa881</run_address>
         <size>0x1c</size>
         <input_file_ref idref="fl-22"/>
      </object_component>
      <object_component id="oc-b6">
         <name>.text</name>
         <load_address>0xa89d</load_address>
         <run_address>0xa89d</run_address>
         <size>0x1a</size>
         <input_file_ref idref="fl-26"/>
      </object_component>
      <object_component id="oc-f5">
         <name>.text</name>
         <load_address>0xa8b7</load_address>
         <run_address>0xa8b7</run_address>
         <size>0x1a</size>
         <input_file_ref idref="fl-57"/>
      </object_component>
      <object_component id="oc-118">
         <name>.text</name>
         <load_address>0xa8d1</load_address>
         <run_address>0xa8d1</run_address>
         <size>0x19</size>
         <input_file_ref idref="fl-4f"/>
      </object_component>
      <object_component id="oc-119">
         <name>.text</name>
         <load_address>0xa8ea</load_address>
         <run_address>0xa8ea</run_address>
         <size>0x19</size>
         <input_file_ref idref="fl-50"/>
      </object_component>
      <object_component id="oc-8e">
         <name>.text</name>
         <load_address>0xa903</load_address>
         <run_address>0xa903</run_address>
         <size>0x17</size>
         <input_file_ref idref="fl-1e"/>
      </object_component>
      <object_component id="oc-135">
         <name>.text</name>
         <load_address>0xa91a</load_address>
         <run_address>0xa91a</run_address>
         <size>0x14</size>
         <input_file_ref idref="fl-54"/>
      </object_component>
      <object_component id="oc-c0">
         <name>.text</name>
         <load_address>0xa92e</load_address>
         <run_address>0xa92e</run_address>
         <size>0x13</size>
         <input_file_ref idref="fl-28"/>
      </object_component>
      <object_component id="oc-bb">
         <name>.text</name>
         <load_address>0xa941</load_address>
         <run_address>0xa941</run_address>
         <size>0x10</size>
         <input_file_ref idref="fl-27"/>
      </object_component>
      <object_component id="oc-120">
         <name>.text</name>
         <load_address>0xa951</load_address>
         <run_address>0xa951</run_address>
         <size>0x9</size>
         <input_file_ref idref="fl-51"/>
      </object_component>
      <object_component id="oc-14">
         <name>.text</name>
         <load_address>0xa95a</load_address>
         <run_address>0xa95a</run_address>
         <size>0x8</size>
         <input_file_ref idref="fl-5"/>
      </object_component>
      <object_component id="oc-48">
         <name>.text:retain</name>
         <load_address>0xa962</load_address>
         <run_address>0xa962</run_address>
         <size>0x5</size>
         <input_file_ref idref="fl-e"/>
      </object_component>
      <object_component id="oc-9d">
         <name>.text</name>
         <load_address>0xa967</load_address>
         <run_address>0xa967</run_address>
         <size>0x5</size>
         <input_file_ref idref="fl-21"/>
      </object_component>
      <object_component id="oc-53">
         <name>.cinit</name>
         <load_address>0x50</load_address>
         <run_address>0x50</run_address>
         <size>0x85</size>
         <input_file_ref idref="fl-10"/>
      </object_component>
      <object_component id="oc-d2">
         <name>.cinit</name>
         <load_address>0xd5</load_address>
         <run_address>0xd5</run_address>
         <size>0xa</size>
         <input_file_ref idref="fl-50"/>
      </object_component>
      <object_component id="oc-11d">
         <name>.cinit:__lock</name>
         <load_address>0xdf</load_address>
         <run_address>0xdf</run_address>
         <size>0x5</size>
         <input_file_ref idref="fl-51"/>
      </object_component>
      <object_component id="oc-121">
         <name>.cinit:__unlock</name>
         <load_address>0xe4</load_address>
         <run_address>0xe4</run_address>
         <size>0x5</size>
         <input_file_ref idref="fl-51"/>
      </object_component>
      <object_component id="oc-2b">
         <name>.cinit</name>
         <load_address>0xe9</load_address>
         <run_address>0xe9</run_address>
         <size>0x4</size>
         <input_file_ref idref="fl-9"/>
      </object_component>
      <object_component id="oc-e3">
         <name>.cinit</name>
         <load_address>0xed</load_address>
         <run_address>0xed</run_address>
         <size>0x4</size>
         <input_file_ref idref="fl-53"/>
      </object_component>
      <object_component id="oc-c7">
         <name>.reset</name>
         <load_address>0x3fffc0</load_address>
         <run_address>0x3fffc0</run_address>
         <size>0x2</size>
         <input_file_ref idref="fl-4e"/>
      </object_component>
      <object_component id="oc-c6">
         <name>.stack</name>
         <uninitialized>true</uninitialized>
         <run_address>0x400</run_address>
         <size>0x0</size>
         <input_file_ref idref="fl-4e"/>
      </object_component>
      <object_component id="oc-154">
         <name>.stack</name>
         <uninitialized>true</uninitialized>
         <run_address>0x400</run_address>
         <size>0x0</size>
      </object_component>
      <object_component id="oc-25">
         <name>.ebss</name>
         <uninitialized>true</uninitialized>
         <run_address>0xa976</run_address>
         <size>0x1</size>
         <input_file_ref idref="fl-8"/>
      </object_component>
      <object_component id="oc-2c">
         <name>.ebss</name>
         <uninitialized>true</uninitialized>
         <run_address>0xa974</run_address>
         <size>0x2</size>
         <input_file_ref idref="fl-9"/>
      </object_component>
      <object_component id="oc-3c">
         <name>.ebss</name>
         <uninitialized>true</uninitialized>
         <run_address>0xab00</run_address>
         <size>0xc2</size>
         <input_file_ref idref="fl-c"/>
      </object_component>
      <object_component id="oc-54">
         <name>.ebss</name>
         <uninitialized>true</uninitialized>
         <run_address>0xa980</run_address>
         <size>0x16c</size>
         <input_file_ref idref="fl-10"/>
      </object_component>
      <object_component id="oc-d3">
         <name>.ebss</name>
         <uninitialized>true</uninitialized>
         <run_address>0xa96c</run_address>
         <size>0x4</size>
         <input_file_ref idref="fl-50"/>
      </object_component>
      <object_component id="oc-134">
         <name>.ebss:__unlock</name>
         <uninitialized>true</uninitialized>
         <run_address>0xa972</run_address>
         <size>0x2</size>
         <input_file_ref idref="fl-51"/>
      </object_component>
      <object_component id="oc-11c">
         <name>.ebss:__lock</name>
         <uninitialized>true</uninitialized>
         <run_address>0xa970</run_address>
         <size>0x2</size>
         <input_file_ref idref="fl-51"/>
      </object_component>
      <object_component id="oc-e4">
         <name>.ebss</name>
         <uninitialized>true</uninitialized>
         <run_address>0xa977</run_address>
         <size>0x1</size>
         <input_file_ref idref="fl-53"/>
      </object_component>
      <object_component id="oc-55">
         <name>.econst</name>
         <load_address>0xabc2</load_address>
         <run_address>0xabc2</run_address>
         <size>0xa</size>
         <input_file_ref idref="fl-10"/>
      </object_component>
      <object_component id="oc-75">
         <name>.econst</name>
         <load_address>0xabcc</load_address>
         <run_address>0xabcc</run_address>
         <size>0x8</size>
         <input_file_ref idref="fl-16"/>
      </object_component>
      <object_component id="oc-3d">
         <name>.econst</name>
         <load_address>0xabd4</load_address>
         <run_address>0xabd4</run_address>
         <size>0x4</size>
         <input_file_ref idref="fl-c"/>
      </object_component>
      <object_component id="oc-c5">
         <name>IQmath</name>
         <load_address>0xabd8</load_address>
         <run_address>0xabd8</run_address>
         <size>0x14</size>
         <input_file_ref idref="fl-4d"/>
      </object_component>
      <object_component id="oc-16">
         <name>.debug_info</name>
         <load_address>0x0</load_address>
         <run_address>0x0</run_address>
         <size>0x368</size>
         <input_file_ref idref="fl-5"/>
      </object_component>
      <object_component id="oc-1a">
         <name>.debug_info</name>
         <load_address>0x368</load_address>
         <run_address>0x368</run_address>
         <size>0x57e3</size>
         <input_file_ref idref="fl-6"/>
      </object_component>
      <object_component id="oc-1f">
         <name>.debug_info</name>
         <load_address>0x5b4b</load_address>
         <run_address>0x5b4b</run_address>
         <size>0x6ece</size>
         <input_file_ref idref="fl-7"/>
      </object_component>
      <object_component id="oc-24">
         <name>.debug_info</name>
         <load_address>0xca19</load_address>
         <run_address>0xca19</run_address>
         <size>0x17a5</size>
         <input_file_ref idref="fl-8"/>
      </object_component>
      <object_component id="oc-2a">
         <name>.debug_info</name>
         <load_address>0xe1be</load_address>
         <run_address>0xe1be</run_address>
         <size>0x60ad</size>
         <input_file_ref idref="fl-9"/>
      </object_component>
      <object_component id="oc-31">
         <name>.debug_info</name>
         <load_address>0x1426b</load_address>
         <run_address>0x1426b</run_address>
         <size>0x2aa0</size>
         <input_file_ref idref="fl-a"/>
      </object_component>
      <object_component id="oc-36">
         <name>.debug_info</name>
         <load_address>0x16d0b</load_address>
         <run_address>0x16d0b</run_address>
         <size>0x40d4</size>
         <input_file_ref idref="fl-b"/>
      </object_component>
      <object_component id="oc-3b">
         <name>.debug_info</name>
         <load_address>0x1addf</load_address>
         <run_address>0x1addf</run_address>
         <size>0x151b7</size>
         <input_file_ref idref="fl-c"/>
      </object_component>
      <object_component id="oc-42">
         <name>.debug_info</name>
         <load_address>0x2ff96</load_address>
         <run_address>0x2ff96</run_address>
         <size>0xd11</size>
         <input_file_ref idref="fl-d"/>
      </object_component>
      <object_component id="oc-47">
         <name>.debug_info</name>
         <load_address>0x30ca7</load_address>
         <run_address>0x30ca7</run_address>
         <size>0x568a</size>
         <input_file_ref idref="fl-e"/>
      </object_component>
      <object_component id="oc-4d">
         <name>.debug_info</name>
         <load_address>0x36331</load_address>
         <run_address>0x36331</run_address>
         <size>0x253c</size>
         <input_file_ref idref="fl-f"/>
      </object_component>
      <object_component id="oc-52">
         <name>.debug_info</name>
         <load_address>0x3886d</load_address>
         <run_address>0x3886d</run_address>
         <size>0x98d4</size>
         <input_file_ref idref="fl-10"/>
      </object_component>
      <object_component id="oc-5b">
         <name>.debug_info</name>
         <load_address>0x42141</load_address>
         <run_address>0x42141</run_address>
         <size>0xf05f</size>
         <input_file_ref idref="fl-11"/>
      </object_component>
      <object_component id="oc-60">
         <name>.debug_info</name>
         <load_address>0x511a0</load_address>
         <run_address>0x511a0</run_address>
         <size>0x1852</size>
         <input_file_ref idref="fl-12"/>
      </object_component>
      <object_component id="oc-65">
         <name>.debug_info</name>
         <load_address>0x529f2</load_address>
         <run_address>0x529f2</run_address>
         <size>0x547b</size>
         <input_file_ref idref="fl-13"/>
      </object_component>
      <object_component id="oc-6a">
         <name>.debug_info</name>
         <load_address>0x57e6d</load_address>
         <run_address>0x57e6d</run_address>
         <size>0x147c</size>
         <input_file_ref idref="fl-14"/>
      </object_component>
      <object_component id="oc-70">
         <name>.debug_info</name>
         <load_address>0x592e9</load_address>
         <run_address>0x592e9</run_address>
         <size>0x2a0</size>
         <input_file_ref idref="fl-15"/>
      </object_component>
      <object_component id="oc-74">
         <name>.debug_info</name>
         <load_address>0x59589</load_address>
         <run_address>0x59589</run_address>
         <size>0x537e</size>
         <input_file_ref idref="fl-16"/>
      </object_component>
      <object_component id="oc-7a">
         <name>.debug_info</name>
         <load_address>0x5e907</load_address>
         <run_address>0x5e907</run_address>
         <size>0x1a02</size>
         <input_file_ref idref="fl-17"/>
      </object_component>
      <object_component id="oc-80">
         <name>.debug_info</name>
         <load_address>0x60309</load_address>
         <run_address>0x60309</run_address>
         <size>0x10c</size>
         <input_file_ref idref="fl-1b"/>
      </object_component>
      <object_component id="oc-85">
         <name>.debug_info</name>
         <load_address>0x60415</load_address>
         <run_address>0x60415</run_address>
         <size>0x10c</size>
         <input_file_ref idref="fl-1c"/>
      </object_component>
      <object_component id="oc-8a">
         <name>.debug_info</name>
         <load_address>0x60521</load_address>
         <run_address>0x60521</run_address>
         <size>0x10c</size>
         <input_file_ref idref="fl-1d"/>
      </object_component>
      <object_component id="oc-8f">
         <name>.debug_info</name>
         <load_address>0x6062d</load_address>
         <run_address>0x6062d</run_address>
         <size>0x10c</size>
         <input_file_ref idref="fl-1e"/>
      </object_component>
      <object_component id="oc-94">
         <name>.debug_info</name>
         <load_address>0x60739</load_address>
         <run_address>0x60739</run_address>
         <size>0x10c</size>
         <input_file_ref idref="fl-1f"/>
      </object_component>
      <object_component id="oc-99">
         <name>.debug_info</name>
         <load_address>0x60845</load_address>
         <run_address>0x60845</run_address>
         <size>0x10c</size>
         <input_file_ref idref="fl-20"/>
      </object_component>
      <object_component id="oc-9e">
         <name>.debug_info</name>
         <load_address>0x60951</load_address>
         <run_address>0x60951</run_address>
         <size>0x10c</size>
         <input_file_ref idref="fl-21"/>
      </object_component>
      <object_component id="oc-a3">
         <name>.debug_info</name>
         <load_address>0x60a5d</load_address>
         <run_address>0x60a5d</run_address>
         <size>0x10f</size>
         <input_file_ref idref="fl-22"/>
      </object_component>
      <object_component id="oc-a8">
         <name>.debug_info</name>
         <load_address>0x60b6c</load_address>
         <run_address>0x60b6c</run_address>
         <size>0x118</size>
         <input_file_ref idref="fl-23"/>
      </object_component>
      <object_component id="oc-ad">
         <name>.debug_info</name>
         <load_address>0x60c84</load_address>
         <run_address>0x60c84</run_address>
         <size>0x118</size>
         <input_file_ref idref="fl-24"/>
      </object_component>
      <object_component id="oc-b2">
         <name>.debug_info</name>
         <load_address>0x60d9c</load_address>
         <run_address>0x60d9c</run_address>
         <size>0x11b</size>
         <input_file_ref idref="fl-25"/>
      </object_component>
      <object_component id="oc-b7">
         <name>.debug_info</name>
         <load_address>0x60eb7</load_address>
         <run_address>0x60eb7</run_address>
         <size>0x112</size>
         <input_file_ref idref="fl-26"/>
      </object_component>
      <object_component id="oc-bc">
         <name>.debug_info</name>
         <load_address>0x60fc9</load_address>
         <run_address>0x60fc9</run_address>
         <size>0x10c</size>
         <input_file_ref idref="fl-27"/>
      </object_component>
      <object_component id="oc-c1">
         <name>.debug_info</name>
         <load_address>0x610d5</load_address>
         <run_address>0x610d5</run_address>
         <size>0x10f</size>
         <input_file_ref idref="fl-28"/>
      </object_component>
      <object_component id="oc-c8">
         <name>.debug_info</name>
         <load_address>0x611e4</load_address>
         <run_address>0x611e4</run_address>
         <size>0x12a</size>
         <input_file_ref idref="fl-4e"/>
      </object_component>
      <object_component id="oc-cc">
         <name>.debug_info</name>
         <load_address>0x6130e</load_address>
         <run_address>0x6130e</run_address>
         <size>0x418</size>
         <input_file_ref idref="fl-4f"/>
      </object_component>
      <object_component id="oc-d1">
         <name>.debug_info</name>
         <load_address>0x61726</load_address>
         <run_address>0x61726</run_address>
         <size>0x421</size>
         <input_file_ref idref="fl-50"/>
      </object_component>
      <object_component id="oc-d8">
         <name>.debug_info</name>
         <load_address>0x61b47</load_address>
         <run_address>0x61b47</run_address>
         <size>0x44b</size>
         <input_file_ref idref="fl-51"/>
      </object_component>
      <object_component id="oc-dd">
         <name>.debug_info</name>
         <load_address>0x61f92</load_address>
         <run_address>0x61f92</run_address>
         <size>0x4c8</size>
         <input_file_ref idref="fl-52"/>
      </object_component>
      <object_component id="oc-e2">
         <name>.debug_info</name>
         <load_address>0x6245a</load_address>
         <run_address>0x6245a</run_address>
         <size>0x1b7</size>
         <input_file_ref idref="fl-53"/>
      </object_component>
      <object_component id="oc-e6">
         <name>.debug_info</name>
         <load_address>0x62611</load_address>
         <run_address>0x62611</run_address>
         <size>0x366</size>
         <input_file_ref idref="fl-54"/>
      </object_component>
      <object_component id="oc-eb">
         <name>.debug_info</name>
         <load_address>0x62977</load_address>
         <run_address>0x62977</run_address>
         <size>0x3c2</size>
         <input_file_ref idref="fl-55"/>
      </object_component>
      <object_component id="oc-f1">
         <name>.debug_info</name>
         <load_address>0x62d39</load_address>
         <run_address>0x62d39</run_address>
         <size>0x118</size>
         <input_file_ref idref="fl-56"/>
      </object_component>
      <object_component id="oc-f6">
         <name>.debug_info</name>
         <load_address>0x62e51</load_address>
         <run_address>0x62e51</run_address>
         <size>0x112</size>
         <input_file_ref idref="fl-57"/>
      </object_component>
      <object_component id="oc-fa">
         <name>.debug_info</name>
         <load_address>0x62f63</load_address>
         <run_address>0x62f63</run_address>
         <size>0x49c</size>
         <input_file_ref idref="fl-58"/>
      </object_component>
      <object_component id="oc-100">
         <name>.debug_info</name>
         <load_address>0x633ff</load_address>
         <run_address>0x633ff</run_address>
         <size>0x139</size>
         <input_file_ref idref="fl-59"/>
      </object_component>
      <object_component id="oc-104">
         <name>.debug_info</name>
         <load_address>0x63538</load_address>
         <run_address>0x63538</run_address>
         <size>0x487</size>
         <input_file_ref idref="fl-5a"/>
      </object_component>
      <object_component id="oc-109">
         <name>.debug_info</name>
         <load_address>0x639bf</load_address>
         <run_address>0x639bf</run_address>
         <size>0x49b</size>
         <input_file_ref idref="fl-5b"/>
      </object_component>
      <object_component id="oc-10e">
         <name>.debug_info</name>
         <load_address>0x63e5a</load_address>
         <run_address>0x63e5a</run_address>
         <size>0x392</size>
         <input_file_ref idref="fl-5c"/>
      </object_component>
      <object_component id="oc-113">
         <name>.debug_info</name>
         <load_address>0x641ec</load_address>
         <run_address>0x641ec</run_address>
         <size>0x3e3</size>
         <input_file_ref idref="fl-5d"/>
      </object_component>
      <object_component id="oc-155">
         <name>.debug_info</name>
         <load_address>0x645cf</load_address>
         <run_address>0x645cf</run_address>
         <size>0x14b</size>
      </object_component>
      <object_component id="oc-17">
         <name>.debug_line</name>
         <load_address>0x0</load_address>
         <run_address>0x0</run_address>
         <size>0xee</size>
         <input_file_ref idref="fl-5"/>
      </object_component>
      <object_component id="oc-1c">
         <name>.debug_line</name>
         <load_address>0xee</load_address>
         <run_address>0xee</run_address>
         <size>0x3be</size>
         <input_file_ref idref="fl-6"/>
      </object_component>
      <object_component id="oc-21">
         <name>.debug_line</name>
         <load_address>0x4ac</load_address>
         <run_address>0x4ac</run_address>
         <size>0x5d4</size>
         <input_file_ref idref="fl-7"/>
      </object_component>
      <object_component id="oc-27">
         <name>.debug_line</name>
         <load_address>0xa80</load_address>
         <run_address>0xa80</run_address>
         <size>0x19b</size>
         <input_file_ref idref="fl-8"/>
      </object_component>
      <object_component id="oc-2e">
         <name>.debug_line</name>
         <load_address>0xc1b</load_address>
         <run_address>0xc1b</run_address>
         <size>0x67a</size>
         <input_file_ref idref="fl-9"/>
      </object_component>
      <object_component id="oc-33">
         <name>.debug_line</name>
         <load_address>0x1295</load_address>
         <run_address>0x1295</run_address>
         <size>0x223</size>
         <input_file_ref idref="fl-a"/>
      </object_component>
      <object_component id="oc-38">
         <name>.debug_line</name>
         <load_address>0x14b8</load_address>
         <run_address>0x14b8</run_address>
         <size>0x301</size>
         <input_file_ref idref="fl-b"/>
      </object_component>
      <object_component id="oc-3f">
         <name>.debug_line</name>
         <load_address>0x17b9</load_address>
         <run_address>0x17b9</run_address>
         <size>0x100f</size>
         <input_file_ref idref="fl-c"/>
      </object_component>
      <object_component id="oc-44">
         <name>.debug_line</name>
         <load_address>0x27c8</load_address>
         <run_address>0x27c8</run_address>
         <size>0x123</size>
         <input_file_ref idref="fl-d"/>
      </object_component>
      <object_component id="oc-4a">
         <name>.debug_line</name>
         <load_address>0x28eb</load_address>
         <run_address>0x28eb</run_address>
         <size>0x35d</size>
         <input_file_ref idref="fl-e"/>
      </object_component>
      <object_component id="oc-4f">
         <name>.debug_line</name>
         <load_address>0x2c48</load_address>
         <run_address>0x2c48</run_address>
         <size>0x232</size>
         <input_file_ref idref="fl-f"/>
      </object_component>
      <object_component id="oc-58">
         <name>.debug_line</name>
         <load_address>0x2e7a</load_address>
         <run_address>0x2e7a</run_address>
         <size>0xaf7</size>
         <input_file_ref idref="fl-10"/>
      </object_component>
      <object_component id="oc-5d">
         <name>.debug_line</name>
         <load_address>0x3971</load_address>
         <run_address>0x3971</run_address>
         <size>0xa82</size>
         <input_file_ref idref="fl-11"/>
      </object_component>
      <object_component id="oc-62">
         <name>.debug_line</name>
         <load_address>0x43f3</load_address>
         <run_address>0x43f3</run_address>
         <size>0x15b</size>
         <input_file_ref idref="fl-12"/>
      </object_component>
      <object_component id="oc-67">
         <name>.debug_line</name>
         <load_address>0x454e</load_address>
         <run_address>0x454e</run_address>
         <size>0x45f</size>
         <input_file_ref idref="fl-13"/>
      </object_component>
      <object_component id="oc-6c">
         <name>.debug_line</name>
         <load_address>0x49ad</load_address>
         <run_address>0x49ad</run_address>
         <size>0x170</size>
         <input_file_ref idref="fl-14"/>
      </object_component>
      <object_component id="oc-71">
         <name>.debug_line</name>
         <load_address>0x4b1d</load_address>
         <run_address>0x4b1d</run_address>
         <size>0xcf</size>
         <input_file_ref idref="fl-15"/>
      </object_component>
      <object_component id="oc-77">
         <name>.debug_line</name>
         <load_address>0x4bec</load_address>
         <run_address>0x4bec</run_address>
         <size>0x56c</size>
         <input_file_ref idref="fl-16"/>
      </object_component>
      <object_component id="oc-7c">
         <name>.debug_line</name>
         <load_address>0x5158</load_address>
         <run_address>0x5158</run_address>
         <size>0x1ba</size>
         <input_file_ref idref="fl-17"/>
      </object_component>
      <object_component id="oc-81">
         <name>.debug_line</name>
         <load_address>0x5312</load_address>
         <run_address>0x5312</run_address>
         <size>0xa2</size>
         <input_file_ref idref="fl-1b"/>
      </object_component>
      <object_component id="oc-86">
         <name>.debug_line</name>
         <load_address>0x53b4</load_address>
         <run_address>0x53b4</run_address>
         <size>0x58</size>
         <input_file_ref idref="fl-1c"/>
      </object_component>
      <object_component id="oc-8b">
         <name>.debug_line</name>
         <load_address>0x540c</load_address>
         <run_address>0x540c</run_address>
         <size>0xa9</size>
         <input_file_ref idref="fl-1d"/>
      </object_component>
      <object_component id="oc-90">
         <name>.debug_line</name>
         <load_address>0x54b5</load_address>
         <run_address>0x54b5</run_address>
         <size>0x52</size>
         <input_file_ref idref="fl-1e"/>
      </object_component>
      <object_component id="oc-95">
         <name>.debug_line</name>
         <load_address>0x5507</load_address>
         <run_address>0x5507</run_address>
         <size>0xab</size>
         <input_file_ref idref="fl-1f"/>
      </object_component>
      <object_component id="oc-9a">
         <name>.debug_line</name>
         <load_address>0x55b2</load_address>
         <run_address>0x55b2</run_address>
         <size>0x8d</size>
         <input_file_ref idref="fl-20"/>
      </object_component>
      <object_component id="oc-9f">
         <name>.debug_line</name>
         <load_address>0x563f</load_address>
         <run_address>0x563f</run_address>
         <size>0x41</size>
         <input_file_ref idref="fl-21"/>
      </object_component>
      <object_component id="oc-a4">
         <name>.debug_line</name>
         <load_address>0x5680</load_address>
         <run_address>0x5680</run_address>
         <size>0x56</size>
         <input_file_ref idref="fl-22"/>
      </object_component>
      <object_component id="oc-a9">
         <name>.debug_line</name>
         <load_address>0x56d6</load_address>
         <run_address>0x56d6</run_address>
         <size>0x5e</size>
         <input_file_ref idref="fl-23"/>
      </object_component>
      <object_component id="oc-ae">
         <name>.debug_line</name>
         <load_address>0x5734</load_address>
         <run_address>0x5734</run_address>
         <size>0x56</size>
         <input_file_ref idref="fl-24"/>
      </object_component>
      <object_component id="oc-b3">
         <name>.debug_line</name>
         <load_address>0x578a</load_address>
         <run_address>0x578a</run_address>
         <size>0x59</size>
         <input_file_ref idref="fl-25"/>
      </object_component>
      <object_component id="oc-b8">
         <name>.debug_line</name>
         <load_address>0x57e3</load_address>
         <run_address>0x57e3</run_address>
         <size>0x52</size>
         <input_file_ref idref="fl-26"/>
      </object_component>
      <object_component id="oc-bd">
         <name>.debug_line</name>
         <load_address>0x5835</load_address>
         <run_address>0x5835</run_address>
         <size>0x49</size>
         <input_file_ref idref="fl-27"/>
      </object_component>
      <object_component id="oc-c2">
         <name>.debug_line</name>
         <load_address>0x587e</load_address>
         <run_address>0x587e</run_address>
         <size>0x4f</size>
         <input_file_ref idref="fl-28"/>
      </object_component>
      <object_component id="oc-c9">
         <name>.debug_line</name>
         <load_address>0x58cd</load_address>
         <run_address>0x58cd</run_address>
         <size>0x73</size>
         <input_file_ref idref="fl-4e"/>
      </object_component>
      <object_component id="oc-ce">
         <name>.debug_line</name>
         <load_address>0x5940</load_address>
         <run_address>0x5940</run_address>
         <size>0x59</size>
         <input_file_ref idref="fl-4f"/>
      </object_component>
      <object_component id="oc-d5">
         <name>.debug_line</name>
         <load_address>0x5999</load_address>
         <run_address>0x5999</run_address>
         <size>0x5d</size>
         <input_file_ref idref="fl-50"/>
      </object_component>
      <object_component id="oc-da">
         <name>.debug_line</name>
         <load_address>0x59f6</load_address>
         <run_address>0x59f6</run_address>
         <size>0x5e</size>
         <input_file_ref idref="fl-51"/>
      </object_component>
      <object_component id="oc-df">
         <name>.debug_line</name>
         <load_address>0x5a54</load_address>
         <run_address>0x5a54</run_address>
         <size>0x5b</size>
         <input_file_ref idref="fl-52"/>
      </object_component>
      <object_component id="oc-e8">
         <name>.debug_line</name>
         <load_address>0x5aaf</load_address>
         <run_address>0x5aaf</run_address>
         <size>0x44</size>
         <input_file_ref idref="fl-54"/>
      </object_component>
      <object_component id="oc-ed">
         <name>.debug_line</name>
         <load_address>0x5af3</load_address>
         <run_address>0x5af3</run_address>
         <size>0x46</size>
         <input_file_ref idref="fl-55"/>
      </object_component>
      <object_component id="oc-f2">
         <name>.debug_line</name>
         <load_address>0x5b39</load_address>
         <run_address>0x5b39</run_address>
         <size>0x60</size>
         <input_file_ref idref="fl-56"/>
      </object_component>
      <object_component id="oc-f7">
         <name>.debug_line</name>
         <load_address>0x5b99</load_address>
         <run_address>0x5b99</run_address>
         <size>0x53</size>
         <input_file_ref idref="fl-57"/>
      </object_component>
      <object_component id="oc-fc">
         <name>.debug_line</name>
         <load_address>0x5bec</load_address>
         <run_address>0x5bec</run_address>
         <size>0x75</size>
         <input_file_ref idref="fl-58"/>
      </object_component>
      <object_component id="oc-101">
         <name>.debug_line</name>
         <load_address>0x5c61</load_address>
         <run_address>0x5c61</run_address>
         <size>0x69</size>
         <input_file_ref idref="fl-59"/>
      </object_component>
      <object_component id="oc-106">
         <name>.debug_line</name>
         <load_address>0x5cca</load_address>
         <run_address>0x5cca</run_address>
         <size>0x53</size>
         <input_file_ref idref="fl-5a"/>
      </object_component>
      <object_component id="oc-10b">
         <name>.debug_line</name>
         <load_address>0x5d1d</load_address>
         <run_address>0x5d1d</run_address>
         <size>0x4e</size>
         <input_file_ref idref="fl-5b"/>
      </object_component>
      <object_component id="oc-110">
         <name>.debug_line</name>
         <load_address>0x5d6b</load_address>
         <run_address>0x5d6b</run_address>
         <size>0x4b</size>
         <input_file_ref idref="fl-5c"/>
      </object_component>
      <object_component id="oc-115">
         <name>.debug_line</name>
         <load_address>0x5db6</load_address>
         <run_address>0x5db6</run_address>
         <size>0x57</size>
         <input_file_ref idref="fl-5d"/>
      </object_component>
      <object_component id="oc-18">
         <name>.debug_abbrev</name>
         <load_address>0x0</load_address>
         <run_address>0x0</run_address>
         <size>0x21</size>
         <input_file_ref idref="fl-5"/>
      </object_component>
      <object_component id="oc-1d">
         <name>.debug_abbrev</name>
         <load_address>0x21</load_address>
         <run_address>0x21</run_address>
         <size>0x18a</size>
         <input_file_ref idref="fl-6"/>
      </object_component>
      <object_component id="oc-22">
         <name>.debug_abbrev</name>
         <load_address>0x1ab</load_address>
         <run_address>0x1ab</run_address>
         <size>0x16b</size>
         <input_file_ref idref="fl-7"/>
      </object_component>
      <object_component id="oc-28">
         <name>.debug_abbrev</name>
         <load_address>0x316</load_address>
         <run_address>0x316</run_address>
         <size>0x112</size>
         <input_file_ref idref="fl-8"/>
      </object_component>
      <object_component id="oc-2f">
         <name>.debug_abbrev</name>
         <load_address>0x428</load_address>
         <run_address>0x428</run_address>
         <size>0x1d6</size>
         <input_file_ref idref="fl-9"/>
      </object_component>
      <object_component id="oc-34">
         <name>.debug_abbrev</name>
         <load_address>0x5fe</load_address>
         <run_address>0x5fe</run_address>
         <size>0x157</size>
         <input_file_ref idref="fl-a"/>
      </object_component>
      <object_component id="oc-39">
         <name>.debug_abbrev</name>
         <load_address>0x755</load_address>
         <run_address>0x755</run_address>
         <size>0x162</size>
         <input_file_ref idref="fl-b"/>
      </object_component>
      <object_component id="oc-40">
         <name>.debug_abbrev</name>
         <load_address>0x8b7</load_address>
         <run_address>0x8b7</run_address>
         <size>0x232</size>
         <input_file_ref idref="fl-c"/>
      </object_component>
      <object_component id="oc-45">
         <name>.debug_abbrev</name>
         <load_address>0xae9</load_address>
         <run_address>0xae9</run_address>
         <size>0x100</size>
         <input_file_ref idref="fl-d"/>
      </object_component>
      <object_component id="oc-4b">
         <name>.debug_abbrev</name>
         <load_address>0xbe9</load_address>
         <run_address>0xbe9</run_address>
         <size>0x189</size>
         <input_file_ref idref="fl-e"/>
      </object_component>
      <object_component id="oc-50">
         <name>.debug_abbrev</name>
         <load_address>0xd72</load_address>
         <run_address>0xd72</run_address>
         <size>0x16b</size>
         <input_file_ref idref="fl-f"/>
      </object_component>
      <object_component id="oc-59">
         <name>.debug_abbrev</name>
         <load_address>0xedd</load_address>
         <run_address>0xedd</run_address>
         <size>0x1d9</size>
         <input_file_ref idref="fl-10"/>
      </object_component>
      <object_component id="oc-5e">
         <name>.debug_abbrev</name>
         <load_address>0x10b6</load_address>
         <run_address>0x10b6</run_address>
         <size>0x174</size>
         <input_file_ref idref="fl-11"/>
      </object_component>
      <object_component id="oc-63">
         <name>.debug_abbrev</name>
         <load_address>0x122a</load_address>
         <run_address>0x122a</run_address>
         <size>0x114</size>
         <input_file_ref idref="fl-12"/>
      </object_component>
      <object_component id="oc-68">
         <name>.debug_abbrev</name>
         <load_address>0x133e</load_address>
         <run_address>0x133e</run_address>
         <size>0x16b</size>
         <input_file_ref idref="fl-13"/>
      </object_component>
      <object_component id="oc-6d">
         <name>.debug_abbrev</name>
         <load_address>0x14a9</load_address>
         <run_address>0x14a9</run_address>
         <size>0x112</size>
         <input_file_ref idref="fl-14"/>
      </object_component>
      <object_component id="oc-72">
         <name>.debug_abbrev</name>
         <load_address>0x15bb</load_address>
         <run_address>0x15bb</run_address>
         <size>0x2f</size>
         <input_file_ref idref="fl-15"/>
      </object_component>
      <object_component id="oc-78">
         <name>.debug_abbrev</name>
         <load_address>0x15ea</load_address>
         <run_address>0x15ea</run_address>
         <size>0x1a6</size>
         <input_file_ref idref="fl-16"/>
      </object_component>
      <object_component id="oc-7d">
         <name>.debug_abbrev</name>
         <load_address>0x1790</load_address>
         <run_address>0x1790</run_address>
         <size>0x114</size>
         <input_file_ref idref="fl-17"/>
      </object_component>
      <object_component id="oc-82">
         <name>.debug_abbrev</name>
         <load_address>0x18a4</load_address>
         <run_address>0x18a4</run_address>
         <size>0x38</size>
         <input_file_ref idref="fl-1b"/>
      </object_component>
      <object_component id="oc-87">
         <name>.debug_abbrev</name>
         <load_address>0x18dc</load_address>
         <run_address>0x18dc</run_address>
         <size>0x38</size>
         <input_file_ref idref="fl-1c"/>
      </object_component>
      <object_component id="oc-8c">
         <name>.debug_abbrev</name>
         <load_address>0x1914</load_address>
         <run_address>0x1914</run_address>
         <size>0x38</size>
         <input_file_ref idref="fl-1d"/>
      </object_component>
      <object_component id="oc-91">
         <name>.debug_abbrev</name>
         <load_address>0x194c</load_address>
         <run_address>0x194c</run_address>
         <size>0x38</size>
         <input_file_ref idref="fl-1e"/>
      </object_component>
      <object_component id="oc-96">
         <name>.debug_abbrev</name>
         <load_address>0x1984</load_address>
         <run_address>0x1984</run_address>
         <size>0x38</size>
         <input_file_ref idref="fl-1f"/>
      </object_component>
      <object_component id="oc-9b">
         <name>.debug_abbrev</name>
         <load_address>0x19bc</load_address>
         <run_address>0x19bc</run_address>
         <size>0x38</size>
         <input_file_ref idref="fl-20"/>
      </object_component>
      <object_component id="oc-a0">
         <name>.debug_abbrev</name>
         <load_address>0x19f4</load_address>
         <run_address>0x19f4</run_address>
         <size>0x38</size>
         <input_file_ref idref="fl-21"/>
      </object_component>
      <object_component id="oc-a5">
         <name>.debug_abbrev</name>
         <load_address>0x1a2c</load_address>
         <run_address>0x1a2c</run_address>
         <size>0x38</size>
         <input_file_ref idref="fl-22"/>
      </object_component>
      <object_component id="oc-aa">
         <name>.debug_abbrev</name>
         <load_address>0x1a64</load_address>
         <run_address>0x1a64</run_address>
         <size>0x38</size>
         <input_file_ref idref="fl-23"/>
      </object_component>
      <object_component id="oc-af">
         <name>.debug_abbrev</name>
         <load_address>0x1a9c</load_address>
         <run_address>0x1a9c</run_address>
         <size>0x38</size>
         <input_file_ref idref="fl-24"/>
      </object_component>
      <object_component id="oc-b4">
         <name>.debug_abbrev</name>
         <load_address>0x1ad4</load_address>
         <run_address>0x1ad4</run_address>
         <size>0x38</size>
         <input_file_ref idref="fl-25"/>
      </object_component>
      <object_component id="oc-b9">
         <name>.debug_abbrev</name>
         <load_address>0x1b0c</load_address>
         <run_address>0x1b0c</run_address>
         <size>0x38</size>
         <input_file_ref idref="fl-26"/>
      </object_component>
      <object_component id="oc-be">
         <name>.debug_abbrev</name>
         <load_address>0x1b44</load_address>
         <run_address>0x1b44</run_address>
         <size>0x38</size>
         <input_file_ref idref="fl-27"/>
      </object_component>
      <object_component id="oc-c3">
         <name>.debug_abbrev</name>
         <load_address>0x1b7c</load_address>
         <run_address>0x1b7c</run_address>
         <size>0x38</size>
         <input_file_ref idref="fl-28"/>
      </object_component>
      <object_component id="oc-ca">
         <name>.debug_abbrev</name>
         <load_address>0x1bb4</load_address>
         <run_address>0x1bb4</run_address>
         <size>0x46</size>
         <input_file_ref idref="fl-4e"/>
      </object_component>
      <object_component id="oc-cf">
         <name>.debug_abbrev</name>
         <load_address>0x1bfa</load_address>
         <run_address>0x1bfa</run_address>
         <size>0xfe</size>
         <input_file_ref idref="fl-4f"/>
      </object_component>
      <object_component id="oc-d6">
         <name>.debug_abbrev</name>
         <load_address>0x1cf8</load_address>
         <run_address>0x1cf8</run_address>
         <size>0x117</size>
         <input_file_ref idref="fl-50"/>
      </object_component>
      <object_component id="oc-db">
         <name>.debug_abbrev</name>
         <load_address>0x1e0f</load_address>
         <run_address>0x1e0f</run_address>
         <size>0xb2</size>
         <input_file_ref idref="fl-51"/>
      </object_component>
      <object_component id="oc-e0">
         <name>.debug_abbrev</name>
         <load_address>0x1ec1</load_address>
         <run_address>0x1ec1</run_address>
         <size>0xd4</size>
         <input_file_ref idref="fl-52"/>
      </object_component>
      <object_component id="oc-e5">
         <name>.debug_abbrev</name>
         <load_address>0x1f95</load_address>
         <run_address>0x1f95</run_address>
         <size>0x31</size>
         <input_file_ref idref="fl-53"/>
      </object_component>
      <object_component id="oc-e9">
         <name>.debug_abbrev</name>
         <load_address>0x1fc6</load_address>
         <run_address>0x1fc6</run_address>
         <size>0x9d</size>
         <input_file_ref idref="fl-54"/>
      </object_component>
      <object_component id="oc-ee">
         <name>.debug_abbrev</name>
         <load_address>0x2063</load_address>
         <run_address>0x2063</run_address>
         <size>0xab</size>
         <input_file_ref idref="fl-55"/>
      </object_component>
      <object_component id="oc-f3">
         <name>.debug_abbrev</name>
         <load_address>0x210e</load_address>
         <run_address>0x210e</run_address>
         <size>0x38</size>
         <input_file_ref idref="fl-56"/>
      </object_component>
      <object_component id="oc-f8">
         <name>.debug_abbrev</name>
         <load_address>0x2146</load_address>
         <run_address>0x2146</run_address>
         <size>0x38</size>
         <input_file_ref idref="fl-57"/>
      </object_component>
      <object_component id="oc-fd">
         <name>.debug_abbrev</name>
         <load_address>0x217e</load_address>
         <run_address>0x217e</run_address>
         <size>0xcb</size>
         <input_file_ref idref="fl-58"/>
      </object_component>
      <object_component id="oc-102">
         <name>.debug_abbrev</name>
         <load_address>0x2249</load_address>
         <run_address>0x2249</run_address>
         <size>0x38</size>
         <input_file_ref idref="fl-59"/>
      </object_component>
      <object_component id="oc-107">
         <name>.debug_abbrev</name>
         <load_address>0x2281</load_address>
         <run_address>0x2281</run_address>
         <size>0xb4</size>
         <input_file_ref idref="fl-5a"/>
      </object_component>
      <object_component id="oc-10c">
         <name>.debug_abbrev</name>
         <load_address>0x2335</load_address>
         <run_address>0x2335</run_address>
         <size>0xcb</size>
         <input_file_ref idref="fl-5b"/>
      </object_component>
      <object_component id="oc-111">
         <name>.debug_abbrev</name>
         <load_address>0x2400</load_address>
         <run_address>0x2400</run_address>
         <size>0xb2</size>
         <input_file_ref idref="fl-5c"/>
      </object_component>
      <object_component id="oc-116">
         <name>.debug_abbrev</name>
         <load_address>0x24b2</load_address>
         <run_address>0x24b2</run_address>
         <size>0xbb</size>
         <input_file_ref idref="fl-5d"/>
      </object_component>
      <object_component id="oc-156">
         <name>.debug_abbrev</name>
         <load_address>0x256d</load_address>
         <run_address>0x256d</run_address>
         <size>0xf</size>
      </object_component>
      <object_component id="oc-19">
         <name>.debug_aranges</name>
         <load_address>0x0</load_address>
         <run_address>0x0</run_address>
         <size>0x28</size>
[...]
         <object_component_ref idref="oc-124"/>
      </symbol>
      <symbol id="sm-34c">
         <name>_SPI_getTxFifoStatus</name>
         <value>0xa135</value>
         <object_component_ref idref="oc-124"/>
      </symbol>
      <symbol id="sm-34d">
         <name>_SPI_setTriWire</name>
         <value>0xa0ee</value>
         <object_component_ref idref="oc-124"/>
      </symbol>
      <symbol id="sm-34e">
         <name>_SPI_disableInt</name>
         <value>0xa17f</value>
         <object_component_ref idref="oc-124"/>
      </symbol>
      <symbol id="sm-34f">
         <name>_SPI_enableTxFifo</name>
         <value>0xa14b</value>
         <object_component_ref idref="oc-124"/>
      </symbol>
      <symbol id="sm-350">
         <name>_SPI_enableRxFifo</name>
         <value>0xa156</value>
         <object_component_ref idref="oc-124"/>
      </symbol>
      <symbol id="sm-351">
         <name>_SPI_enableInt</name>
         <value>0xa160</value>
         <object_component_ref idref="oc-124"/>
      </symbol>
      <symbol id="sm-35f">
         <name>_TIMER_setEmulationMode</name>
         <value>0xa71b</value>
         <object_component_ref idref="oc-123"/>
      </symbol>
      <symbol id="sm-360">
         <name>_TIMER_disableInt</name>
         <value>0xa73a</value>
         <object_component_ref idref="oc-123"/>
      </symbol>
      <symbol id="sm-361">
         <name>_TIMER_setPreScaler</name>
         <value>0xa70d</value>
         <object_component_ref idref="oc-123"/>
      </symbol>
      <symbol id="sm-362">
         <name>_TIMER_setDecimationFactor</name>
         <value>0xa71f</value>
         <object_component_ref idref="oc-123"/>
      </symbol>
      <symbol id="sm-363">
         <name>_TIMER_getStatus</name>
         <value>0xa734</value>
         <object_component_ref idref="oc-123"/>
      </symbol>
      <symbol id="sm-364">
         <name>_TIMER_init</name>
         <value>0xa72d</value>
         <object_component_ref idref="oc-123"/>
      </symbol>
      <symbol id="sm-365">
         <name>_TIMER_clearFlag</name>
         <value>0xa73d</value>
         <object_component_ref idref="oc-123"/>
      </symbol>
      <symbol id="sm-366">
         <name>_TIMER_enableInt</name>
         <value>0xa737</value>
         <object_component_ref idref="oc-123"/>
      </symbol>
      <symbol id="sm-372">
         <name>_usDelay</name>
         <value>0x125</value>
         <object_component_ref idref="oc-6f"/>
      </symbol>
      <symbol id="sm-38f">
         <name>_USER_computeFlux_pu_to_VpHz_sf</name>
         <value>0x8efa</value>
         <object_component_ref idref="oc-11f"/>
      </symbol>
      <symbol id="sm-390">
         <name>_USER_calcPIgains</name>
         <value>0x8f5d</value>
         <object_component_ref idref="oc-11f"/>
      </symbol>
      <symbol id="sm-391">
         <name>_USER_computeTorque_Ls_Id_Iq_pu_to_Nm_sf</name>
         <value>0x8e09</value>
         <object_component_ref idref="oc-11f"/>
      </symbol>
      <symbol id="sm-392">
         <name>_USER_computeTorque_lbin</name>
         <value>0x8d64</value>
         <object_component_ref idref="oc-11f"/>
      </symbol>
      <symbol id="sm-393">
         <name>_USER_getErrorCode</name>
         <value>0x8d61</value>
         <object_component_ref idref="oc-11f"/>
      </symbol>
      <symbol id="sm-394">
         <name>_USER_computeFlux</name>
         <value>0x8f4b</value>
         <object_component_ref idref="oc-11f"/>
      </symbol>
      <symbol id="sm-395">
         <name>_USER_checkForErrors</name>
         <value>0x8f59</value>
         <object_component_ref idref="oc-11f"/>
      </symbol>
      <symbol id="sm-396">
         <name>_USER_computeFlux_pu_to_Wb_sf</name>
         <value>0x8ea9</value>
         <object_component_ref idref="oc-11f"/>
      </symbol>
      <symbol id="sm-397">
         <name>_USER_computeTorque_Flux_Iq_pu_to_Nm_sf</name>
         <value>0x8e58</value>
         <object_component_ref idref="oc-11f"/>
      </symbol>
      <symbol id="sm-398">
         <name>_USER_softwareUpdate1p6</name>
         <value>0x8b59</value>
         <object_component_ref idref="oc-11f"/>
      </symbol>
      <symbol id="sm-399">
         <name>_USER_setErrorCode</name>
         <value>0x8d5e</value>
         <object_component_ref idref="oc-11f"/>
      </symbol>
      <symbol id="sm-39a">
         <name>_USER_setParams</name>
         <value>0x8bf1</value>
         <object_component_ref idref="oc-11f"/>
      </symbol>
      <symbol id="sm-39b">
         <name>_USER_computeTorque_Nm</name>
         <value>0x8dbc</value>
         <object_component_ref idref="oc-11f"/>
      </symbol>
      <symbol id="sm-3a9">
         <name>_WDOG_disableInt</name>
         <value>0xa5fa</value>
         <object_component_ref idref="oc-12d"/>
      </symbol>
      <symbol id="sm-3aa">
         <name>_WDOG_setPreScaler</name>
         <value>0xa5c9</value>
         <object_component_ref idref="oc-12d"/>
      </symbol>
      <symbol id="sm-3ab">
         <name>_WDOG_enableInt</name>
         <value>0xa5e5</value>
         <object_component_ref idref="oc-12d"/>
      </symbol>
      <symbol id="sm-3ac">
         <name>_WDOG_enable</name>
         <value>0xa5eb</value>
         <object_component_ref idref="oc-12d"/>
      </symbol>
      <symbol id="sm-3ad">
         <name>_WDOG_setCount</name>
         <value>0xa5d3</value>
         <object_component_ref idref="oc-12d"/>
      </symbol>
      <symbol id="sm-3ae">
         <name>_WDOG_init</name>
         <value>0xa5d5</value>
         <object_component_ref idref="oc-12d"/>
      </symbol>
      <symbol id="sm-3af">
         <name>_WDOG_getIntStatus</name>
         <value>0xa5dc</value>
         <object_component_ref idref="oc-12d"/>
      </symbol>
      <symbol id="sm-3b0">
         <name>_WDOG_disable</name>
         <value>0xa600</value>
         <object_component_ref idref="oc-12d"/>
      </symbol>
      <symbol id="sm-3b1">
         <name>_WDOG_enableOverRide</name>
         <value>0xa5df</value>
         <object_component_ref idref="oc-12d"/>
      </symbol>
      <symbol id="sm-3b2">
         <name>_WDOG_disableOverRide</name>
         <value>0xa5f4</value>
         <object_component_ref idref="oc-12d"/>
      </symbol>
      <symbol id="sm-3b3">
         <name>_WDOG_clearCounter</name>
         <value>0xa608</value>
         <object_component_ref idref="oc-12d"/>
      </symbol>
      <symbol id="sm-3c7">
         <name>FD$$MPY</name>
         <value>0xa344</value>
         <object_component_ref idref="oc-7f"/>
      </symbol>
      <symbol id="sm-3d6">
         <name>FD$$TOL</name>
         <value>0xa845</value>
         <object_component_ref idref="oc-84"/>
      </symbol>
      <symbol id="sm-3f0">
         <name>FS$$ADD</name>
         <value>0xa44f</value>
         <object_component_ref idref="oc-89"/>
      </symbol>
      <symbol id="sm-3f1">
         <name>FS$$SUB</name>
         <value>0xa44a</value>
         <object_component_ref idref="oc-89"/>
      </symbol>
      <symbol id="sm-403">
         <name>FS$$CMP</name>
         <value>0xa903</value>
         <object_component_ref idref="oc-8e"/>
      </symbol>
      <symbol id="sm-414">
         <name>FS$$DIV</name>
         <value>0xa3c7</value>
         <object_component_ref idref="oc-93"/>
      </symbol>
      <symbol id="sm-425">
         <name>FS$$MPY</name>
         <value>0xa51e</value>
         <object_component_ref idref="oc-98"/>
      </symbol>
      <symbol id="sm-432">
         <name>FS$$NEG</name>
         <value>0xa967</value>
         <object_component_ref idref="oc-9d"/>
      </symbol>
      <symbol id="sm-442">
         <name>FS$$TOFD</name>
         <value>0xa881</value>
         <object_component_ref idref="oc-a2"/>
      </symbol>
      <symbol id="sm-453">
         <name>FS$$TOI</name>
         <value>0xa7bc</value>
         <object_component_ref idref="oc-a7"/>
      </symbol>
      <symbol id="sm-464">
         <name>FS$$TOU</name>
         <value>0xa864</value>
         <object_component_ref idref="oc-ac"/>
      </symbol>
      <symbol id="sm-475">
         <name>FS$$TOUL</name>
         <value>0xa824</value>
         <object_component_ref idref="oc-b1"/>
      </symbol>
      <symbol id="sm-484">
         <name>I$$TOFS</name>
         <value>0xa89d</value>
         <object_component_ref idref="oc-b6"/>
      </symbol>
      <symbol id="sm-492">
         <name>U$$TOFS</name>
         <value>0xa941</value>
         <object_component_ref idref="oc-bb"/>
      </symbol>
      <symbol id="sm-4a2">
         <name>UL$$TOFS</name>
         <value>0xa92e</value>
         <object_component_ref idref="oc-c0"/>
      </symbol>
      <symbol id="sm-4a4">
         <name>_CTRL_getVersion</name>
         <value>0x3fa721</value>
      </symbol>
      <symbol id="sm-4a6">
         <name>_CTRL_initCtrl</name>
         <value>0x3fa6fb</value>
      </symbol>
      <symbol id="sm-4a8">
         <name>_CTRL_run</name>
         <value>0x3faab6</value>
      </symbol>
      <symbol id="sm-4aa">
         <name>_CTRL_setGains</name>
         <value>0x3fa83e</value>
      </symbol>
      <symbol id="sm-4ac">
         <name>_CTRL_setParams</name>
         <value>0x3fa866</value>
      </symbol>
      <symbol id="sm-4ae">
         <name>_CTRL_setSpd_ref_krpm</name>
         <value>0x3fa82b</value>
      </symbol>
      <symbol id="sm-4b0">
         <name>_CTRL_setup</name>
         <value>0x3fa80c</value>
      </symbol>
      <symbol id="sm-4b2">
         <name>_CTRL_updateState</name>
         <value>0x3fa72b</value>
      </symbol>
      <symbol id="sm-4b4">
         <name>_EST_computeDirection_qFmt</name>
         <value>0x3f86ad</value>
      </symbol>
      <symbol id="sm-4b6">
         <name>_EST_getFlux_VpHz</name>
         <value>0x3f96be</value>
      </symbol>
      <symbol id="sm-4b8">
         <name>_EST_getFlux_pu</name>
         <value>0x3f96ab</value>
      </symbol>
      <symbol id="sm-4ba">
         <name>_EST_getIdRated</name>
         <value>0x3f9632</value>
      </symbol>
      <symbol id="sm-4bc">
         <name>_EST_getLs_coarse_max_pu</name>
         <value>0x3f95ff</value>
      </symbol>
      <symbol id="sm-4be">
         <name>_EST_getLs_d_H</name>
         <value>0x3f95f5</value>
      </symbol>
      <symbol id="sm-4c0">
         <name>_EST_getLs_d_pu</name>
         <value>0x3f95f0</value>
      </symbol>
      <symbol id="sm-4c2">
         <name>_EST_getLs_q_H</name>
         <value>0x3f95ce</value>
      </symbol>
      <symbol id="sm-4c4">
         <name>_EST_getLs_q_pu</name>
         <value>0x3f95c9</value>
      </symbol>
      <symbol id="sm-4c6">
         <name>_EST_getMaxCurrentSlope_pu</name>
         <value>0x3f95bd</value>
      </symbol>
      <symbol id="sm-4c8">
         <name>_EST_getRr_Ohm</name>
         <value>0x3f95ad</value>
      </symbol>
      <symbol id="sm-4ca">
         <name>_EST_getRs_Ohm</name>
         <value>0x3f9513</value>
      </symbol>
      <symbol id="sm-4cc">
         <name>_EST_getSpeed_krpm</name>
         <value>0x3f94c6</value>
      </symbol>
      <symbol id="sm-4ce">
         <name>_EST_getState</name>
         <value>0x3f861b</value>
      </symbol>
      <symbol id="sm-4d0">
         <name>_EST_get_pu_to_krpm_sf</name>
         <value>0x3f9453</value>
      </symbol>
      <symbol id="sm-4d2">
         <name>_EST_isMotorIdentified</name>
         <value>0x3f8679</value>
      </symbol>
      <symbol id="sm-4d4">
         <name>_EST_setDir_qFmt</name>
         <value>0x3f8bf5</value>
      </symbol>
      <symbol id="sm-4d6">
         <name>_EST_setFe_neg_max_pu</name>
         <value>0x3f8be8</value>
      </symbol>
      <symbol id="sm-4d8">
         <name>_EST_setFe_pos_min_pu</name>
         <value>0x3f8be4</value>
      </symbol>
      <symbol id="sm-4da">
         <name>_EST_setFlag_enableForceAngle</name>
         <value>0x3f8bdb</value>
      </symbol>
      <symbol id="sm-4dc">
         <name>_EST_setLs_d_pu</name>
         <value>0x3f8b45</value>
      </symbol>
      <symbol id="sm-4de">
         <name>_EST_setLs_qFmt</name>
         <value>0x3f8af1</value>
      </symbol>
      <symbol id="sm-4e0">
         <name>_EST_setLs_q_pu</name>
         <value>0x3f8ae7</value>
      </symbol>
      <symbol id="sm-4e2">
         <name>_EST_setMaxCurrentSlope_pu</name>
         <value>0x3f8adb</value>
      </symbol>
      <symbol id="sm-4e4">
         <name>_OFFSET_init</name>
         <value>0x3fb4dc</value>
      </symbol>
      <symbol id="sm-4e6">
         <name>_OFFSET_setBeta</name>
         <value>0x3fb4c6</value>
      </symbol>
      <symbol id="sm-4e8">
         <name>_OFFSET_setInitCond</name>
         <value>0x3fb4bd</value>
      </symbol>
      <symbol id="sm-4ea">
         <name>_OFFSET_setOffset</name>
         <value>0x3fb4bb</value>
      </symbol>
      <symbol id="sm-4f4">
         <name>__IQ30toF</name>
         <value>0xabd8</value>
         <object_component_ref idref="oc-c5"/>
      </symbol>
      <symbol id="sm-50d">
         <name>_c_int00</name>
         <value>0xa655</value>
         <object_component_ref idref="oc-13"/>
      </symbol>
      <symbol id="sm-50e">
         <name>__stack</name>
         <value>0x400</value>
         <object_component_ref idref="oc-c6"/>
      </symbol>
      <symbol id="sm-51e">
         <name>__args_main</name>
         <value>0xa8d1</value>
         <object_component_ref idref="oc-118"/>
      </symbol>
      <symbol id="sm-532">
         <name>C$$EXIT</name>
         <value>0xa8ea</value>
         <object_component_ref idref="oc-119"/>
      </symbol>
      <symbol id="sm-533">
         <name>_exit</name>
         <value>0xa8ec</value>
         <object_component_ref idref="oc-119"/>
      </symbol>
      <symbol id="sm-534">
         <name>___TI_cleanup_ptr</name>
         <value>0xa96c</value>
         <object_component_ref idref="oc-d3"/>
      </symbol>
      <symbol id="sm-535">
         <name>_abort</name>
         <value>0xa8ea</value>
         <object_component_ref idref="oc-119"/>
      </symbol>
      <symbol id="sm-536">
         <name>___TI_dtors_ptr</name>
         <value>0xa96e</value>
         <object_component_ref idref="oc-d3"/>
      </symbol>
      <symbol id="sm-54b">
         <name>__unlock</name>
         <value>0xa972</value>
         <object_component_ref idref="oc-134"/>
      </symbol>
      <symbol id="sm-54c">
         <name>__lock</name>
         <value>0xa970</value>
         <object_component_ref idref="oc-11c"/>
      </symbol>
      <symbol id="sm-54d">
         <name>__register_lock</name>
         <value>0xa955</value>
         <object_component_ref idref="oc-120"/>
      </symbol>
      <symbol id="sm-54e">
         <name>__nop</name>
         <value>0xa959</value>
         <object_component_ref idref="oc-120"/>
      </symbol>
      <symbol id="sm-54f">
         <name>__register_unlock</name>
         <value>0xa951</value>
         <object_component_ref idref="oc-120"/>
      </symbol>
      <symbol id="sm-562">
         <name>_log</name>
         <value>0xa037</value>
         <object_component_ref idref="oc-130"/>
      </symbol>
      <symbol id="sm-56d">
         <name>_errno</name>
         <value>0xa977</value>
         <object_component_ref idref="oc-e4"/>
      </symbol>
      <symbol id="sm-57d">
         <name>_frexp</name>
         <value>0xa91a</value>
         <object_component_ref idref="oc-135"/>
      </symbol>
      <symbol id="sm-58d">
         <name>_modf</name>
         <value>0xa6da</value>
         <object_component_ref idref="oc-131"/>
      </symbol>
      <symbol id="sm-5a0">
         <name>FS$$TOL</name>
         <value>0xa76e</value>
         <object_component_ref idref="oc-f0"/>
      </symbol>
      <symbol id="sm-5af">
         <name>L$$TOFS</name>
         <value>0xa8b7</value>
         <object_component_ref idref="oc-f5"/>
      </symbol>
      <symbol id="sm-5c5">
         <name>_pow</name>
         <value>0xa2bc</value>
         <object_component_ref idref="oc-132"/>
      </symbol>
      <symbol id="sm-5d3">
         <name>I$$MOD</name>
         <value>0xa7f2</value>
         <object_component_ref idref="oc-ff"/>
      </symbol>
      <symbol id="sm-5d4">
         <name>I$$DIV</name>
         <value>0xa7e1</value>
         <object_component_ref idref="oc-ff"/>
      </symbol>
      <symbol id="sm-5e3">
         <name>__log</name>
         <value>0xa22d</value>
         <object_component_ref idref="oc-136"/>
      </symbol>
      <symbol id="sm-5f4">
         <name>_exp</name>
         <value>0xa18e</value>
         <object_component_ref idref="oc-137"/>
      </symbol>
      <symbol id="sm-607">
         <name>_ldexp</name>
         <value>0xa699</value>
         <object_component_ref idref="oc-138"/>
      </symbol>
      <symbol id="sm-617">
         <name>_sqrt</name>
         <value>0xa578</value>
         <object_component_ref idref="oc-133"/>
      </symbol>
      <symbol id="sm-618">
         <name>_SCI_setParity</name>
         <value>0x0</value>
      </symbol>
      <symbol id="sm-619">
         <name>_SCI_setNumStopBits</name>
         <value>0x0</value>
      </symbol>
      <symbol id="sm-61a">
         <name>_SCI_setCharLength</name>
         <value>0x0</value>
      </symbol>
      <symbol id="sm-61b">
         <name>_SCI_setMode</name>
         <value>0x0</value>
      </symbol>
      <symbol id="sm-61c">
         <name>_SCI_enableTx</name>
         <value>0x0</value>
      </symbol>
      <symbol id="sm-61d">
         <name>_SCI_enableRx</name>
         <value>0x0</value>
      </symbol>
      <symbol id="sm-61e">
         <name>_SCI_enableTxInt</name>
         <value>0x0</value>
      </symbol>
      <symbol id="sm-61f">
         <name>_SCI_enableRxInt</name>
         <value>0x0</value>
      </symbol>
      <symbol id="sm-620">
         <name>_SCI_setBaudRate</name>
         <value>0x0</value>
      </symbol>
      <symbol id="sm-621">
         <name>_SCI_enable</name>
         <value>0x0</value>
      </symbol>
      <symbol id="sm-622">
         <name>_SCI_enableTxFifoEnh</name>
         <value>0x0</value>
      </symbol>
      <symbol id="sm-623">
         <name>_SCI_resetTxFifo</name>
         <value>0x0</value>
      </symbol>
      <symbol id="sm-624">
         <name>_SCI_clearTxFifoInt</name>
         <value>0x0</value>
      </symbol>
      <symbol id="sm-625">
         <name>_SCI_resetChannels</name>
         <value>0x0</value>
      </symbol>
      <symbol id="sm-626">
         <name>_SCI_setTxFifoIntLevel</name>
         <value>0x0</value>
      </symbol>
      <symbol id="sm-627">
         <name>_SCI_enableTxFifoInt</name>
         <value>0x0</value>
      </symbol>
      <symbol id="sm-628">
         <name>_SCI_resetRxFifo</name>
         <value>0x0</value>
      </symbol>
      <symbol id="sm-629">
         <name>_SCI_clearRxFifoInt</name>
         <value>0x0</value>
      </symbol>
      <symbol id="sm-62a">
         <name>_SCI_setRxFifoIntLevel</name>
         <value>0x0</value>
      </symbol>
      <symbol id="sm-62b">
         <name>_SCI_enableRxFifoInt</name>
         <value>0x0</value>
      </symbol>
      <symbol id="sm-62c">
         <name>_SCI_putDataNonBlocking</name>
         <value>0x0</value>
      </symbol>
      <symbol id="sm-62d">
         <name>_SCI_init</name>
         <value>0x0</value>
      </symbol>
      <symbol id="sm-62e">
         <name>_CPU_USAGE_init</name>
         <value>0x0</value>
      </symbol>
      <symbol id="sm-62f">
         <name>_CPU_USAGE_setParams</name>
         <value>0x0</value>
      </symbol>
      <symbol id="sm-630">
         <name>_scitxbISR</name>
         <value>0x0</value>
      </symbol>
      <symbol id="sm-631">
         <name>_scirxbISR</name>
         <value>0x0</value>
      </symbol>
   </symbol_table>
   <title>Link errors: red sections failed placement</title>
</link_info>
