******************************************************************************
             TMS320C2000 Linker PC v16.9.1                     
******************************************************************************
>> Linked Mon Apr 17 15:43:56 2017

OUTPUT FILE NAME:   <proj_lab02c.out>
ENTRY POINT SYMBOL: "_c_int00"  address: 0000b556


MEMORY CONFIGURATION

         name            origin    length      used     unused   attr    fill
----------------------  --------  ---------  --------  --------  ----  --------
PAGE 0:
  BEGIN                 00000000   00000002  00000002  00000000  RWIX
  RAMM0                 00000050   000003b0  000000f2  000002be  RWIX
  RAML0_L8              00008000   0000b800  00003e6d  00007993  RWIX
  FPUTABLES             003fd590   000006a0  00000000  000006a0  RWIX
  IQTABLES              003fdc30   00000b50  00000b50  00000000  RWIX
  IQTABLES2             003fe780   0000008c  00000000  0000008c  RWIX
  IQTABLES3             003fe80c   000000aa  00000000  000000aa  RWIX
  BOOTROM               003ff3b0   00000c10  00000000  00000c10  RWIX
  RESET                 003fffc0   00000002  00000000  00000002  RWIX

PAGE 1:
  BOOT_RSVD             00000002   0000004e  00000000  0000004e  RWIX
  RAMM1                 00000400   00000400  000003b0  00000050  RWIX
  USB_RAM               00040000   00000800  00000000  00000800  RWIX


SECTION ALLOCATION MAP

 output                                  attributes/
section   page    origin      length       input sections
--------  ----  ----------  ----------   ----------------
codestart 
*          0    00000000    00000002     
                  00000000    00000002     CodeStartBranch.obj (codestart)

.cinit     0    00000050    000000bc     
                  00000050    0000009a     proj_lab02c.obj (.cinit)
                  000000ea    0000000e     rts2800_ml.lib : exit.obj (.cinit)
                  000000f8    00000005                    : _lock.obj (.cinit:__lock)
                  000000fd    00000005                    : _lock.obj (.cinit:__unlock)
                  00000102    00000004     drv8301.obj (.cinit)
                  00000106    00000004     rts2800_ml.lib : errno.obj (.cinit)
                  0000010a    00000002     --HOLE-- [fill = 0]

ramfuncs   0    0000010c    00000036     
                  0000010c    00000032     flash.obj (ramfuncs)
                  0000013e    00000004     usDelay.obj (ramfuncs)

.text      0    00008000    00003913     
                  00008000    00000b57     hal.obj (.text)
                  00008b57    00000989     ctrl.obj (.text)
                  000094e0    0000045c     proj_lab02c.obj (.text)
                  0000993c    0000045a     user.obj (.text)
                  00009d96    0000041f     rts2800_ml.lib : e_powf.obj (.text)
                  0000a1b5    000002f6     pwm.obj (.text)
                  0000a4ab    000002d1     drv8301.obj (.text)
                  0000a77c    000001f8     adc.obj (.text)
                  0000a974    0000018a     clk.obj (.text)
                  0000aafe    00000186     rts2800_ml.lib : e_logf.obj (.text)
                  0000ac84    00000174     gpio.obj (.text)
                  0000adf8    00000148     proj_lab02c.obj (.text:retain)
                  0000af40    000000ff     pie.obj (.text)
                  0000b03f    000000f3     sci.obj (.text)
                  0000b132    000000a9     spi.obj (.text)
                  0000b1db    00000083     rts2800_ml.lib : fd_mpy28.obj (.text)
                  0000b25e    00000083                    : fs_div28.obj (.text)
                  0000b2e1    00000078                    : fs_add28.obj (.text)
                  0000b359    00000076                    : e_sqrtf.obj (.text)
                  0000b3cf    00000069                    : s_ceilf.obj (.text)
                  0000b438    00000069                    : s_scalbnf.obj (.text)
                  0000b4a1    0000005b     pll.obj (.text)
                  0000b4fc    0000005a     rts2800_ml.lib : fs_mpy28.obj (.text)
                  0000b556    00000054                    : boot28.obj (.text)
                  0000b5aa    00000047     offset.obj (.text)
                  0000b5f1    00000046     wdog.obj (.text)
                  0000b637    00000044     pwr.obj (.text)
                  0000b67b    00000032     timer.obj (.text)
                  0000b6ad    0000002d     osc.obj (.text)
                  0000b6da    00000029     rts2800_ml.lib : exit.obj (.text)
                  0000b703    00000025     cpu.obj (.text)
                  0000b728    00000025     rts2800_ml.lib : fs_toi28.obj (.text)
                  0000b74d    00000024                    : cpy_tbl.obj (.text)
                  0000b771    00000021     filter_fo.obj (.text)
                  0000b792    00000021     rts2800_ml.lib : fs_toul28.obj (.text)
                  0000b7b3    00000020     flash.obj (.text)
                  0000b7d3    0000001f     rts2800_ml.lib : fd_tol28.obj (.text)
                  0000b7f2    0000001d                    : fs_tou28.obj (.text)
                  0000b80f    0000001d                    : memcpy.obj (.text)
                  0000b82c    0000001c     cpu_usage.obj (.text)
                  0000b848    0000001c     rts2800_ml.lib : fs_tofd28.obj (.text)
                  0000b864    0000001a                    : i_tofs28.obj (.text)
                  0000b87e    0000001a                    : l_tofs28.obj (.text)
                  0000b898    00000019                    : args_main.obj (.text)
                  0000b8b1    00000017                    : fs_cmp28.obj (.text)
                  0000b8c8    00000013                    : ul_tofs28.obj (.text)
                  0000b8db    00000010                    : u_tofs28.obj (.text)
                  0000b8eb    0000000a                    : s_copysignf.obj (.text)
                  0000b8f5    00000009                    : _lock.obj (.text)
                  0000b8fe    00000008     CodeStartBranch.obj (.text)
                  0000b906    00000005     pie.obj (.text:retain)
                  0000b90b    00000005     rts2800_ml.lib : fs_neg28.obj (.text)
                  0000b910    00000002                    : pre_init.obj (.text)
                  0000b912    00000001                    : startup.obj (.text)

.pinit     0    00000050    00000000     UNINITIALIZED

.reset     0    003fffc0    00000002     DSECT
                  003fffc0    00000002     rts2800_ml.lib : boot28.obj (.reset)

.ebss      0    0000b914    0000042e     UNINITIALIZED
                  0000b914    00000006     rts2800_ml.lib : exit.obj (.ebss)
                  0000b91a    00000002                    : _lock.obj (.ebss:__lock)
                  0000b91c    00000002                    : _lock.obj (.ebss:__unlock)
                  0000b91e    00000002     drv8301.obj (.ebss)
                  0000b920    00000001     cpu.obj (.ebss)
                  0000b921    00000001     rts2800_ml.lib : errno.obj (.ebss)
                  0000b922    0000001e     --HOLE--
                  0000b940    00000310     proj_lab02c.obj (.ebss)
                  0000bc50    00000030     --HOLE--
                  0000bc80    000000c2     hal.obj (.ebss)

IQmath     0    0000bd42    000000a6     
                  0000bd42    00000042     IQmath.lib : IQ24sqrt.obj (IQmath)
                  0000bd84    00000029                : IQ24sinPU.obj (IQmath)
                  0000bdad    00000027                : IQ24cosPU.obj (IQmath)
                  0000bdd4    00000014                : IQ30toF.obj (IQmath)

.econst    0    0000bde8    00000086     
                  0000bde8    00000032     rts2800_ml.lib : e_powf.obj (.econst)
                  0000be1a    00000010                    : e_logf.obj (.econst)
                  0000be2a    00000008     user.obj (.econst)
                  0000be32    00000006     rts2800_ml.lib : s_scalbnf.obj (.econst)
                  0000be38    00000004     ctrl.obj (.econst:_$P$T0$1)
                  0000be3c    00000004     ctrl.obj (.econst:_$P$T1$2)
                  0000be40    00000004     ctrl.obj (.econst:_$P$T2$3)
                  0000be44    00000004     ctrl.obj (.econst:_$P$T3$4)
                  0000be48    00000004     ctrl.obj (.econst:_$P$T4$5)
                  0000be4c    00000004     ctrl.obj (.econst:_$P$T5$6)
                  0000be50    00000004     rts2800_ml.lib : e_powf.obj (.econst:_bp)
                  0000be54    00000004                    : e_powf.obj (.econst:_dp_h)
                  0000be58    00000004                    : e_powf.obj (.econst:_dp_l)
                  0000be5c    00000004     ctrl.obj (.econst)
                  0000be60    00000004     hal.obj (.econst)
                  0000be64    00000004     proj_lab02c.obj (.econst)
                  0000be68    00000004     rts2800_ml.lib : e_sqrtf.obj (.econst)
                  0000be6c    00000002                    : s_ceilf.obj (.econst)

IQmathTables 
*          0    003fdc30    00000b50     NOLOAD SECTION
                  003fdc30    00000b50     IQmath.lib : IQmathTables.obj (IQmathTables)

.stack     1    00000400    000003b0     UNINITIALIZED
                  00000400    000003b0     --HOLE--

MODULE SUMMARY

       Module                code    initialized data   uninitialized data
       ------                ----    ----------------   ------------------
    .\
       hal.obj               2903    4                  194               
       ctrl.obj              2441    28                 0                 
       proj_lab02c.obj       1444    158                784               
       user.obj              1114    8                  0                 
       pwm.obj               758     0                  0                 
       drv8301.obj           721     4                  2                 
       adc.obj               504     0                  0                 
       clk.obj               394     0                  0                 
       gpio.obj              372     0                  0                 
       pie.obj               260     0                  0                 
       sci.obj               243     0                  0                 
       spi.obj               169     0                  0                 
       pll.obj               91      0                  0                 
       flash.obj             82      0                  0                 
       offset.obj            71      0                  0                 
       wdog.obj              70      0                  0                 
       pwr.obj               68      0                  0                 
       timer.obj             50      0                  0                 
       osc.obj               45      0                  0                 
       cpu.obj               37      0                  1                 
       filter_fo.obj         33      0                  0                 
       cpu_usage.obj         28      0                  0                 
       CodeStartBranch.obj   10      0                  0                 
       usDelay.obj           4       0                  0                 
    +--+---------------------+-------+------------------+--------------------+
       Total:                11912   202                981               
                                                                          
    C:/Users/tokol0sh/Source/Repos/telescopeController_Hardware/third party/motorware_1_01_00_16/sw/modules/iqmath/lib/f28x/32b/IQmath.lib
       IQmathTables.obj      0       2896               0                 
       IQ24sqrt.obj          0       66                 0                 
       IQ24sinPU.obj         0       41                 0                 
       IQ24cosPU.obj         0       39                 0                 
       IQ30toF.obj           0       20                 0                 
    +--+---------------------+-------+------------------+--------------------+
       Total:                0       3062               0                 
                                                                          
    C:/ti/ccsv7/tools/compiler/ti-cgt-c2000_16.9.1.LTS/lib/rts2800_ml.lib
       e_powf.obj            1055    62                 0                 
       e_logf.obj            390     16                 0                 
       fd_mpy28.obj          131     0                  0                 
       fs_div28.obj          131     0                  0                 
       e_sqrtf.obj           118     4                  0                 
       fs_add28.obj          120     0                  0                 
       s_scalbnf.obj         105     6                  0                 
       s_ceilf.obj           105     2                  0                 
       fs_mpy28.obj          90      0                  0                 
       boot28.obj            84      0                  0                 
       exit.obj              41      14                 6                 
       fs_toi28.obj          37      0                  0                 
       cpy_tbl.obj           36      0                  0                 
       fs_toul28.obj         33      0                  0                 
       fd_tol28.obj          31      0                  0                 
       fs_tou28.obj          29      0                  0                 
       memcpy.obj            29      0                  0                 
       fs_tofd28.obj         28      0                  0                 
       i_tofs28.obj          26      0                  0                 
       l_tofs28.obj          26      0                  0                 
       args_main.obj         25      0                  0                 
       _lock.obj             9       10                 4                 
       fs_cmp28.obj          23      0                  0                 
       ul_tofs28.obj         19      0                  0                 
       u_tofs28.obj          16      0                  0                 
       s_copysignf.obj       10      0                  0                 
       errno.obj             0       4                  1                 
       fs_neg28.obj          5       0                  0                 
       pre_init.obj          2       0                  0                 
       startup.obj           1       0                  0                 
    +--+---------------------+-------+------------------+--------------------+
       Total:                2755    118                11                
                                                                          
       Stack:                0       0                  944               
    +--+---------------------+-------+------------------+--------------------+
       Grand Total:          14667   3382               1936              


GLOBAL DATA SYMBOLS: SORTED BY DATA PAGE

address     data page           name
--------    ----------------    ----
00000400      10 (00000400)     __stack

0000b914     2e4 (0000b900)     ___TI_enable_exit_profile_output
0000b916     2e4 (0000b900)     ___TI_cleanup_ptr
0000b918     2e4 (0000b900)     ___TI_dtors_ptr
0000b91a     2e4 (0000b900)     __lock
0000b91c     2e4 (0000b900)     __unlock
0000b920     2e4 (0000b900)     _cpu
0000b921     2e4 (0000b900)     _errno

0000b940     2e5 (0000b940)     _Flag_Latch_softwareUpdate
0000b941     2e5 (0000b940)     _sentBytes
0000b942     2e5 (0000b940)     _gMax_Ls_qFmt
0000b943     2e5 (0000b940)     _gLEDcnt
0000b944     2e5 (0000b940)     _gLs_qFmt
0000b945     2e5 (0000b940)     _gCounter_updateGlobals
0000b948     2e5 (0000b940)     _gLs_pu
0000b94a     2e5 (0000b940)     _halHandle
0000b94c     2e5 (0000b940)     _controller_obj
0000b94e     2e5 (0000b940)     _ctrlHandle
0000b950     2e5 (0000b940)     _gMaxCurrentSlope
0000b952     2e5 (0000b940)     _sdata
0000b956     2e5 (0000b940)     _gPwmData
0000b95c     2e5 (0000b940)     _gAdcData

0000b980     2e6 (0000b980)     _gDrvSpi8301Vars

0000b9c0     2e7 (0000b9c0)     _tempMotorVars

0000ba40     2e9 (0000ba40)     _gMotorVars

0000bac0     2eb (0000bac0)     _gUserParams

0000bb80     2ee (0000bb80)     _bytesToSend

0000bc80     2f2 (0000bc80)     _hal

0000bd42     2f5 (0000bd40)     __IQ24sqrt

0000bd84     2f6 (0000bd80)     __IQ24sinPU
0000bdad     2f6 (0000bd80)     __IQ24cosPU

0000bdd4     2f7 (0000bdc0)     __IQ30toF

003fdc30    ff70 (003fdc00)     _IQsinTable

003fdd30    ff74 (003fdd00)     _IQcosTable

003fe030    ff80 (003fe000)     _IQsinTableEnd

003fe132    ff84 (003fe100)     _IQcosTableEnd
003fe132    ff84 (003fe100)     _IQdivRoundSatTable

003fe140    ff85 (003fe140)     _IQdivTable

003fe342    ff8d (003fe340)     _IQdivTableEnd
003fe342    ff8d (003fe340)     _IQisqrtRoundSatTable
003fe342    ff8d (003fe340)     _IQsqrtRoundSatTable
003fe352    ff8d (003fe340)     _IQisqrtTable
003fe352    ff8d (003fe340)     _IQsqrtTable

003fe454    ff91 (003fe440)     _IQatan2HalfPITable
003fe454    ff91 (003fe440)     _IQisqrtTableEnd
003fe454    ff91 (003fe440)     _IQsqrtTableEnd

003fe492    ff92 (003fe480)     _IQatan2Table

003fe618    ff98 (003fe600)     _IQ30mpyRndSatTable
003fe618    ff98 (003fe600)     _IQatan2TableEnd
003fe618    ff98 (003fe600)     _IQmpyRndSatTable
003fe624    ff98 (003fe600)     _IQ29mpyRndSatTable
003fe630    ff98 (003fe600)     _IQ28mpyRndSatTable
003fe63c    ff98 (003fe600)     _IQ27mpyRndSatTable

003fe648    ff99 (003fe640)     _IQ26mpyRndSatTable
003fe654    ff99 (003fe640)     _IQ25mpyRndSatTable
003fe660    ff99 (003fe640)     _IQ24mpyRndSatTable
003fe66c    ff99 (003fe640)     _IQ23mpyRndSatTable
003fe678    ff99 (003fe640)     _IQ22mpyRndSatTable

003fe684    ff9a (003fe680)     _IQ21mpyRndSatTable
003fe690    ff9a (003fe680)     _IQ20mpyRndSatTable
003fe69c    ff9a (003fe680)     _IQ19mpyRndSatTable
003fe6a8    ff9a (003fe680)     _IQ18mpyRndSatTable
003fe6b4    ff9a (003fe680)     _IQ17mpyRndSatTable

003fe6c0    ff9b (003fe6c0)     _IQ16mpyRndSatTable
003fe6cc    ff9b (003fe6c0)     _IQ15mpyRndSatTable
003fe6d8    ff9b (003fe6c0)     _IQ14mpyRndSatTable
003fe6e4    ff9b (003fe6c0)     _IQ13mpyRndSatTable
003fe6f0    ff9b (003fe6c0)     _IQ12mpyRndSatTable
003fe6fc    ff9b (003fe6c0)     _IQ11mpyRndSatTable

003fe708    ff9c (003fe700)     _IQ10mpyRndSatTable
003fe714    ff9c (003fe700)     _IQ9mpyRndSatTable
003fe720    ff9c (003fe700)     _IQ8mpyRndSatTable
003fe72c    ff9c (003fe700)     _IQ7mpyRndSatTable
003fe738    ff9c (003fe700)     _IQ6mpyRndSatTable

003fe744    ff9d (003fe740)     _IQ5mpyRndSatTable
003fe750    ff9d (003fe740)     _IQ4mpyRndSatTable
003fe75c    ff9d (003fe740)     _IQ3mpyRndSatTable
003fe768    ff9d (003fe740)     _IQ2mpyRndSatTable
003fe774    ff9d (003fe740)     _IQ1mpyRndSatTable

003fe780    ff9e (003fe780)     _IQmpyRndSatTableEnd


GLOBAL SYMBOLS: SORTED ALPHABETICALLY BY Name 

page  address   name                                             
----  -------   ----                                             
0     00008000  .text                                            
0     0000b6da  C$$EXIT                                          
0     0000b1db  FD$$MPY                                          
0     0000b7d3  FD$$TOL                                          
0     0000b2e6  FS$$ADD                                          
0     0000b8b1  FS$$CMP                                          
0     0000b25e  FS$$DIV                                          
0     0000b4fc  FS$$MPY                                          
0     0000b90b  FS$$NEG                                          
0     0000b2e1  FS$$SUB                                          
0     0000b848  FS$$TOFD                                         
0     0000b728  FS$$TOI                                          
0     0000b7f2  FS$$TOU                                          
0     0000b792  FS$$TOUL                                         
0     0000b864  I$$TOFS                                          
0     0000b87e  L$$TOFS                                          
0     0000b8db  U$$TOFS                                          
0     0000b8c8  UL$$TOFS                                         
0     0000a96a  _ADC_disable                                     
0     0000a960  _ADC_disableBandGap                              
0     0000a949  _ADC_disableInt                                  
0     0000a93f  _ADC_disableNoOverlapMode                        
0     0000a935  _ADC_disableRefBuffers                           
0     0000a92b  _ADC_disableVoltRefLoConv                        
0     0000a921  _ADC_enable                                      
0     0000a917  _ADC_enableBandGap                               
0     0000a901  _ADC_enableInt                                   
0     0000a8f7  _ADC_enableNoOverlapMode                         
0     0000a8ed  _ADC_enableRefBuffers                            
0     0000a8e3  _ADC_enableVoltRefLoConv                         
0     0000a8d9  _ADC_getDivideSelect                             
0     0000a8d1  _ADC_init                                        
0     0000a8c7  _ADC_powerDown                                   
0     0000a8bd  _ADC_powerUp                                     
0     0000a8b3  _ADC_reset                                       
0     0000a8a2  _ADC_setDivideSelect                             
0     0000a881  _ADC_setIntMode                                  
0     0000a870  _ADC_setIntPulseGenMode                          
0     0000a84f  _ADC_setIntSrc                                   
0     0000a845  _ADC_setOffTrim                                  
0     0000a82e  _ADC_setSampleMode                               
0     0000a81b  _ADC_setSampleOverlapMode                        
0     0000a807  _ADC_setSocChanNumber                            
0     0000a7fa  _ADC_setSocFrc                                   
0     0000a7f0  _ADC_setSocFrcWord                               
0     0000a7dc  _ADC_setSocSampleDelay                           
0     0000a7c8  _ADC_setSocTrigSrc                               
0     0000a7b7  _ADC_setTempSensorSrc                            
0     0000a7a6  _ADC_setVoltRefSrc                               
0     0000a77c  _ADC_setupSocTrigSrc                             
0     0000aaf7  _CLK_disableAdcClock                             
0     0000aaf0  _CLK_disableClaClock                             
0     0000aaea  _CLK_disableClkIn                                
0     0000aae6  _CLK_disableCompClock                            
0     0000aadf  _CLK_disableCpuTimerClock                        
0     0000aad9  _CLK_disableCrystalOsc                           
0     0000aad2  _CLK_disableEcanaClock                           
0     0000aacb  _CLK_disableEcap1Clock                           
0     0000aac4  _CLK_disableEqep1Clock                           
0     0000aabd  _CLK_disableEqep2Clock                           
0     0000aab6  _CLK_disableGpioInputClock                       
0     0000aaaf  _CLK_disableHrPwmClock                           
0     0000aaa8  _CLK_disableI2cClock                             
0     0000aaa1  _CLK_disableLinAClock                            
0     0000aa9b  _CLK_disableOsc1                                 
0     0000aa95  _CLK_disableOsc1HaltMode                         
0     0000aa8f  _CLK_disableOsc2                                 
0     0000aa89  _CLK_disableOsc2HaltMode                         
0     0000aa7f  _CLK_disablePwmClock                             
0     0000aa78  _CLK_disableSciaClock                            
0     0000aa71  _CLK_disableScibClock                            
0     0000aa6a  _CLK_disableSpiaClock                            
0     0000aa66  _CLK_disableSpibClock                            
0     0000aa5f  _CLK_disableTbClockSync                          
0     0000aa59  _CLK_disableWatchDogHaltMode                     
0     0000aa52  _CLK_enableAdcClock                              
0     0000aa4b  _CLK_enableClaClock                              
0     0000aa45  _CLK_enableClkIn                                 
0     0000aa3f  _CLK_enableCompClock                             
0     0000aa39  _CLK_enableCpuTimerClock                         
0     0000aa33  _CLK_enableCrystalOsc                            
0     0000aa2c  _CLK_enableEcanaClock                            
0     0000aa25  _CLK_enableEcap1Clock                            
0     0000aa1e  _CLK_enableEqep1Clock                            
0     0000aa17  _CLK_enableEqep2Clock                            
0     0000aa10  _CLK_enableGpioInputClock                        
0     0000aa09  _CLK_enableHrPwmClock                            
0     0000aa02  _CLK_enableI2cClock                              
0     0000a9fb  _CLK_enableLinAClock                             
0     0000a9f5  _CLK_enableOsc1                                  
0     0000a9ef  _CLK_enableOsc1HaltMode                          
0     0000a9e9  _CLK_enableOsc2                                  
0     0000a9e3  _CLK_enableOsc2HaltMode                          
0     0000a9da  _CLK_enablePwmClock                              
0     0000a9d3  _CLK_enableSciaClock                             
0     0000a9cc  _CLK_enableScibClock                             
0     0000a9c5  _CLK_enableSpiaClock                             
0     0000a9be  _CLK_enableSpibClock                             
0     0000a9b7  _CLK_enableTbClockSync                           
0     0000a9b1  _CLK_enableWatchDogHaltMode                      
0     0000a9ab  _CLK_init                                        
0     0000a9a4  _CLK_setClkOutPreScaler                          
0     0000a99e  _CLK_setLowSpdPreScaler                          
0     0000a997  _CLK_setOsc2Src                                  
0     0000a990  _CLK_setOscSrc                                   
0     0000a989  _CLK_setTimer2PreScale                           
0     0000a982  _CLK_setTimer2Src                                
0     0000a97b  _CLK_setWatchDogSrc                              
0     0000a974  _CLK_setXClkInSrc                                
0     0000b842  _CPU_USAGE_init                                  
0     0000b82c  _CPU_USAGE_setParams                             
0     0000b725  _CPU_clearIntFlags                               
0     0000b722  _CPU_disableDebugInt                             
0     0000b71f  _CPU_disableGlobalInts                           
0     0000b71a  _CPU_disableInt                                  
0     0000b717  _CPU_disableInts                                 
0     0000b714  _CPU_disableProtectedRegisterWrite               
0     0000b711  _CPU_enableDebugInt                              
0     0000b70e  _CPU_enableGlobalInts                            
0     0000b70a  _CPU_enableInt                                   
0     0000b707  _CPU_enableProtectedRegisterWrite                
0     0000b703  _CPU_init                                        
0     000096af  _CTRL_calcMax_Ls_qFmt                            
0     000094a4  _CTRL_getGains                                   
0     0000949d  _CTRL_getIab_filt_pu                             
0     00009496  _CTRL_getIab_in_pu                               
0     0000948f  _CTRL_getIdq_in_pu                               
0     00009488  _CTRL_getIdq_ref_pu                              
0     000094dd  _CTRL_getMagCurrent_pu                           
0     000094da  _CTRL_getMaximumSpeed_pu                         
0     00009481  _CTRL_getVab_in_pu                               
0     0000947a  _CTRL_getVab_out_pu                              
0     00009473  _CTRL_getVdq_out_pu                              
abs   003fa721  _CTRL_getVersion                                 
0     0000946a  _CTRL_getWaitTimes                               
abs   003fa6fb  _CTRL_initCtrl                                   
0     00009674  _CTRL_resetLs_qFmt                               
0     00008f47  _CTRL_run                                        
abs   003fa5d1  _CTRL_runTraj                                    
abs   003f9e64  _CTRL_setEstParams                               
0     00008cc7  _CTRL_setGains                                   
0     000094d7  _CTRL_setMagCurrent_pu                           
0     000094d4  _CTRL_setMaximumSpeed_pu                         
0     00008cef  _CTRL_setParams                                  
0     00008cb4  _CTRL_setSpd_ref_krpm                            
0     00008cb1  _CTRL_setSpd_ref_pu                              
abs   003f9d31  _CTRL_setUserMotorParams                         
0     00008ca8  _CTRL_setWaitTimes                               
0     00008c9e  _CTRL_setup                                      
0     00008c82  _CTRL_setupClarke_I                              
0     00008c6c  _CTRL_setupClarke_V                              
abs   003f9b43  _CTRL_setupCtrl                                  
abs   003f99a5  _CTRL_setupEstIdleState                          
abs   003f996a  _CTRL_setupEstOnLineState                        
abs   003f9806  _CTRL_setupTraj                                  
0     00008c0a  _CTRL_setup_user                                 
0     00008b57  _CTRL_updateState                                
0     0000a75a  _DRV8301_enable                                  
0     0000a748  _DRV8301_getDcCalMode                            
0     0000a72d  _DRV8301_getFaultType                            
0     0000a727  _DRV8301_getId                                   
0     0000a720  _DRV8301_getOcLevel                              
0     0000a719  _DRV8301_getOcMode                               
0     0000a712  _DRV8301_getOcOffTimeMode                        
0     0000a70b  _DRV8301_getOcTwMode                             
0     0000a704  _DRV8301_getPeakCurrent                          
0     0000a6fd  _DRV8301_getPwmMode                              
0     0000a6f6  _DRV8301_getShuntAmpGain                         
0     0000a6ed  _DRV8301_init                                    
0     0000a6e7  _DRV8301_isFault                                 
0     0000a6e0  _DRV8301_isReset                                 
0     0000a66a  _DRV8301_readData                                
0     0000a4eb  _DRV8301_readSpi                                 
0     0000a65b  _DRV8301_reset                                   
0     0000a63c  _DRV8301_setDcCalMode                            
0     0000a63a  _DRV8301_setGpioHandle                           
0     0000a638  _DRV8301_setGpioNumber                           
0     0000a624  _DRV8301_setOcLevel                              
0     0000a610  _DRV8301_setOcMode                               
0     0000a5fc  _DRV8301_setOcOffTimeMode                        
0     0000a5e8  _DRV8301_setOcTwMode                             
0     0000a5d4  _DRV8301_setPeakCurrent                          
0     0000a5c0  _DRV8301_setPwmMode                              
0     0000a5ac  _DRV8301_setShuntAmpGain                         
0     0000a5aa  _DRV8301_setSpiHandle                            
0     0000a523  _DRV8301_setupSpi                                
0     0000a4c2  _DRV8301_writeData                               
0     0000a4ab  _DRV8301_writeSpi                                
abs   003f86ad  _EST_computeDirection_qFmt                       
abs   003f9760  _EST_doCurrentCtrl                               
abs   003f9758  _EST_doSpeedCtrl                                 
abs   003f8c0d  _EST_getAngle_pu                                 
abs   003f96be  _EST_getFlux_VpHz                                
abs   003f96ab  _EST_getFlux_pu                                  
abs   003f968e  _EST_getFm_pu                                    
abs   003f9632  _EST_getIdRated                                  
abs   003f95ff  _EST_getLs_coarse_max_pu                         
abs   003f95f5  _EST_getLs_d_H                                   
abs   003f95f0  _EST_getLs_d_pu                                  
abs   003f95d3  _EST_getLs_qFmt                                  
abs   003f95ce  _EST_getLs_q_H                                   
abs   003f95c9  _EST_getLs_q_pu                                  
abs   003f95bd  _EST_getMaxCurrentSlope_pu                       
abs   003f95b3  _EST_getOneOverDcBus_pu                          
abs   003f95ad  _EST_getRr_Ohm                                   
abs   003f9513  _EST_getRs_Ohm                                   
abs   003f94c6  _EST_getSpeed_krpm                               
abs   003f861b  _EST_getState                                    
abs   003f9458  _EST_get_krpm_to_pu_sf                           
abs   003f9453  _EST_get_pu_to_krpm_sf                           
abs   003f938d  _EST_isError                                     
abs   003f9386  _EST_isIdle                                      
abs   003f937f  _EST_isLockRotor                                 
abs   003f8679  _EST_isMotorIdentified                           
abs   003f9378  _EST_isOnLine                                    
abs   003f927b  _EST_run                                         
abs   003f8bf5  _EST_setDir_qFmt                                 
abs   003f8be8  _EST_setFe_neg_max_pu                            
abs   003f8be4  _EST_setFe_pos_min_pu                            
abs   003f8bdb  _EST_setFlag_enableForceAngle                    
abs   003f8b80  _EST_setId_ref_pu                                
abs   003f8b7a  _EST_setIdle                                     
abs   003f8b67  _EST_setIdle_all                                 
abs   003f8b63  _EST_setIq_ref_pu                                
abs   003f8b45  _EST_setLs_d_pu                                  
abs   003f8af1  _EST_setLs_qFmt                                  
abs   003f8ae7  _EST_setLs_q_pu                                  
abs   003f8adb  _EST_setMaxCurrentSlope_pu                       
abs   003f8a18  _EST_setRs_pu                                    
abs   003f89f5  _EST_updateId_ref_pu                             
abs   003f8713  _EST_updateState                                 
abs   003f861d  _EST_useZeroIq_ref                               
0     0000b78f  _FILTER_FO_getDenCoeffs                          
0     0000b788  _FILTER_FO_getInitialConditions                  
0     0000b782  _FILTER_FO_getNumCoeffs                          
0     0000b77c  _FILTER_FO_init                                  
0     0000b77a  _FILTER_FO_setDenCoeffs                          
0     0000b775  _FILTER_FO_setInitialConditions                  
0     0000b771  _FILTER_FO_setNumCoeffs                          
0     0000b7cd  _FLASH_clear3VStatus                             
0     00000138  _FLASH_disablePipelineMode                       
0     00000132  _FLASH_enablePipelineMode                        
0     0000b7ca  _FLASH_get3VStatus                               
0     0000b7c7  _FLASH_getActiveWaitCount                        
0     0000b7c3  _FLASH_getActiveWaitStatus                       
0     0000b7c0  _FLASH_getPowerMode                              
0     0000b7bd  _FLASH_getStandbyWaitCount                       
0     0000b7b9  _FLASH_getStandbyWaitStatus                      
0     0000b7b3  _FLASH_init                                      
0     0000012d  _FLASH_setActiveWaitCount                        
0     00000126  _FLASH_setNumPagedReadWaitStates                 
0     0000011f  _FLASH_setNumRandomReadWaitStates                
0     00000118  _FLASH_setOtpWaitStates                          
0     00000111  _FLASH_setPowerMode                              
0     0000010c  _FLASH_setStandbyWaitCount                       
0     0000b940  _Flag_Latch_softwareUpdate                       
0     0000adea  _GPIO_getData                                    
0     0000addf  _GPIO_getPortData                                
0     0000add9  _GPIO_init                                       
0     0000adcf  _GPIO_lpmSelect                                  
0     0000adbc  _GPIO_read                                       
0     0000ada2  _GPIO_setDirection                               
0     0000ad97  _GPIO_setExtInt                                  
0     0000ad87  _GPIO_setHigh                                    
0     0000ad77  _GPIO_setLow                                     
0     0000ad3f  _GPIO_setMode                                    
0     0000ad32  _GPIO_setPortData                                
0     0000ad18  _GPIO_setPullup                                  
0     0000acdb  _GPIO_setQualification                           
0     0000ac94  _GPIO_setQualificationPeriod                     
0     0000ac84  _GPIO_toggle                                     
0     000085e5  _HAL_AdcCalChanSelect                            
0     0000863c  _HAL_AdcCalConversion                            
0     0000879e  _HAL_AdcOffsetSelfCal                            
0     00008864  _HAL_OscTempComp                                 
0     000088bd  _HAL_cal                                         
0     00008b53  _HAL_disableGlobalInts                           
0     00008a2d  _HAL_disableWdog                                 
0     00008b41  _HAL_enableAdcInts                               
0     00008b3d  _HAL_enableDebugInt                              
0     00008b38  _HAL_enableDrv                                   
0     00008b34  _HAL_enableGlobalInts                            
0     00008b23  _HAL_enablePwmInt                                
0     00008b13  _HAL_enableTimer0Int                             
0     000087d1  _HAL_getOscTrimValue                             
0     00008a32  _HAL_init                                        
0     000087e4  _HAL_osc1Comp                                    
0     00008824  _HAL_osc2Comp                                    
0     00008a28  _HAL_readDrvData                                 
0     00008a18  _HAL_scibRXintClear                              
0     00008a0c  _HAL_scibTXintclear                              
0     000089f2  _HAL_scibwrite                                   
0     000088d4  _HAL_setParams                                   
0     00008530  _HAL_setupAdcs                                   
0     00008514  _HAL_setupClks                                   
0     0000850f  _HAL_setupDrvSpi                                 
0     000084f1  _HAL_setupFaults                                 
0     000084d3  _HAL_setupFlash                                  
0     000084be  _HAL_setupGate                                   
0     00008322  _HAL_setupGpios                                  
0     000082ce  _HAL_setupPeripheralClks                         
0     000082b2  _HAL_setupPie                                    
0     00008273  _HAL_setupPll                                    
0     000081f0  _HAL_setupPwmDacs                                
0     00008118  _HAL_setupPwms                                   
0     000080ac  _HAL_setupSciB                                   
0     00008076  _HAL_setupSpiA                                   
0     00008040  _HAL_setupSpiB                                   
0     00008005  _HAL_setupTimers                                 
0     00008000  _HAL_writeDrvData                                
0     003fe708  _IQ10mpyRndSatTable                              
0     003fe6fc  _IQ11mpyRndSatTable                              
0     003fe6f0  _IQ12mpyRndSatTable                              
0     003fe6e4  _IQ13mpyRndSatTable                              
0     003fe6d8  _IQ14mpyRndSatTable                              
0     003fe6cc  _IQ15mpyRndSatTable                              
0     003fe6c0  _IQ16mpyRndSatTable                              
0     003fe6b4  _IQ17mpyRndSatTable                              
0     003fe6a8  _IQ18mpyRndSatTable                              
0     003fe69c  _IQ19mpyRndSatTable                              
0     003fe774  _IQ1mpyRndSatTable                               
0     003fe690  _IQ20mpyRndSatTable                              
0     003fe684  _IQ21mpyRndSatTable                              
0     003fe678  _IQ22mpyRndSatTable                              
0     003fe66c  _IQ23mpyRndSatTable                              
0     003fe660  _IQ24mpyRndSatTable                              
0     003fe654  _IQ25mpyRndSatTable                              
0     003fe648  _IQ26mpyRndSatTable                              
0     003fe63c  _IQ27mpyRndSatTable                              
0     003fe630  _IQ28mpyRndSatTable                              
0     003fe624  _IQ29mpyRndSatTable                              
0     003fe768  _IQ2mpyRndSatTable                               
0     003fe618  _IQ30mpyRndSatTable                              
0     003fe75c  _IQ3mpyRndSatTable                               
0     003fe750  _IQ4mpyRndSatTable                               
0     003fe744  _IQ5mpyRndSatTable                               
0     003fe738  _IQ6mpyRndSatTable                               
0     003fe72c  _IQ7mpyRndSatTable                               
0     003fe720  _IQ8mpyRndSatTable                               
0     003fe714  _IQ9mpyRndSatTable                               
0     003fe454  _IQatan2HalfPITable                              
0     003fe492  _IQatan2Table                                    
0     003fe618  _IQatan2TableEnd                                 
0     003fdd30  _IQcosTable                                      
0     003fe132  _IQcosTableEnd                                   
0     003fe132  _IQdivRoundSatTable                              
0     003fe140  _IQdivTable                                      
0     003fe342  _IQdivTableEnd                                   
0     003fe342  _IQisqrtRoundSatTable                            
0     003fe352  _IQisqrtTable                                    
0     003fe454  _IQisqrtTableEnd                                 
0     003fe618  _IQmpyRndSatTable                                
0     003fe780  _IQmpyRndSatTableEnd                             
0     003fdc30  _IQsinTable                                      
0     003fe030  _IQsinTableEnd                                   
0     003fe342  _IQsqrtRoundSatTable                             
0     003fe352  _IQsqrtTable                                     
0     003fe454  _IQsqrtTableEnd                                  
0     0000b5e2  _OFFSET_getBeta                                  
0     0000b5d1  _OFFSET_init                                     
0     0000b5bb  _OFFSET_setBeta                                  
0     0000b5ac  _OFFSET_setInitCond                              
0     0000b5aa  _OFFSET_setOffset                                
0     0000b6d4  _OSC_init                                        
0     0000b6c7  _OSC_setCoarseTrim                               
0     0000b6b6  _OSC_setFineTrim                                 
0     0000b6ad  _OSC_setTrim                                     
0     0000b038  _PIE_clearAllFlags                               
0     0000b035  _PIE_clearAllInts                                
0     0000b032  _PIE_disable                                     
0     0000b02b  _PIE_disableAllInts                              
0     0000b027  _PIE_disableCaptureInt                           
0     0000b01e  _PIE_disableExtInt                               
0     0000b014  _PIE_disableInt                                  
0     0000b011  _PIE_enable                                      
0     0000aff5  _PIE_enableAdcInt                                
0     0000aff1  _PIE_enableCaptureInt                            
0     0000afd5  _PIE_enableExtInt                                
0     0000afcc  _PIE_enableInt                                   
0     0000afc7  _PIE_enablePwmInt                                
0     0000afc2  _PIE_enablePwmTzInt                              
0     0000afbf  _PIE_enableTimer0Int                             
0     0000afb6  _PIE_forceInt                                    
0     0000afae  _PIE_getExtIntCount                              
0     0000afa7  _PIE_getIntEnables                               
0     0000afa0  _PIE_getIntFlags                                 
0     0000b906  _PIE_illegalIsr                                  
0     0000af98  _PIE_init                                        
0     0000af87  _PIE_registerPieIntHandler                       
0     0000af7c  _PIE_registerSystemIntHandler                    
0     0000af71  _PIE_setDefaultIntVectorTable                    
0     0000af60  _PIE_setExtIntPolarity                           
0     0000af4d  _PIE_unregisterPieIntHandler                     
0     0000af40  _PIE_unregisterSystemIntHandler                  
0     0000b4f6  _PLL_disable                                     
0     0000b4f0  _PLL_disableClkDetect                            
0     0000b4ea  _PLL_disableNormRdy                              
0     0000b4e4  _PLL_disableOsc                                  
0     0000b4de  _PLL_enable                                      
0     0000b4d8  _PLL_enableClkDetect                             
0     0000b4d2  _PLL_enableNormRdy                               
0     0000b4cc  _PLL_enableOsc                                   
0     0000b4c8  _PLL_getClkFreq                                  
0     0000b4c5  _PLL_getClkStatus                                
0     0000b4c2  _PLL_getDivideSelect                             
0     0000b4bf  _PLL_getLockStatus                               
0     0000b4b9  _PLL_init                                        
0     0000b4b3  _PLL_resetClkDetect                              
0     0000b4ad  _PLL_setClkFreq                                  
0     0000b4a6  _PLL_setDivideSelect                             
0     0000b4a1  _PLL_setLockPeriod                               
0     0000a4a5  _PWM_clearTripZone                               
0     0000a4a2  _PWM_decrementDeadBandFallingEdgeDelay           
0     0000a49f  _PWM_decrementDeadBandRisingEdgeDelay            
0     0000a498  _PWM_disableAutoConvert                          
0     0000a494  _PWM_disableChopping                             
0     0000a491  _PWM_disableCounterLoad                          
0     0000a48e  _PWM_disableDeadBand                             
0     0000a48a  _PWM_disableDeadBandHalfCycle                    
0     0000a483  _PWM_disableDigitalCompareBlankingWindow         
0     0000a47c  _PWM_disableDigitalCompareBlankingWindowInversion
0     0000a475  _PWM_disableHrPeriod                             
0     0000a46e  _PWM_disableHrPhaseSync                          
0     0000a46a  _PWM_disableInt                                  
0     0000a466  _PWM_disableSocAPulse                            
0     0000a462  _PWM_disableSocBPulse                            
0     0000a45b  _PWM_disableTripZoneInt                          
0     0000a454  _PWM_disableTripZoneSrc                          
0     0000a44e  _PWM_disableTripZones                            
0     0000a447  _PWM_enableAutoConvert                           
0     0000a443  _PWM_enableChopping                              
0     0000a440  _PWM_enableCounterLoad                           
0     0000a43c  _PWM_enableDeadBandHalfCycle                     
0     0000a435  _PWM_enableDigitalCompareBlankingWindow          
0     0000a42e  _PWM_enableDigitalCompareBlankingWindowInversion 
0     0000a427  _PWM_enableHrPeriod                              
0     0000a420  _PWM_enableHrPhaseSync                           
0     0000a41c  _PWM_enableInt                                   
0     0000a418  _PWM_enableSocAPulse                             
0     0000a414  _PWM_enableSocBPulse                             
0     0000a40e  _PWM_enableTripZoneInt                           
0     0000a408  _PWM_enableTripZoneSrc                           
0     0000a405  _PWM_getDeadBandFallingEdgeDelay                 
0     0000a402  _PWM_getDeadBandRisingEdgeDelay                  
0     0000a3fe  _PWM_getIntCount                                 
0     0000a3fa  _PWM_getShadowStatus_CmpA                        
0     0000a3f6  _PWM_getShadowStatus_CmpB                        
0     0000a3f1  _PWM_getSocACount                                
0     0000a3ec  _PWM_getSocBCount                                
0     0000a3e9  _PWM_incrementDeadBandFallingEdgeDelay           
0     0000a3e6  _PWM_incrementDeadBandRisingEdgeDelay            
0     0000a3e0  _PWM_init                                        
0     0000a3d9  _PWM_setActionQualContSWForce_PwmA               
0     0000a3d0  _PWM_setActionQualContSWForce_PwmB               
0     0000a3c7  _PWM_setActionQual_CntDown_CmpA_PwmA             
0     0000a3be  _PWM_setActionQual_CntDown_CmpA_PwmB             
0     0000a3b5  _PWM_setActionQual_CntDown_CmpB_PwmA             
0     0000a3ac  _PWM_setActionQual_CntDown_CmpB_PwmB             
0     0000a3a3  _PWM_setActionQual_CntUp_CmpA_PwmA               
0     0000a39a  _PWM_setActionQual_CntUp_CmpA_PwmB               
0     0000a391  _PWM_setActionQual_CntUp_CmpB_PwmA               
0     0000a388  _PWM_setActionQual_CntUp_CmpB_PwmB               
0     0000a37f  _PWM_setActionQual_Period_PwmA                   
0     0000a376  _PWM_setActionQual_Period_PwmB                   
0     0000a36f  _PWM_setActionQual_Zero_PwmA                     
0     0000a368  _PWM_setActionQual_Zero_PwmB                     
0     0000a361  _PWM_setChoppingClkFreq                          
0     0000a35a  _PWM_setChoppingDutyCycle                        
0     0000a353  _PWM_setChoppingPulseWidth                       
0     0000a34f  _PWM_setClkDiv                                   
0     0000a34d  _PWM_setCount                                    
0     0000a349  _PWM_setCounterMode                              
0     0000a346  _PWM_setDeadBandFallingEdgeDelay                 
0     0000a33f  _PWM_setDeadBandInputMode                        
0     0000a338  _PWM_setDeadBandOutputMode                       
0     0000a331  _PWM_setDeadBandPolarity                         
0     0000a32e  _PWM_setDeadBandRisingEdgeDelay                  
0     0000a314  _PWM_setDigitalCompareAEvent1                    
0     0000a304  _PWM_setDigitalCompareAEvent2                    
0     0000a2ea  _PWM_setDigitalCompareBEvent1                    
0     0000a2da  _PWM_setDigitalCompareBEvent2                    
0     0000a2ce  _PWM_setDigitalCompareBlankingPulse              
0     0000a2cb  _PWM_setDigitalCompareFilterOffset               
0     0000a2c1  _PWM_setDigitalCompareFilterSource               
0     0000a2be  _PWM_setDigitalCompareFilterWindow               
0     0000a2af  _PWM_setDigitalCompareInput                      
0     0000a2ab  _PWM_setHighSpeedClkDiv                          
0     0000a2a1  _PWM_setHrControlMode                            
0     0000a297  _PWM_setHrEdgeMode                               
0     0000a28d  _PWM_setHrShadowMode                             
0     0000a286  _PWM_setIntMode                                  
0     0000a27f  _PWM_setIntPeriod                                
0     0000a27b  _PWM_setLoadMode_CmpA                            
0     0000a275  _PWM_setLoadMode_CmpB                            
0     0000a273  _PWM_setPeriod                                   
0     0000a26e  _PWM_setPeriodHr                                 
0     0000a26a  _PWM_setPeriodLoad                               
0     0000a268  _PWM_setPhase                                    
0     0000a264  _PWM_setPhaseDir                                 
0     0000a260  _PWM_setRunMode                                  
0     0000a25a  _PWM_setShadowMode_CmpA                          
0     0000a254  _PWM_setShadowMode_CmpB                          
0     0000a24b  _PWM_setSocAPeriod                               
0     0000a242  _PWM_setSocAPulseSrc                             
0     0000a239  _PWM_setSocBPeriod                               
0     0000a230  _PWM_setSocBPulseSrc                             
0     0000a22d  _PWM_setSwSync                                   
0     0000a229  _PWM_setSyncMode                                 
0     0000a21f  _PWM_setTripZoneDCEventSelect_DCAEVT1            
0     0000a213  _PWM_setTripZoneDCEventSelect_DCAEVT2            
0     0000a207  _PWM_setTripZoneDCEventSelect_DCBEVT1            
0     0000a1fb  _PWM_setTripZoneDCEventSelect_DCBEVT2            
0     0000a1ef  _PWM_setTripZoneState_DCAEVT1                    
0     0000a1e3  _PWM_setTripZoneState_DCAEVT2                    
0     0000a1d7  _PWM_setTripZoneState_DCBEVT1                    
0     0000a1cb  _PWM_setTripZoneState_DCBEVT2                    
0     0000a1c1  _PWM_setTripZoneState_TZA                        
0     0000a1b5  _PWM_setTripZoneState_TZB                        
0     0000b678  _PWR_disableBrownOutReset                        
0     0000b66e  _PWR_disableWatchDogInt                          
0     0000b66b  _PWR_enableBrownOutReset                         
0     0000b661  _PWR_enableWatchDogInt                           
0     0000b659  _PWR_init                                        
0     0000b648  _PWR_setLowPowerMode                             
0     0000b637  _PWR_setNumStandByClocks                         
0     00000142  _RamfuncsLoadEnd                                 
abs   00000036  _RamfuncsLoadSize                                
0     0000010c  _RamfuncsLoadStart                               
0     0000010c  _RamfuncsRunStart                                
0     0000b12e  _SCI_clearAutoBaudDetect                         
0     0000b12a  _SCI_clearRxFifoInt                              
0     0000b126  _SCI_clearRxFifoOvf                              
0     0000b122  _SCI_clearTxFifoInt                              
0     0000b11f  _SCI_disable                                     
0     0000b11b  _SCI_disableAutoBaudAlign                        
0     0000b118  _SCI_disableLoopBack                             
0     0000b115  _SCI_disableParity                               
0     0000b112  _SCI_disableRx                                   
0     0000b10f  _SCI_disableRxErrorInt                           
0     0000b10b  _SCI_disableRxFifoInt                            
0     0000b108  _SCI_disableRxInt                                
0     0000b105  _SCI_disableSleep                                
0     0000b102  _SCI_disableTx                                   
0     0000b0fe  _SCI_disableTxFifoEnh                            
0     0000b0fa  _SCI_disableTxFifoInt                            
0     0000b0f7  _SCI_disableTxInt                                
0     0000b0f4  _SCI_disableTxWake                               
0     0000b0f1  _SCI_enable                                      
0     0000b0ed  _SCI_enableAutoBaudAlign                         
0     0000b0e9  _SCI_enableChannels                              
0     0000b0e6  _SCI_enableLoopBack                              
0     0000b0e3  _SCI_enableParity                                
0     0000b0e0  _SCI_enableRx                                    
0     0000b0dd  _SCI_enableRxErrorInt                            
0     0000b0d9  _SCI_enableRxFifo                                
0     0000b0d5  _SCI_enableRxFifoInt                             
0     0000b0d2  _SCI_enableRxInt                                 
0     0000b0cf  _SCI_enableSleep                                 
0     0000b0cc  _SCI_enableTx                                    
0     0000b0c8  _SCI_enableTxFifo                                
0     0000b0c4  _SCI_enableTxFifoEnh                             
0     0000b0c0  _SCI_enableTxFifoInt                             
0     0000b0bd  _SCI_enableTxInt                                 
0     0000b0ba  _SCI_enableTxWake                                
0     0000b0b4  _SCI_getDataBlocking                             
0     0000b0ab  _SCI_getDataNonBlocking                          
0     0000b0a7  _SCI_getRxFifoStatus                             
0     0000b0a3  _SCI_getTxFifoStatus                             
0     0000b09d  _SCI_init                                        
0     0000b096  _SCI_putDataBlocking                             
0     0000b08e  _SCI_putDataNonBlocking                          
0     0000b08b  _SCI_reset                                       
0     0000b081  _SCI_resetChannels                               
0     0000b077  _SCI_resetRxFifo                                 
0     0000b06d  _SCI_resetTxFifo                                 
0     0000b067  _SCI_setBaudRate                                 
0     0000b063  _SCI_setCharLength                               
0     0000b05f  _SCI_setMode                                     
0     0000b05b  _SCI_setNumStopBits                              
0     0000b057  _SCI_setParity                                   
0     0000b054  _SCI_setPriority                                 
0     0000b04d  _SCI_setRxFifoIntLevel                           
0     0000b046  _SCI_setTxDelay                                  
0     0000b03f  _SCI_setTxFifoIntLevel                           
0     0000b1d7  _SPI_clearRxFifoInt                              
0     0000b1d3  _SPI_clearRxFifoOvf                              
0     0000b1cf  _SPI_clearTxFifoInt                              
0     0000b1cc  _SPI_disableInt                                  
0     0000b1c9  _SPI_disableLoopBack                             
0     0000b1c6  _SPI_disableOverRunInt                           
0     0000b1c2  _SPI_disableRxFifoInt                            
0     0000b1bf  _SPI_disableTx                                   
0     0000b1bb  _SPI_disableTxFifoEnh                            
0     0000b1b7  _SPI_disableTxFifoInt                            
0     0000b1b4  _SPI_enable                                      
0     0000b1b0  _SPI_enableChannels                              
0     0000b1ad  _SPI_enableInt                                   
0     0000b1aa  _SPI_enableLoopBack                              
0     0000b1a7  _SPI_enableOverRunInt                            
0     0000b1a3  _SPI_enableRxFifo                                
0     0000b19f  _SPI_enableRxFifoInt                             
0     0000b19c  _SPI_enableTx                                    
0     0000b198  _SPI_enableTxFifo                                
0     0000b194  _SPI_enableTxFifoEnh                             
0     0000b190  _SPI_enableTxFifoInt                             
0     0000b18d  _SPI_getIntFlagStatus                            
0     0000b189  _SPI_getRxFifoStatus                             
0     0000b186  _SPI_getTxBufferStatus                           
0     0000b182  _SPI_getTxFifoStatus                             
0     0000b17c  _SPI_init                                        
0     0000b179  _SPI_reset                                       
0     0000b175  _SPI_resetChannels                               
0     0000b171  _SPI_resetRxFifo                                 
0     0000b16d  _SPI_resetTxFifo                                 
0     0000b16b  _SPI_setBaudRate                                 
0     0000b167  _SPI_setCharLength                               
0     0000b165  _SPI_setClkPhase                                 
0     0000b161  _SPI_setClkPolarity                              
0     0000b15f  _SPI_setMode                                     
0     0000b158  _SPI_setPriority                                 
0     0000b151  _SPI_setRxFifoIntLevel                           
0     0000b14a  _SPI_setSteInv                                   
0     0000b143  _SPI_setSuspend                                  
0     0000b13c  _SPI_setTriWire                                  
0     0000b139  _SPI_setTxDelay                                  
0     0000b132  _SPI_setTxFifoIntLevel                           
0     0000b6aa  _TIMER_clearFlag                                 
0     0000b6a7  _TIMER_disableInt                                
0     0000b6a4  _TIMER_enableInt                                 
0     0000b6a1  _TIMER_getStatus                                 
0     0000b69b  _TIMER_init                                      
0     0000b68d  _TIMER_setDecimationFactor                       
0     0000b689  _TIMER_setEmulationMode                          
0     0000b67b  _TIMER_setPreScaler                              
0     00009cd5  _USER_calcPIgains                                
0     00009cd1  _USER_checkForErrors                             
0     00009cc3  _USER_computeFlux                                
0     00009c87  _USER_computeFlux_pu_to_VpHz_sf                  
0     00009c4b  _USER_computeFlux_pu_to_Wb_sf                    
0     00009c0f  _USER_computeTorque_Flux_Iq_pu_to_Nm_sf          
0     00009bd5  _USER_computeTorque_Ls_Id_Iq_pu_to_Nm_sf         
0     00009b88  _USER_computeTorque_Nm                           
0     00009b30  _USER_computeTorque_lbin                         
0     00009b2d  _USER_getErrorCode                               
0     00009b2a  _USER_setErrorCode                               
0     000099bf  _USER_setParams                                  
0     0000993c  _USER_softwareUpdate1p6                          
0     0000b62f  _WDOG_clearCounter                               
0     0000b627  _WDOG_disable                                    
0     0000b621  _WDOG_disableInt                                 
0     0000b61b  _WDOG_disableOverRide                            
0     0000b612  _WDOG_enable                                     
0     0000b60c  _WDOG_enableInt                                  
0     0000b606  _WDOG_enableOverRide                             
0     0000b603  _WDOG_getIntStatus                               
0     0000b5fd  _WDOG_init                                       
0     0000b5fb  _WDOG_setCount                                   
0     0000b5f1  _WDOG_setPreScaler                               
0     0000bdad  __IQ24cosPU                                      
0     0000bd84  __IQ24sinPU                                      
0     0000bd42  __IQ24sqrt                                       
0     0000bdd4  __IQ30toF                                        
1     000007b0  __STACK_END                                      
abs   000003b0  __STACK_SIZE                                     
0     0000b916  ___TI_cleanup_ptr                                
0     0000b918  ___TI_dtors_ptr                                  
0     0000b914  ___TI_enable_exit_profile_output                 
abs   ffffffff  ___TI_pprof_out_hndl                             
abs   ffffffff  ___TI_prof_data_size                             
abs   ffffffff  ___TI_prof_data_start                            
abs   ffffffff  ___binit__                                       
abs   ffffffff  ___c_args__                                      
0     00000050  ___cinit__                                       
0     0000b913  ___etext__                                       
abs   ffffffff  ___pinit__                                       
0     00008000  ___text__                                        
0     0000b898  __args_main                                      
0     0000b91a  __lock                                           
0     0000b8fd  __nop                                            
0     0000b8f9  __register_lock                                  
0     0000b8f5  __register_unlock                                
1     00000400  __stack                                          
0     0000b912  __system_post_cinit                              
0     0000b910  __system_pre_init                                
0     0000b91c  __unlock                                         
0     0000b6da  _abort                                           
0     00009699  _acim_Dir_qFmtCalc                               
0     0000bb80  _bytesToSend                                     
0     0000b556  _c_int00                                         
0     0000b3cf  _ceil                                            
0     0000b3cf  _ceilf                                           
0     0000b94c  _controller_obj                                  
0     0000b74d  _copy_in                                         
0     0000b8eb  _copysign                                        
0     0000b8eb  _copysignf                                       
0     0000b920  _cpu                                             
0     0000b94e  _ctrlHandle                                      
0     0000b921  _errno                                           
0     0000b6dc  _exit                                            
0     0000b95c  _gAdcData                                        
0     0000b945  _gCounter_updateGlobals                          
0     0000b980  _gDrvSpi8301Vars                                 
0     0000b943  _gLEDcnt                                         
0     0000b948  _gLs_pu                                          
0     0000b944  _gLs_qFmt                                        
0     0000b950  _gMaxCurrentSlope                                
0     0000b942  _gMax_Ls_qFmt                                    
0     0000ba40  _gMotorVars                                      
0     0000b956  _gPwmData                                        
0     0000bac0  _gUserParams                                     
0     0000bc80  _hal                                             
0     0000b94a  _halHandle                                       
0     0000b438  _ldexp                                           
0     0000b438  _ldexpf                                          
0     0000aafe  _log                                             
0     0000aafe  _logf                                            
0     000096f6  _main                                            
0     0000ae77  _mainISR                                         
0     0000b80f  _memcpy                                          
0     00009d96  _pow                                             
0     00009d96  _powf                                            
0     000095fc  _recalcKpKi                                      
0     00009562  _recalcKpKiPmsm                                  
0     0000b438  _scalbn                                          
0     0000b438  _scalbnf                                         
0     0000ae50  _scirxbISR                                       
0     0000adf8  _scitxbISR                                       
0     0000b952  _sdata                                           
0     0000b941  _sentBytes                                       
0     0000953d  _setFeLimitZero                                  
0     0000b359  _sqrt                                            
0     0000b359  _sqrtf                                           
0     0000b9c0  _tempMotorVars                                   
0     000094e0  _updateGlobalVariables_motor                     
0     0000013e  _usDelay                                         
abs   ffffffff  binit                                            
0     00000050  cinit                                            
0     00000000  code_start                                       
0     0000b913  etext                                            
abs   ffffffff  pinit                                            


GLOBAL SYMBOLS: SORTED BY Symbol Address 

page  address   name                                             
----  -------   ----                                             
0     00000000  code_start                                       
0     00000050  ___cinit__                                       
0     00000050  cinit                                            
0     0000010c  _FLASH_setStandbyWaitCount                       
0     0000010c  _RamfuncsLoadStart                               
0     0000010c  _RamfuncsRunStart                                
0     00000111  _FLASH_setPowerMode                              
0     00000118  _FLASH_setOtpWaitStates                          
0     0000011f  _FLASH_setNumRandomReadWaitStates                
0     00000126  _FLASH_setNumPagedReadWaitStates                 
0     0000012d  _FLASH_setActiveWaitCount                        
0     00000132  _FLASH_enablePipelineMode                        
0     00000138  _FLASH_disablePipelineMode                       
0     0000013e  _usDelay                                         
0     00000142  _RamfuncsLoadEnd                                 
0     00008000  .text                                            
0     00008000  _HAL_writeDrvData                                
0     00008000  ___text__                                        
0     00008005  _HAL_setupTimers                                 
0     00008040  _HAL_setupSpiB                                   
0     00008076  _HAL_setupSpiA                                   
0     000080ac  _HAL_setupSciB                                   
0     00008118  _HAL_setupPwms                                   
0     000081f0  _HAL_setupPwmDacs                                
0     00008273  _HAL_setupPll                                    
0     000082b2  _HAL_setupPie                                    
0     000082ce  _HAL_setupPeripheralClks                         
0     00008322  _HAL_setupGpios                                  
0     000084be  _HAL_setupGate                                   
0     000084d3  _HAL_setupFlash                                  
0     000084f1  _HAL_setupFaults                                 
0     0000850f  _HAL_setupDrvSpi                                 
0     00008514  _HAL_setupClks                                   
0     00008530  _HAL_setupAdcs                                   
0     000085e5  _HAL_AdcCalChanSelect                            
0     0000863c  _HAL_AdcCalConversion                            
0     0000879e  _HAL_AdcOffsetSelfCal                            
0     000087d1  _HAL_getOscTrimValue                             
0     000087e4  _HAL_osc1Comp                                    
0     00008824  _HAL_osc2Comp                                    
0     00008864  _HAL_OscTempComp                                 
0     000088bd  _HAL_cal                                         
0     000088d4  _HAL_setParams                                   
0     000089f2  _HAL_scibwrite                                   
0     00008a0c  _HAL_scibTXintclear                              
0     00008a18  _HAL_scibRXintClear                              
0     00008a28  _HAL_readDrvData                                 
0     00008a2d  _HAL_disableWdog                                 
0     00008a32  _HAL_init                                        
0     00008b13  _HAL_enableTimer0Int                             
0     00008b23  _HAL_enablePwmInt                                
0     00008b34  _HAL_enableGlobalInts                            
0     00008b38  _HAL_enableDrv                                   
0     00008b3d  _HAL_enableDebugInt                              
0     00008b41  _HAL_enableAdcInts                               
0     00008b53  _HAL_disableGlobalInts                           
0     00008b57  _CTRL_updateState                                
0     00008c0a  _CTRL_setup_user                                 
0     00008c6c  _CTRL_setupClarke_V                              
0     00008c82  _CTRL_setupClarke_I                              
0     00008c9e  _CTRL_setup                                      
0     00008ca8  _CTRL_setWaitTimes                               
0     00008cb1  _CTRL_setSpd_ref_pu                              
0     00008cb4  _CTRL_setSpd_ref_krpm                            
0     00008cc7  _CTRL_setGains                                   
0     00008cef  _CTRL_setParams                                  
0     00008f47  _CTRL_run                                        
0     0000946a  _CTRL_getWaitTimes                               
0     00009473  _CTRL_getVdq_out_pu                              
0     0000947a  _CTRL_getVab_out_pu                              
0     00009481  _CTRL_getVab_in_pu                               
0     00009488  _CTRL_getIdq_ref_pu                              
0     0000948f  _CTRL_getIdq_in_pu                               
0     00009496  _CTRL_getIab_in_pu                               
0     0000949d  _CTRL_getIab_filt_pu                             
0     000094a4  _CTRL_getGains                                   
0     000094d4  _CTRL_setMaximumSpeed_pu                         
0     000094d7  _CTRL_setMagCurrent_pu                           
0     000094da  _CTRL_getMaximumSpeed_pu                         
0     000094dd  _CTRL_getMagCurrent_pu                           
0     000094e0  _updateGlobalVariables_motor                     
0     0000953d  _setFeLimitZero                                  
0     00009562  _recalcKpKiPmsm                                  
0     000095fc  _recalcKpKi                                      
0     00009674  _CTRL_resetLs_qFmt                               
0     00009699  _acim_Dir_qFmtCalc                               
0     000096af  _CTRL_calcMax_Ls_qFmt                            
0     000096f6  _main                                            
0     0000993c  _USER_softwareUpdate1p6                          
0     000099bf  _USER_setParams                                  
0     00009b2a  _USER_setErrorCode                               
0     00009b2d  _USER_getErrorCode                               
0     00009b30  _USER_computeTorque_lbin                         
0     00009b88  _USER_computeTorque_Nm                           
0     00009bd5  _USER_computeTorque_Ls_Id_Iq_pu_to_Nm_sf         
0     00009c0f  _USER_computeTorque_Flux_Iq_pu_to_Nm_sf          
0     00009c4b  _USER_computeFlux_pu_to_Wb_sf                    
0     00009c87  _USER_computeFlux_pu_to_VpHz_sf                  
0     00009cc3  _USER_computeFlux                                
0     00009cd1  _USER_checkForErrors                             
0     00009cd5  _USER_calcPIgains                                
0     00009d96  _pow                                             
0     00009d96  _powf                                            
0     0000a1b5  _PWM_setTripZoneState_TZB                        
0     0000a1c1  _PWM_setTripZoneState_TZA                        
0     0000a1cb  _PWM_setTripZoneState_DCBEVT2                    
0     0000a1d7  _PWM_setTripZoneState_DCBEVT1                    
0     0000a1e3  _PWM_setTripZoneState_DCAEVT2                    
0     0000a1ef  _PWM_setTripZoneState_DCAEVT1                    
0     0000a1fb  _PWM_setTripZoneDCEventSelect_DCBEVT2            
0     0000a207  _PWM_setTripZoneDCEventSelect_DCBEVT1            
0     0000a213  _PWM_setTripZoneDCEventSelect_DCAEVT2            
0     0000a21f  _PWM_setTripZoneDCEventSelect_DCAEVT1            
0     0000a229  _PWM_setSyncMode                                 
0     0000a22d  _PWM_setSwSync                                   
0     0000a230  _PWM_setSocBPulseSrc                             
0     0000a239  _PWM_setSocBPeriod                               
0     0000a242  _PWM_setSocAPulseSrc                             
0     0000a24b  _PWM_setSocAPeriod                               
0     0000a254  _PWM_setShadowMode_CmpB                          
0     0000a25a  _PWM_setShadowMode_CmpA                          
0     0000a260  _PWM_setRunMode                                  
0     0000a264  _PWM_setPhaseDir                                 
0     0000a268  _PWM_setPhase                                    
0     0000a26a  _PWM_setPeriodLoad                               
0     0000a26e  _PWM_setPeriodHr                                 
0     0000a273  _PWM_setPeriod                                   
0     0000a275  _PWM_setLoadMode_CmpB                            
0     0000a27b  _PWM_setLoadMode_CmpA                            
0     0000a27f  _PWM_setIntPeriod                                
0     0000a286  _PWM_setIntMode                                  
0     0000a28d  _PWM_setHrShadowMode                             
0     0000a297  _PWM_setHrEdgeMode                               
0     0000a2a1  _PWM_setHrControlMode                            
0     0000a2ab  _PWM_setHighSpeedClkDiv                          
0     0000a2af  _PWM_setDigitalCompareInput                      
0     0000a2be  _PWM_setDigitalCompareFilterWindow               
0     0000a2c1  _PWM_setDigitalCompareFilterSource               
0     0000a2cb  _PWM_setDigitalCompareFilterOffset               
0     0000a2ce  _PWM_setDigitalCompareBlankingPulse              
0     0000a2da  _PWM_setDigitalCompareBEvent2                    
0     0000a2ea  _PWM_setDigitalCompareBEvent1                    
0     0000a304  _PWM_setDigitalCompareAEvent2                    
0     0000a314  _PWM_setDigitalCompareAEvent1                    
0     0000a32e  _PWM_setDeadBandRisingEdgeDelay                  
0     0000a331  _PWM_setDeadBandPolarity                         
0     0000a338  _PWM_setDeadBandOutputMode                       
0     0000a33f  _PWM_setDeadBandInputMode                        
0     0000a346  _PWM_setDeadBandFallingEdgeDelay                 
0     0000a349  _PWM_setCounterMode                              
0     0000a34d  _PWM_setCount                                    
0     0000a34f  _PWM_setClkDiv                                   
0     0000a353  _PWM_setChoppingPulseWidth                       
0     0000a35a  _PWM_setChoppingDutyCycle                        
0     0000a361  _PWM_setChoppingClkFreq                          
0     0000a368  _PWM_setActionQual_Zero_PwmB                     
0     0000a36f  _PWM_setActionQual_Zero_PwmA                     
0     0000a376  _PWM_setActionQual_Period_PwmB                   
0     0000a37f  _PWM_setActionQual_Period_PwmA                   
0     0000a388  _PWM_setActionQual_CntUp_CmpB_PwmB               
0     0000a391  _PWM_setActionQual_CntUp_CmpB_PwmA               
0     0000a39a  _PWM_setActionQual_CntUp_CmpA_PwmB               
0     0000a3a3  _PWM_setActionQual_CntUp_CmpA_PwmA               
0     0000a3ac  _PWM_setActionQual_CntDown_CmpB_PwmB             
0     0000a3b5  _PWM_setActionQual_CntDown_CmpB_PwmA             
0     0000a3be  _PWM_setActionQual_CntDown_CmpA_PwmB             
0     0000a3c7  _PWM_setActionQual_CntDown_CmpA_PwmA             
0     0000a3d0  _PWM_setActionQualContSWForce_PwmB               
0     0000a3d9  _PWM_setActionQualContSWForce_PwmA               
0     0000a3e0  _PWM_init                                        
0     0000a3e6  _PWM_incrementDeadBandRisingEdgeDelay            
0     0000a3e9  _PWM_incrementDeadBandFallingEdgeDelay           
0     0000a3ec  _PWM_getSocBCount                                
0     0000a3f1  _PWM_getSocACount                                
0     0000a3f6  _PWM_getShadowStatus_CmpB                        
0     0000a3fa  _PWM_getShadowStatus_CmpA                        
0     0000a3fe  _PWM_getIntCount                                 
0     0000a402  _PWM_getDeadBandRisingEdgeDelay                  
[...]
0     0000b151  _SPI_setRxFifoIntLevel                           
0     0000b158  _SPI_setPriority                                 
0     0000b15f  _SPI_setMode                                     
0     0000b161  _SPI_setClkPolarity                              
0     0000b165  _SPI_setClkPhase                                 
0     0000b167  _SPI_setCharLength                               
0     0000b16b  _SPI_setBaudRate                                 
0     0000b16d  _SPI_resetTxFifo                                 
0     0000b171  _SPI_resetRxFifo                                 
0     0000b175  _SPI_resetChannels                               
0     0000b179  _SPI_reset                                       
0     0000b17c  _SPI_init                                        
0     0000b182  _SPI_getTxFifoStatus                             
0     0000b186  _SPI_getTxBufferStatus                           
0     0000b189  _SPI_getRxFifoStatus                             
0     0000b18d  _SPI_getIntFlagStatus                            
0     0000b190  _SPI_enableTxFifoInt                             
0     0000b194  _SPI_enableTxFifoEnh                             
0     0000b198  _SPI_enableTxFifo                                
0     0000b19c  _SPI_enableTx                                    
0     0000b19f  _SPI_enableRxFifoInt                             
0     0000b1a3  _SPI_enableRxFifo                                
0     0000b1a7  _SPI_enableOverRunInt                            
0     0000b1aa  _SPI_enableLoopBack                              
0     0000b1ad  _SPI_enableInt                                   
0     0000b1b0  _SPI_enableChannels                              
0     0000b1b4  _SPI_enable                                      
0     0000b1b7  _SPI_disableTxFifoInt                            
0     0000b1bb  _SPI_disableTxFifoEnh                            
0     0000b1bf  _SPI_disableTx                                   
0     0000b1c2  _SPI_disableRxFifoInt                            
0     0000b1c6  _SPI_disableOverRunInt                           
0     0000b1c9  _SPI_disableLoopBack                             
0     0000b1cc  _SPI_disableInt                                  
0     0000b1cf  _SPI_clearTxFifoInt                              
0     0000b1d3  _SPI_clearRxFifoOvf                              
0     0000b1d7  _SPI_clearRxFifoInt                              
0     0000b1db  FD$$MPY                                          
0     0000b25e  FS$$DIV                                          
0     0000b2e1  FS$$SUB                                          
0     0000b2e6  FS$$ADD                                          
0     0000b359  _sqrt                                            
0     0000b359  _sqrtf                                           
0     0000b3cf  _ceil                                            
0     0000b3cf  _ceilf                                           
0     0000b438  _ldexp                                           
0     0000b438  _ldexpf                                          
0     0000b438  _scalbn                                          
0     0000b438  _scalbnf                                         
0     0000b4a1  _PLL_setLockPeriod                               
0     0000b4a6  _PLL_setDivideSelect                             
0     0000b4ad  _PLL_setClkFreq                                  
0     0000b4b3  _PLL_resetClkDetect                              
0     0000b4b9  _PLL_init                                        
0     0000b4bf  _PLL_getLockStatus                               
0     0000b4c2  _PLL_getDivideSelect                             
0     0000b4c5  _PLL_getClkStatus                                
0     0000b4c8  _PLL_getClkFreq                                  
0     0000b4cc  _PLL_enableOsc                                   
0     0000b4d2  _PLL_enableNormRdy                               
0     0000b4d8  _PLL_enableClkDetect                             
0     0000b4de  _PLL_enable                                      
0     0000b4e4  _PLL_disableOsc                                  
0     0000b4ea  _PLL_disableNormRdy                              
0     0000b4f0  _PLL_disableClkDetect                            
0     0000b4f6  _PLL_disable                                     
0     0000b4fc  FS$$MPY                                          
0     0000b556  _c_int00                                         
0     0000b5aa  _OFFSET_setOffset                                
0     0000b5ac  _OFFSET_setInitCond                              
0     0000b5bb  _OFFSET_setBeta                                  
0     0000b5d1  _OFFSET_init                                     
0     0000b5e2  _OFFSET_getBeta                                  
0     0000b5f1  _WDOG_setPreScaler                               
0     0000b5fb  _WDOG_setCount                                   
0     0000b5fd  _WDOG_init                                       
0     0000b603  _WDOG_getIntStatus                               
0     0000b606  _WDOG_enableOverRide                             
0     0000b60c  _WDOG_enableInt                                  
0     0000b612  _WDOG_enable                                     
0     0000b61b  _WDOG_disableOverRide                            
0     0000b621  _WDOG_disableInt                                 
0     0000b627  _WDOG_disable                                    
0     0000b62f  _WDOG_clearCounter                               
0     0000b637  _PWR_setNumStandByClocks                         
0     0000b648  _PWR_setLowPowerMode                             
0     0000b659  _PWR_init                                        
0     0000b661  _PWR_enableWatchDogInt                           
0     0000b66b  _PWR_enableBrownOutReset                         
0     0000b66e  _PWR_disableWatchDogInt                          
0     0000b678  _PWR_disableBrownOutReset                        
0     0000b67b  _TIMER_setPreScaler                              
0     0000b689  _TIMER_setEmulationMode                          
0     0000b68d  _TIMER_setDecimationFactor                       
0     0000b69b  _TIMER_init                                      
0     0000b6a1  _TIMER_getStatus                                 
0     0000b6a4  _TIMER_enableInt                                 
0     0000b6a7  _TIMER_disableInt                                
0     0000b6aa  _TIMER_clearFlag                                 
0     0000b6ad  _OSC_setTrim                                     
0     0000b6b6  _OSC_setFineTrim                                 
0     0000b6c7  _OSC_setCoarseTrim                               
0     0000b6d4  _OSC_init                                        
0     0000b6da  C$$EXIT                                          
0     0000b6da  _abort                                           
0     0000b6dc  _exit                                            
0     0000b703  _CPU_init                                        
0     0000b707  _CPU_enableProtectedRegisterWrite                
0     0000b70a  _CPU_enableInt                                   
0     0000b70e  _CPU_enableGlobalInts                            
0     0000b711  _CPU_enableDebugInt                              
0     0000b714  _CPU_disableProtectedRegisterWrite               
0     0000b717  _CPU_disableInts                                 
0     0000b71a  _CPU_disableInt                                  
0     0000b71f  _CPU_disableGlobalInts                           
0     0000b722  _CPU_disableDebugInt                             
0     0000b725  _CPU_clearIntFlags                               
0     0000b728  FS$$TOI                                          
0     0000b74d  _copy_in                                         
0     0000b771  _FILTER_FO_setNumCoeffs                          
0     0000b775  _FILTER_FO_setInitialConditions                  
0     0000b77a  _FILTER_FO_setDenCoeffs                          
0     0000b77c  _FILTER_FO_init                                  
0     0000b782  _FILTER_FO_getNumCoeffs                          
0     0000b788  _FILTER_FO_getInitialConditions                  
0     0000b78f  _FILTER_FO_getDenCoeffs                          
0     0000b792  FS$$TOUL                                         
0     0000b7b3  _FLASH_init                                      
0     0000b7b9  _FLASH_getStandbyWaitStatus                      
0     0000b7bd  _FLASH_getStandbyWaitCount                       
0     0000b7c0  _FLASH_getPowerMode                              
0     0000b7c3  _FLASH_getActiveWaitStatus                       
0     0000b7c7  _FLASH_getActiveWaitCount                        
0     0000b7ca  _FLASH_get3VStatus                               
0     0000b7cd  _FLASH_clear3VStatus                             
0     0000b7d3  FD$$TOL                                          
0     0000b7f2  FS$$TOU                                          
0     0000b80f  _memcpy                                          
0     0000b82c  _CPU_USAGE_setParams                             
0     0000b842  _CPU_USAGE_init                                  
0     0000b848  FS$$TOFD                                         
0     0000b864  I$$TOFS                                          
0     0000b87e  L$$TOFS                                          
0     0000b898  __args_main                                      
0     0000b8b1  FS$$CMP                                          
0     0000b8c8  UL$$TOFS                                         
0     0000b8db  U$$TOFS                                          
0     0000b8eb  _copysign                                        
0     0000b8eb  _copysignf                                       
0     0000b8f5  __register_unlock                                
0     0000b8f9  __register_lock                                  
0     0000b8fd  __nop                                            
0     0000b906  _PIE_illegalIsr                                  
0     0000b90b  FS$$NEG                                          
0     0000b910  __system_pre_init                                
0     0000b912  __system_post_cinit                              
0     0000b913  ___etext__                                       
0     0000b913  etext                                            
0     0000b914  ___TI_enable_exit_profile_output                 
0     0000b916  ___TI_cleanup_ptr                                
0     0000b918  ___TI_dtors_ptr                                  
0     0000b91a  __lock                                           
0     0000b91c  __unlock                                         
0     0000b920  _cpu                                             
0     0000b921  _errno                                           
0     0000b940  _Flag_Latch_softwareUpdate                       
0     0000b941  _sentBytes                                       
0     0000b942  _gMax_Ls_qFmt                                    
0     0000b943  _gLEDcnt                                         
0     0000b944  _gLs_qFmt                                        
0     0000b945  _gCounter_updateGlobals                          
0     0000b948  _gLs_pu                                          
0     0000b94a  _halHandle                                       
0     0000b94c  _controller_obj                                  
0     0000b94e  _ctrlHandle                                      
0     0000b950  _gMaxCurrentSlope                                
0     0000b952  _sdata                                           
0     0000b956  _gPwmData                                        
0     0000b95c  _gAdcData                                        
0     0000b980  _gDrvSpi8301Vars                                 
0     0000b9c0  _tempMotorVars                                   
0     0000ba40  _gMotorVars                                      
0     0000bac0  _gUserParams                                     
0     0000bb80  _bytesToSend                                     
0     0000bc80  _hal                                             
0     0000bd42  __IQ24sqrt                                       
0     0000bd84  __IQ24sinPU                                      
0     0000bdad  __IQ24cosPU                                      
0     0000bdd4  __IQ30toF                                        
0     003fdc30  _IQsinTable                                      
0     003fdd30  _IQcosTable                                      
0     003fe030  _IQsinTableEnd                                   
0     003fe132  _IQcosTableEnd                                   
0     003fe132  _IQdivRoundSatTable                              
0     003fe140  _IQdivTable                                      
0     003fe342  _IQdivTableEnd                                   
0     003fe342  _IQisqrtRoundSatTable                            
0     003fe342  _IQsqrtRoundSatTable                             
0     003fe352  _IQisqrtTable                                    
0     003fe352  _IQsqrtTable                                     
0     003fe454  _IQatan2HalfPITable                              
0     003fe454  _IQisqrtTableEnd                                 
0     003fe454  _IQsqrtTableEnd                                  
0     003fe492  _IQatan2Table                                    
0     003fe618  _IQ30mpyRndSatTable                              
0     003fe618  _IQatan2TableEnd                                 
0     003fe618  _IQmpyRndSatTable                                
0     003fe624  _IQ29mpyRndSatTable                              
0     003fe630  _IQ28mpyRndSatTable                              
0     003fe63c  _IQ27mpyRndSatTable                              
0     003fe648  _IQ26mpyRndSatTable                              
0     003fe654  _IQ25mpyRndSatTable                              
0     003fe660  _IQ24mpyRndSatTable                              
0     003fe66c  _IQ23mpyRndSatTable                              
0     003fe678  _IQ22mpyRndSatTable                              
0     003fe684  _IQ21mpyRndSatTable                              
0     003fe690  _IQ20mpyRndSatTable                              
0     003fe69c  _IQ19mpyRndSatTable                              
0     003fe6a8  _IQ18mpyRndSatTable                              
0     003fe6b4  _IQ17mpyRndSatTable                              
0     003fe6c0  _IQ16mpyRndSatTable                              
0     003fe6cc  _IQ15mpyRndSatTable                              
0     003fe6d8  _IQ14mpyRndSatTable                              
0     003fe6e4  _IQ13mpyRndSatTable                              
0     003fe6f0  _IQ12mpyRndSatTable                              
0     003fe6fc  _IQ11mpyRndSatTable                              
0     003fe708  _IQ10mpyRndSatTable                              
0     003fe714  _IQ9mpyRndSatTable                               
0     003fe720  _IQ8mpyRndSatTable                               
0     003fe72c  _IQ7mpyRndSatTable                               
0     003fe738  _IQ6mpyRndSatTable                               
0     003fe744  _IQ5mpyRndSatTable                               
0     003fe750  _IQ4mpyRndSatTable                               
0     003fe75c  _IQ3mpyRndSatTable                               
0     003fe768  _IQ2mpyRndSatTable                               
0     003fe774  _IQ1mpyRndSatTable                               
0     003fe780  _IQmpyRndSatTableEnd                             
1     00000400  __stack                                          
1     000007b0  __STACK_END                                      
abs   00000036  _RamfuncsLoadSize                                
abs   000003b0  __STACK_SIZE                                     
abs   003f861b  _EST_getState                                    
abs   003f861d  _EST_useZeroIq_ref                               
abs   003f8679  _EST_isMotorIdentified                           
abs   003f86ad  _EST_computeDirection_qFmt                       
abs   003f8713  _EST_updateState                                 
abs   003f89f5  _EST_updateId_ref_pu                             
abs   003f8a18  _EST_setRs_pu                                    
abs   003f8adb  _EST_setMaxCurrentSlope_pu                       
abs   003f8ae7  _EST_setLs_q_pu                                  
abs   003f8af1  _EST_setLs_qFmt                                  
abs   003f8b45  _EST_setLs_d_pu                                  
abs   003f8b63  _EST_setIq_ref_pu                                
abs   003f8b67  _EST_setIdle_all                                 
abs   003f8b7a  _EST_setIdle                                     
abs   003f8b80  _EST_setId_ref_pu                                
abs   003f8bdb  _EST_setFlag_enableForceAngle                    
abs   003f8be4  _EST_setFe_pos_min_pu                            
abs   003f8be8  _EST_setFe_neg_max_pu                            
abs   003f8bf5  _EST_setDir_qFmt                                 
abs   003f8c0d  _EST_getAngle_pu                                 
abs   003f927b  _EST_run                                         
abs   003f9378  _EST_isOnLine                                    
abs   003f937f  _EST_isLockRotor                                 
abs   003f9386  _EST_isIdle                                      
abs   003f938d  _EST_isError                                     
abs   003f9453  _EST_get_pu_to_krpm_sf                           
abs   003f9458  _EST_get_krpm_to_pu_sf                           
abs   003f94c6  _EST_getSpeed_krpm                               
abs   003f9513  _EST_getRs_Ohm                                   
abs   003f95ad  _EST_getRr_Ohm                                   
abs   003f95b3  _EST_getOneOverDcBus_pu                          
abs   003f95bd  _EST_getMaxCurrentSlope_pu                       
abs   003f95c9  _EST_getLs_q_pu                                  
abs   003f95ce  _EST_getLs_q_H                                   
abs   003f95d3  _EST_getLs_qFmt                                  
abs   003f95f0  _EST_getLs_d_pu                                  
abs   003f95f5  _EST_getLs_d_H                                   
abs   003f95ff  _EST_getLs_coarse_max_pu                         
abs   003f9632  _EST_getIdRated                                  
abs   003f968e  _EST_getFm_pu                                    
abs   003f96ab  _EST_getFlux_pu                                  
abs   003f96be  _EST_getFlux_VpHz                                
abs   003f9758  _EST_doSpeedCtrl                                 
abs   003f9760  _EST_doCurrentCtrl                               
abs   003f9806  _CTRL_setupTraj                                  
abs   003f996a  _CTRL_setupEstOnLineState                        
abs   003f99a5  _CTRL_setupEstIdleState                          
abs   003f9b43  _CTRL_setupCtrl                                  
abs   003f9d31  _CTRL_setUserMotorParams                         
abs   003f9e64  _CTRL_setEstParams                               
abs   003fa5d1  _CTRL_runTraj                                    
abs   003fa6fb  _CTRL_initCtrl                                   
abs   003fa721  _CTRL_getVersion                                 
abs   ffffffff  ___TI_pprof_out_hndl                             
abs   ffffffff  ___TI_prof_data_size                             
abs   ffffffff  ___TI_prof_data_start                            
abs   ffffffff  ___binit__                                       
abs   ffffffff  ___c_args__                                      
abs   ffffffff  ___pinit__                                       
abs   ffffffff  binit                                            
abs   ffffffff  pinit                                            

[740 symbols]
