******************************************************************************
             TMS320C2000 Linker PC v6.4.11                     
******************************************************************************
>> Linked Wed Nov 23 09:26:04 2016

OUTPUT FILE NAME:   <proj_lab02b.out>
ENTRY POINT SYMBOL: "_c_int00"  address: 003f39f5


MEMORY CONFIGURATION

         name            origin    length      used     unused   attr    fill
----------------------  --------  ---------  --------  --------  ----  --------
PAGE 0:
  P_RAML0               00008000   00000800  000005eb  00000215  RWIX
  OTP                   003d7800   00000400  00000000  00000400  RWIX
  FLASHB_D              003f0000   00006000  00003c60  000023a0  RWIX
  CSM_RSVD              003f7f80   00000076  00000000  00000076  RWIX
  BEGIN                 003f7ff6   00000002  00000002  00000000  RWIX
  CSM_PWL_P0            003f7ff8   00000008  00000000  00000008  RWIX
  IQTABLES              003fe000   00000b50  00000000  00000b50  RWIX
  IQTABLES2             003feb50   0000008c  00000000  0000008c  RWIX
  IQTABLES3             003febdc   000000aa  00000000  000000aa  RWIX
  ROM                   003ff27c   00000d44  00000000  00000d44  RWIX
  RESET                 003fffc0   00000002  00000000  00000002  RWIX
  VECTORS               003fffc2   0000003e  00000000  0000003e  RWIX

PAGE 1:
  RAMM0_M1              00000000   00000600  0000058e  00000072  RWIX
  D_RAML0               00008800   00000800  000000b3  0000074d  RWIX
  D_FLASHA              003f6000   00001f80  00000088  00001ef8  RWIX


SECTION ALLOCATION MAP

 output                                  attributes/
section   page    origin      length       input sections
--------  ----  ----------  ----------   ----------------
ramfuncs   0    003f0000    000005eb     RUN ADDR = 00008000
                  003f0000    0000051d     ctrl.obj (ramfuncs)
                  003f051d    0000007a     proj_lab02b.obj (ramfuncs:retain)
                  003f0597    00000032     flash.obj (ramfuncs)
                  003f05c9    0000001e     hal.obj (ramfuncs)
                  003f05e7    00000004     usDelay.obj (ramfuncs)

.text      0    003f05eb    000035d8     
                  003f05eb    00000e94     fast_public.lib : ctrl_priv.obj (.text)
                  003f147f    00000a55     hal.obj (.text)
                  003f1ed4    000004c8     user.obj (.text)
                  003f239c    0000045f     ctrl.obj (.text)
                  003f27fb    000003f5     proj_lab02b.obj (.text)
                  003f2bf0    000002f7     pwm.obj (.text)
                  003f2ee7    000002d4     drv8301.obj (.text)
                  003f31bb    000001f7     adc.obj (.text)
                  003f33b2    0000016c     gpio.obj (.text)
                  003f351e    0000012c     clk.obj (.text)
                  003f364a    00000106     pie.obj (.text)
                  003f3750    000000aa     spi.obj (.text)
                  003f37fa    0000007a     i2c.obj (.text)
                  003f3874    0000005c     pll.obj (.text)
                  003f38d0    00000051     rts2800_ml.lib : sqrt.obj (.text)
                  003f3921    00000048     offset.obj (.text)
                  003f3969    00000047     wdog.obj (.text)
                  003f39b0    00000045     pwr.obj (.text)
                  003f39f5    00000044     rts2800_ml.lib : boot.obj (.text)
                  003f3a39    00000033     timer.obj (.text)
                  003f3a6c    0000002e     osc.obj (.text)
                  003f3a9a    0000002a     rts2800_ml.lib : l_div.obj (.text)
                  003f3ac4    00000025     cpu.obj (.text)
                  003f3ae9    00000022     filter_fo.obj (.text)
                  003f3b0b    00000021     flash.obj (.text)
                  003f3b2c    00000021     rts2800_ml.lib : fs_toul.obj (.text)
                  003f3b4d    0000001d                    : fs_tou.obj (.text)
                  003f3b6a    00000019                    : args_main.obj (.text)
                  003f3b83    00000019                    : exit.obj (.text)
                  003f3b9c    00000011     memCopy.obj (.text)
                  003f3bad    00000009     rts2800_ml.lib : _lock.obj (.text)
                  003f3bb6    00000008     CodeStartBranch.obj (.text)
                  003f3bbe    00000005     pie.obj (.text:retain)

.cinit     0    003f3bc3    00000094     
                  003f3bc3    0000007a     proj_lab02b.obj (.cinit)
                  003f3c3d    0000000a     rts2800_ml.lib : exit.obj (.cinit)
                  003f3c47    00000005                    : _lock.obj (.cinit:__lock)
                  003f3c4c    00000005                    : _lock.obj (.cinit:__unlock)
                  003f3c51    00000004     drv8301.obj (.cinit)
                  003f3c55    00000002     --HOLE-- [fill = 0]

.pinit     0    003f0000    00000000     UNINITIALIZED

IQmath     0    003f3c57    00000009     
                  003f3c57    00000009     IQmath.lib : IQ15int.obj (IQmath)

codestart 
*          0    003f7ff6    00000002     
                  003f7ff6    00000002     CodeStartBranch.obj (codestart)

rom_accessed_data 
*          1    00000000    00000306     UNINITIALIZED
                  00000000    00000208     proj_lab02b.obj (rom_accessed_data)
                  00000208    00000038     --HOLE--
                  00000240    000000c6     hal.obj (rom_accessed_data)

.switch    1    00000000    00000000     UNINITIALIZED

.stack     1    00000306    00000200     UNINITIALIZED
                  00000306    00000200     --HOLE--

.ebss      1    00008800    000000b3     UNINITIALIZED
                  00008800    000000a8     proj_lab02b.obj (.ebss)
                  000088a8    00000004     rts2800_ml.lib : exit.obj (.ebss)
                  000088ac    00000002                    : _lock.obj (.ebss:__lock)
                  000088ae    00000002                    : _lock.obj (.ebss:__unlock)
                  000088b0    00000002     drv8301.obj (.ebss)
                  000088b2    00000001     cpu.obj (.ebss)

.econst    1    003f6000    00000088     RUN ADDR = 00000506
                  003f6000    0000005c     fast_public.lib : ctrl_priv.obj (.econst)
                  003f605c    0000001c     ctrl.obj (.econst)
                  003f6078    00000008     user.obj (.econst)
                  003f6080    00000004     hal.obj (.econst)
                  003f6084    00000004     proj_lab02b.obj (.econst)

.reset     0    003fffc0    00000002     DSECT
                  003fffc0    00000002     rts2800_ml.lib : boot.obj (.reset)

vectors    0    003fffc2    00000000     DSECT


GLOBAL DATA SYMBOLS: SORTED BY DATA PAGE

address     data page           name
--------    ----------------    ----
00000000       0 (00000000)     _halHandle

00000040       1 (00000040)     _gUserParams

00000100       4 (00000100)     _ctrl

00000240       9 (00000240)     _hal

00000306       c (00000300)     __stack

00008800     220 (00008800)     _Flag_Latch_softwareUpdate
00008801     220 (00008800)     _gCounter_updateGlobals
00008802     220 (00008800)     _gLEDcnt
00008804     220 (00008800)     _gMaxCurrentSlope
00008806     220 (00008800)     _ctrlHandle
0000880a     220 (00008800)     _gPwmData
00008810     220 (00008800)     _gAdcData
00008820     220 (00008800)     _gDrvSpi8301Vars

00008840     221 (00008840)     _gMotorVars

000088a8     222 (00008880)     ___TI_cleanup_ptr
000088aa     222 (00008880)     ___TI_dtors_ptr
000088ac     222 (00008880)     __lock
000088ae     222 (00008880)     __unlock
000088b2     222 (00008880)     _cpu

003f3c57    fcf1 (003f3c40)     __IQ15int


GLOBAL SYMBOLS: SORTED ALPHABETICALLY BY Name 

page  address   name                                             
----  -------   ----                                             
0     003f05eb  .text                                            
0     003f3b83  C$$EXIT                                          
abs   003fdc5e  FD$$MPY                                          
abs   003fdf7b  FD$$TOL                                          
abs   003fdeb8  FS$$ADD                                          
abs   003fdf2b  FS$$CMP                                          
abs   003fdce1  FS$$DIV                                          
abs   003fdde7  FS$$MPY                                          
abs   003fff4d  FS$$NEG                                          
abs   003fdeb3  FS$$SUB                                          
abs   003fdfb7  FS$$TOFD                                         
abs   003fff0e  FS$$TOI                                          
abs   003ffee5  FS$$TOL                                          
0     003f3b4d  FS$$TOU                                          
0     003f3b2c  FS$$TOUL                                         
abs   003fff33  I$$TOFS                                          
0     003f3a9a  L$$DIV                                           
0     003f3aa9  L$$MOD                                           
abs   003ff890  L$$TOFS                                          
abs   003ff8bd  U$$TOFS                                          
0     003f3ab7  UL$$DIV                                          
0     003f3abe  UL$$MOD                                          
abs   003ff8aa  UL$$TOFS                                         
0     003f33a8  _ADC_disable                                     
0     003f339e  _ADC_disableBandGap                              
0     003f3387  _ADC_disableInt                                  
0     003f337d  _ADC_disableNoOverlapMode                        
0     003f3373  _ADC_disableRefBuffers                           
0     003f3369  _ADC_disableVoltRefLoConv                        
0     003f335f  _ADC_enable                                      
0     003f3355  _ADC_enableBandGap                               
0     003f333f  _ADC_enableInt                                   
0     003f3335  _ADC_enableNoOverlapMode                         
0     003f332b  _ADC_enableRefBuffers                            
0     003f3321  _ADC_enableVoltRefLoConv                         
0     003f331a  _ADC_getDivideSelect                             
0     003f3311  _ADC_init                                        
0     003f3307  _ADC_powerDown                                   
0     003f32fd  _ADC_powerUp                                     
0     003f32f3  _ADC_reset                                       
0     003f32e2  _ADC_setDivideSelect                             
0     003f32c1  _ADC_setIntMode                                  
0     003f32b0  _ADC_setIntPulseGenMode                          
0     003f328f  _ADC_setIntSrc                                   
0     003f3285  _ADC_setOffTrim                                  
0     003f326e  _ADC_setSampleMode                               
0     003f325b  _ADC_setSampleOverlapMode                        
0     003f3247  _ADC_setSocChanNumber                            
0     003f323a  _ADC_setSocFrc                                   
0     003f3230  _ADC_setSocFrcWord                               
0     003f321c  _ADC_setSocSampleDelay                           
0     003f3208  _ADC_setSocTrigSrc                               
0     003f31f7  _ADC_setTempSensorSrc                            
0     003f31e6  _ADC_setVoltRefSrc                               
0     003f31bb  _ADC_setupSocTrigSrc                             
0     003f3643  _CLK_disableAdcClock                             
0     003f363d  _CLK_disableClkIn                                
0     003f3639  _CLK_disableCompClock                            
0     003f3632  _CLK_disableCpuTimerClock                        
0     003f362c  _CLK_disableCrystalOsc                           
0     003f3625  _CLK_disableEcap1Clock                           
0     003f361e  _CLK_disableGpioInputClock                       
0     003f3617  _CLK_disableHrPwmClock                           
0     003f3610  _CLK_disableI2cClock                             
0     003f360a  _CLK_disableOsc1                                 
0     003f3604  _CLK_disableOsc1HaltMode                         
0     003f35fe  _CLK_disableOsc2                                 
0     003f35f8  _CLK_disableOsc2HaltMode                         
0     003f35ee  _CLK_disablePwmClock                             
0     003f35e7  _CLK_disableSciaClock                            
0     003f35e0  _CLK_disableSpiaClock                            
0     003f35d9  _CLK_disableTbClockSync                          
0     003f35d3  _CLK_disableWatchDogHaltMode                     
0     003f35cc  _CLK_enableAdcClock                              
0     003f35c6  _CLK_enableClkIn                                 
0     003f35c0  _CLK_enableCompClock                             
0     003f35ba  _CLK_enableCpuTimerClock                         
0     003f35b4  _CLK_enableCrystalOsc                            
0     003f35ad  _CLK_enableEcap1Clock                            
0     003f35a6  _CLK_enableGpioInputClock                        
0     003f359f  _CLK_enableHrPwmClock                            
0     003f3598  _CLK_enableI2cClock                              
0     003f3592  _CLK_enableOsc1                                  
0     003f358c  _CLK_enableOsc1HaltMode                          
0     003f3586  _CLK_enableOsc2                                  
0     003f3580  _CLK_enableOsc2HaltMode                          
0     003f3577  _CLK_enablePwmClock                              
0     003f3570  _CLK_enableSciaClock                             
0     003f3569  _CLK_enableSpiaClock                             
0     003f3562  _CLK_enableTbClockSync                           
0     003f355c  _CLK_enableWatchDogHaltMode                      
0     003f3555  _CLK_init                                        
0     003f354e  _CLK_setClkOutPreScaler                          
0     003f3548  _CLK_setLowSpdPreScaler                          
0     003f3541  _CLK_setOsc2Src                                  
0     003f353a  _CLK_setOscSrc                                   
0     003f3533  _CLK_setTimer2PreScale                           
0     003f352c  _CLK_setTimer2Src                                
0     003f3525  _CLK_setWatchDogSrc                              
0     003f351e  _CLK_setXClkInSrc                                
0     003f3ae6  _CPU_clearIntFlags                               
0     003f3ae3  _CPU_disableDebugInt                             
0     003f3ae0  _CPU_disableGlobalInts                           
0     003f3adb  _CPU_disableInt                                  
0     003f3ad8  _CPU_disableInts                                 
0     003f3ad5  _CPU_disableProtectedRegisterWrite               
0     003f3ad2  _CPU_enableDebugInt                              
0     003f3acf  _CPU_enableGlobalInts                            
0     003f3acb  _CPU_enableInt                                   
0     003f3ac8  _CPU_enableProtectedRegisterWrite                
0     003f3ac4  _CPU_init                                        
0     003f27bf  _CTRL_getGains                                   
0     003f27b8  _CTRL_getIab_filt_pu                             
0     003f27b1  _CTRL_getIab_in_pu                               
0     003f27aa  _CTRL_getIdq_in_pu                               
0     003f27a3  _CTRL_getIdq_ref_pu                              
0     003f27f8  _CTRL_getMagCurrent_pu                           
0     003f27f5  _CTRL_getMaximumSpeed_pu                         
0     003f279c  _CTRL_getVab_in_pu                               
0     003f2795  _CTRL_getVab_out_pu                              
0     003f278e  _CTRL_getVdq_out_pu                              
0     003f1475  _CTRL_getVersion                                 
0     003f2785  _CTRL_getWaitTimes                               
abs   003fd88b  _CTRL_initCtrl                                   
0     0000800b  _CTRL_run                                        
0     003f13a9  _CTRL_runTraj                                    
0     003f0c43  _CTRL_setEstParams                               
0     003f2505  _CTRL_setGains                                   
0     003f27ef  _CTRL_setMagCurrent_pu                           
0     003f27f2  _CTRL_setMaximumSpeed_pu                         
0     003f252d  _CTRL_setParams                                  
0     003f24f2  _CTRL_setSpd_ref_krpm                            
0     003f24ef  _CTRL_setSpd_ref_pu                              
0     003f0b10  _CTRL_setUserMotorParams                         
0     003f24e6  _CTRL_setWaitTimes                               
0     00008000  _CTRL_setup                                      
0     003f24ca  _CTRL_setupClarke_I                              
0     003f24b4  _CTRL_setupClarke_V                              
0     003f0928  _CTRL_setupCtrl                                  
0     003f078a  _CTRL_setupEstIdleState                          
0     003f074f  _CTRL_setupEstOnLineState                        
0     003f05eb  _CTRL_setupTraj                                  
0     003f2450  _CTRL_setup_user                                 
0     003f239c  _CTRL_updateState                                
0     003f3198  _DRV8301_enable                                  
0     003f3186  _DRV8301_getDcCalMode                            
0     003f316b  _DRV8301_getFaultType                            
0     003f3165  _DRV8301_getId                                   
0     003f315e  _DRV8301_getOcLevel                              
0     003f3157  _DRV8301_getOcMode                               
0     003f3150  _DRV8301_getOcOffTimeMode                        
0     003f3149  _DRV8301_getOcTwMode                             
0     003f3142  _DRV8301_getPeakCurrent                          
0     003f313b  _DRV8301_getPwmMode                              
0     003f3134  _DRV8301_getShuntAmpGain                         
0     003f312a  _DRV8301_init                                    
0     003f3124  _DRV8301_isFault                                 
0     003f311d  _DRV8301_isReset                                 
0     003f30a7  _DRV8301_readData                                
0     003f2f27  _DRV8301_readSpi                                 
0     003f3098  _DRV8301_reset                                   
0     003f3079  _DRV8301_setDcCalMode                            
0     003f3077  _DRV8301_setGpioHandle                           
0     003f3075  _DRV8301_setGpioNumber                           
0     003f3061  _DRV8301_setOcLevel                              
0     003f304d  _DRV8301_setOcMode                               
0     003f3039  _DRV8301_setOcOffTimeMode                        
0     003f3025  _DRV8301_setOcTwMode                             
0     003f3011  _DRV8301_setPeakCurrent                          
0     003f2ffd  _DRV8301_setPwmMode                              
0     003f2fe9  _DRV8301_setShuntAmpGain                         
0     003f2fe7  _DRV8301_setSpiHandle                            
0     003f2f60  _DRV8301_setupSpi                                
0     003f2efe  _DRV8301_writeData                               
0     003f2ee7  _DRV8301_writeSpi                                
abs   003fd9e5  _EST_Angle_setParams                             
abs   003fd922  _EST_Dir_setParams                               
abs   003fd1e8  _EST_EPL_setParams                               
abs   003fd9b0  _EST_Flux_ab_setParams                           
abs   003fd514  _EST_Flux_computeOneOverFlux_qFmt                
abs   003fda3b  _EST_Flux_dq_setParams                           
abs   003fd49c  _EST_Flux_getRatedFlux_pu                        
abs   003fd42e  _EST_Flux_setParams                              
abs   003fd41e  _EST_Flux_setWaitTimes                           
abs   003fd95c  _EST_Freq_setParams                              
abs   003fd1be  _EST_I_setParams                                 
abs   003fd9cc  _EST_Iab_setParams                               
abs   003fda1e  _EST_Idq_setParams                               
abs   003fd3a8  _EST_Ls_getLs_d                                  
abs   003fd2b6  _EST_Ls_setLs_d                                  
abs   003fd284  _EST_Ls_setLs_q                                  
abs   003fd247  _EST_Ls_setParams                                
abs   003fd237  _EST_Ls_setWaitTimes                             
abs   003fda0d  _EST_OneOverDcBus_setParams                      
abs   003fd7e9  _EST_Rr_setParams                                
abs   003fd788  _EST_Rr_setRr                                    
abs   003fd57d  _EST_RsOnLine_setFilterParams                    
abs   003fd54d  _EST_RsOnLine_setParams                          
abs   003fd767  _EST_Rs_getRs                                    
abs   003fd725  _EST_Rs_setParams                                
abs   003fd6c3  _EST_Rs_setRs                                    
abs   003fd6b3  _EST_Rs_setWaitTimes                             
abs   003fd1af  _EST_TRAJ_setParams                              
abs   003fda53  _EST_Vab_setParams                               
abs   003fda47  _EST_Vback_ab_setParams                          
abs   003fda5e  _EST_Vback_dq_setParams                          
abs   003fd9fb  _EST_Vdq_setParams                               
abs   003fc092  _EST_computeDirection_qFmt                       
abs   003fd16d  _EST_computeL                                    
abs   003fd14d  _EST_computeR                                    
abs   003fd145  _EST_doCurrentCtrl                               
abs   003fd13d  _EST_doSpeedCtrl                                 
abs   003fc5f2  _EST_getAngle_pu                                 
abs   003fd0a3  _EST_getFlux_VpHz                                
abs   003fd090  _EST_getFlux_pu                                  
abs   003fd073  _EST_getFm_pu                                    
abs   003fc062  _EST_getFullScaleCurrent                         
abs   003fd043  _EST_getFullScaleFlux                            
abs   003fcc5c  _EST_getFullScaleFreq                            
abs   003fc4d1  _EST_getFullScaleInductance                      
abs   003fc08e  _EST_getFullScaleVoltage                         
abs   003fd017  _EST_getIdRated                                  
abs   003fcfe4  _EST_getLs_coarse_max_pu                         
abs   003fcfda  _EST_getLs_d_H                                   
abs   003fcfd5  _EST_getLs_d_pu                                  
abs   003fcfb3  _EST_getLs_q_H                                   
abs   003fcfae  _EST_getLs_q_pu                                  
abs   003fcfa2  _EST_getMaxCurrentSlope_pu                       
abs   003fcf98  _EST_getOneOverDcBus_pu                          
abs   003fcf92  _EST_getRr_Ohm                                   
abs   003fcef8  _EST_getRs_Ohm                                   
abs   003fceab  _EST_getSpeed_krpm                               
abs   003fc000  _EST_getState                                    
abs   003fce3d  _EST_get_krpm_to_pu_sf                           
abs   003fce38  _EST_get_pu_to_krpm_sf                           
abs   003fcd72  _EST_isError                                     
abs   003fcd6b  _EST_isIdle                                      
abs   003fcd64  _EST_isLockRotor                                 
abs   003fc05e  _EST_isMotorIdentified                           
abs   003fcd5d  _EST_isOnLine                                    
abs   003fc5ed  _EST_resetCounter_ctrl                           
abs   003fc05a  _EST_resetCounter_state                          
abs   003fcc60  _EST_run                                         
abs   003fc5da  _EST_setDir_qFmt                                 
abs   003fc5cd  _EST_setFe_neg_max_pu                            
abs   003fc5c9  _EST_setFe_pos_min_pu                            
abs   003fc5c5  _EST_setFlag_enableFluxControl                   
abs   003fc5c0  _EST_setFlag_enableForceAngle                    
abs   003fc5bc  _EST_setFlag_enableRsOnLine                      
abs   003fc5b8  _EST_setFlag_enableRsRecalc                      
abs   003fc5b4  _EST_setFlag_estComplete                         
abs   003fc5b0  _EST_setFlag_updateRs                            
abs   003fc594  _EST_setFullScaleCurrent                         
abs   003fc58b  _EST_setFullScaleFreq                            
abs   003fc573  _EST_setFullScaleResistance                      
abs   003fc56f  _EST_setFullScaleVoltage                         
abs   003fc569  _EST_setIdRated_pu                               
abs   003fc565  _EST_setId_ref_pu                                
abs   003fc55f  _EST_setIdle                                     
abs   003fc54c  _EST_setIdle_all                                 
abs   003fc548  _EST_setIq_ref_pu                                
abs   003fc52a  _EST_setLs_d_pu                                  
abs   003fc4d6  _EST_setLs_qFmt                                  
abs   003fc4cc  _EST_setLs_q_pu                                  
abs   003fc4c0  _EST_setMaxCurrentSlope_pu                       
abs   003fc4bb  _EST_setMotorParams                              
abs   003fc3fd  _EST_setRs_pu                                    
abs   003fc3e2  _EST_setWaitTimes                                
abs   003fc3da  _EST_updateId_ref_pu                             
abs   003fc0f8  _EST_updateState                                 
abs   003fc002  _EST_useZeroIq_ref                               
0     003f3b08  _FILTER_FO_getDenCoeffs                          
0     003f3b01  _FILTER_FO_getInitialConditions                  
0     003f3afb  _FILTER_FO_getNumCoeffs                          
0     003f3af4  _FILTER_FO_init                                  
0     003f3af2  _FILTER_FO_setDenCoeffs                          
0     003f3aed  _FILTER_FO_setInitialConditions                  
0     003f3ae9  _FILTER_FO_setNumCoeffs                          
0     003f3b26  _FLASH_clear3VStatus                             
0     000085c3  _FLASH_disablePipelineMode                       
0     000085bd  _FLASH_enablePipelineMode                        
0     003f3b23  _FLASH_get3VStatus                               
0     003f3b20  _FLASH_getActiveWaitCount                        
0     003f3b1c  _FLASH_getActiveWaitStatus                       
0     003f3b19  _FLASH_getPowerMode                              
0     003f3b16  _FLASH_getStandbyWaitCount                       
0     003f3b12  _FLASH_getStandbyWaitStatus                      
0     003f3b0b  _FLASH_init                                      
0     000085b8  _FLASH_setActiveWaitCount                        
0     000085b1  _FLASH_setNumPagedReadWaitStates                 
0     000085aa  _FLASH_setNumRandomReadWaitStates                
0     000085a3  _FLASH_setOtpWaitStates                          
0     0000859c  _FLASH_setPowerMode                              
0     00008597  _FLASH_setStandbyWaitCount                       
1     00008800  _Flag_Latch_softwareUpdate                       
0     003f350f  _GPIO_getData                                    
0     003f3504  _GPIO_getPortData                                
0     003f34fd  _GPIO_init                                       
0     003f34f3  _GPIO_lpmSelect                                  
0     003f34d3  _GPIO_read                                       
0     003f34b8  _GPIO_setDirection                               
0     003f34ad  _GPIO_setExtInt                                  
0     003f349c  _GPIO_setHigh                                    
0     003f348b  _GPIO_setLow                                     
0     003f3458  _GPIO_setMode                                    
0     003f344b  _GPIO_setPortData                                
0     003f3430  _GPIO_setPullUp                                  
0     003f33f3  _GPIO_setQualification                           
0     003f33c3  _GPIO_setQualificationPeriod                     
0     003f33b2  _GPIO_toggle                                     
0     003f1956  _HAL_AdcCalChanSelect                            
0     003f19ad  _HAL_AdcCalConversion                            
0     003f1b0f  _HAL_AdcOffsetSelfCal                            
0     003f1bd8  _HAL_OscTempComp                                 
0     003f1c31  _HAL_cal                                         
0     003f1eb3  _HAL_calcSpeedkph                                
0     003f1e88  _HAL_computePower                                
0     003f1e84  _HAL_disableGlobalInts                           
0     003f1d69  _HAL_disableWdog                                 
0     003f1e72  _HAL_enableAdcInts                               
0     003f1e6e  _HAL_enableDebugInt                              
0     003f1e69  _HAL_enableDrv                                   
0     003f1e65  _HAL_enableGlobalInts                            
0     003f1e59  _HAL_enableI2cInts                               
0     003f1e48  _HAL_enablePwmInt                                
0     003f1b3e  _HAL_getOscTrimValue                             
0     003f1e38  _HAL_i2cSend                                     
0     003f1e28  _HAL_i2ctest                                     
0     003f1d6e  _HAL_init                                        
0     003f1b54  _HAL_osc1Comp                                    
0     003f1b96  _HAL_osc2Comp                                    
0     003f1d63  _HAL_readDeadman                                 
0     003f1d5e  _HAL_readDrvData                                 
0     003f1c48  _HAL_setParams                                   
0     003f1943  _HAL_setPowe_SF                                  
0     003f18ee  _HAL_setSpeed                                    
0     003f188c  _HAL_setTorque                                   
0     003f17c9  _HAL_setupAdcs                                   
0     003f17ad  _HAL_setupClks                                   
0     003f1797  _HAL_setupDeadman                                
0     003f1792  _HAL_setupDrvSpi                                 
0     003f1774  _HAL_setupFaults                                 
0     000085c9  _HAL_setupFlash                                  
0     003f175f  _HAL_setupGate                                   
0     003f16d2  _HAL_setupGpios                                  
0     003f1696  _HAL_setupI2C                                    
0     003f1670  _HAL_setupLaunchPadGpio0and1                     
0     003f163b  _HAL_setupPeripheralClks                         
0     003f161f  _HAL_setupPie                                    
0     003f15e0  _HAL_setupPll                                    
0     003f1508  _HAL_setupPwms                                   
0     003f14d2  _HAL_setupSpiA                                   
0     003f1484  _HAL_setupTimers                                 
0     003f147f  _HAL_writeDrvData                                
0     003f386b  _I2C_MasterControl                               
0     003f3868  _I2C_clearNoAckBit                               
0     003f3864  _I2C_clearRunFree                                
0     003f3860  _I2C_clearRxFifoInt                              
0     003f385d  _I2C_clearStopConditionDetection                 
0     003f3859  _I2C_clearTxFifoInt                              
0     003f3855  _I2C_disable                                     
0     003f3851  _I2C_disableFifo                                 
0     003f384e  _I2C_disableInt                                  
0     003f384a  _I2C_enable                                      
0     003f3846  _I2C_enableFifo                                  
0     003f3844  _I2C_enableInt                                   
0     003f3842  _I2C_getData                                     
0     003f383f  _I2C_getIntSource                                
0     003f383d  _I2C_getStatus                                   
0     003f3836  _I2C_init                                        
0     003f3832  _I2C_isAllRegisterReady                          
0     003f382e  _I2C_isMasterBusy                                
0     003f3829  _I2C_isMasterStopBitSet                          
0     003f3825  _I2C_isNoAck                                     
0     003f3821  _I2C_isStopConditionDetected                     
0     003f381e  _I2C_putData                                     
0     003f381b  _I2C_resetAll                                    
0     003f3817  _I2C_resetRxFifo                                 
0     003f3813  _I2C_resetTxFifo                                 
0     003f380f  _I2C_setMaster                                   
0     003f380d  _I2C_setMasterSlaveAddr                          
0     003f3809  _I2C_setMasterStopBit                            
0     003f3805  _I2C_setRunFree                                  
0     003f3801  _I2C_setSlave                                    
0     003f37ff  _I2C_setSlaveAddress                             
0     003f37fa  _I2C_setupClock                                  
0     003f395a  _OFFSET_getBeta                                  
0     003f3948  _OFFSET_init                                     
0     003f3932  _OFFSET_setBeta                                  
0     003f3923  _OFFSET_setInitCond                              
0     003f3921  _OFFSET_setOffset                                
0     003f3a93  _OSC_init                                        
0     003f3a86  _OSC_setCoarseTrim                               
0     003f3a75  _OSC_setFineTrim                                 
0     003f3a6c  _OSC_setTrim                                     
0     003f3749  _PIE_clearAllFlags                               
0     003f3746  _PIE_clearAllInts                                
0     003f3743  _PIE_disable                                     
0     003f373c  _PIE_disableAllInts                              
0     003f3738  _PIE_disableCaptureInt                           
0     003f372f  _PIE_disableExtInt                               
0     003f3725  _PIE_disableInt                                  
0     003f3722  _PIE_enable                                      
0     003f3705  _PIE_enableAdcInt                                
0     003f3701  _PIE_enableCaptureInt                            
0     003f36e4  _PIE_enableExtInt                                
0     003f36e0  _PIE_enableI2cInt                                
0     003f36d7  _PIE_enableInt                                   
0     003f36d2  _PIE_enablePwmInt                                
0     003f36cd  _PIE_enablePwmTzInt                              
0     003f36ca  _PIE_enableTimer0Int                             
0     003f36c1  _PIE_forceInt                                    
0     003f36b9  _PIE_getExtIntCount                              
0     003f36b2  _PIE_getIntEnables                               
0     003f36ab  _PIE_getIntFlags                                 
0     003f3bbe  _PIE_illegalIsr                                  
0     003f36a2  _PIE_init                                        
0     003f3691  _PIE_registerPieIntHandler                       
0     003f3686  _PIE_registerSystemIntHandler                    
0     003f367b  _PIE_setDefaultIntVectorTable                    
0     003f366a  _PIE_setExtIntPolarity                           
0     003f3657  _PIE_unregisterPieIntHandler                     
0     003f364a  _PIE_unregisterSystemIntHandler                  
0     003f38ca  _PLL_disable                                     
0     003f38c4  _PLL_disableClkDetect                            
0     003f38be  _PLL_disableNormRdy                              
0     003f38b8  _PLL_disableOsc                                  
0     003f38b2  _PLL_enable                                      
0     003f38ac  _PLL_enableClkDetect                             
0     003f38a6  _PLL_enableNormRdy                               
0     003f38a0  _PLL_enableOsc                                   
0     003f389c  _PLL_getClkFreq                                  
0     003f3899  _PLL_getClkStatus                                
0     003f3896  _PLL_getDivideSelect                             
0     003f3893  _PLL_getLockStatus                               
0     003f388c  _PLL_init                                        
0     003f3886  _PLL_resetClkDetect                              
0     003f3880  _PLL_setClkFreq                                  
0     003f3879  _PLL_setDivideSelect                             
0     003f3874  _PLL_setLockPeriod                               
0     003f2ee1  _PWM_clearTripZone                               
0     003f2ede  _PWM_decrementDeadBandFallingEdgeDelay           
0     003f2edb  _PWM_decrementDeadBandRisingEdgeDelay            
0     003f2ed4  _PWM_disableAutoConvert                          
0     003f2ed0  _PWM_disableChopping                             
0     003f2ecd  _PWM_disableCounterLoad                          
0     003f2eca  _PWM_disableDeadBand                             
0     003f2ec6  _PWM_disableDeadBandHalfCycle                    
0     003f2ebf  _PWM_disableDigitalCompareBlankingWindow         
0     003f2eb8  _PWM_disableDigitalCompareBlankingWindowInversion
0     003f2eb1  _PWM_disableHrPeriod                             
0     003f2eaa  _PWM_disableHrPhaseSync                          
0     003f2ea6  _PWM_disableInt                                  
0     003f2ea2  _PWM_disableSocAPulse                            
0     003f2e9e  _PWM_disableSocBPulse                            
0     003f2e97  _PWM_disableTripZoneInt                          
0     003f2e90  _PWM_disableTripZoneSrc                          
0     003f2e8a  _PWM_disableTripZones                            
0     003f2e83  _PWM_enableAutoConvert                           
0     003f2e7f  _PWM_enableChopping                              
0     003f2e7c  _PWM_enableCounterLoad                           
0     003f2e78  _PWM_enableDeadBandHalfCycle                     
0     003f2e71  _PWM_enableDigitalCompareBlankingWindow          
0     003f2e6a  _PWM_enableDigitalCompareBlankingWindowInversion 
0     003f2e63  _PWM_enableHrPeriod                              
0     003f2e5c  _PWM_enableHrPhaseSync                           
0     003f2e58  _PWM_enableInt                                   
0     003f2e54  _PWM_enableSocAPulse                             
0     003f2e50  _PWM_enableSocBPulse                             
0     003f2e4a  _PWM_enableTripZoneInt                           
0     003f2e44  _PWM_enableTripZoneSrc                           
0     003f2e41  _PWM_getDeadBandFallingEdgeDelay                 
0     003f2e3e  _PWM_getDeadBandRisingEdgeDelay                  
0     003f2e3a  _PWM_getIntCount                                 
0     003f2e36  _PWM_getShadowStatus_CmpA                        
0     003f2e32  _PWM_getShadowStatus_CmpB                        
0     003f2e2d  _PWM_getSocACount                                
0     003f2e28  _PWM_getSocBCount                                
0     003f2e25  _PWM_incrementDeadBandFallingEdgeDelay           
0     003f2e22  _PWM_incrementDeadBandRisingEdgeDelay            
0     003f2e1b  _PWM_init                                        
0     003f2e14  _PWM_setActionQualContSWForce_PwmA               
0     003f2e0b  _PWM_setActionQualContSWForce_PwmB               
0     003f2e02  _PWM_setActionQual_CntDown_CmpA_PwmA             
0     003f2df9  _PWM_setActionQual_CntDown_CmpA_PwmB             
0     003f2df0  _PWM_setActionQual_CntDown_CmpB_PwmA             
0     003f2de7  _PWM_setActionQual_CntDown_CmpB_PwmB             
0     003f2dde  _PWM_setActionQual_CntUp_CmpA_PwmA               
0     003f2dd5  _PWM_setActionQual_CntUp_CmpA_PwmB               
0     003f2dcc  _PWM_setActionQual_CntUp_CmpB_PwmA               
0     003f2dc3  _PWM_setActionQual_CntUp_CmpB_PwmB               
0     003f2dba  _PWM_setActionQual_Period_PwmA                   
0     003f2db1  _PWM_setActionQual_Period_PwmB                   
0     003f2daa  _PWM_setActionQual_Zero_PwmA                     
0     003f2da3  _PWM_setActionQual_Zero_PwmB                     
0     003f2d9c  _PWM_setChoppingClkFreq                          
0     003f2d95  _PWM_setChoppingDutyCycle                        
0     003f2d8e  _PWM_setChoppingPulseWidth                       
0     003f2d8a  _PWM_setClkDiv                                   
0     003f2d88  _PWM_setCount                                    
0     003f2d84  _PWM_setCounterMode                              
0     003f2d81  _PWM_setDeadBandFallingEdgeDelay                 
0     003f2d7a  _PWM_setDeadBandInputMode                        
0     003f2d73  _PWM_setDeadBandOutputMode                       
0     003f2d6c  _PWM_setDeadBandPolarity                         
0     003f2d69  _PWM_setDeadBandRisingEdgeDelay                  
0     003f2d4f  _PWM_setDigitalCompareAEvent1                    
0     003f2d3f  _PWM_setDigitalCompareAEvent2                    
0     003f2d25  _PWM_setDigitalCompareBEvent1                    
0     003f2d15  _PWM_setDigitalCompareBEvent2                    
0     003f2d09  _PWM_setDigitalCompareBlankingPulse              
0     003f2d06  _PWM_setDigitalCompareFilterOffset               
0     003f2cfc  _PWM_setDigitalCompareFilterSource               
0     003f2cf9  _PWM_setDigitalCompareFilterWindow               
0     003f2cea  _PWM_setDigitalCompareInput                      
0     003f2ce6  _PWM_setHighSpeedClkDiv                          
0     003f2cdc  _PWM_setHrControlMode                            
0     003f2cd2  _PWM_setHrEdgeMode                               
0     003f2cc8  _PWM_setHrShadowMode                             
0     003f2cc1  _PWM_setIntMode                                  
0     003f2cba  _PWM_setIntPeriod                                
0     003f2cb6  _PWM_setLoadMode_CmpA                            
0     003f2cb0  _PWM_setLoadMode_CmpB                            
0     003f2cae  _PWM_setPeriod                                   
0     003f2ca9  _PWM_setPeriodHr                                 
0     003f2ca5  _PWM_setPeriodLoad                               
0     003f2ca3  _PWM_setPhase                                    
0     003f2c9f  _PWM_setPhaseDir                                 
0     003f2c9b  _PWM_setRunMode                                  
0     003f2c95  _PWM_setShadowMode_CmpA                          
0     003f2c8f  _PWM_setShadowMode_CmpB                          
0     003f2c86  _PWM_setSocAPeriod                               
0     003f2c7d  _PWM_setSocAPulseSrc                             
0     003f2c74  _PWM_setSocBPeriod                               
0     003f2c6b  _PWM_setSocBPulseSrc                             
0     003f2c68  _PWM_setSwSync                                   
0     003f2c64  _PWM_setSyncMode                                 
0     003f2c5a  _PWM_setTripZoneDCEventSelect_DCAEVT1            
0     003f2c4e  _PWM_setTripZoneDCEventSelect_DCAEVT2            
0     003f2c42  _PWM_setTripZoneDCEventSelect_DCBEVT1            
0     003f2c36  _PWM_setTripZoneDCEventSelect_DCBEVT2            
0     003f2c2a  _PWM_setTripZoneState_DCAEVT1                    
0     003f2c1e  _PWM_setTripZoneState_DCAEVT2                    
0     003f2c12  _PWM_setTripZoneState_DCBEVT1                    
0     003f2c06  _PWM_setTripZoneState_DCBEVT2                    
0     003f2bfc  _PWM_setTripZoneState_TZA                        
0     003f2bf0  _PWM_setTripZoneState_TZB                        
0     003f39f2  _PWR_disableBrownOutReset                        
0     003f39e8  _PWR_disableWatchDogInt                          
0     003f39e5  _PWR_enableBrownOutReset                         
0     003f39db  _PWR_enableWatchDogInt                           
0     003f39d2  _PWR_init                                        
0     003f39c1  _PWR_setLowPowerMode                             
0     003f39b0  _PWR_setNumStandByClocks                         
0     003f05eb  _RamfuncsLoadEnd                                 
0     003f0000  _RamfuncsLoadStart                               
0     00008000  _RamfuncsRunStart                                
0     003f37f6  _SPI_clearRxFifoInt                              
0     003f37f2  _SPI_clearRxFifoOvf                              
0     003f37ee  _SPI_clearTxFifoInt                              
0     003f37eb  _SPI_disableInt                                  
0     003f37e8  _SPI_disableLoopBack                             
0     003f37e5  _SPI_disableOverRunInt                           
0     003f37e1  _SPI_disableRxFifoInt                            
0     003f37de  _SPI_disableTx                                   
0     003f37da  _SPI_disableTxFifoEnh                            
0     003f37d6  _SPI_disableTxFifoInt                            
0     003f37d3  _SPI_enable                                      
0     003f37cf  _SPI_enableChannels                              
0     003f37cc  _SPI_enableInt                                   
0     003f37c9  _SPI_enableLoopBack                              
0     003f37c6  _SPI_enableOverRunInt                            
0     003f37c2  _SPI_enableRxFifo                                
0     003f37be  _SPI_enableRxFifoInt                             
0     003f37bb  _SPI_enableTx                                    
0     003f37b7  _SPI_enableTxFifo                                
0     003f37b3  _SPI_enableTxFifoEnh                             
0     003f37af  _SPI_enableTxFifoInt                             
0     003f37ac  _SPI_getIntFlagStatus                            
0     003f37a8  _SPI_getRxFifoStatus                             
0     003f37a5  _SPI_getTxBufferStatus                           
0     003f37a1  _SPI_getTxFifoStatus                             
0     003f379a  _SPI_init                                        
0     003f3797  _SPI_reset                                       
0     003f3793  _SPI_resetChannels                               
0     003f378f  _SPI_resetRxFifo                                 
0     003f378b  _SPI_resetTxFifo                                 
0     003f3789  _SPI_setBaudRate                                 
0     003f3785  _SPI_setCharLength                               
0     003f3783  _SPI_setClkPhase                                 
0     003f377f  _SPI_setClkPolarity                              
0     003f377d  _SPI_setMode                                     
0     003f3776  _SPI_setPriority                                 
0     003f376f  _SPI_setRxFifoIntLevel                           
0     003f3768  _SPI_setSteInv                                   
0     003f3761  _SPI_setSuspend                                  
0     003f375a  _SPI_setTriWire                                  
0     003f3757  _SPI_setTxDelay                                  
0     003f3750  _SPI_setTxFifoIntLevel                           
0     003f3a69  _TIMER_clearFlag                                 
0     003f3a66  _TIMER_disableInt                                
0     003f3a63  _TIMER_enableInt                                 
0     003f3a60  _TIMER_getStatus                                 
0     003f3a59  _TIMER_init                                      
0     003f3a4b  _TIMER_setDecimationFactor                       
0     003f3a47  _TIMER_setEmulationMode                          
0     003f3a39  _TIMER_setPreScaler                              
0     003f22db  _USER_calcPIgains                                
0     003f22d7  _USER_checkForErrors                             
0     003f22c9  _USER_computeFlux                                
0     003f2278  _USER_computeFlux_pu_to_VpHz_sf                  
0     003f2227  _USER_computeFlux_pu_to_Wb_sf                    
0     003f21d6  _USER_computeTorque_Flux_Iq_pu_to_Nm_sf          
0     003f2187  _USER_computeTorque_Ls_Id_Iq_pu_to_Nm_sf         
0     003f213a  _USER_computeTorque_Nm                           
0     003f20e2  _USER_computeTorque_lbin                         
0     003f20df  _USER_getErrorCode                               
0     003f20dc  _USER_setErrorCode                               
0     003f1f6c  _USER_setParams                                  
0     003f1ed4  _USER_softwareUpdate1p6                          
0     003f39a8  _WDOG_clearCounter                               
0     003f39a0  _WDOG_disable                                    
0     003f399a  _WDOG_disableInt                                 
0     003f3994  _WDOG_disableOverRide                            
0     003f398b  _WDOG_enable                                     
0     003f3985  _WDOG_enableInt                                  
0     003f397f  _WDOG_enableOverRide                             
0     003f397c  _WDOG_getIntStatus                               
0     003f3975  _WDOG_init                                       
0     003f3973  _WDOG_setCount                                   
0     003f3969  _WDOG_setPreScaler                               
0     003f3c57  __IQ15int                                        
abs   003ff854  __IQ24cosPU                                      
abs   003ff083  __IQ24div                                        
abs   003fff8f  __IQ24rmpy                                       
abs   003ff82b  __IQ24sinPU                                      
abs   003ff2aa  __IQ24sqrt                                       
abs   003fff67  __IQ24toF                                        
abs   003ff87b  __IQ29rsmpy                                      
abs   003fff52  __IQ30rsmpy                                      
abs   003fff7b  __IQ30toF                                        
1     00000506  __STACK_END                                      
abs   00000200  __STACK_SIZE                                     
1     000088a8  ___TI_cleanup_ptr                                
1     000088aa  ___TI_dtors_ptr                                  
abs   ffffffff  ___binit__                                       
abs   ffffffff  ___c_args__                                      
0     003f3bc3  ___cinit__                                       
0     003f3bc3  ___etext__                                       
abs   ffffffff  ___pinit__                                       
0     003f05eb  ___text__                                        
0     003f3b6a  __args_main                                      
1     000088ac  __lock                                           
0     003f3bb5  __nop                                            
0     003f3bb1  __register_lock                                  
0     003f3bad  __register_unlock                                
1     00000306  __stack                                          
1     000088ae  __unlock                                         
0     003f3b83  _abort                                           
0     003f2979  _acim_Dir_qFmtCalc                               
0     003f39f5  _c_int00                                         
1     000088b2  _cpu                                             
1     00000100  _ctrl                                            
1     00008806  _ctrlHandle                                      
1     003f6088  _econst_end                                      
1     00000506  _econst_ram_load                                 
1     003f6000  _econst_start                                    
abs   000007fc  _errno                                           
0     003f3b85  _exit                                            
1     00008810  _gAdcData                                        
1     00008801  _gCounter_updateGlobals                          
1     00008820  _gDrvSpi8301Vars                                 
1     00008802  _gLEDcnt                                         
1     00008804  _gMaxCurrentSlope                                
1     00008840  _gMotorVars                                      
1     0000880a  _gPwmData                                        
1     00000040  _gUserParams                                     
1     00000240  _hal                                             
1     00000000  _halHandle                                       
abs   003fde41  _ldexp                                           
abs   003fda88  _log                                             
0     003f298f  _main                                            
0     0000851d  _mainISR                                         
0     003f3b9c  _memCopy                                         
abs   003fde82  _modf                                            
abs   003fdd64  _pow                                             
0     003f287d  _recalcKpKi                                      
0     003f2858  _setFeLimitZero                                  
0     003f38d0  _sqrt                                            
1     00000000  _switch_end                                      
1     00000000  _switch_ram_load                                 
1     00000000  _switch_start                                    
0     003f27fb  _updateGlobalVariables_motor                     
0     000085e7  _usDelay                                         
abs   ffffffff  binit                                            
0     003f3bc3  cinit                                            
0     003f7ff6  code_start                                       
0     003f3bc3  etext                                            
abs   ffffffff  pinit                                            


GLOBAL SYMBOLS: SORTED BY Symbol Address 

page  address   name                                             
----  -------   ----                                             
0     00008000  _CTRL_setup                                      
0     00008000  _RamfuncsRunStart                                
0     0000800b  _CTRL_run                                        
0     0000851d  _mainISR                                         
0     00008597  _FLASH_setStandbyWaitCount                       
0     0000859c  _FLASH_setPowerMode                              
0     000085a3  _FLASH_setOtpWaitStates                          
0     000085aa  _FLASH_setNumRandomReadWaitStates                
0     000085b1  _FLASH_setNumPagedReadWaitStates                 
0     000085b8  _FLASH_setActiveWaitCount                        
0     000085bd  _FLASH_enablePipelineMode                        
0     000085c3  _FLASH_disablePipelineMode                       
0     000085c9  _HAL_setupFlash                                  
0     000085e7  _usDelay                                         
0     003f0000  _RamfuncsLoadStart                               
0     003f05eb  .text                                            
0     003f05eb  _CTRL_setupTraj                                  
0     003f05eb  _RamfuncsLoadEnd                                 
0     003f05eb  ___text__                                        
0     003f074f  _CTRL_setupEstOnLineState                        
0     003f078a  _CTRL_setupEstIdleState                          
0     003f0928  _CTRL_setupCtrl                                  
0     003f0b10  _CTRL_setUserMotorParams                         
0     003f0c43  _CTRL_setEstParams                               
0     003f13a9  _CTRL_runTraj                                    
0     003f1475  _CTRL_getVersion                                 
0     003f147f  _HAL_writeDrvData                                
0     003f1484  _HAL_setupTimers                                 
0     003f14d2  _HAL_setupSpiA                                   
0     003f1508  _HAL_setupPwms                                   
0     003f15e0  _HAL_setupPll                                    
0     003f161f  _HAL_setupPie                                    
0     003f163b  _HAL_setupPeripheralClks                         
0     003f1670  _HAL_setupLaunchPadGpio0and1                     
0     003f1696  _HAL_setupI2C                                    
0     003f16d2  _HAL_setupGpios                                  
0     003f175f  _HAL_setupGate                                   
0     003f1774  _HAL_setupFaults                                 
0     003f1792  _HAL_setupDrvSpi                                 
0     003f1797  _HAL_setupDeadman                                
0     003f17ad  _HAL_setupClks                                   
0     003f17c9  _HAL_setupAdcs                                   
0     003f188c  _HAL_setTorque                                   
0     003f18ee  _HAL_setSpeed                                    
0     003f1943  _HAL_setPowe_SF                                  
0     003f1956  _HAL_AdcCalChanSelect                            
0     003f19ad  _HAL_AdcCalConversion                            
0     003f1b0f  _HAL_AdcOffsetSelfCal                            
0     003f1b3e  _HAL_getOscTrimValue                             
0     003f1b54  _HAL_osc1Comp                                    
0     003f1b96  _HAL_osc2Comp                                    
0     003f1bd8  _HAL_OscTempComp                                 
0     003f1c31  _HAL_cal                                         
0     003f1c48  _HAL_setParams                                   
0     003f1d5e  _HAL_readDrvData                                 
0     003f1d63  _HAL_readDeadman                                 
0     003f1d69  _HAL_disableWdog                                 
0     003f1d6e  _HAL_init                                        
0     003f1e28  _HAL_i2ctest                                     
0     003f1e38  _HAL_i2cSend                                     
0     003f1e48  _HAL_enablePwmInt                                
0     003f1e59  _HAL_enableI2cInts                               
0     003f1e65  _HAL_enableGlobalInts                            
0     003f1e69  _HAL_enableDrv                                   
0     003f1e6e  _HAL_enableDebugInt                              
0     003f1e72  _HAL_enableAdcInts                               
0     003f1e84  _HAL_disableGlobalInts                           
0     003f1e88  _HAL_computePower                                
0     003f1eb3  _HAL_calcSpeedkph                                
0     003f1ed4  _USER_softwareUpdate1p6                          
0     003f1f6c  _USER_setParams                                  
0     003f20dc  _USER_setErrorCode                               
0     003f20df  _USER_getErrorCode                               
0     003f20e2  _USER_computeTorque_lbin                         
0     003f213a  _USER_computeTorque_Nm                           
0     003f2187  _USER_computeTorque_Ls_Id_Iq_pu_to_Nm_sf         
0     003f21d6  _USER_computeTorque_Flux_Iq_pu_to_Nm_sf          
0     003f2227  _USER_computeFlux_pu_to_Wb_sf                    
0     003f2278  _USER_computeFlux_pu_to_VpHz_sf                  
0     003f22c9  _USER_computeFlux                                
0     003f22d7  _USER_checkForErrors                             
0     003f22db  _USER_calcPIgains                                
0     003f239c  _CTRL_updateState                                
0     003f2450  _CTRL_setup_user                                 
0     003f24b4  _CTRL_setupClarke_V                              
0     003f24ca  _CTRL_setupClarke_I                              
0     003f24e6  _CTRL_setWaitTimes                               
0     003f24ef  _CTRL_setSpd_ref_pu                              
0     003f24f2  _CTRL_setSpd_ref_krpm                            
0     003f2505  _CTRL_setGains                                   
0     003f252d  _CTRL_setParams                                  
0     003f2785  _CTRL_getWaitTimes                               
0     003f278e  _CTRL_getVdq_out_pu                              
0     003f2795  _CTRL_getVab_out_pu                              
0     003f279c  _CTRL_getVab_in_pu                               
0     003f27a3  _CTRL_getIdq_ref_pu                              
0     003f27aa  _CTRL_getIdq_in_pu                               
0     003f27b1  _CTRL_getIab_in_pu                               
0     003f27b8  _CTRL_getIab_filt_pu                             
0     003f27bf  _CTRL_getGains                                   
0     003f27ef  _CTRL_setMagCurrent_pu                           
0     003f27f2  _CTRL_setMaximumSpeed_pu                         
0     003f27f5  _CTRL_getMaximumSpeed_pu                         
0     003f27f8  _CTRL_getMagCurrent_pu                           
0     003f27fb  _updateGlobalVariables_motor                     
0     003f2858  _setFeLimitZero                                  
0     003f287d  _recalcKpKi                                      
0     003f2979  _acim_Dir_qFmtCalc                               
0     003f298f  _main                                            
0     003f2bf0  _PWM_setTripZoneState_TZB                        
0     003f2bfc  _PWM_setTripZoneState_TZA                        
0     003f2c06  _PWM_setTripZoneState_DCBEVT2                    
0     003f2c12  _PWM_setTripZoneState_DCBEVT1                    
0     003f2c1e  _PWM_setTripZoneState_DCAEVT2                    
0     003f2c2a  _PWM_setTripZoneState_DCAEVT1                    
0     003f2c36  _PWM_setTripZoneDCEventSelect_DCBEVT2            
0     003f2c42  _PWM_setTripZoneDCEventSelect_DCBEVT1            
0     003f2c4e  _PWM_setTripZoneDCEventSelect_DCAEVT2            
0     003f2c5a  _PWM_setTripZoneDCEventSelect_DCAEVT1            
0     003f2c64  _PWM_setSyncMode                                 
0     003f2c68  _PWM_setSwSync                                   
0     003f2c6b  _PWM_setSocBPulseSrc                             
0     003f2c74  _PWM_setSocBPeriod                               
0     003f2c7d  _PWM_setSocAPulseSrc                             
0     003f2c86  _PWM_setSocAPeriod                               
0     003f2c8f  _PWM_setShadowMode_CmpB                          
0     003f2c95  _PWM_setShadowMode_CmpA                          
0     003f2c9b  _PWM_setRunMode                                  
0     003f2c9f  _PWM_setPhaseDir                                 
0     003f2ca3  _PWM_setPhase                                    
0     003f2ca5  _PWM_setPeriodLoad                               
0     003f2ca9  _PWM_setPeriodHr                                 
0     003f2cae  _PWM_setPeriod                                   
0     003f2cb0  _PWM_setLoadMode_CmpB                            
0     003f2cb6  _PWM_setLoadMode_CmpA                            
0     003f2cba  _PWM_setIntPeriod                                
0     003f2cc1  _PWM_setIntMode                                  
0     003f2cc8  _PWM_setHrShadowMode                             
0     003f2cd2  _PWM_setHrEdgeMode                               
0     003f2cdc  _PWM_setHrControlMode                            
0     003f2ce6  _PWM_setHighSpeedClkDiv                          
0     003f2cea  _PWM_setDigitalCompareInput                      
0     003f2cf9  _PWM_setDigitalCompareFilterWindow               
0     003f2cfc  _PWM_setDigitalCompareFilterSource               
0     003f2d06  _PWM_setDigitalCompareFilterOffset               
0     003f2d09  _PWM_setDigitalCompareBlankingPulse              
0     003f2d15  _PWM_setDigitalCompareBEvent2                    
0     003f2d25  _PWM_setDigitalCompareBEvent1                    
0     003f2d3f  _PWM_setDigitalCompareAEvent2                    
0     003f2d4f  _PWM_setDigitalCompareAEvent1                    
0     003f2d69  _PWM_setDeadBandRisingEdgeDelay                  
0     003f2d6c  _PWM_setDeadBandPolarity                         
0     003f2d73  _PWM_setDeadBandOutputMode                       
0     003f2d7a  _PWM_setDeadBandInputMode                        
0     003f2d81  _PWM_setDeadBandFallingEdgeDelay                 
0     003f2d84  _PWM_setCounterMode                              
0     003f2d88  _PWM_setCount                                    
0     003f2d8a  _PWM_setClkDiv                                   
0     003f2d8e  _PWM_setChoppingPulseWidth                       
0     003f2d95  _PWM_setChoppingDutyCycle                        
0     003f2d9c  _PWM_setChoppingClkFreq                          
0     003f2da3  _PWM_setActionQual_Zero_PwmB                     
0     003f2daa  _PWM_setActionQual_Zero_PwmA                     
0     003f2db1  _PWM_setActionQual_Period_PwmB                   
0     003f2dba  _PWM_setActionQual_Period_PwmA                   
0     003f2dc3  _PWM_setActionQual_CntUp_CmpB_PwmB               
0     003f2dcc  _PWM_setActionQual_CntUp_CmpB_PwmA               
0     003f2dd5  _PWM_setActionQual_CntUp_CmpA_PwmB               
0     003f2dde  _PWM_setActionQual_CntUp_CmpA_PwmA               
0     003f2de7  _PWM_setActionQual_CntDown_CmpB_PwmB             
0     003f2df0  _PWM_setActionQual_CntDown_CmpB_PwmA             
0     003f2df9  _PWM_setActionQual_CntDown_CmpA_PwmB             
0     003f2e02  _PWM_setActionQual_CntDown_CmpA_PwmA             
0     003f2e0b  _PWM_setActionQualContSWForce_PwmB               
0     003f2e14  _PWM_setActionQualContSWForce_PwmA               
0     003f2e1b  _PWM_init                                        
0     003f2e22  _PWM_incrementDeadBandRisingEdgeDelay            
0     003f2e25  _PWM_incrementDeadBandFallingEdgeDelay           
0     003f2e28  _PWM_getSocBCount                                
0     003f2e2d  _PWM_getSocACount                                
0     003f2e32  _PWM_getShadowStatus_CmpB                        
0     003f2e36  _PWM_getShadowStatus_CmpA                        
0     003f2e3a  _PWM_getIntCount                                 
0     003f2e3e  _PWM_getDeadBandRisingEdgeDelay                  
0     003f2e41  _PWM_getDeadBandFallingEdgeDelay                 
0     003f2e44  _PWM_enableTripZoneSrc                           
0     003f2e4a  _PWM_enableTripZoneInt                           
0     003f2e50  _PWM_enableSocBPulse                             
0     003f2e54  _PWM_enableSocAPulse                             
0     003f2e58  _PWM_enableInt                                   
0     003f2e5c  _PWM_enableHrPhaseSync                           
0     003f2e63  _PWM_enableHrPeriod                              
0     003f2e6a  _PWM_enableDigitalCompareBlankingWindowInversion 
0     003f2e71  _PWM_enableDigitalCompareBlankingWindow          
0     003f2e78  _PWM_enableDeadBandHalfCycle                     
0     003f2e7c  _PWM_enableCounterLoad                           
0     003f2e7f  _PWM_enableChopping                              
0     003f2e83  _PWM_enableAutoConvert                           
0     003f2e8a  _PWM_disableTripZones                            
0     003f2e90  _PWM_disableTripZoneSrc                          
0     003f2e97  _PWM_disableTripZoneInt                          
0     003f2e9e  _PWM_disableSocBPulse                            
0     003f2ea2  _PWM_disableSocAPulse                            
0     003f2ea6  _PWM_disableInt                                  
0     003f2eaa  _PWM_disableHrPhaseSync                          
0     003f2eb1  _PWM_disableHrPeriod                             
0     003f2eb8  _PWM_disableDigitalCompareBlankingWindowInversion
0     003f2ebf  _PWM_disableDigitalCompareBlankingWindow         
0     003f2ec6  _PWM_disableDeadBandHalfCycle                    
0     003f2eca  _PWM_disableDeadBand                             
0     003f2ecd  _PWM_disableCounterLoad                          
0     003f2ed0  _PWM_disableChopping                             
0     003f2ed4  _PWM_disableAutoConvert                          
0     003f2edb  _PWM_decrementDeadBandRisingEdgeDelay            
0     003f2ede  _PWM_decrementDeadBandFallingEdgeDelay           
0     003f2ee1  _PWM_clearTripZone                               
0     003f2ee7  _DRV8301_writeSpi                                
0     003f2efe  _DRV8301_writeData                               
0     003f2f27  _DRV8301_readSpi                                 
0     003f2f60  _DRV8301_setupSpi                                
0     003f2fe7  _DRV8301_setSpiHandle                            
0     003f2fe9  _DRV8301_setShuntAmpGain                         
0     003f2ffd  _DRV8301_setPwmMode                              
0     003f3011  _DRV8301_setPeakCurrent                          
0     003f3025  _DRV8301_setOcTwMode                             
0     003f3039  _DRV8301_setOcOffTimeMode                        
0     003f304d  _DRV8301_setOcMode                               
0     003f3061  _DRV8301_setOcLevel                              
0     003f3075  _DRV8301_setGpioNumber                           
0     003f3077  _DRV8301_setGpioHandle                           
0     003f3079  _DRV8301_setDcCalMode                            
0     003f3098  _DRV8301_reset                                   
0     003f30a7  _DRV8301_readData                                
0     003f311d  _DRV8301_isReset                                 
0     003f3124  _DRV8301_isFault                                 
0     003f312a  _DRV8301_init                                    
0     003f3134  _DRV8301_getShuntAmpGain                         
0     003f313b  _DRV8301_getPwmMode                              
0     003f3142  _DRV8301_getPeakCurrent                          
0     003f3149  _DRV8301_getOcTwMode                             
0     003f3150  _DRV8301_getOcOffTimeMode                        
0     003f3157  _DRV8301_getOcMode                               
0     003f315e  _DRV8301_getOcLevel                              
0     003f3165  _DRV8301_getId                                   
0     003f316b  _DRV8301_getFaultType                            
0     003f3186  _DRV8301_getDcCalMode                            
0     003f3198  _DRV8301_enable                                  
0     003f31bb  _ADC_setupSocTrigSrc                             
0     003f31e6  _ADC_setVoltRefSrc                               
0     003f31f7  _ADC_setTempSensorSrc                            
0     003f3208  _ADC_setSocTrigSrc                               
0     003f321c  _ADC_setSocSampleDelay                           
0     003f3230  _ADC_setSocFrcWord                               
0     003f323a  _ADC_setSocFrc                                   
0     003f3247  _ADC_setSocChanNumber                            
0     003f325b  _ADC_setSampleOverlapMode                        
0     003f326e  _ADC_setSampleMode                               
0     003f3285  _ADC_setOffTrim                                  
0     003f328f  _ADC_setIntSrc                                   
0     003f32b0  _ADC_setIntPulseGenMode                          
0     003f32c1  _ADC_setIntMode                                  
0     003f32e2  _ADC_setDivideSelect                             
0     003f32f3  _ADC_reset                                       
0     003f32fd  _ADC_powerUp                                     
0     003f3307  _ADC_powerDown                                   
0     003f3311  _ADC_init                                        
0     003f331a  _ADC_getDivideSelect                             
0     003f3321  _ADC_enableVoltRefLoConv                         
0     003f332b  _ADC_enableRefBuffers                            
0     003f3335  _ADC_enableNoOverlapMode                         
0     003f333f  _ADC_enableInt                                   
0     003f3355  _ADC_enableBandGap                               
0     003f335f  _ADC_enable                                      
0     003f3369  _ADC_disableVoltRefLoConv                        
0     003f3373  _ADC_disableRefBuffers                           
0     003f337d  _ADC_disableNoOverlapMode                        
0     003f3387  _ADC_disableInt                                  
0     003f339e  _ADC_disableBandGap                              
0     003f33a8  _ADC_disable                                     
0     003f33b2  _GPIO_toggle                                     
0     003f33c3  _GPIO_setQualificationPeriod                     
0     003f33f3  _GPIO_setQualification                           
0     003f3430  _GPIO_setPullUp                                  
0     003f344b  _GPIO_setPortData                                
0     003f3458  _GPIO_setMode                                    
0     003f348b  _GPIO_setLow                                     
0     003f349c  _GPIO_setHigh                                    
0     003f34ad  _GPIO_setExtInt                                  
0     003f34b8  _GPIO_setDirection                               
0     003f34d3  _GPIO_read                                       
0     003f34f3  _GPIO_lpmSelect                                  
0     003f34fd  _GPIO_init                                       
0     003f3504  _GPIO_getPortData                                
0     003f350f  _GPIO_getData                                    
0     003f351e  _CLK_setXClkInSrc                                
0     003f3525  _CLK_setWatchDogSrc                              
0     003f352c  _CLK_setTimer2Src                                
0     003f3533  _CLK_setTimer2PreScale                           
0     003f353a  _CLK_setOscSrc                                   
0     003f3541  _CLK_setOsc2Src                                  
0     003f3548  _CLK_setLowSpdPreScaler                          
0     003f354e  _CLK_setClkOutPreScaler                          
0     003f3555  _CLK_init                                        
0     003f355c  _CLK_enableWatchDogHaltMode                      
0     003f3562  _CLK_enableTbClockSync                           
0     003f3569  _CLK_enableSpiaClock                             
0     003f3570  _CLK_enableSciaClock                             
0     003f3577  _CLK_enablePwmClock                              
0     003f3580  _CLK_enableOsc2HaltMode                          
0     003f3586  _CLK_enableOsc2                                  
0     003f358c  _CLK_enableOsc1HaltMode                          
0     003f3592  _CLK_enableOsc1                                  
0     003f3598  _CLK_enableI2cClock                              
0     003f359f  _CLK_enableHrPwmClock                            
0     003f35a6  _CLK_enableGpioInputClock                        
0     003f35ad  _CLK_enableEcap1Clock                            
0     003f35b4  _CLK_enableCrystalOsc                            
0     003f35ba  _CLK_enableCpuTimerClock                         
0     003f35c0  _CLK_enableCompClock                             
0     003f35c6  _CLK_enableClkIn                                 
0     003f35cc  _CLK_enableAdcClock                              
0     003f35d3  _CLK_disableWatchDogHaltMode                     
0     003f35d9  _CLK_disableTbClockSync                          
0     003f35e0  _CLK_disableSpiaClock                            
0     003f35e7  _CLK_disableSciaClock                            
0     003f35ee  _CLK_disablePwmClock                             
0     003f35f8  _CLK_disableOsc2HaltMode                         
0     003f35fe  _CLK_disableOsc2                                 
0     003f3604  _CLK_disableOsc1HaltMode                         
0     003f360a  _CLK_disableOsc1                                 
0     003f3610  _CLK_disableI2cClock                             
0     003f3617  _CLK_disableHrPwmClock                           
0     003f361e  _CLK_disableGpioInputClock                       
0     003f3625  _CLK_disableEcap1Clock                           
0     003f362c  _CLK_disableCrystalOsc                           
0     003f3632  _CLK_disableCpuTimerClock                        
0     003f3639  _CLK_disableCompClock                            
0     003f363d  _CLK_disableClkIn                                
0     003f3643  _CLK_disableAdcClock                             
0     003f364a  _PIE_unregisterSystemIntHandler                  
0     003f3657  _PIE_unregisterPieIntHandler                     
0     003f366a  _PIE_setExtIntPolarity                           
0     003f367b  _PIE_setDefaultIntVectorTable                    
0     003f3686  _PIE_registerSystemIntHandler                    
0     003f3691  _PIE_registerPieIntHandler                       
0     003f36a2  _PIE_init                                        
0     003f36ab  _PIE_getIntFlags                                 
0     003f36b2  _PIE_getIntEnables                               
0     003f36b9  _PIE_getExtIntCount                              
0     003f36c1  _PIE_forceInt                                    
0     003f36ca  _PIE_enableTimer0Int                             
0     003f36cd  _PIE_enablePwmTzInt                              
0     003f36d2  _PIE_enablePwmInt                                
0     003f36d7  _PIE_enableInt                                   
0     003f36e0  _PIE_enableI2cInt                                
0     003f36e4  _PIE_enableExtInt                                
0     003f3701  _PIE_enableCaptureInt                            
0     003f3705  _PIE_enableAdcInt                                
0     003f3722  _PIE_enable                                      
0     003f3725  _PIE_disableInt                                  
0     003f372f  _PIE_disableExtInt                               
0     003f3738  _PIE_disableCaptureInt                           
0     003f373c  _PIE_disableAllInts                              
0     003f3743  _PIE_disable                                     
0     003f3746  _PIE_clearAllInts                                
0     003f3749  _PIE_clearAllFlags                               
0     003f3750  _SPI_setTxFifoIntLevel                           
0     003f3757  _SPI_setTxDelay                                  
0     003f375a  _SPI_setTriWire                                  
0     003f3761  _SPI_setSuspend                                  
0     003f3768  _SPI_setSteInv                                   
0     003f376f  _SPI_setRxFifoIntLevel                           
0     003f3776  _SPI_setPriority                                 
0     003f377d  _SPI_setMode                                     
0     003f377f  _SPI_setClkPolarity                              
0     003f3783  _SPI_setClkPhase                                 
0     003f3785  _SPI_setCharLength                               
0     003f3789  _SPI_setBaudRate                                 
0     003f378b  _SPI_resetTxFifo                                 
0     003f378f  _SPI_resetRxFifo                                 
0     003f3793  _SPI_resetChannels                               
0     003f3797  _SPI_reset                                       
0     003f379a  _SPI_init                                        
0     003f37a1  _SPI_getTxFifoStatus                             
0     003f37a5  _SPI_getTxBufferStatus                           
0     003f37a8  _SPI_getRxFifoStatus                             
0     003f37ac  _SPI_getIntFlagStatus                            
0     003f37af  _SPI_enableTxFifoInt                             
0     003f37b3  _SPI_enableTxFifoEnh                             
0     003f37b7  _SPI_enableTxFifo                                
[...]
0     003f37d3  _SPI_enable                                      
0     003f37d6  _SPI_disableTxFifoInt                            
0     003f37da  _SPI_disableTxFifoEnh                            
0     003f37de  _SPI_disableTx                                   
0     003f37e1  _SPI_disableRxFifoInt                            
0     003f37e5  _SPI_disableOverRunInt                           
0     003f37e8  _SPI_disableLoopBack                             
0     003f37eb  _SPI_disableInt                                  
0     003f37ee  _SPI_clearTxFifoInt                              
0     003f37f2  _SPI_clearRxFifoOvf                              
0     003f37f6  _SPI_clearRxFifoInt                              
0     003f37fa  _I2C_setupClock                                  
0     003f37ff  _I2C_setSlaveAddress                             
0     003f3801  _I2C_setSlave                                    
0     003f3805  _I2C_setRunFree                                  
0     003f3809  _I2C_setMasterStopBit                            
0     003f380d  _I2C_setMasterSlaveAddr                          
0     003f380f  _I2C_setMaster                                   
0     003f3813  _I2C_resetTxFifo                                 
0     003f3817  _I2C_resetRxFifo                                 
0     003f381b  _I2C_resetAll                                    
0     003f381e  _I2C_putData                                     
0     003f3821  _I2C_isStopConditionDetected                     
0     003f3825  _I2C_isNoAck                                     
0     003f3829  _I2C_isMasterStopBitSet                          
0     003f382e  _I2C_isMasterBusy                                
0     003f3832  _I2C_isAllRegisterReady                          
0     003f3836  _I2C_init                                        
0     003f383d  _I2C_getStatus                                   
0     003f383f  _I2C_getIntSource                                
0     003f3842  _I2C_getData                                     
0     003f3844  _I2C_enableInt                                   
0     003f3846  _I2C_enableFifo                                  
0     003f384a  _I2C_enable                                      
0     003f384e  _I2C_disableInt                                  
0     003f3851  _I2C_disableFifo                                 
0     003f3855  _I2C_disable                                     
0     003f3859  _I2C_clearTxFifoInt                              
0     003f385d  _I2C_clearStopConditionDetection                 
0     003f3860  _I2C_clearRxFifoInt                              
0     003f3864  _I2C_clearRunFree                                
0     003f3868  _I2C_clearNoAckBit                               
0     003f386b  _I2C_MasterControl                               
0     003f3874  _PLL_setLockPeriod                               
0     003f3879  _PLL_setDivideSelect                             
0     003f3880  _PLL_setClkFreq                                  
0     003f3886  _PLL_resetClkDetect                              
0     003f388c  _PLL_init                                        
0     003f3893  _PLL_getLockStatus                               
0     003f3896  _PLL_getDivideSelect                             
0     003f3899  _PLL_getClkStatus                                
0     003f389c  _PLL_getClkFreq                                  
0     003f38a0  _PLL_enableOsc                                   
0     003f38a6  _PLL_enableNormRdy                               
0     003f38ac  _PLL_enableClkDetect                             
0     003f38b2  _PLL_enable                                      
0     003f38b8  _PLL_disableOsc                                  
0     003f38be  _PLL_disableNormRdy                              
0     003f38c4  _PLL_disableClkDetect                            
0     003f38ca  _PLL_disable                                     
0     003f38d0  _sqrt                                            
0     003f3921  _OFFSET_setOffset                                
0     003f3923  _OFFSET_setInitCond                              
0     003f3932  _OFFSET_setBeta                                  
0     003f3948  _OFFSET_init                                     
0     003f395a  _OFFSET_getBeta                                  
0     003f3969  _WDOG_setPreScaler                               
0     003f3973  _WDOG_setCount                                   
0     003f3975  _WDOG_init                                       
0     003f397c  _WDOG_getIntStatus                               
0     003f397f  _WDOG_enableOverRide                             
0     003f3985  _WDOG_enableInt                                  
0     003f398b  _WDOG_enable                                     
0     003f3994  _WDOG_disableOverRide                            
0     003f399a  _WDOG_disableInt                                 
0     003f39a0  _WDOG_disable                                    
0     003f39a8  _WDOG_clearCounter                               
0     003f39b0  _PWR_setNumStandByClocks                         
0     003f39c1  _PWR_setLowPowerMode                             
0     003f39d2  _PWR_init                                        
0     003f39db  _PWR_enableWatchDogInt                           
0     003f39e5  _PWR_enableBrownOutReset                         
0     003f39e8  _PWR_disableWatchDogInt                          
0     003f39f2  _PWR_disableBrownOutReset                        
0     003f39f5  _c_int00                                         
0     003f3a39  _TIMER_setPreScaler                              
0     003f3a47  _TIMER_setEmulationMode                          
0     003f3a4b  _TIMER_setDecimationFactor                       
0     003f3a59  _TIMER_init                                      
0     003f3a60  _TIMER_getStatus                                 
0     003f3a63  _TIMER_enableInt                                 
0     003f3a66  _TIMER_disableInt                                
0     003f3a69  _TIMER_clearFlag                                 
0     003f3a6c  _OSC_setTrim                                     
0     003f3a75  _OSC_setFineTrim                                 
0     003f3a86  _OSC_setCoarseTrim                               
0     003f3a93  _OSC_init                                        
0     003f3a9a  L$$DIV                                           
0     003f3aa9  L$$MOD                                           
0     003f3ab7  UL$$DIV                                          
0     003f3abe  UL$$MOD                                          
0     003f3ac4  _CPU_init                                        
0     003f3ac8  _CPU_enableProtectedRegisterWrite                
0     003f3acb  _CPU_enableInt                                   
0     003f3acf  _CPU_enableGlobalInts                            
0     003f3ad2  _CPU_enableDebugInt                              
0     003f3ad5  _CPU_disableProtectedRegisterWrite               
0     003f3ad8  _CPU_disableInts                                 
0     003f3adb  _CPU_disableInt                                  
0     003f3ae0  _CPU_disableGlobalInts                           
0     003f3ae3  _CPU_disableDebugInt                             
0     003f3ae6  _CPU_clearIntFlags                               
0     003f3ae9  _FILTER_FO_setNumCoeffs                          
0     003f3aed  _FILTER_FO_setInitialConditions                  
0     003f3af2  _FILTER_FO_setDenCoeffs                          
0     003f3af4  _FILTER_FO_init                                  
0     003f3afb  _FILTER_FO_getNumCoeffs                          
0     003f3b01  _FILTER_FO_getInitialConditions                  
0     003f3b08  _FILTER_FO_getDenCoeffs                          
0     003f3b0b  _FLASH_init                                      
0     003f3b12  _FLASH_getStandbyWaitStatus                      
0     003f3b16  _FLASH_getStandbyWaitCount                       
0     003f3b19  _FLASH_getPowerMode                              
0     003f3b1c  _FLASH_getActiveWaitStatus                       
0     003f3b20  _FLASH_getActiveWaitCount                        
0     003f3b23  _FLASH_get3VStatus                               
0     003f3b26  _FLASH_clear3VStatus                             
0     003f3b2c  FS$$TOUL                                         
0     003f3b4d  FS$$TOU                                          
0     003f3b6a  __args_main                                      
0     003f3b83  C$$EXIT                                          
0     003f3b83  _abort                                           
0     003f3b85  _exit                                            
0     003f3b9c  _memCopy                                         
0     003f3bad  __register_unlock                                
0     003f3bb1  __register_lock                                  
0     003f3bb5  __nop                                            
0     003f3bbe  _PIE_illegalIsr                                  
0     003f3bc3  ___cinit__                                       
0     003f3bc3  ___etext__                                       
0     003f3bc3  cinit                                            
0     003f3bc3  etext                                            
0     003f3c57  __IQ15int                                        
0     003f7ff6  code_start                                       
1     00000000  _halHandle                                       
1     00000000  _switch_end                                      
1     00000000  _switch_ram_load                                 
1     00000000  _switch_start                                    
1     00000040  _gUserParams                                     
1     00000100  _ctrl                                            
1     00000240  _hal                                             
1     00000306  __stack                                          
1     00000506  __STACK_END                                      
1     00000506  _econst_ram_load                                 
1     00008800  _Flag_Latch_softwareUpdate                       
1     00008801  _gCounter_updateGlobals                          
1     00008802  _gLEDcnt                                         
1     00008804  _gMaxCurrentSlope                                
1     00008806  _ctrlHandle                                      
1     0000880a  _gPwmData                                        
1     00008810  _gAdcData                                        
1     00008820  _gDrvSpi8301Vars                                 
1     00008840  _gMotorVars                                      
1     000088a8  ___TI_cleanup_ptr                                
1     000088aa  ___TI_dtors_ptr                                  
1     000088ac  __lock                                           
1     000088ae  __unlock                                         
1     000088b2  _cpu                                             
1     003f6000  _econst_start                                    
1     003f6088  _econst_end                                      
abs   00000200  __STACK_SIZE                                     
abs   000007fc  _errno                                           
abs   003fc000  _EST_getState                                    
abs   003fc002  _EST_useZeroIq_ref                               
abs   003fc05a  _EST_resetCounter_state                          
abs   003fc05e  _EST_isMotorIdentified                           
abs   003fc062  _EST_getFullScaleCurrent                         
abs   003fc08e  _EST_getFullScaleVoltage                         
abs   003fc092  _EST_computeDirection_qFmt                       
abs   003fc0f8  _EST_updateState                                 
abs   003fc3da  _EST_updateId_ref_pu                             
abs   003fc3e2  _EST_setWaitTimes                                
abs   003fc3fd  _EST_setRs_pu                                    
abs   003fc4bb  _EST_setMotorParams                              
abs   003fc4c0  _EST_setMaxCurrentSlope_pu                       
abs   003fc4cc  _EST_setLs_q_pu                                  
abs   003fc4d1  _EST_getFullScaleInductance                      
abs   003fc4d6  _EST_setLs_qFmt                                  
abs   003fc52a  _EST_setLs_d_pu                                  
abs   003fc548  _EST_setIq_ref_pu                                
abs   003fc54c  _EST_setIdle_all                                 
abs   003fc55f  _EST_setIdle                                     
abs   003fc565  _EST_setId_ref_pu                                
abs   003fc569  _EST_setIdRated_pu                               
abs   003fc56f  _EST_setFullScaleVoltage                         
abs   003fc573  _EST_setFullScaleResistance                      
abs   003fc58b  _EST_setFullScaleFreq                            
abs   003fc594  _EST_setFullScaleCurrent                         
abs   003fc5b0  _EST_setFlag_updateRs                            
abs   003fc5b4  _EST_setFlag_estComplete                         
abs   003fc5b8  _EST_setFlag_enableRsRecalc                      
abs   003fc5bc  _EST_setFlag_enableRsOnLine                      
abs   003fc5c0  _EST_setFlag_enableForceAngle                    
abs   003fc5c5  _EST_setFlag_enableFluxControl                   
abs   003fc5c9  _EST_setFe_pos_min_pu                            
abs   003fc5cd  _EST_setFe_neg_max_pu                            
abs   003fc5da  _EST_setDir_qFmt                                 
abs   003fc5ed  _EST_resetCounter_ctrl                           
abs   003fc5f2  _EST_getAngle_pu                                 
abs   003fcc5c  _EST_getFullScaleFreq                            
abs   003fcc60  _EST_run                                         
abs   003fcd5d  _EST_isOnLine                                    
abs   003fcd64  _EST_isLockRotor                                 
abs   003fcd6b  _EST_isIdle                                      
abs   003fcd72  _EST_isError                                     
abs   003fce38  _EST_get_pu_to_krpm_sf                           
abs   003fce3d  _EST_get_krpm_to_pu_sf                           
abs   003fceab  _EST_getSpeed_krpm                               
abs   003fcef8  _EST_getRs_Ohm                                   
abs   003fcf92  _EST_getRr_Ohm                                   
abs   003fcf98  _EST_getOneOverDcBus_pu                          
abs   003fcfa2  _EST_getMaxCurrentSlope_pu                       
abs   003fcfae  _EST_getLs_q_pu                                  
abs   003fcfb3  _EST_getLs_q_H                                   
abs   003fcfd5  _EST_getLs_d_pu                                  
abs   003fcfda  _EST_getLs_d_H                                   
abs   003fcfe4  _EST_getLs_coarse_max_pu                         
abs   003fd017  _EST_getIdRated                                  
abs   003fd043  _EST_getFullScaleFlux                            
abs   003fd073  _EST_getFm_pu                                    
abs   003fd090  _EST_getFlux_pu                                  
abs   003fd0a3  _EST_getFlux_VpHz                                
abs   003fd13d  _EST_doSpeedCtrl                                 
abs   003fd145  _EST_doCurrentCtrl                               
abs   003fd14d  _EST_computeR                                    
abs   003fd16d  _EST_computeL                                    
abs   003fd1af  _EST_TRAJ_setParams                              
abs   003fd1be  _EST_I_setParams                                 
abs   003fd1e8  _EST_EPL_setParams                               
abs   003fd237  _EST_Ls_setWaitTimes                             
abs   003fd247  _EST_Ls_setParams                                
abs   003fd284  _EST_Ls_setLs_q                                  
abs   003fd2b6  _EST_Ls_setLs_d                                  
abs   003fd3a8  _EST_Ls_getLs_d                                  
abs   003fd41e  _EST_Flux_setWaitTimes                           
abs   003fd42e  _EST_Flux_setParams                              
abs   003fd49c  _EST_Flux_getRatedFlux_pu                        
abs   003fd514  _EST_Flux_computeOneOverFlux_qFmt                
abs   003fd54d  _EST_RsOnLine_setParams                          
abs   003fd57d  _EST_RsOnLine_setFilterParams                    
abs   003fd6b3  _EST_Rs_setWaitTimes                             
abs   003fd6c3  _EST_Rs_setRs                                    
abs   003fd725  _EST_Rs_setParams                                
abs   003fd767  _EST_Rs_getRs                                    
abs   003fd788  _EST_Rr_setRr                                    
abs   003fd7e9  _EST_Rr_setParams                                
abs   003fd88b  _CTRL_initCtrl                                   
abs   003fd922  _EST_Dir_setParams                               
abs   003fd95c  _EST_Freq_setParams                              
abs   003fd9b0  _EST_Flux_ab_setParams                           
abs   003fd9cc  _EST_Iab_setParams                               
abs   003fd9e5  _EST_Angle_setParams                             
abs   003fd9fb  _EST_Vdq_setParams                               
abs   003fda0d  _EST_OneOverDcBus_setParams                      
abs   003fda1e  _EST_Idq_setParams                               
abs   003fda3b  _EST_Flux_dq_setParams                           
abs   003fda47  _EST_Vback_ab_setParams                          
abs   003fda53  _EST_Vab_setParams                               
abs   003fda5e  _EST_Vback_dq_setParams                          
abs   003fda88  _log                                             
abs   003fdc5e  FD$$MPY                                          
abs   003fdce1  FS$$DIV                                          
abs   003fdd64  _pow                                             
abs   003fdde7  FS$$MPY                                          
abs   003fde41  _ldexp                                           
abs   003fde82  _modf                                            
abs   003fdeb3  FS$$SUB                                          
abs   003fdeb8  FS$$ADD                                          
abs   003fdf2b  FS$$CMP                                          
abs   003fdf7b  FD$$TOL                                          
abs   003fdfb7  FS$$TOFD                                         
abs   003ff083  __IQ24div                                        
abs   003ff2aa  __IQ24sqrt                                       
abs   003ff82b  __IQ24sinPU                                      
abs   003ff854  __IQ24cosPU                                      
abs   003ff87b  __IQ29rsmpy                                      
abs   003ff890  L$$TOFS                                          
abs   003ff8aa  UL$$TOFS                                         
abs   003ff8bd  U$$TOFS                                          
abs   003ffee5  FS$$TOL                                          
abs   003fff0e  FS$$TOI                                          
abs   003fff33  I$$TOFS                                          
abs   003fff4d  FS$$NEG                                          
abs   003fff52  __IQ30rsmpy                                      
abs   003fff67  __IQ24toF                                        
abs   003fff7b  __IQ30toF                                        
abs   003fff8f  __IQ24rmpy                                       
abs   ffffffff  ___binit__                                       
abs   ffffffff  ___c_args__                                      
abs   ffffffff  ___pinit__                                       
abs   ffffffff  binit                                            
abs   ffffffff  pinit                                            

[699 symbols]
