******************************************************************************
             TMS320C2000 Linker PC v16.9.1                     
******************************************************************************
>> Linked Mon Apr 17 15:42:16 2017

OUTPUT FILE NAME:   <proj_lab05a.out>
ENTRY POINT SYMBOL: "_c_int00"  address: 0000b43c


MEMORY CONFIGURATION

         name            origin    length      used     unused   attr    fill
----------------------  --------  ---------  --------  --------  ----  --------
PAGE 0:
  BEGIN                 00000000   00000002  00000002  00000000  RWIX
  RAMM0                 00000050   000003b0  000000e1  000002cf  RWIX
  RAML0_L8              00008000   0000b800  00003d29  00007ad7  RWIX
  FPUTABLES             003fd590   000006a0  00000000  000006a0  RWIX
  IQTABLES              003fdc30   00000b50  00000b50  00000000  RWIX
  IQTABLES2             003fe780   0000008c  00000000  0000008c  RWIX
  IQTABLES3             003fe80c   000000aa  00000000  000000aa  RWIX
  BOOTROM               003ff3b0   00000c10  00000000  00000c10  RWIX
  RESET                 003fffc0   00000002  00000000  00000002  RWIX

PAGE 1:
  BOOT_RSVD             00000002   0000004e  00000000  0000004e  RWIX
  RAMM1                 00000400   00000400  000003b0  00000050  RWIX
  USB_RAM               00040000   00000800  00000000  00000800  RWIX


SECTION ALLOCATION MAP

 output                                  attributes/
section   page    origin      length       input sections
--------  ----  ----------  ----------   ----------------
codestart 
*          0    00000000    00000002     
                  00000000    00000002     CodeStartBranch.obj (codestart)

.cinit     0    00000050    000000ab     
                  00000050    00000089     proj_lab05a.obj (.cinit)
                  000000d9    0000000e     rts2800_ml.lib : exit.obj (.cinit)
                  000000e7    00000005                    : _lock.obj (.cinit:__lock)
                  000000ec    00000005                    : _lock.obj (.cinit:__unlock)
                  000000f1    00000004     drv8301.obj (.cinit)
                  000000f5    00000004     rts2800_ml.lib : errno.obj (.cinit)
                  000000f9    00000002     --HOLE-- [fill = 0]

ramfuncs   0    000000fb    00000036     
                  000000fb    00000032     flash.obj (ramfuncs)
                  0000012d    00000004     usDelay.obj (ramfuncs)

.text      0    00008000    000037f9     
                  00008000    00000b57     hal.obj (.text)
                  00008b57    00000989     ctrl.obj (.text)
                  000094e0    0000045a     user.obj (.text)
                  0000993a    0000041f     rts2800_ml.lib : e_powf.obj (.text)
                  00009d59    0000034c     proj_lab05a.obj (.text)
                  0000a0a5    000002f6     pwm.obj (.text)
                  0000a39b    000002d1     drv8301.obj (.text)
                  0000a66c    000001f8     adc.obj (.text)
                  0000a864    0000018a     clk.obj (.text)
                  0000a9ee    00000186     rts2800_ml.lib : e_logf.obj (.text)
                  0000ab74    00000174     gpio.obj (.text)
                  0000ace8    0000013e     proj_lab05a.obj (.text:retain)
                  0000ae26    000000ff     pie.obj (.text)
                  0000af25    000000f3     sci.obj (.text)
                  0000b018    000000a9     spi.obj (.text)
                  0000b0c1    00000083     rts2800_ml.lib : fd_mpy28.obj (.text)
                  0000b144    00000083                    : fs_div28.obj (.text)
                  0000b1c7    00000078                    : fs_add28.obj (.text)
                  0000b23f    00000076                    : e_sqrtf.obj (.text)
                  0000b2b5    00000069                    : s_ceilf.obj (.text)
                  0000b31e    00000069                    : s_scalbnf.obj (.text)
                  0000b387    0000005b     pll.obj (.text)
                  0000b3e2    0000005a     rts2800_ml.lib : fs_mpy28.obj (.text)
                  0000b43c    00000054                    : boot28.obj (.text)
                  0000b490    00000047     offset.obj (.text)
                  0000b4d7    00000046     wdog.obj (.text)
                  0000b51d    00000044     pwr.obj (.text)
                  0000b561    00000032     timer.obj (.text)
                  0000b593    0000002d     osc.obj (.text)
                  0000b5c0    00000029     rts2800_ml.lib : exit.obj (.text)
                  0000b5e9    00000025     cpu.obj (.text)
                  0000b60e    00000025     rts2800_ml.lib : fs_toi28.obj (.text)
                  0000b633    00000024                    : cpy_tbl.obj (.text)
                  0000b657    00000021     filter_fo.obj (.text)
                  0000b678    00000021     rts2800_ml.lib : fs_toul28.obj (.text)
                  0000b699    00000020     flash.obj (.text)
                  0000b6b9    0000001f     rts2800_ml.lib : fd_tol28.obj (.text)
                  0000b6d8    0000001d                    : fs_tou28.obj (.text)
                  0000b6f5    0000001d                    : memcpy.obj (.text)
                  0000b712    0000001c     cpu_usage.obj (.text)
                  0000b72e    0000001c     rts2800_ml.lib : fs_tofd28.obj (.text)
                  0000b74a    0000001a                    : i_tofs28.obj (.text)
                  0000b764    0000001a                    : l_tofs28.obj (.text)
                  0000b77e    00000019                    : args_main.obj (.text)
                  0000b797    00000017                    : fs_cmp28.obj (.text)
                  0000b7ae    00000013                    : ul_tofs28.obj (.text)
                  0000b7c1    00000010                    : u_tofs28.obj (.text)
                  0000b7d1    0000000a                    : s_copysignf.obj (.text)
                  0000b7db    00000009                    : _lock.obj (.text)
                  0000b7e4    00000008     CodeStartBranch.obj (.text)
                  0000b7ec    00000005     pie.obj (.text:retain)
                  0000b7f1    00000005     rts2800_ml.lib : fs_neg28.obj (.text)
                  0000b7f6    00000002                    : pre_init.obj (.text)
                  0000b7f8    00000001                    : startup.obj (.text)

.pinit     0    00000050    00000000     UNINITIALIZED

.reset     0    003fffc0    00000002     DSECT
                  003fffc0    00000002     rts2800_ml.lib : boot28.obj (.reset)

.ebss      0    0000b7fa    00000408     UNINITIALIZED
                  0000b7fa    00000006     rts2800_ml.lib : exit.obj (.ebss)
                  0000b800    00000310     proj_lab05a.obj (.ebss)
                  0000bb10    00000002     rts2800_ml.lib : _lock.obj (.ebss:__lock)
                  0000bb12    00000002                    : _lock.obj (.ebss:__unlock)
                  0000bb14    00000002     drv8301.obj (.ebss)
                  0000bb16    00000001     cpu.obj (.ebss)
                  0000bb17    00000001     rts2800_ml.lib : errno.obj (.ebss)
                  0000bb18    00000028     --HOLE--
                  0000bb40    000000c2     hal.obj (.ebss)

IQmath     0    0000bc02    000000a6     
                  0000bc02    00000042     IQmath.lib : IQ24sqrt.obj (IQmath)
                  0000bc44    00000029                : IQ24sinPU.obj (IQmath)
                  0000bc6d    00000027                : IQ24cosPU.obj (IQmath)
                  0000bc94    00000014                : IQ30toF.obj (IQmath)

.econst    0    0000bca8    00000082     
                  0000bca8    00000032     rts2800_ml.lib : e_powf.obj (.econst)
                  0000bcda    00000010                    : e_logf.obj (.econst)
                  0000bcea    00000008     user.obj (.econst)
                  0000bcf2    00000006     rts2800_ml.lib : s_scalbnf.obj (.econst)
                  0000bcf8    00000004     ctrl.obj (.econst:_$P$T0$1)
                  0000bcfc    00000004     ctrl.obj (.econst:_$P$T1$2)
                  0000bd00    00000004     ctrl.obj (.econst:_$P$T2$3)
                  0000bd04    00000004     ctrl.obj (.econst:_$P$T3$4)
                  0000bd08    00000004     ctrl.obj (.econst:_$P$T4$5)
                  0000bd0c    00000004     ctrl.obj (.econst:_$P$T5$6)
                  0000bd10    00000004     rts2800_ml.lib : e_powf.obj (.econst:_bp)
                  0000bd14    00000004                    : e_powf.obj (.econst:_dp_h)
                  0000bd18    00000004                    : e_powf.obj (.econst:_dp_l)
                  0000bd1c    00000004     ctrl.obj (.econst)
                  0000bd20    00000004     hal.obj (.econst)
                  0000bd24    00000004     rts2800_ml.lib : e_sqrtf.obj (.econst)
                  0000bd28    00000002                    : s_ceilf.obj (.econst)

IQmathTables 
*          0    003fdc30    00000b50     NOLOAD SECTION
                  003fdc30    00000b50     IQmath.lib : IQmathTables.obj (IQmathTables)

.stack     1    00000400    000003b0     UNINITIALIZED
                  00000400    000003b0     --HOLE--

MODULE SUMMARY

       Module                code    initialized data   uninitialized data
       ------                ----    ----------------   ------------------
    .\
       hal.obj               2903    4                  194               
       ctrl.obj              2441    28                 0                 
       proj_lab05a.obj       1162    137                784               
       user.obj              1114    8                  0                 
       pwm.obj               758     0                  0                 
       drv8301.obj           721     4                  2                 
       adc.obj               504     0                  0                 
       clk.obj               394     0                  0                 
       gpio.obj              372     0                  0                 
       pie.obj               260     0                  0                 
       sci.obj               243     0                  0                 
       spi.obj               169     0                  0                 
       pll.obj               91      0                  0                 
       flash.obj             82      0                  0                 
       offset.obj            71      0                  0                 
       wdog.obj              70      0                  0                 
       pwr.obj               68      0                  0                 
       timer.obj             50      0                  0                 
       osc.obj               45      0                  0                 
       cpu.obj               37      0                  1                 
       filter_fo.obj         33      0                  0                 
       cpu_usage.obj         28      0                  0                 
       CodeStartBranch.obj   10      0                  0                 
       usDelay.obj           4       0                  0                 
    +--+---------------------+-------+------------------+--------------------+
       Total:                11630   181                981               
                                                                          
    C:/Users/tokol0sh/Source/Repos/telescopeController_Hardware/third party/motorware_1_01_00_16/sw/modules/iqmath/lib/f28x/32b/IQmath.lib
       IQmathTables.obj      0       2896               0                 
       IQ24sqrt.obj          0       66                 0                 
       IQ24sinPU.obj         0       41                 0                 
       IQ24cosPU.obj         0       39                 0                 
       IQ30toF.obj           0       20                 0                 
    +--+---------------------+-------+------------------+--------------------+
       Total:                0       3062               0                 
                                                                          
    C:/ti/ccsv7/tools/compiler/ti-cgt-c2000_16.9.1.LTS/lib/rts2800_ml.lib
       e_powf.obj            1055    62                 0                 
       e_logf.obj            390     16                 0                 
       fd_mpy28.obj          131     0                  0                 
       fs_div28.obj          131     0                  0                 
       e_sqrtf.obj           118     4                  0                 
       fs_add28.obj          120     0                  0                 
       s_scalbnf.obj         105     6                  0                 
       s_ceilf.obj           105     2                  0                 
       fs_mpy28.obj          90      0                  0                 
       boot28.obj            84      0                  0                 
       exit.obj              41      14                 6                 
       fs_toi28.obj          37      0                  0                 
       cpy_tbl.obj           36      0                  0                 
       fs_toul28.obj         33      0                  0                 
       fd_tol28.obj          31      0                  0                 
       fs_tou28.obj          29      0                  0                 
       memcpy.obj            29      0                  0                 
       fs_tofd28.obj         28      0                  0                 
       i_tofs28.obj          26      0                  0                 
       l_tofs28.obj          26      0                  0                 
       args_main.obj         25      0                  0                 
       _lock.obj             9       10                 4                 
       fs_cmp28.obj          23      0                  0                 
       ul_tofs28.obj         19      0                  0                 
       u_tofs28.obj          16      0                  0                 
       s_copysignf.obj       10      0                  0                 
       errno.obj             0       4                  1                 
       fs_neg28.obj          5       0                  0                 
       pre_init.obj          2       0                  0                 
       startup.obj           1       0                  0                 
    +--+---------------------+-------+------------------+--------------------+
       Total:                2755    118                11                
                                                                          
       Stack:                0       0                  944               
    +--+---------------------+-------+------------------+--------------------+
       Grand Total:          14385   3361               1936              


GLOBAL DATA SYMBOLS: SORTED BY DATA PAGE

address     data page           name
--------    ----------------    ----
00000400      10 (00000400)     __stack

0000b7fa     2df (0000b7c0)     ___TI_enable_exit_profile_output
0000b7fc     2df (0000b7c0)     ___TI_cleanup_ptr
0000b7fe     2df (0000b7c0)     ___TI_dtors_ptr

0000b800     2e0 (0000b800)     _gLEDcnt
0000b801     2e0 (0000b800)     _gCounter_updateGlobals
0000b802     2e0 (0000b800)     _Flag_Latch_softwareUpdate
0000b803     2e0 (0000b800)     _sentBytes
0000b804     2e0 (0000b800)     _gTorque_Flux_Iq_pu_to_Nm_sf
0000b806     2e0 (0000b800)     _gMaxCurrentSlope
0000b808     2e0 (0000b800)     _halHandle
0000b80a     2e0 (0000b800)     _gFlux_pu_to_Wb_sf
0000b80c     2e0 (0000b800)     _controller_obj
0000b80e     2e0 (0000b800)     _gTorque_Ls_Id_Iq_pu_to_Nm_sf
0000b810     2e0 (0000b800)     _gFlux_pu_to_VpHz_sf
0000b812     2e0 (0000b800)     _ctrlHandle
0000b814     2e0 (0000b800)     _sdata
0000b818     2e0 (0000b800)     _gPwmData
0000b81e     2e0 (0000b800)     _gAdcData

0000b840     2e1 (0000b840)     _gDrvSpi8301Vars

0000b880     2e2 (0000b880)     _tempMotorVars

0000b900     2e4 (0000b900)     _gMotorVars

0000b980     2e6 (0000b980)     _gUserParams

0000ba40     2e9 (0000ba40)     _bytesToSend

0000bb10     2ec (0000bb00)     __lock
0000bb12     2ec (0000bb00)     __unlock
0000bb16     2ec (0000bb00)     _cpu
0000bb17     2ec (0000bb00)     _errno

0000bb40     2ed (0000bb40)     _hal

0000bc02     2f0 (0000bc00)     __IQ24sqrt

0000bc44     2f1 (0000bc40)     __IQ24sinPU
0000bc6d     2f1 (0000bc40)     __IQ24cosPU

0000bc94     2f2 (0000bc80)     __IQ30toF

003fdc30    ff70 (003fdc00)     _IQsinTable

003fdd30    ff74 (003fdd00)     _IQcosTable

003fe030    ff80 (003fe000)     _IQsinTableEnd

003fe132    ff84 (003fe100)     _IQcosTableEnd
003fe132    ff84 (003fe100)     _IQdivRoundSatTable

003fe140    ff85 (003fe140)     _IQdivTable

003fe342    ff8d (003fe340)     _IQdivTableEnd
003fe342    ff8d (003fe340)     _IQisqrtRoundSatTable
003fe342    ff8d (003fe340)     _IQsqrtRoundSatTable
003fe352    ff8d (003fe340)     _IQisqrtTable
003fe352    ff8d (003fe340)     _IQsqrtTable

003fe454    ff91 (003fe440)     _IQatan2HalfPITable
003fe454    ff91 (003fe440)     _IQisqrtTableEnd
003fe454    ff91 (003fe440)     _IQsqrtTableEnd

003fe492    ff92 (003fe480)     _IQatan2Table

003fe618    ff98 (003fe600)     _IQ30mpyRndSatTable
003fe618    ff98 (003fe600)     _IQatan2TableEnd
003fe618    ff98 (003fe600)     _IQmpyRndSatTable
003fe624    ff98 (003fe600)     _IQ29mpyRndSatTable
003fe630    ff98 (003fe600)     _IQ28mpyRndSatTable
003fe63c    ff98 (003fe600)     _IQ27mpyRndSatTable

003fe648    ff99 (003fe640)     _IQ26mpyRndSatTable
003fe654    ff99 (003fe640)     _IQ25mpyRndSatTable
003fe660    ff99 (003fe640)     _IQ24mpyRndSatTable
003fe66c    ff99 (003fe640)     _IQ23mpyRndSatTable
003fe678    ff99 (003fe640)     _IQ22mpyRndSatTable

003fe684    ff9a (003fe680)     _IQ21mpyRndSatTable
003fe690    ff9a (003fe680)     _IQ20mpyRndSatTable
003fe69c    ff9a (003fe680)     _IQ19mpyRndSatTable
003fe6a8    ff9a (003fe680)     _IQ18mpyRndSatTable
003fe6b4    ff9a (003fe680)     _IQ17mpyRndSatTable

003fe6c0    ff9b (003fe6c0)     _IQ16mpyRndSatTable
003fe6cc    ff9b (003fe6c0)     _IQ15mpyRndSatTable
003fe6d8    ff9b (003fe6c0)     _IQ14mpyRndSatTable
003fe6e4    ff9b (003fe6c0)     _IQ13mpyRndSatTable
003fe6f0    ff9b (003fe6c0)     _IQ12mpyRndSatTable
003fe6fc    ff9b (003fe6c0)     _IQ11mpyRndSatTable

003fe708    ff9c (003fe700)     _IQ10mpyRndSatTable
003fe714    ff9c (003fe700)     _IQ9mpyRndSatTable
003fe720    ff9c (003fe700)     _IQ8mpyRndSatTable
003fe72c    ff9c (003fe700)     _IQ7mpyRndSatTable
003fe738    ff9c (003fe700)     _IQ6mpyRndSatTable

003fe744    ff9d (003fe740)     _IQ5mpyRndSatTable
003fe750    ff9d (003fe740)     _IQ4mpyRndSatTable
003fe75c    ff9d (003fe740)     _IQ3mpyRndSatTable
003fe768    ff9d (003fe740)     _IQ2mpyRndSatTable
003fe774    ff9d (003fe740)     _IQ1mpyRndSatTable

003fe780    ff9e (003fe780)     _IQmpyRndSatTableEnd


GLOBAL SYMBOLS: SORTED ALPHABETICALLY BY Name 

page  address   name                                             
----  -------   ----                                             
0     00008000  .text                                            
0     0000b5c0  C$$EXIT                                          
0     0000b0c1  FD$$MPY                                          
0     0000b6b9  FD$$TOL                                          
0     0000b1cc  FS$$ADD                                          
0     0000b797  FS$$CMP                                          
0     0000b144  FS$$DIV                                          
0     0000b3e2  FS$$MPY                                          
0     0000b7f1  FS$$NEG                                          
0     0000b1c7  FS$$SUB                                          
0     0000b72e  FS$$TOFD                                         
0     0000b60e  FS$$TOI                                          
0     0000b6d8  FS$$TOU                                          
0     0000b678  FS$$TOUL                                         
0     0000b74a  I$$TOFS                                          
0     0000b764  L$$TOFS                                          
0     0000b7c1  U$$TOFS                                          
0     0000b7ae  UL$$TOFS                                         
0     0000a85a  _ADC_disable                                     
0     0000a850  _ADC_disableBandGap                              
0     0000a839  _ADC_disableInt                                  
0     0000a82f  _ADC_disableNoOverlapMode                        
0     0000a825  _ADC_disableRefBuffers                           
0     0000a81b  _ADC_disableVoltRefLoConv                        
0     0000a811  _ADC_enable                                      
0     0000a807  _ADC_enableBandGap                               
0     0000a7f1  _ADC_enableInt                                   
0     0000a7e7  _ADC_enableNoOverlapMode                         
0     0000a7dd  _ADC_enableRefBuffers                            
0     0000a7d3  _ADC_enableVoltRefLoConv                         
0     0000a7c9  _ADC_getDivideSelect                             
0     0000a7c1  _ADC_init                                        
0     0000a7b7  _ADC_powerDown                                   
0     0000a7ad  _ADC_powerUp                                     
0     0000a7a3  _ADC_reset                                       
0     0000a792  _ADC_setDivideSelect                             
0     0000a771  _ADC_setIntMode                                  
0     0000a760  _ADC_setIntPulseGenMode                          
0     0000a73f  _ADC_setIntSrc                                   
0     0000a735  _ADC_setOffTrim                                  
0     0000a71e  _ADC_setSampleMode                               
0     0000a70b  _ADC_setSampleOverlapMode                        
0     0000a6f7  _ADC_setSocChanNumber                            
0     0000a6ea  _ADC_setSocFrc                                   
0     0000a6e0  _ADC_setSocFrcWord                               
0     0000a6cc  _ADC_setSocSampleDelay                           
0     0000a6b8  _ADC_setSocTrigSrc                               
0     0000a6a7  _ADC_setTempSensorSrc                            
0     0000a696  _ADC_setVoltRefSrc                               
0     0000a66c  _ADC_setupSocTrigSrc                             
0     0000a9e7  _CLK_disableAdcClock                             
0     0000a9e0  _CLK_disableClaClock                             
0     0000a9da  _CLK_disableClkIn                                
0     0000a9d6  _CLK_disableCompClock                            
0     0000a9cf  _CLK_disableCpuTimerClock                        
0     0000a9c9  _CLK_disableCrystalOsc                           
0     0000a9c2  _CLK_disableEcanaClock                           
0     0000a9bb  _CLK_disableEcap1Clock                           
0     0000a9b4  _CLK_disableEqep1Clock                           
0     0000a9ad  _CLK_disableEqep2Clock                           
0     0000a9a6  _CLK_disableGpioInputClock                       
0     0000a99f  _CLK_disableHrPwmClock                           
0     0000a998  _CLK_disableI2cClock                             
0     0000a991  _CLK_disableLinAClock                            
0     0000a98b  _CLK_disableOsc1                                 
0     0000a985  _CLK_disableOsc1HaltMode                         
0     0000a97f  _CLK_disableOsc2                                 
0     0000a979  _CLK_disableOsc2HaltMode                         
0     0000a96f  _CLK_disablePwmClock                             
0     0000a968  _CLK_disableSciaClock                            
0     0000a961  _CLK_disableScibClock                            
0     0000a95a  _CLK_disableSpiaClock                            
0     0000a956  _CLK_disableSpibClock                            
0     0000a94f  _CLK_disableTbClockSync                          
0     0000a949  _CLK_disableWatchDogHaltMode                     
0     0000a942  _CLK_enableAdcClock                              
0     0000a93b  _CLK_enableClaClock                              
0     0000a935  _CLK_enableClkIn                                 
0     0000a92f  _CLK_enableCompClock                             
0     0000a929  _CLK_enableCpuTimerClock                         
0     0000a923  _CLK_enableCrystalOsc                            
0     0000a91c  _CLK_enableEcanaClock                            
0     0000a915  _CLK_enableEcap1Clock                            
0     0000a90e  _CLK_enableEqep1Clock                            
0     0000a907  _CLK_enableEqep2Clock                            
0     0000a900  _CLK_enableGpioInputClock                        
0     0000a8f9  _CLK_enableHrPwmClock                            
0     0000a8f2  _CLK_enableI2cClock                              
0     0000a8eb  _CLK_enableLinAClock                             
0     0000a8e5  _CLK_enableOsc1                                  
0     0000a8df  _CLK_enableOsc1HaltMode                          
0     0000a8d9  _CLK_enableOsc2                                  
0     0000a8d3  _CLK_enableOsc2HaltMode                          
0     0000a8ca  _CLK_enablePwmClock                              
0     0000a8c3  _CLK_enableSciaClock                             
0     0000a8bc  _CLK_enableScibClock                             
0     0000a8b5  _CLK_enableSpiaClock                             
0     0000a8ae  _CLK_enableSpibClock                             
0     0000a8a7  _CLK_enableTbClockSync                           
0     0000a8a1  _CLK_enableWatchDogHaltMode                      
0     0000a89b  _CLK_init                                        
0     0000a894  _CLK_setClkOutPreScaler                          
0     0000a88e  _CLK_setLowSpdPreScaler                          
0     0000a887  _CLK_setOsc2Src                                  
0     0000a880  _CLK_setOscSrc                                   
0     0000a879  _CLK_setTimer2PreScale                           
0     0000a872  _CLK_setTimer2Src                                
0     0000a86b  _CLK_setWatchDogSrc                              
0     0000a864  _CLK_setXClkInSrc                                
0     0000b728  _CPU_USAGE_init                                  
0     0000b712  _CPU_USAGE_setParams                             
0     0000b60b  _CPU_clearIntFlags                               
0     0000b608  _CPU_disableDebugInt                             
0     0000b605  _CPU_disableGlobalInts                           
0     0000b600  _CPU_disableInt                                  
0     0000b5fd  _CPU_disableInts                                 
0     0000b5fa  _CPU_disableProtectedRegisterWrite               
0     0000b5f7  _CPU_enableDebugInt                              
0     0000b5f4  _CPU_enableGlobalInts                            
0     0000b5f0  _CPU_enableInt                                   
0     0000b5ed  _CPU_enableProtectedRegisterWrite                
0     0000b5e9  _CPU_init                                        
0     000094a4  _CTRL_getGains                                   
0     0000949d  _CTRL_getIab_filt_pu                             
0     00009496  _CTRL_getIab_in_pu                               
0     0000948f  _CTRL_getIdq_in_pu                               
0     00009488  _CTRL_getIdq_ref_pu                              
0     000094dd  _CTRL_getMagCurrent_pu                           
0     000094da  _CTRL_getMaximumSpeed_pu                         
0     00009481  _CTRL_getVab_in_pu                               
0     0000947a  _CTRL_getVab_out_pu                              
0     00009473  _CTRL_getVdq_out_pu                              
abs   003fa721  _CTRL_getVersion                                 
0     0000946a  _CTRL_getWaitTimes                               
abs   003fa6fb  _CTRL_initCtrl                                   
0     00008f47  _CTRL_run                                        
abs   003fa5d1  _CTRL_runTraj                                    
abs   003f9e64  _CTRL_setEstParams                               
0     00008cc7  _CTRL_setGains                                   
0     000094d7  _CTRL_setMagCurrent_pu                           
0     000094d4  _CTRL_setMaximumSpeed_pu                         
0     00008cef  _CTRL_setParams                                  
0     00008cb4  _CTRL_setSpd_ref_krpm                            
0     00008cb1  _CTRL_setSpd_ref_pu                              
abs   003f9d31  _CTRL_setUserMotorParams                         
0     00008ca8  _CTRL_setWaitTimes                               
0     00008c9e  _CTRL_setup                                      
0     00008c82  _CTRL_setupClarke_I                              
0     00008c6c  _CTRL_setupClarke_V                              
abs   003f9b43  _CTRL_setupCtrl                                  
abs   003f99a5  _CTRL_setupEstIdleState                          
abs   003f996a  _CTRL_setupEstOnLineState                        
abs   003f9806  _CTRL_setupTraj                                  
0     00008c0a  _CTRL_setup_user                                 
0     00008b57  _CTRL_updateState                                
0     0000a64a  _DRV8301_enable                                  
0     0000a638  _DRV8301_getDcCalMode                            
0     0000a61d  _DRV8301_getFaultType                            
0     0000a617  _DRV8301_getId                                   
0     0000a610  _DRV8301_getOcLevel                              
0     0000a609  _DRV8301_getOcMode                               
0     0000a602  _DRV8301_getOcOffTimeMode                        
0     0000a5fb  _DRV8301_getOcTwMode                             
0     0000a5f4  _DRV8301_getPeakCurrent                          
0     0000a5ed  _DRV8301_getPwmMode                              
0     0000a5e6  _DRV8301_getShuntAmpGain                         
0     0000a5dd  _DRV8301_init                                    
0     0000a5d7  _DRV8301_isFault                                 
0     0000a5d0  _DRV8301_isReset                                 
0     0000a55a  _DRV8301_readData                                
0     0000a3db  _DRV8301_readSpi                                 
0     0000a54b  _DRV8301_reset                                   
0     0000a52c  _DRV8301_setDcCalMode                            
0     0000a52a  _DRV8301_setGpioHandle                           
0     0000a528  _DRV8301_setGpioNumber                           
0     0000a514  _DRV8301_setOcLevel                              
0     0000a500  _DRV8301_setOcMode                               
0     0000a4ec  _DRV8301_setOcOffTimeMode                        
0     0000a4d8  _DRV8301_setOcTwMode                             
0     0000a4c4  _DRV8301_setPeakCurrent                          
0     0000a4b0  _DRV8301_setPwmMode                              
0     0000a49c  _DRV8301_setShuntAmpGain                         
0     0000a49a  _DRV8301_setSpiHandle                            
0     0000a413  _DRV8301_setupSpi                                
0     0000a3b2  _DRV8301_writeData                               
0     0000a39b  _DRV8301_writeSpi                                
abs   003f9760  _EST_doCurrentCtrl                               
abs   003f9758  _EST_doSpeedCtrl                                 
abs   003f8c0d  _EST_getAngle_pu                                 
abs   003f96be  _EST_getFlux_VpHz                                
abs   003f96ab  _EST_getFlux_pu                                  
abs   003f968e  _EST_getFm_pu                                    
abs   003f9632  _EST_getIdRated                                  
abs   003f95ff  _EST_getLs_coarse_max_pu                         
abs   003f95f5  _EST_getLs_d_H                                   
abs   003f95f0  _EST_getLs_d_pu                                  
abs   003f95ce  _EST_getLs_q_H                                   
abs   003f95c9  _EST_getLs_q_pu                                  
abs   003f95bd  _EST_getMaxCurrentSlope_pu                       
abs   003f95b3  _EST_getOneOverDcBus_pu                          
abs   003f95ad  _EST_getRr_Ohm                                   
abs   003f9513  _EST_getRs_Ohm                                   
abs   003f94c6  _EST_getSpeed_krpm                               
abs   003f861b  _EST_getState                                    
abs   003f9458  _EST_get_krpm_to_pu_sf                           
abs   003f9453  _EST_get_pu_to_krpm_sf                           
abs   003f938d  _EST_isError                                     
abs   003f9386  _EST_isIdle                                      
abs   003f937f  _EST_isLockRotor                                 
abs   003f8679  _EST_isMotorIdentified                           
abs   003f9378  _EST_isOnLine                                    
abs   003f927b  _EST_run                                         
abs   003f8bdb  _EST_setFlag_enableForceAngle                    
abs   003f8bd3  _EST_setFlag_enableRsRecalc                      
abs   003f8b80  _EST_setId_ref_pu                                
abs   003f8b7a  _EST_setIdle                                     
abs   003f8b67  _EST_setIdle_all                                 
abs   003f8b63  _EST_setIq_ref_pu                                
abs   003f8b45  _EST_setLs_d_pu                                  
abs   003f8af1  _EST_setLs_qFmt                                  
abs   003f8ae7  _EST_setLs_q_pu                                  
abs   003f8adb  _EST_setMaxCurrentSlope_pu                       
abs   003f8a18  _EST_setRs_pu                                    
abs   003f89f5  _EST_updateId_ref_pu                             
abs   003f8713  _EST_updateState                                 
abs   003f861d  _EST_useZeroIq_ref                               
0     0000b675  _FILTER_FO_getDenCoeffs                          
0     0000b66e  _FILTER_FO_getInitialConditions                  
0     0000b668  _FILTER_FO_getNumCoeffs                          
0     0000b662  _FILTER_FO_init                                  
0     0000b660  _FILTER_FO_setDenCoeffs                          
0     0000b65b  _FILTER_FO_setInitialConditions                  
0     0000b657  _FILTER_FO_setNumCoeffs                          
0     0000b6b3  _FLASH_clear3VStatus                             
0     00000127  _FLASH_disablePipelineMode                       
0     00000121  _FLASH_enablePipelineMode                        
0     0000b6b0  _FLASH_get3VStatus                               
0     0000b6ad  _FLASH_getActiveWaitCount                        
0     0000b6a9  _FLASH_getActiveWaitStatus                       
0     0000b6a6  _FLASH_getPowerMode                              
0     0000b6a3  _FLASH_getStandbyWaitCount                       
0     0000b69f  _FLASH_getStandbyWaitStatus                      
0     0000b699  _FLASH_init                                      
0     0000011c  _FLASH_setActiveWaitCount                        
0     00000115  _FLASH_setNumPagedReadWaitStates                 
0     0000010e  _FLASH_setNumRandomReadWaitStates                
0     00000107  _FLASH_setOtpWaitStates                          
0     00000100  _FLASH_setPowerMode                              
0     000000fb  _FLASH_setStandbyWaitCount                       
0     0000b802  _Flag_Latch_softwareUpdate                       
0     0000acda  _GPIO_getData                                    
0     0000accf  _GPIO_getPortData                                
0     0000acc9  _GPIO_init                                       
0     0000acbf  _GPIO_lpmSelect                                  
0     0000acac  _GPIO_read                                       
0     0000ac92  _GPIO_setDirection                               
0     0000ac87  _GPIO_setExtInt                                  
0     0000ac77  _GPIO_setHigh                                    
0     0000ac67  _GPIO_setLow                                     
0     0000ac2f  _GPIO_setMode                                    
0     0000ac22  _GPIO_setPortData                                
0     0000ac08  _GPIO_setPullup                                  
0     0000abcb  _GPIO_setQualification                           
0     0000ab84  _GPIO_setQualificationPeriod                     
0     0000ab74  _GPIO_toggle                                     
0     000085e5  _HAL_AdcCalChanSelect                            
0     0000863c  _HAL_AdcCalConversion                            
0     0000879e  _HAL_AdcOffsetSelfCal                            
0     00008864  _HAL_OscTempComp                                 
0     000088bd  _HAL_cal                                         
0     00008b53  _HAL_disableGlobalInts                           
0     00008a2d  _HAL_disableWdog                                 
0     00008b41  _HAL_enableAdcInts                               
0     00008b3d  _HAL_enableDebugInt                              
0     00008b38  _HAL_enableDrv                                   
0     00008b34  _HAL_enableGlobalInts                            
0     00008b23  _HAL_enablePwmInt                                
0     00008b13  _HAL_enableTimer0Int                             
0     000087d1  _HAL_getOscTrimValue                             
0     00008a32  _HAL_init                                        
0     000087e4  _HAL_osc1Comp                                    
0     00008824  _HAL_osc2Comp                                    
0     00008a28  _HAL_readDrvData                                 
0     00008a18  _HAL_scibRXintClear                              
0     00008a0c  _HAL_scibTXintclear                              
0     000089f2  _HAL_scibwrite                                   
0     000088d4  _HAL_setParams                                   
0     00008530  _HAL_setupAdcs                                   
0     00008514  _HAL_setupClks                                   
0     0000850f  _HAL_setupDrvSpi                                 
0     000084f1  _HAL_setupFaults                                 
0     000084d3  _HAL_setupFlash                                  
0     000084be  _HAL_setupGate                                   
0     00008322  _HAL_setupGpios                                  
0     000082ce  _HAL_setupPeripheralClks                         
0     000082b2  _HAL_setupPie                                    
0     00008273  _HAL_setupPll                                    
0     000081f0  _HAL_setupPwmDacs                                
0     00008118  _HAL_setupPwms                                   
0     000080ac  _HAL_setupSciB                                   
0     00008076  _HAL_setupSpiA                                   
0     00008040  _HAL_setupSpiB                                   
0     00008005  _HAL_setupTimers                                 
0     00008000  _HAL_writeDrvData                                
0     003fe708  _IQ10mpyRndSatTable                              
0     003fe6fc  _IQ11mpyRndSatTable                              
0     003fe6f0  _IQ12mpyRndSatTable                              
0     003fe6e4  _IQ13mpyRndSatTable                              
0     003fe6d8  _IQ14mpyRndSatTable                              
0     003fe6cc  _IQ15mpyRndSatTable                              
0     003fe6c0  _IQ16mpyRndSatTable                              
0     003fe6b4  _IQ17mpyRndSatTable                              
0     003fe6a8  _IQ18mpyRndSatTable                              
0     003fe69c  _IQ19mpyRndSatTable                              
0     003fe774  _IQ1mpyRndSatTable                               
0     003fe690  _IQ20mpyRndSatTable                              
0     003fe684  _IQ21mpyRndSatTable                              
0     003fe678  _IQ22mpyRndSatTable                              
0     003fe66c  _IQ23mpyRndSatTable                              
0     003fe660  _IQ24mpyRndSatTable                              
0     003fe654  _IQ25mpyRndSatTable                              
0     003fe648  _IQ26mpyRndSatTable                              
0     003fe63c  _IQ27mpyRndSatTable                              
0     003fe630  _IQ28mpyRndSatTable                              
0     003fe624  _IQ29mpyRndSatTable                              
0     003fe768  _IQ2mpyRndSatTable                               
0     003fe618  _IQ30mpyRndSatTable                              
0     003fe75c  _IQ3mpyRndSatTable                               
0     003fe750  _IQ4mpyRndSatTable                               
0     003fe744  _IQ5mpyRndSatTable                               
0     003fe738  _IQ6mpyRndSatTable                               
0     003fe72c  _IQ7mpyRndSatTable                               
0     003fe720  _IQ8mpyRndSatTable                               
0     003fe714  _IQ9mpyRndSatTable                               
0     003fe454  _IQatan2HalfPITable                              
0     003fe492  _IQatan2Table                                    
0     003fe618  _IQatan2TableEnd                                 
0     003fdd30  _IQcosTable                                      
0     003fe132  _IQcosTableEnd                                   
0     003fe132  _IQdivRoundSatTable                              
0     003fe140  _IQdivTable                                      
0     003fe342  _IQdivTableEnd                                   
0     003fe342  _IQisqrtRoundSatTable                            
0     003fe352  _IQisqrtTable                                    
0     003fe454  _IQisqrtTableEnd                                 
0     003fe618  _IQmpyRndSatTable                                
0     003fe780  _IQmpyRndSatTableEnd                             
0     003fdc30  _IQsinTable                                      
0     003fe030  _IQsinTableEnd                                   
0     003fe342  _IQsqrtRoundSatTable                             
0     003fe352  _IQsqrtTable                                     
0     003fe454  _IQsqrtTableEnd                                  
0     0000b4c8  _OFFSET_getBeta                                  
0     0000b4b7  _OFFSET_init                                     
0     0000b4a1  _OFFSET_setBeta                                  
0     0000b492  _OFFSET_setInitCond                              
0     0000b490  _OFFSET_setOffset                                
0     0000b5ba  _OSC_init                                        
0     0000b5ad  _OSC_setCoarseTrim                               
0     0000b59c  _OSC_setFineTrim                                 
0     0000b593  _OSC_setTrim                                     
0     0000af1e  _PIE_clearAllFlags                               
0     0000af1b  _PIE_clearAllInts                                
0     0000af18  _PIE_disable                                     
0     0000af11  _PIE_disableAllInts                              
0     0000af0d  _PIE_disableCaptureInt                           
0     0000af04  _PIE_disableExtInt                               
0     0000aefa  _PIE_disableInt                                  
0     0000aef7  _PIE_enable                                      
0     0000aedb  _PIE_enableAdcInt                                
0     0000aed7  _PIE_enableCaptureInt                            
0     0000aebb  _PIE_enableExtInt                                
0     0000aeb2  _PIE_enableInt                                   
0     0000aead  _PIE_enablePwmInt                                
0     0000aea8  _PIE_enablePwmTzInt                              
0     0000aea5  _PIE_enableTimer0Int                             
0     0000ae9c  _PIE_forceInt                                    
0     0000ae94  _PIE_getExtIntCount                              
0     0000ae8d  _PIE_getIntEnables                               
0     0000ae86  _PIE_getIntFlags                                 
0     0000b7ec  _PIE_illegalIsr                                  
0     0000ae7e  _PIE_init                                        
0     0000ae6d  _PIE_registerPieIntHandler                       
0     0000ae62  _PIE_registerSystemIntHandler                    
0     0000ae57  _PIE_setDefaultIntVectorTable                    
0     0000ae46  _PIE_setExtIntPolarity                           
0     0000ae33  _PIE_unregisterPieIntHandler                     
0     0000ae26  _PIE_unregisterSystemIntHandler                  
0     0000b3dc  _PLL_disable                                     
0     0000b3d6  _PLL_disableClkDetect                            
0     0000b3d0  _PLL_disableNormRdy                              
0     0000b3ca  _PLL_disableOsc                                  
0     0000b3c4  _PLL_enable                                      
0     0000b3be  _PLL_enableClkDetect                             
0     0000b3b8  _PLL_enableNormRdy                               
0     0000b3b2  _PLL_enableOsc                                   
0     0000b3ae  _PLL_getClkFreq                                  
0     0000b3ab  _PLL_getClkStatus                                
0     0000b3a8  _PLL_getDivideSelect                             
0     0000b3a5  _PLL_getLockStatus                               
0     0000b39f  _PLL_init                                        
0     0000b399  _PLL_resetClkDetect                              
0     0000b393  _PLL_setClkFreq                                  
0     0000b38c  _PLL_setDivideSelect                             
0     0000b387  _PLL_setLockPeriod                               
0     0000a395  _PWM_clearTripZone                               
0     0000a392  _PWM_decrementDeadBandFallingEdgeDelay           
0     0000a38f  _PWM_decrementDeadBandRisingEdgeDelay            
0     0000a388  _PWM_disableAutoConvert                          
0     0000a384  _PWM_disableChopping                             
0     0000a381  _PWM_disableCounterLoad                          
0     0000a37e  _PWM_disableDeadBand                             
0     0000a37a  _PWM_disableDeadBandHalfCycle                    
0     0000a373  _PWM_disableDigitalCompareBlankingWindow         
0     0000a36c  _PWM_disableDigitalCompareBlankingWindowInversion
0     0000a365  _PWM_disableHrPeriod                             
0     0000a35e  _PWM_disableHrPhaseSync                          
0     0000a35a  _PWM_disableInt                                  
0     0000a356  _PWM_disableSocAPulse                            
0     0000a352  _PWM_disableSocBPulse                            
0     0000a34b  _PWM_disableTripZoneInt                          
0     0000a344  _PWM_disableTripZoneSrc                          
0     0000a33e  _PWM_disableTripZones                            
0     0000a337  _PWM_enableAutoConvert                           
0     0000a333  _PWM_enableChopping                              
0     0000a330  _PWM_enableCounterLoad                           
0     0000a32c  _PWM_enableDeadBandHalfCycle                     
0     0000a325  _PWM_enableDigitalCompareBlankingWindow          
0     0000a31e  _PWM_enableDigitalCompareBlankingWindowInversion 
0     0000a317  _PWM_enableHrPeriod                              
0     0000a310  _PWM_enableHrPhaseSync                           
0     0000a30c  _PWM_enableInt                                   
0     0000a308  _PWM_enableSocAPulse                             
0     0000a304  _PWM_enableSocBPulse                             
0     0000a2fe  _PWM_enableTripZoneInt                           
0     0000a2f8  _PWM_enableTripZoneSrc                           
0     0000a2f5  _PWM_getDeadBandFallingEdgeDelay                 
0     0000a2f2  _PWM_getDeadBandRisingEdgeDelay                  
0     0000a2ee  _PWM_getIntCount                                 
0     0000a2ea  _PWM_getShadowStatus_CmpA                        
0     0000a2e6  _PWM_getShadowStatus_CmpB                        
0     0000a2e1  _PWM_getSocACount                                
0     0000a2dc  _PWM_getSocBCount                                
0     0000a2d9  _PWM_incrementDeadBandFallingEdgeDelay           
0     0000a2d6  _PWM_incrementDeadBandRisingEdgeDelay            
0     0000a2d0  _PWM_init                                        
0     0000a2c9  _PWM_setActionQualContSWForce_PwmA               
0     0000a2c0  _PWM_setActionQualContSWForce_PwmB               
0     0000a2b7  _PWM_setActionQual_CntDown_CmpA_PwmA             
0     0000a2ae  _PWM_setActionQual_CntDown_CmpA_PwmB             
0     0000a2a5  _PWM_setActionQual_CntDown_CmpB_PwmA             
0     0000a29c  _PWM_setActionQual_CntDown_CmpB_PwmB             
0     0000a293  _PWM_setActionQual_CntUp_CmpA_PwmA               
0     0000a28a  _PWM_setActionQual_CntUp_CmpA_PwmB               
0     0000a281  _PWM_setActionQual_CntUp_CmpB_PwmA               
0     0000a278  _PWM_setActionQual_CntUp_CmpB_PwmB               
0     0000a26f  _PWM_setActionQual_Period_PwmA                   
0     0000a266  _PWM_setActionQual_Period_PwmB                   
0     0000a25f  _PWM_setActionQual_Zero_PwmA                     
0     0000a258  _PWM_setActionQual_Zero_PwmB                     
0     0000a251  _PWM_setChoppingClkFreq                          
0     0000a24a  _PWM_setChoppingDutyCycle                        
0     0000a243  _PWM_setChoppingPulseWidth                       
0     0000a23f  _PWM_setClkDiv                                   
0     0000a23d  _PWM_setCount                                    
0     0000a239  _PWM_setCounterMode                              
0     0000a236  _PWM_setDeadBandFallingEdgeDelay                 
0     0000a22f  _PWM_setDeadBandInputMode                        
0     0000a228  _PWM_setDeadBandOutputMode                       
0     0000a221  _PWM_setDeadBandPolarity                         
0     0000a21e  _PWM_setDeadBandRisingEdgeDelay                  
0     0000a204  _PWM_setDigitalCompareAEvent1                    
0     0000a1f4  _PWM_setDigitalCompareAEvent2                    
0     0000a1da  _PWM_setDigitalCompareBEvent1                    
0     0000a1ca  _PWM_setDigitalCompareBEvent2                    
0     0000a1be  _PWM_setDigitalCompareBlankingPulse              
0     0000a1bb  _PWM_setDigitalCompareFilterOffset               
0     0000a1b1  _PWM_setDigitalCompareFilterSource               
0     0000a1ae  _PWM_setDigitalCompareFilterWindow               
0     0000a19f  _PWM_setDigitalCompareInput                      
0     0000a19b  _PWM_setHighSpeedClkDiv                          
0     0000a191  _PWM_setHrControlMode                            
0     0000a187  _PWM_setHrEdgeMode                               
0     0000a17d  _PWM_setHrShadowMode                             
0     0000a176  _PWM_setIntMode                                  
0     0000a16f  _PWM_setIntPeriod                                
0     0000a16b  _PWM_setLoadMode_CmpA                            
0     0000a165  _PWM_setLoadMode_CmpB                            
0     0000a163  _PWM_setPeriod                                   
0     0000a15e  _PWM_setPeriodHr                                 
0     0000a15a  _PWM_setPeriodLoad                               
0     0000a158  _PWM_setPhase                                    
0     0000a154  _PWM_setPhaseDir                                 
0     0000a150  _PWM_setRunMode                                  
0     0000a14a  _PWM_setShadowMode_CmpA                          
0     0000a144  _PWM_setShadowMode_CmpB                          
0     0000a13b  _PWM_setSocAPeriod                               
0     0000a132  _PWM_setSocAPulseSrc                             
0     0000a129  _PWM_setSocBPeriod                               
0     0000a120  _PWM_setSocBPulseSrc                             
0     0000a11d  _PWM_setSwSync                                   
0     0000a119  _PWM_setSyncMode                                 
0     0000a10f  _PWM_setTripZoneDCEventSelect_DCAEVT1            
0     0000a103  _PWM_setTripZoneDCEventSelect_DCAEVT2            
0     0000a0f7  _PWM_setTripZoneDCEventSelect_DCBEVT1            
0     0000a0eb  _PWM_setTripZoneDCEventSelect_DCBEVT2            
0     0000a0df  _PWM_setTripZoneState_DCAEVT1                    
0     0000a0d3  _PWM_setTripZoneState_DCAEVT2                    
0     0000a0c7  _PWM_setTripZoneState_DCBEVT1                    
0     0000a0bb  _PWM_setTripZoneState_DCBEVT2                    
0     0000a0b1  _PWM_setTripZoneState_TZA                        
0     0000a0a5  _PWM_setTripZoneState_TZB                        
0     0000b55e  _PWR_disableBrownOutReset                        
0     0000b554  _PWR_disableWatchDogInt                          
0     0000b551  _PWR_enableBrownOutReset                         
0     0000b547  _PWR_enableWatchDogInt                           
0     0000b53f  _PWR_init                                        
0     0000b52e  _PWR_setLowPowerMode                             
0     0000b51d  _PWR_setNumStandByClocks                         
0     00000131  _RamfuncsLoadEnd                                 
abs   00000036  _RamfuncsLoadSize                                
0     000000fb  _RamfuncsLoadStart                               
0     000000fb  _RamfuncsRunStart                                
0     0000b014  _SCI_clearAutoBaudDetect                         
0     0000b010  _SCI_clearRxFifoInt                              
0     0000b00c  _SCI_clearRxFifoOvf                              
0     0000b008  _SCI_clearTxFifoInt                              
0     0000b005  _SCI_disable                                     
0     0000b001  _SCI_disableAutoBaudAlign                        
0     0000affe  _SCI_disableLoopBack                             
0     0000affb  _SCI_disableParity                               
0     0000aff8  _SCI_disableRx                                   
0     0000aff5  _SCI_disableRxErrorInt                           
0     0000aff1  _SCI_disableRxFifoInt                            
0     0000afee  _SCI_disableRxInt                                
0     0000afeb  _SCI_disableSleep                                
0     0000afe8  _SCI_disableTx                                   
0     0000afe4  _SCI_disableTxFifoEnh                            
0     0000afe0  _SCI_disableTxFifoInt                            
0     0000afdd  _SCI_disableTxInt                                
0     0000afda  _SCI_disableTxWake                               
0     0000afd7  _SCI_enable                                      
0     0000afd3  _SCI_enableAutoBaudAlign                         
0     0000afcf  _SCI_enableChannels                              
0     0000afcc  _SCI_enableLoopBack                              
0     0000afc9  _SCI_enableParity                                
0     0000afc6  _SCI_enableRx                                    
0     0000afc3  _SCI_enableRxErrorInt                            
0     0000afbf  _SCI_enableRxFifo                                
0     0000afbb  _SCI_enableRxFifoInt                             
0     0000afb8  _SCI_enableRxInt                                 
0     0000afb5  _SCI_enableSleep                                 
0     0000afb2  _SCI_enableTx                                    
0     0000afae  _SCI_enableTxFifo                                
0     0000afaa  _SCI_enableTxFifoEnh                             
0     0000afa6  _SCI_enableTxFifoInt                             
0     0000afa3  _SCI_enableTxInt                                 
0     0000afa0  _SCI_enableTxWake                                
0     0000af9a  _SCI_getDataBlocking                             
0     0000af91  _SCI_getDataNonBlocking                          
0     0000af8d  _SCI_getRxFifoStatus                             
0     0000af89  _SCI_getTxFifoStatus                             
0     0000af83  _SCI_init                                        
0     0000af7c  _SCI_putDataBlocking                             
0     0000af74  _SCI_putDataNonBlocking                          
0     0000af71  _SCI_reset                                       
0     0000af67  _SCI_resetChannels                               
0     0000af5d  _SCI_resetRxFifo                                 
0     0000af53  _SCI_resetTxFifo                                 
0     0000af4d  _SCI_setBaudRate                                 
0     0000af49  _SCI_setCharLength                               
0     0000af45  _SCI_setMode                                     
0     0000af41  _SCI_setNumStopBits                              
0     0000af3d  _SCI_setParity                                   
0     0000af3a  _SCI_setPriority                                 
0     0000af33  _SCI_setRxFifoIntLevel                           
0     0000af2c  _SCI_setTxDelay                                  
0     0000af25  _SCI_setTxFifoIntLevel                           
0     0000b0bd  _SPI_clearRxFifoInt                              
0     0000b0b9  _SPI_clearRxFifoOvf                              
0     0000b0b5  _SPI_clearTxFifoInt                              
0     0000b0b2  _SPI_disableInt                                  
0     0000b0af  _SPI_disableLoopBack                             
0     0000b0ac  _SPI_disableOverRunInt                           
0     0000b0a8  _SPI_disableRxFifoInt                            
0     0000b0a5  _SPI_disableTx                                   
0     0000b0a1  _SPI_disableTxFifoEnh                            
0     0000b09d  _SPI_disableTxFifoInt                            
0     0000b09a  _SPI_enable                                      
0     0000b096  _SPI_enableChannels                              
0     0000b093  _SPI_enableInt                                   
0     0000b090  _SPI_enableLoopBack                              
0     0000b08d  _SPI_enableOverRunInt                            
0     0000b089  _SPI_enableRxFifo                                
0     0000b085  _SPI_enableRxFifoInt                             
0     0000b082  _SPI_enableTx                                    
0     0000b07e  _SPI_enableTxFifo                                
0     0000b07a  _SPI_enableTxFifoEnh                             
0     0000b076  _SPI_enableTxFifoInt                             
0     0000b073  _SPI_getIntFlagStatus                            
0     0000b06f  _SPI_getRxFifoStatus                             
0     0000b06c  _SPI_getTxBufferStatus                           
0     0000b068  _SPI_getTxFifoStatus                             
0     0000b062  _SPI_init                                        
0     0000b05f  _SPI_reset                                       
0     0000b05b  _SPI_resetChannels                               
0     0000b057  _SPI_resetRxFifo                                 
0     0000b053  _SPI_resetTxFifo                                 
0     0000b051  _SPI_setBaudRate                                 
0     0000b04d  _SPI_setCharLength                               
0     0000b04b  _SPI_setClkPhase                                 
0     0000b047  _SPI_setClkPolarity                              
0     0000b045  _SPI_setMode                                     
0     0000b03e  _SPI_setPriority                                 
0     0000b037  _SPI_setRxFifoIntLevel                           
0     0000b030  _SPI_setSteInv                                   
0     0000b029  _SPI_setSuspend                                  
0     0000b022  _SPI_setTriWire                                  
0     0000b01f  _SPI_setTxDelay                                  
0     0000b018  _SPI_setTxFifoIntLevel                           
0     0000b590  _TIMER_clearFlag                                 
0     0000b58d  _TIMER_disableInt                                
0     0000b58a  _TIMER_enableInt                                 
0     0000b587  _TIMER_getStatus                                 
0     0000b581  _TIMER_init                                      
0     0000b573  _TIMER_setDecimationFactor                       
0     0000b56f  _TIMER_setEmulationMode                          
0     0000b561  _TIMER_setPreScaler                              
0     00009879  _USER_calcPIgains                                
0     00009875  _USER_checkForErrors                             
0     00009867  _USER_computeFlux                                
0     0000982b  _USER_computeFlux_pu_to_VpHz_sf                  
0     000097ef  _USER_computeFlux_pu_to_Wb_sf                    
0     000097b3  _USER_computeTorque_Flux_Iq_pu_to_Nm_sf          
0     00009779  _USER_computeTorque_Ls_Id_Iq_pu_to_Nm_sf         
0     0000972c  _USER_computeTorque_Nm                           
0     000096d4  _USER_computeTorque_lbin                         
0     000096d1  _USER_getErrorCode                               
0     000096ce  _USER_setErrorCode                               
0     00009563  _USER_setParams                                  
0     000094e0  _USER_softwareUpdate1p6                          
0     0000b515  _WDOG_clearCounter                               
0     0000b50d  _WDOG_disable                                    
0     0000b507  _WDOG_disableInt                                 
0     0000b501  _WDOG_disableOverRide                            
0     0000b4f8  _WDOG_enable                                     
0     0000b4f2  _WDOG_enableInt                                  
0     0000b4ec  _WDOG_enableOverRide                             
0     0000b4e9  _WDOG_getIntStatus                               
0     0000b4e3  _WDOG_init                                       
0     0000b4e1  _WDOG_setCount                                   
0     0000b4d7  _WDOG_setPreScaler                               
0     0000bc6d  __IQ24cosPU                                      
0     0000bc44  __IQ24sinPU                                      
0     0000bc02  __IQ24sqrt                                       
0     0000bc94  __IQ30toF                                        
1     000007b0  __STACK_END                                      
abs   000003b0  __STACK_SIZE                                     
0     0000b7fc  ___TI_cleanup_ptr                                
0     0000b7fe  ___TI_dtors_ptr                                  
0     0000b7fa  ___TI_enable_exit_profile_output                 
abs   ffffffff  ___TI_pprof_out_hndl                             
abs   ffffffff  ___TI_prof_data_size                             
abs   ffffffff  ___TI_prof_data_start                            
abs   ffffffff  ___binit__                                       
abs   ffffffff  ___c_args__                                      
0     00000050  ___cinit__                                       
0     0000b7f9  ___etext__                                       
abs   ffffffff  ___pinit__                                       
0     00008000  ___text__                                        
0     0000b77e  __args_main                                      
0     0000bb10  __lock                                           
0     0000b7e3  __nop                                            
0     0000b7df  __register_lock                                  
0     0000b7db  __register_unlock                                
1     00000400  __stack                                          
0     0000b7f8  __system_post_cinit                              
0     0000b7f6  __system_pre_init                                
0     0000bb12  __unlock                                         
0     0000b5c0  _abort                                           
0     0000ba40  _bytesToSend                                     
0     0000b43c  _c_int00                                         
0     0000b2b5  _ceil                                            
0     0000b2b5  _ceilf                                           
0     0000b80c  _controller_obj                                  
0     0000b633  _copy_in                                         
0     0000b7d1  _copysign                                        
0     0000b7d1  _copysignf                                       
0     0000bb16  _cpu                                             
0     0000b812  _ctrlHandle                                      
0     0000bb17  _errno                                           
0     0000b5c2  _exit                                            
0     0000b81e  _gAdcData                                        
0     0000b801  _gCounter_updateGlobals                          
0     0000b840  _gDrvSpi8301Vars                                 
0     0000b810  _gFlux_pu_to_VpHz_sf                             
0     0000b80a  _gFlux_pu_to_Wb_sf                               
0     0000b800  _gLEDcnt                                         
0     0000b806  _gMaxCurrentSlope                                
0     0000b900  _gMotorVars                                      
0     0000b818  _gPwmData                                        
0     0000b804  _gTorque_Flux_Iq_pu_to_Nm_sf                     
0     0000b80e  _gTorque_Ls_Id_Iq_pu_to_Nm_sf                    
0     0000b980  _gUserParams                                     
0     0000bb40  _hal                                             
0     0000b808  _halHandle                                       
0     0000b31e  _ldexp                                           
0     0000b31e  _ldexpf                                          
0     0000a9ee  _log                                             
0     0000a9ee  _logf                                            
0     00009e5a  _main                                            
0     0000ad67  _mainISR                                         
0     0000b6f5  _memcpy                                          
0     0000993a  _pow                                             
0     0000993a  _powf                                            
0     0000b31e  _scalbn                                          
0     0000b31e  _scalbnf                                         
0     0000ad40  _scirxbISR                                       
0     0000ace8  _scitxbISR                                       
0     0000b814  _sdata                                           
0     0000b803  _sentBytes                                       
0     0000b23f  _sqrt                                            
0     0000b23f  _sqrtf                                           
0     0000b880  _tempMotorVars                                   
0     00009d9d  _updateGlobalVariables_motor                     
0     00009d75  _updateIqRef                                     
0     00009d59  _updateKpKiGains                                 
0     0000012d  _usDelay                                         
abs   ffffffff  binit                                            
0     00000050  cinit                                            
0     00000000  code_start                                       
0     0000b7f9  etext                                            
abs   ffffffff  pinit                                            


GLOBAL SYMBOLS: SORTED BY Symbol Address 

page  address   name                                             
----  -------   ----                                             
0     00000000  code_start                                       
0     00000050  ___cinit__                                       
0     00000050  cinit                                            
0     000000fb  _FLASH_setStandbyWaitCount                       
0     000000fb  _RamfuncsLoadStart                               
0     000000fb  _RamfuncsRunStart                                
0     00000100  _FLASH_setPowerMode                              
0     00000107  _FLASH_setOtpWaitStates                          
0     0000010e  _FLASH_setNumRandomReadWaitStates                
0     00000115  _FLASH_setNumPagedReadWaitStates                 
0     0000011c  _FLASH_setActiveWaitCount                        
0     00000121  _FLASH_enablePipelineMode                        
0     00000127  _FLASH_disablePipelineMode                       
0     0000012d  _usDelay                                         
0     00000131  _RamfuncsLoadEnd                                 
0     00008000  .text                                            
0     00008000  _HAL_writeDrvData                                
0     00008000  ___text__                                        
0     00008005  _HAL_setupTimers                                 
0     00008040  _HAL_setupSpiB                                   
0     00008076  _HAL_setupSpiA                                   
0     000080ac  _HAL_setupSciB                                   
0     00008118  _HAL_setupPwms                                   
0     000081f0  _HAL_setupPwmDacs                                
0     00008273  _HAL_setupPll                                    
0     000082b2  _HAL_setupPie                                    
0     000082ce  _HAL_setupPeripheralClks                         
0     00008322  _HAL_setupGpios                                  
0     000084be  _HAL_setupGate                                   
0     000084d3  _HAL_setupFlash                                  
0     000084f1  _HAL_setupFaults                                 
0     0000850f  _HAL_setupDrvSpi                                 
0     00008514  _HAL_setupClks                                   
0     00008530  _HAL_setupAdcs                                   
0     000085e5  _HAL_AdcCalChanSelect                            
0     0000863c  _HAL_AdcCalConversion                            
0     0000879e  _HAL_AdcOffsetSelfCal                            
0     000087d1  _HAL_getOscTrimValue                             
0     000087e4  _HAL_osc1Comp                                    
0     00008824  _HAL_osc2Comp                                    
0     00008864  _HAL_OscTempComp                                 
0     000088bd  _HAL_cal                                         
0     000088d4  _HAL_setParams                                   
0     000089f2  _HAL_scibwrite                                   
0     00008a0c  _HAL_scibTXintclear                              
0     00008a18  _HAL_scibRXintClear                              
0     00008a28  _HAL_readDrvData                                 
0     00008a2d  _HAL_disableWdog                                 
0     00008a32  _HAL_init                                        
0     00008b13  _HAL_enableTimer0Int                             
0     00008b23  _HAL_enablePwmInt                                
0     00008b34  _HAL_enableGlobalInts                            
0     00008b38  _HAL_enableDrv                                   
0     00008b3d  _HAL_enableDebugInt                              
0     00008b41  _HAL_enableAdcInts                               
0     00008b53  _HAL_disableGlobalInts                           
0     00008b57  _CTRL_updateState                                
0     00008c0a  _CTRL_setup_user                                 
0     00008c6c  _CTRL_setupClarke_V                              
0     00008c82  _CTRL_setupClarke_I                              
0     00008c9e  _CTRL_setup                                      
0     00008ca8  _CTRL_setWaitTimes                               
0     00008cb1  _CTRL_setSpd_ref_pu                              
0     00008cb4  _CTRL_setSpd_ref_krpm                            
0     00008cc7  _CTRL_setGains                                   
0     00008cef  _CTRL_setParams                                  
0     00008f47  _CTRL_run                                        
0     0000946a  _CTRL_getWaitTimes                               
0     00009473  _CTRL_getVdq_out_pu                              
0     0000947a  _CTRL_getVab_out_pu                              
0     00009481  _CTRL_getVab_in_pu                               
0     00009488  _CTRL_getIdq_ref_pu                              
0     0000948f  _CTRL_getIdq_in_pu                               
0     00009496  _CTRL_getIab_in_pu                               
0     0000949d  _CTRL_getIab_filt_pu                             
0     000094a4  _CTRL_getGains                                   
0     000094d4  _CTRL_setMaximumSpeed_pu                         
0     000094d7  _CTRL_setMagCurrent_pu                           
0     000094da  _CTRL_getMaximumSpeed_pu                         
0     000094dd  _CTRL_getMagCurrent_pu                           
0     000094e0  _USER_softwareUpdate1p6                          
0     00009563  _USER_setParams                                  
0     000096ce  _USER_setErrorCode                               
0     000096d1  _USER_getErrorCode                               
0     000096d4  _USER_computeTorque_lbin                         
0     0000972c  _USER_computeTorque_Nm                           
0     00009779  _USER_computeTorque_Ls_Id_Iq_pu_to_Nm_sf         
0     000097b3  _USER_computeTorque_Flux_Iq_pu_to_Nm_sf          
0     000097ef  _USER_computeFlux_pu_to_Wb_sf                    
0     0000982b  _USER_computeFlux_pu_to_VpHz_sf                  
0     00009867  _USER_computeFlux                                
0     00009875  _USER_checkForErrors                             
0     00009879  _USER_calcPIgains                                
0     0000993a  _pow                                             
0     0000993a  _powf                                            
0     00009d59  _updateKpKiGains                                 
0     00009d75  _updateIqRef                                     
0     00009d9d  _updateGlobalVariables_motor                     
0     00009e5a  _main                                            
0     0000a0a5  _PWM_setTripZoneState_TZB                        
0     0000a0b1  _PWM_setTripZoneState_TZA                        
0     0000a0bb  _PWM_setTripZoneState_DCBEVT2                    
0     0000a0c7  _PWM_setTripZoneState_DCBEVT1                    
0     0000a0d3  _PWM_setTripZoneState_DCAEVT2                    
0     0000a0df  _PWM_setTripZoneState_DCAEVT1                    
0     0000a0eb  _PWM_setTripZoneDCEventSelect_DCBEVT2            
0     0000a0f7  _PWM_setTripZoneDCEventSelect_DCBEVT1            
0     0000a103  _PWM_setTripZoneDCEventSelect_DCAEVT2            
0     0000a10f  _PWM_setTripZoneDCEventSelect_DCAEVT1            
0     0000a119  _PWM_setSyncMode                                 
0     0000a11d  _PWM_setSwSync                                   
0     0000a120  _PWM_setSocBPulseSrc                             
0     0000a129  _PWM_setSocBPeriod                               
0     0000a132  _PWM_setSocAPulseSrc                             
0     0000a13b  _PWM_setSocAPeriod                               
0     0000a144  _PWM_setShadowMode_CmpB                          
0     0000a14a  _PWM_setShadowMode_CmpA                          
0     0000a150  _PWM_setRunMode                                  
0     0000a154  _PWM_setPhaseDir                                 
0     0000a158  _PWM_setPhase                                    
0     0000a15a  _PWM_setPeriodLoad                               
0     0000a15e  _PWM_setPeriodHr                                 
0     0000a163  _PWM_setPeriod                                   
0     0000a165  _PWM_setLoadMode_CmpB                            
0     0000a16b  _PWM_setLoadMode_CmpA                            
0     0000a16f  _PWM_setIntPeriod                                
0     0000a176  _PWM_setIntMode                                  
0     0000a17d  _PWM_setHrShadowMode                             
0     0000a187  _PWM_setHrEdgeMode                               
0     0000a191  _PWM_setHrControlMode                            
0     0000a19b  _PWM_setHighSpeedClkDiv                          
0     0000a19f  _PWM_setDigitalCompareInput                      
0     0000a1ae  _PWM_setDigitalCompareFilterWindow               
0     0000a1b1  _PWM_setDigitalCompareFilterSource               
0     0000a1bb  _PWM_setDigitalCompareFilterOffset               
0     0000a1be  _PWM_setDigitalCompareBlankingPulse              
0     0000a1ca  _PWM_setDigitalCompareBEvent2                    
0     0000a1da  _PWM_setDigitalCompareBEvent1                    
0     0000a1f4  _PWM_setDigitalCompareAEvent2                    
0     0000a204  _PWM_setDigitalCompareAEvent1                    
0     0000a21e  _PWM_setDeadBandRisingEdgeDelay                  
0     0000a221  _PWM_setDeadBandPolarity                         
0     0000a228  _PWM_setDeadBandOutputMode                       
0     0000a22f  _PWM_setDeadBandInputMode                        
0     0000a236  _PWM_setDeadBandFallingEdgeDelay                 
0     0000a239  _PWM_setCounterMode                              
0     0000a23d  _PWM_setCount                                    
0     0000a23f  _PWM_setClkDiv                                   
0     0000a243  _PWM_setChoppingPulseWidth                       
0     0000a24a  _PWM_setChoppingDutyCycle                        
0     0000a251  _PWM_setChoppingClkFreq                          
0     0000a258  _PWM_setActionQual_Zero_PwmB                     
0     0000a25f  _PWM_setActionQual_Zero_PwmA                     
0     0000a266  _PWM_setActionQual_Period_PwmB                   
0     0000a26f  _PWM_setActionQual_Period_PwmA                   
0     0000a278  _PWM_setActionQual_CntUp_CmpB_PwmB               
0     0000a281  _PWM_setActionQual_CntUp_CmpB_PwmA               
0     0000a28a  _PWM_setActionQual_CntUp_CmpA_PwmB               
0     0000a293  _PWM_setActionQual_CntUp_CmpA_PwmA               
0     0000a29c  _PWM_setActionQual_CntDown_CmpB_PwmB             
0     0000a2a5  _PWM_setActionQual_CntDown_CmpB_PwmA             
0     0000a2ae  _PWM_setActionQual_CntDown_CmpA_PwmB             
0     0000a2b7  _PWM_setActionQual_CntDown_CmpA_PwmA             
0     0000a2c0  _PWM_setActionQualContSWForce_PwmB               
0     0000a2c9  _PWM_setActionQualContSWForce_PwmA               
0     0000a2d0  _PWM_init                                        
0     0000a2d6  _PWM_incrementDeadBandRisingEdgeDelay            
0     0000a2d9  _PWM_incrementDeadBandFallingEdgeDelay           
0     0000a2dc  _PWM_getSocBCount                                
0     0000a2e1  _PWM_getSocACount                                
0     0000a2e6  _PWM_getShadowStatus_CmpB                        
0     0000a2ea  _PWM_getShadowStatus_CmpA                        
0     0000a2ee  _PWM_getIntCount                                 
0     0000a2f2  _PWM_getDeadBandRisingEdgeDelay                  
0     0000a2f5  _PWM_getDeadBandFallingEdgeDelay                 
0     0000a2f8  _PWM_enableTripZoneSrc                           
0     0000a2fe  _PWM_enableTripZoneInt                           
0     0000a304  _PWM_enableSocBPulse                             
0     0000a308  _PWM_enableSocAPulse                             
0     0000a30c  _PWM_enableInt                                   
0     0000a310  _PWM_enableHrPhaseSync                           
0     0000a317  _PWM_enableHrPeriod                              
0     0000a31e  _PWM_enableDigitalCompareBlankingWindowInversion 
0     0000a325  _PWM_enableDigitalCompareBlankingWindow          
0     0000a32c  _PWM_enableDeadBandHalfCycle                     
[...]
0     0000b022  _SPI_setTriWire                                  
0     0000b029  _SPI_setSuspend                                  
0     0000b030  _SPI_setSteInv                                   
0     0000b037  _SPI_setRxFifoIntLevel                           
0     0000b03e  _SPI_setPriority                                 
0     0000b045  _SPI_setMode                                     
0     0000b047  _SPI_setClkPolarity                              
0     0000b04b  _SPI_setClkPhase                                 
0     0000b04d  _SPI_setCharLength                               
0     0000b051  _SPI_setBaudRate                                 
0     0000b053  _SPI_resetTxFifo                                 
0     0000b057  _SPI_resetRxFifo                                 
0     0000b05b  _SPI_resetChannels                               
0     0000b05f  _SPI_reset                                       
0     0000b062  _SPI_init                                        
0     0000b068  _SPI_getTxFifoStatus                             
0     0000b06c  _SPI_getTxBufferStatus                           
0     0000b06f  _SPI_getRxFifoStatus                             
0     0000b073  _SPI_getIntFlagStatus                            
0     0000b076  _SPI_enableTxFifoInt                             
0     0000b07a  _SPI_enableTxFifoEnh                             
0     0000b07e  _SPI_enableTxFifo                                
0     0000b082  _SPI_enableTx                                    
0     0000b085  _SPI_enableRxFifoInt                             
0     0000b089  _SPI_enableRxFifo                                
0     0000b08d  _SPI_enableOverRunInt                            
0     0000b090  _SPI_enableLoopBack                              
0     0000b093  _SPI_enableInt                                   
0     0000b096  _SPI_enableChannels                              
0     0000b09a  _SPI_enable                                      
0     0000b09d  _SPI_disableTxFifoInt                            
0     0000b0a1  _SPI_disableTxFifoEnh                            
0     0000b0a5  _SPI_disableTx                                   
0     0000b0a8  _SPI_disableRxFifoInt                            
0     0000b0ac  _SPI_disableOverRunInt                           
0     0000b0af  _SPI_disableLoopBack                             
0     0000b0b2  _SPI_disableInt                                  
0     0000b0b5  _SPI_clearTxFifoInt                              
0     0000b0b9  _SPI_clearRxFifoOvf                              
0     0000b0bd  _SPI_clearRxFifoInt                              
0     0000b0c1  FD$$MPY                                          
0     0000b144  FS$$DIV                                          
0     0000b1c7  FS$$SUB                                          
0     0000b1cc  FS$$ADD                                          
0     0000b23f  _sqrt                                            
0     0000b23f  _sqrtf                                           
0     0000b2b5  _ceil                                            
0     0000b2b5  _ceilf                                           
0     0000b31e  _ldexp                                           
0     0000b31e  _ldexpf                                          
0     0000b31e  _scalbn                                          
0     0000b31e  _scalbnf                                         
0     0000b387  _PLL_setLockPeriod                               
0     0000b38c  _PLL_setDivideSelect                             
0     0000b393  _PLL_setClkFreq                                  
0     0000b399  _PLL_resetClkDetect                              
0     0000b39f  _PLL_init                                        
0     0000b3a5  _PLL_getLockStatus                               
0     0000b3a8  _PLL_getDivideSelect                             
0     0000b3ab  _PLL_getClkStatus                                
0     0000b3ae  _PLL_getClkFreq                                  
0     0000b3b2  _PLL_enableOsc                                   
0     0000b3b8  _PLL_enableNormRdy                               
0     0000b3be  _PLL_enableClkDetect                             
0     0000b3c4  _PLL_enable                                      
0     0000b3ca  _PLL_disableOsc                                  
0     0000b3d0  _PLL_disableNormRdy                              
0     0000b3d6  _PLL_disableClkDetect                            
0     0000b3dc  _PLL_disable                                     
0     0000b3e2  FS$$MPY                                          
0     0000b43c  _c_int00                                         
0     0000b490  _OFFSET_setOffset                                
0     0000b492  _OFFSET_setInitCond                              
0     0000b4a1  _OFFSET_setBeta                                  
0     0000b4b7  _OFFSET_init                                     
0     0000b4c8  _OFFSET_getBeta                                  
0     0000b4d7  _WDOG_setPreScaler                               
0     0000b4e1  _WDOG_setCount                                   
0     0000b4e3  _WDOG_init                                       
0     0000b4e9  _WDOG_getIntStatus                               
0     0000b4ec  _WDOG_enableOverRide                             
0     0000b4f2  _WDOG_enableInt                                  
0     0000b4f8  _WDOG_enable                                     
0     0000b501  _WDOG_disableOverRide                            
0     0000b507  _WDOG_disableInt                                 
0     0000b50d  _WDOG_disable                                    
0     0000b515  _WDOG_clearCounter                               
0     0000b51d  _PWR_setNumStandByClocks                         
0     0000b52e  _PWR_setLowPowerMode                             
0     0000b53f  _PWR_init                                        
0     0000b547  _PWR_enableWatchDogInt                           
0     0000b551  _PWR_enableBrownOutReset                         
0     0000b554  _PWR_disableWatchDogInt                          
0     0000b55e  _PWR_disableBrownOutReset                        
0     0000b561  _TIMER_setPreScaler                              
0     0000b56f  _TIMER_setEmulationMode                          
0     0000b573  _TIMER_setDecimationFactor                       
0     0000b581  _TIMER_init                                      
0     0000b587  _TIMER_getStatus                                 
0     0000b58a  _TIMER_enableInt                                 
0     0000b58d  _TIMER_disableInt                                
0     0000b590  _TIMER_clearFlag                                 
0     0000b593  _OSC_setTrim                                     
0     0000b59c  _OSC_setFineTrim                                 
0     0000b5ad  _OSC_setCoarseTrim                               
0     0000b5ba  _OSC_init                                        
0     0000b5c0  C$$EXIT                                          
0     0000b5c0  _abort                                           
0     0000b5c2  _exit                                            
0     0000b5e9  _CPU_init                                        
0     0000b5ed  _CPU_enableProtectedRegisterWrite                
0     0000b5f0  _CPU_enableInt                                   
0     0000b5f4  _CPU_enableGlobalInts                            
0     0000b5f7  _CPU_enableDebugInt                              
0     0000b5fa  _CPU_disableProtectedRegisterWrite               
0     0000b5fd  _CPU_disableInts                                 
0     0000b600  _CPU_disableInt                                  
0     0000b605  _CPU_disableGlobalInts                           
0     0000b608  _CPU_disableDebugInt                             
0     0000b60b  _CPU_clearIntFlags                               
0     0000b60e  FS$$TOI                                          
0     0000b633  _copy_in                                         
0     0000b657  _FILTER_FO_setNumCoeffs                          
0     0000b65b  _FILTER_FO_setInitialConditions                  
0     0000b660  _FILTER_FO_setDenCoeffs                          
0     0000b662  _FILTER_FO_init                                  
0     0000b668  _FILTER_FO_getNumCoeffs                          
0     0000b66e  _FILTER_FO_getInitialConditions                  
0     0000b675  _FILTER_FO_getDenCoeffs                          
0     0000b678  FS$$TOUL                                         
0     0000b699  _FLASH_init                                      
0     0000b69f  _FLASH_getStandbyWaitStatus                      
0     0000b6a3  _FLASH_getStandbyWaitCount                       
0     0000b6a6  _FLASH_getPowerMode                              
0     0000b6a9  _FLASH_getActiveWaitStatus                       
0     0000b6ad  _FLASH_getActiveWaitCount                        
0     0000b6b0  _FLASH_get3VStatus                               
0     0000b6b3  _FLASH_clear3VStatus                             
0     0000b6b9  FD$$TOL                                          
0     0000b6d8  FS$$TOU                                          
0     0000b6f5  _memcpy                                          
0     0000b712  _CPU_USAGE_setParams                             
0     0000b728  _CPU_USAGE_init                                  
0     0000b72e  FS$$TOFD                                         
0     0000b74a  I$$TOFS                                          
0     0000b764  L$$TOFS                                          
0     0000b77e  __args_main                                      
0     0000b797  FS$$CMP                                          
0     0000b7ae  UL$$TOFS                                         
0     0000b7c1  U$$TOFS                                          
0     0000b7d1  _copysign                                        
0     0000b7d1  _copysignf                                       
0     0000b7db  __register_unlock                                
0     0000b7df  __register_lock                                  
0     0000b7e3  __nop                                            
0     0000b7ec  _PIE_illegalIsr                                  
0     0000b7f1  FS$$NEG                                          
0     0000b7f6  __system_pre_init                                
0     0000b7f8  __system_post_cinit                              
0     0000b7f9  ___etext__                                       
0     0000b7f9  etext                                            
0     0000b7fa  ___TI_enable_exit_profile_output                 
0     0000b7fc  ___TI_cleanup_ptr                                
0     0000b7fe  ___TI_dtors_ptr                                  
0     0000b800  _gLEDcnt                                         
0     0000b801  _gCounter_updateGlobals                          
0     0000b802  _Flag_Latch_softwareUpdate                       
0     0000b803  _sentBytes                                       
0     0000b804  _gTorque_Flux_Iq_pu_to_Nm_sf                     
0     0000b806  _gMaxCurrentSlope                                
0     0000b808  _halHandle                                       
0     0000b80a  _gFlux_pu_to_Wb_sf                               
0     0000b80c  _controller_obj                                  
0     0000b80e  _gTorque_Ls_Id_Iq_pu_to_Nm_sf                    
0     0000b810  _gFlux_pu_to_VpHz_sf                             
0     0000b812  _ctrlHandle                                      
0     0000b814  _sdata                                           
0     0000b818  _gPwmData                                        
0     0000b81e  _gAdcData                                        
0     0000b840  _gDrvSpi8301Vars                                 
0     0000b880  _tempMotorVars                                   
0     0000b900  _gMotorVars                                      
0     0000b980  _gUserParams                                     
0     0000ba40  _bytesToSend                                     
0     0000bb10  __lock                                           
0     0000bb12  __unlock                                         
0     0000bb16  _cpu                                             
0     0000bb17  _errno                                           
0     0000bb40  _hal                                             
0     0000bc02  __IQ24sqrt                                       
0     0000bc44  __IQ24sinPU                                      
0     0000bc6d  __IQ24cosPU                                      
0     0000bc94  __IQ30toF                                        
0     003fdc30  _IQsinTable                                      
0     003fdd30  _IQcosTable                                      
0     003fe030  _IQsinTableEnd                                   
0     003fe132  _IQcosTableEnd                                   
0     003fe132  _IQdivRoundSatTable                              
0     003fe140  _IQdivTable                                      
0     003fe342  _IQdivTableEnd                                   
0     003fe342  _IQisqrtRoundSatTable                            
0     003fe342  _IQsqrtRoundSatTable                             
0     003fe352  _IQisqrtTable                                    
0     003fe352  _IQsqrtTable                                     
0     003fe454  _IQatan2HalfPITable                              
0     003fe454  _IQisqrtTableEnd                                 
0     003fe454  _IQsqrtTableEnd                                  
0     003fe492  _IQatan2Table                                    
0     003fe618  _IQ30mpyRndSatTable                              
0     003fe618  _IQatan2TableEnd                                 
0     003fe618  _IQmpyRndSatTable                                
0     003fe624  _IQ29mpyRndSatTable                              
0     003fe630  _IQ28mpyRndSatTable                              
0     003fe63c  _IQ27mpyRndSatTable                              
0     003fe648  _IQ26mpyRndSatTable                              
0     003fe654  _IQ25mpyRndSatTable                              
0     003fe660  _IQ24mpyRndSatTable                              
0     003fe66c  _IQ23mpyRndSatTable                              
0     003fe678  _IQ22mpyRndSatTable                              
0     003fe684  _IQ21mpyRndSatTable                              
0     003fe690  _IQ20mpyRndSatTable                              
0     003fe69c  _IQ19mpyRndSatTable                              
0     003fe6a8  _IQ18mpyRndSatTable                              
0     003fe6b4  _IQ17mpyRndSatTable                              
0     003fe6c0  _IQ16mpyRndSatTable                              
0     003fe6cc  _IQ15mpyRndSatTable                              
0     003fe6d8  _IQ14mpyRndSatTable                              
0     003fe6e4  _IQ13mpyRndSatTable                              
0     003fe6f0  _IQ12mpyRndSatTable                              
0     003fe6fc  _IQ11mpyRndSatTable                              
0     003fe708  _IQ10mpyRndSatTable                              
0     003fe714  _IQ9mpyRndSatTable                               
0     003fe720  _IQ8mpyRndSatTable                               
0     003fe72c  _IQ7mpyRndSatTable                               
0     003fe738  _IQ6mpyRndSatTable                               
0     003fe744  _IQ5mpyRndSatTable                               
0     003fe750  _IQ4mpyRndSatTable                               
0     003fe75c  _IQ3mpyRndSatTable                               
0     003fe768  _IQ2mpyRndSatTable                               
0     003fe774  _IQ1mpyRndSatTable                               
0     003fe780  _IQmpyRndSatTableEnd                             
1     00000400  __stack                                          
1     000007b0  __STACK_END                                      
abs   00000036  _RamfuncsLoadSize                                
abs   000003b0  __STACK_SIZE                                     
abs   003f861b  _EST_getState                                    
abs   003f861d  _EST_useZeroIq_ref                               
abs   003f8679  _EST_isMotorIdentified                           
abs   003f8713  _EST_updateState                                 
abs   003f89f5  _EST_updateId_ref_pu                             
abs   003f8a18  _EST_setRs_pu                                    
abs   003f8adb  _EST_setMaxCurrentSlope_pu                       
abs   003f8ae7  _EST_setLs_q_pu                                  
abs   003f8af1  _EST_setLs_qFmt                                  
abs   003f8b45  _EST_setLs_d_pu                                  
abs   003f8b63  _EST_setIq_ref_pu                                
abs   003f8b67  _EST_setIdle_all                                 
abs   003f8b7a  _EST_setIdle                                     
abs   003f8b80  _EST_setId_ref_pu                                
abs   003f8bd3  _EST_setFlag_enableRsRecalc                      
abs   003f8bdb  _EST_setFlag_enableForceAngle                    
abs   003f8c0d  _EST_getAngle_pu                                 
abs   003f927b  _EST_run                                         
abs   003f9378  _EST_isOnLine                                    
abs   003f937f  _EST_isLockRotor                                 
abs   003f9386  _EST_isIdle                                      
abs   003f938d  _EST_isError                                     
abs   003f9453  _EST_get_pu_to_krpm_sf                           
abs   003f9458  _EST_get_krpm_to_pu_sf                           
abs   003f94c6  _EST_getSpeed_krpm                               
abs   003f9513  _EST_getRs_Ohm                                   
abs   003f95ad  _EST_getRr_Ohm                                   
abs   003f95b3  _EST_getOneOverDcBus_pu                          
abs   003f95bd  _EST_getMaxCurrentSlope_pu                       
abs   003f95c9  _EST_getLs_q_pu                                  
abs   003f95ce  _EST_getLs_q_H                                   
abs   003f95f0  _EST_getLs_d_pu                                  
abs   003f95f5  _EST_getLs_d_H                                   
abs   003f95ff  _EST_getLs_coarse_max_pu                         
abs   003f9632  _EST_getIdRated                                  
abs   003f968e  _EST_getFm_pu                                    
abs   003f96ab  _EST_getFlux_pu                                  
abs   003f96be  _EST_getFlux_VpHz                                
abs   003f9758  _EST_doSpeedCtrl                                 
abs   003f9760  _EST_doCurrentCtrl                               
abs   003f9806  _CTRL_setupTraj                                  
abs   003f996a  _CTRL_setupEstOnLineState                        
abs   003f99a5  _CTRL_setupEstIdleState                          
abs   003f9b43  _CTRL_setupCtrl                                  
abs   003f9d31  _CTRL_setUserMotorParams                         
abs   003f9e64  _CTRL_setEstParams                               
abs   003fa5d1  _CTRL_runTraj                                    
abs   003fa6fb  _CTRL_initCtrl                                   
abs   003fa721  _CTRL_getVersion                                 
abs   ffffffff  ___TI_pprof_out_hndl                             
abs   ffffffff  ___TI_prof_data_size                             
abs   ffffffff  ___TI_prof_data_start                            
abs   ffffffff  ___binit__                                       
abs   ffffffff  ___c_args__                                      
abs   ffffffff  ___pinit__                                       
abs   ffffffff  binit                                            
abs   ffffffff  pinit                                            

[733 symbols]
