<?xml version="1.0"?>
<link_info>
   <banner>TMS320C2000 Linker PC v6.4.11</banner>
   <copyright>Copyright (c) 1996-2015 Texas Instruments Incorporated</copyright>
   <link_time>0x5860f358</link_time>
   <link_errors>0x0</link_errors>
   <output_file>proj_lab01.out</output_file>
   <entry_point>
      <name>_c_int00</name>
      <address>0x9e2b</address>
   </entry_point>
   <input_file_list>
      <input_file id="fl-5">
         <path>.\</path>
         <kind>object</kind>
         <file>adc.obj</file>
         <name>adc.obj</name>
      </input_file>
      <input_file id="fl-6">
         <path>.\</path>
         <kind>object</kind>
         <file>clk.obj</file>
         <name>clk.obj</name>
      </input_file>
      <input_file id="fl-7">
         <path>.\</path>
         <kind>object</kind>
         <file>cpu.obj</file>
         <name>cpu.obj</name>
      </input_file>
      <input_file id="fl-8">
         <path>.\</path>
         <kind>object</kind>
         <file>flash.obj</file>
         <name>flash.obj</name>
      </input_file>
      <input_file id="fl-9">
         <path>.\</path>
         <kind>object</kind>
         <file>gpio.obj</file>
         <name>gpio.obj</name>
      </input_file>
      <input_file id="fl-a">
         <path>.\</path>
         <kind>object</kind>
         <file>hal.obj</file>
         <name>hal.obj</name>
      </input_file>
      <input_file id="fl-b">
         <path>.\</path>
         <kind>object</kind>
         <file>osc.obj</file>
         <name>osc.obj</name>
      </input_file>
      <input_file id="fl-c">
         <path>.\</path>
         <kind>object</kind>
         <file>pie.obj</file>
         <name>pie.obj</name>
      </input_file>
      <input_file id="fl-d">
         <path>.\</path>
         <kind>object</kind>
         <file>pll.obj</file>
         <name>pll.obj</name>
      </input_file>
      <input_file id="fl-e">
         <path>.\</path>
         <kind>object</kind>
         <file>proj_lab01.obj</file>
         <name>proj_lab01.obj</name>
      </input_file>
      <input_file id="fl-f">
         <path>.\</path>
         <kind>object</kind>
         <file>pwm.obj</file>
         <name>pwm.obj</name>
      </input_file>
      <input_file id="fl-10">
         <path>.\</path>
         <kind>object</kind>
         <file>pwr.obj</file>
         <name>pwr.obj</name>
      </input_file>
      <input_file id="fl-11">
         <path>.\</path>
         <kind>object</kind>
         <file>timer.obj</file>
         <name>timer.obj</name>
      </input_file>
      <input_file id="fl-12">
         <path>.\</path>
         <kind>object</kind>
         <file>usDelay.obj</file>
         <name>usDelay.obj</name>
      </input_file>
      <input_file id="fl-13">
         <path>.\</path>
         <kind>object</kind>
         <file>user.obj</file>
         <name>user.obj</name>
      </input_file>
      <input_file id="fl-14">
         <path>.\</path>
         <kind>object</kind>
         <file>wdog.obj</file>
         <name>wdog.obj</name>
      </input_file>
      <input_file id="fl-18">
         <path>C:\ti\ccsv6\tools\compiler\c2000_6.4.11\lib\</path>
         <kind>archive</kind>
         <file>rts2800_ml.lib</file>
         <name>fd_mpy.obj</name>
      </input_file>
      <input_file id="fl-19">
         <path>C:\ti\ccsv6\tools\compiler\c2000_6.4.11\lib\</path>
         <kind>archive</kind>
         <file>rts2800_ml.lib</file>
         <name>fd_tol.obj</name>
      </input_file>
      <input_file id="fl-1a">
         <path>C:\ti\ccsv6\tools\compiler\c2000_6.4.11\lib\</path>
         <kind>archive</kind>
         <file>rts2800_ml.lib</file>
         <name>fs_add.obj</name>
      </input_file>
      <input_file id="fl-1b">
         <path>C:\ti\ccsv6\tools\compiler\c2000_6.4.11\lib\</path>
         <kind>archive</kind>
         <file>rts2800_ml.lib</file>
         <name>fs_cmp.obj</name>
      </input_file>
      <input_file id="fl-1c">
         <path>C:\ti\ccsv6\tools\compiler\c2000_6.4.11\lib\</path>
         <kind>archive</kind>
         <file>rts2800_ml.lib</file>
         <name>fs_div.obj</name>
      </input_file>
      <input_file id="fl-1d">
         <path>C:\ti\ccsv6\tools\compiler\c2000_6.4.11\lib\</path>
         <kind>archive</kind>
         <file>rts2800_ml.lib</file>
         <name>fs_mpy.obj</name>
      </input_file>
      <input_file id="fl-1e">
         <path>C:\ti\ccsv6\tools\compiler\c2000_6.4.11\lib\</path>
         <kind>archive</kind>
         <file>rts2800_ml.lib</file>
         <name>fs_neg.obj</name>
      </input_file>
      <input_file id="fl-1f">
         <path>C:\ti\ccsv6\tools\compiler\c2000_6.4.11\lib\</path>
         <kind>archive</kind>
         <file>rts2800_ml.lib</file>
         <name>fs_tofd.obj</name>
      </input_file>
      <input_file id="fl-20">
         <path>C:\ti\ccsv6\tools\compiler\c2000_6.4.11\lib\</path>
         <kind>archive</kind>
         <file>rts2800_ml.lib</file>
         <name>fs_toi.obj</name>
      </input_file>
      <input_file id="fl-21">
         <path>C:\ti\ccsv6\tools\compiler\c2000_6.4.11\lib\</path>
         <kind>archive</kind>
         <file>rts2800_ml.lib</file>
         <name>fs_tou.obj</name>
      </input_file>
      <input_file id="fl-22">
         <path>C:\ti\ccsv6\tools\compiler\c2000_6.4.11\lib\</path>
         <kind>archive</kind>
         <file>rts2800_ml.lib</file>
         <name>fs_toul.obj</name>
      </input_file>
      <input_file id="fl-23">
         <path>C:\ti\ccsv6\tools\compiler\c2000_6.4.11\lib\</path>
         <kind>archive</kind>
         <file>rts2800_ml.lib</file>
         <name>i_tofs.obj</name>
      </input_file>
      <input_file id="fl-24">
         <path>C:\ti\ccsv6\tools\compiler\c2000_6.4.11\lib\</path>
         <kind>archive</kind>
         <file>rts2800_ml.lib</file>
         <name>u_tofs.obj</name>
      </input_file>
      <input_file id="fl-25">
         <path>C:\ti\ccsv6\tools\compiler\c2000_6.4.11\lib\</path>
         <kind>archive</kind>
         <file>rts2800_ml.lib</file>
         <name>ul_tofs.obj</name>
      </input_file>
      <input_file id="fl-26">
         <path>C:\Users\bee25\Documents\Visual Studio 2015\Projects\telescopeController_Hardware\third party\motorware_1_01_00_16\sw\modules\fast\lib\32b\f28x\f2806x\</path>
         <kind>archive</kind>
         <file>2806xRevB_FastSpinROMSymbols.lib</file>
         <name>TMS320x2806x_REVB_boot_rom_out__CTRL_setGains_tmp.obj</name>
      </input_file>
      <input_file id="fl-27">
         <path>C:\Users\bee25\Documents\Visual Studio 2015\Projects\telescopeController_Hardware\third party\motorware_1_01_00_16\sw\modules\fast\lib\32b\f28x\f2806x\</path>
         <kind>archive</kind>
         <file>2806xRevB_FastSpinROMSymbols.lib</file>
         <name>TMS320x2806x_REVB_boot_rom_out__EST_getFlux_pu_tmp.obj</name>
      </input_file>
      <input_file id="fl-28">
         <path>C:\Users\bee25\Documents\Visual Studio 2015\Projects\telescopeController_Hardware\third party\motorware_1_01_00_16\sw\modules\fast\lib\32b\f28x\f2806x\</path>
         <kind>archive</kind>
         <file>2806xRevB_FastSpinROMSymbols.lib</file>
         <name>TMS320x2806x_REVB_boot_rom_out__EST_getLs_coarse_max_pu_tmp.obj</name>
      </input_file>
      <input_file id="fl-29">
         <path>C:\Users\bee25\Documents\Visual Studio 2015\Projects\telescopeController_Hardware\third party\motorware_1_01_00_16\sw\modules\fast\lib\32b\f28x\f2806x\</path>
         <kind>archive</kind>
         <file>2806xRevB_FastSpinROMSymbols.lib</file>
         <name>TMS320x2806x_REVB_boot_rom_out__EST_getLs_d_H_tmp.obj</name>
      </input_file>
      <input_file id="fl-2a">
         <path>C:\Users\bee25\Documents\Visual Studio 2015\Projects\telescopeController_Hardware\third party\motorware_1_01_00_16\sw\modules\fast\lib\32b\f28x\f2806x\</path>
         <kind>archive</kind>
         <file>2806xRevB_FastSpinROMSymbols.lib</file>
         <name>TMS320x2806x_REVB_boot_rom_out__EST_getLs_d_pu_tmp.obj</name>
      </input_file>
      <input_file id="fl-2b">
         <path>C:\Users\bee25\Documents\Visual Studio 2015\Projects\telescopeController_Hardware\third party\motorware_1_01_00_16\sw\modules\fast\lib\32b\f28x\f2806x\</path>
         <kind>archive</kind>
         <file>2806xRevB_FastSpinROMSymbols.lib</file>
         <name>TMS320x2806x_REVB_boot_rom_out__EST_getLs_q_H_tmp.obj</name>
      </input_file>
      <input_file id="fl-2c">
         <path>C:\Users\bee25\Documents\Visual Studio 2015\Projects\telescopeController_Hardware\third party\motorware_1_01_00_16\sw\modules\fast\lib\32b\f28x\f2806x\</path>
         <kind>archive</kind>
         <file>2806xRevB_FastSpinROMSymbols.lib</file>
         <name>TMS320x2806x_REVB_boot_rom_out__EST_getLs_q_pu_tmp.obj</name>
      </input_file>
      <input_file id="fl-2d">
         <path>C:\Users\bee25\Documents\Visual Studio 2015\Projects\telescopeController_Hardware\third party\motorware_1_01_00_16\sw\modules\fast\lib\32b\f28x\f2806x\</path>
         <kind>archive</kind>
         <file>2806xRevB_FastSpinROMSymbols.lib</file>
         <name>TMS320x2806x_REVB_boot_rom_out__EST_getRs_Ohm_tmp.obj</name>
      </input_file>
      <input_file id="fl-2e">
         <path>C:\Users\bee25\Documents\Visual Studio 2015\Projects\telescopeController_Hardware\third party\motorware_1_01_00_16\sw\modules\fast\lib\32b\f28x\f2806x\</path>
         <kind>archive</kind>
         <file>2806xRevB_FastSpinROMSymbols.lib</file>
         <name>TMS320x2806x_REVB_boot_rom_out__EST_setLs_d_pu_tmp.obj</name>
      </input_file>
      <input_file id="fl-2f">
         <path>C:\Users\bee25\Documents\Visual Studio 2015\Projects\telescopeController_Hardware\third party\motorware_1_01_00_16\sw\modules\fast\lib\32b\f28x\f2806x\</path>
         <kind>archive</kind>
         <file>2806xRevB_FastSpinROMSymbols.lib</file>
         <name>TMS320x2806x_REVB_boot_rom_out__EST_setLs_qFmt_tmp.obj</name>
      </input_file>
      <input_file id="fl-30">
         <path>C:\Users\bee25\Documents\Visual Studio 2015\Projects\telescopeController_Hardware\third party\motorware_1_01_00_16\sw\modules\fast\lib\32b\f28x\f2806x\</path>
         <kind>archive</kind>
         <file>2806xRevB_FastSpinROMSymbols.lib</file>
         <name>TMS320x2806x_REVB_boot_rom_out__EST_setLs_q_pu_tmp.obj</name>
      </input_file>
      <input_file id="fl-31">
         <path>C:\Users\bee25\Documents\Visual Studio 2015\Projects\telescopeController_Hardware\third party\motorware_1_01_00_16\sw\modules\fast\lib\32b\f28x\f2806x\</path>
         <kind>archive</kind>
         <file>2806xRevB_FastSpinROMSymbols.lib</file>
         <name>TMS320x2806x_REVB_boot_rom_out__OFFSET_init_tmp.obj</name>
      </input_file>
      <input_file id="fl-32">
         <path>C:\Users\bee25\Documents\Visual Studio 2015\Projects\telescopeController_Hardware\third party\motorware_1_01_00_16\sw\modules\fast\lib\32b\f28x\f2806x\</path>
         <kind>archive</kind>
         <file>2806xRevB_FastSpinROMSymbols.lib</file>
         <name>TMS320x2806x_REVB_boot_rom_out__OFFSET_setBeta_tmp.obj</name>
      </input_file>
      <input_file id="fl-33">
         <path>C:\Users\bee25\Documents\Visual Studio 2015\Projects\telescopeController_Hardware\third party\motorware_1_01_00_16\sw\modules\fast\lib\32b\f28x\f2806x\</path>
         <kind>archive</kind>
         <file>2806xRevB_FastSpinROMSymbols.lib</file>
         <name>TMS320x2806x_REVB_boot_rom_out__OFFSET_setInitCond_tmp.obj</name>
      </input_file>
      <input_file id="fl-34">
         <path>C:\Users\bee25\Documents\Visual Studio 2015\Projects\telescopeController_Hardware\third party\motorware_1_01_00_16\sw\modules\fast\lib\32b\f28x\f2806x\</path>
         <kind>archive</kind>
         <file>2806xRevB_FastSpinROMSymbols.lib</file>
         <name>TMS320x2806x_REVB_boot_rom_out__OFFSET_setOffset_tmp.obj</name>
      </input_file>
      <input_file id="fl-35">
         <path>C:\Users\bee25\Documents\Visual Studio 2015\Projects\telescopeController_Hardware\third party\motorware_1_01_00_16\sw\modules\iqmath\lib\f28x\32b\</path>
         <kind>archive</kind>
         <file>IQmath.lib</file>
         <name>IQ30toF.obj</name>
      </input_file>
      <input_file id="fl-36">
         <path>C:\ti\ccsv6\tools\compiler\c2000_6.4.11\lib\</path>
         <kind>archive</kind>
         <file>rts2800_ml.lib</file>
         <name>boot.obj</name>
      </input_file>
      <input_file id="fl-37">
         <path>C:\ti\ccsv6\tools\compiler\c2000_6.4.11\lib\</path>
         <kind>archive</kind>
         <file>rts2800_ml.lib</file>
         <name>args_main.obj</name>
      </input_file>
      <input_file id="fl-38">
         <path>C:\ti\ccsv6\tools\compiler\c2000_6.4.11\lib\</path>
         <kind>archive</kind>
         <file>rts2800_ml.lib</file>
         <name>exit.obj</name>
      </input_file>
      <input_file id="fl-39">
         <path>C:\ti\ccsv6\tools\compiler\c2000_6.4.11\lib\</path>
         <kind>archive</kind>
         <file>rts2800_ml.lib</file>
         <name>_lock.obj</name>
      </input_file>
      <input_file id="fl-3a">
         <path>C:\ti\ccsv6\tools\compiler\c2000_6.4.11\lib\</path>
         <kind>archive</kind>
         <file>rts2800_ml.lib</file>
         <name>log.obj</name>
      </input_file>
      <input_file id="fl-3b">
         <path>C:\ti\ccsv6\tools\compiler\c2000_6.4.11\lib\</path>
         <kind>archive</kind>
         <file>rts2800_ml.lib</file>
         <name>errno.obj</name>
      </input_file>
      <input_file id="fl-3c">
         <path>C:\ti\ccsv6\tools\compiler\c2000_6.4.11\lib\</path>
         <kind>archive</kind>
         <file>rts2800_ml.lib</file>
         <name>frexp.obj</name>
      </input_file>
      <input_file id="fl-3d">
         <path>C:\ti\ccsv6\tools\compiler\c2000_6.4.11\lib\</path>
         <kind>archive</kind>
         <file>rts2800_ml.lib</file>
         <name>modf.obj</name>
      </input_file>
      <input_file id="fl-3e">
         <path>C:\ti\ccsv6\tools\compiler\c2000_6.4.11\lib\</path>
         <kind>archive</kind>
         <file>rts2800_ml.lib</file>
         <name>fs_tol.obj</name>
      </input_file>
      <input_file id="fl-3f">
         <path>C:\ti\ccsv6\tools\compiler\c2000_6.4.11\lib\</path>
         <kind>archive</kind>
         <file>rts2800_ml.lib</file>
         <name>l_tofs.obj</name>
      </input_file>
      <input_file id="fl-40">
         <path>C:\ti\ccsv6\tools\compiler\c2000_6.4.11\lib\</path>
         <kind>archive</kind>
         <file>rts2800_ml.lib</file>
         <name>pow.obj</name>
      </input_file>
      <input_file id="fl-41">
         <path>C:\ti\ccsv6\tools\compiler\c2000_6.4.11\lib\</path>
         <kind>archive</kind>
         <file>rts2800_ml.lib</file>
         <name>i_div.obj</name>
      </input_file>
      <input_file id="fl-42">
         <path>C:\ti\ccsv6\tools\compiler\c2000_6.4.11\lib\</path>
         <kind>archive</kind>
         <file>rts2800_ml.lib</file>
         <name>_log.obj</name>
      </input_file>
      <input_file id="fl-43">
         <path>C:\ti\ccsv6\tools\compiler\c2000_6.4.11\lib\</path>
         <kind>archive</kind>
         <file>rts2800_ml.lib</file>
         <name>exp.obj</name>
      </input_file>
      <input_file id="fl-44">
         <path>C:\ti\ccsv6\tools\compiler\c2000_6.4.11\lib\</path>
         <kind>archive</kind>
         <file>rts2800_ml.lib</file>
         <name>ldexp.obj</name>
      </input_file>
      <input_file id="fl-45">
         <path>C:\ti\ccsv6\tools\compiler\c2000_6.4.11\lib\</path>
         <kind>archive</kind>
         <file>rts2800_ml.lib</file>
         <name>sqrt.obj</name>
      </input_file>
   </input_file_list>
   <object_component_list>
      <object_component id="oc-114">
         <name>ramfuncs</name>
         <load_address>0xf4</load_address>
         <run_address>0xf4</run_address>
         <size>0x32</size>
         <input_file_ref idref="fl-8"/>
      </object_component>
      <object_component id="oc-5c">
         <name>ramfuncs</name>
         <load_address>0x126</load_address>
         <run_address>0x126</run_address>
         <size>0x4</size>
         <input_file_ref idref="fl-12"/>
      </object_component>
      <object_component id="oc-10b">
         <name>.text</name>
         <load_address>0x8000</load_address>
         <run_address>0x8000</run_address>
         <size>0x9c6</size>
         <input_file_ref idref="fl-a"/>
      </object_component>
      <object_component id="oc-10c">
         <name>.text</name>
         <load_address>0x89c6</load_address>
         <run_address>0x89c6</run_address>
         <size>0x4c8</size>
         <input_file_ref idref="fl-13"/>
      </object_component>
      <object_component id="oc-110">
         <name>.text</name>
         <load_address>0x8e8e</load_address>
         <run_address>0x8e8e</run_address>
         <size>0x2f7</size>
         <input_file_ref idref="fl-f"/>
      </object_component>
      <object_component id="oc-115">
         <name>.text</name>
         <load_address>0x9185</load_address>
         <run_address>0x9185</run_address>
         <size>0x1fa</size>
         <input_file_ref idref="fl-5"/>
      </object_component>
      <object_component id="oc-107">
         <name>.text</name>
         <load_address>0x937f</load_address>
         <run_address>0x937f</run_address>
         <size>0x19d</size>
         <input_file_ref idref="fl-9"/>
      </object_component>
      <object_component id="oc-111">
         <name>.text</name>
         <load_address>0x951c</load_address>
         <run_address>0x951c</run_address>
         <size>0x18b</size>
         <input_file_ref idref="fl-6"/>
      </object_component>
      <object_component id="oc-113">
         <name>.text</name>
         <load_address>0x96a7</load_address>
         <run_address>0x96a7</run_address>
         <size>0x102</size>
         <input_file_ref idref="fl-c"/>
      </object_component>
      <object_component id="oc-48">
         <name>.text:retain</name>
         <load_address>0x97a9</load_address>
         <run_address>0x97a9</run_address>
         <size>0xb3</size>
         <input_file_ref idref="fl-e"/>
      </object_component>
      <object_component id="oc-11b">
         <name>.text</name>
         <load_address>0x985c</load_address>
         <run_address>0x985c</run_address>
         <size>0xad</size>
         <input_file_ref idref="fl-3a"/>
      </object_component>
      <object_component id="oc-122">
         <name>.text</name>
         <load_address>0x9909</load_address>
         <run_address>0x9909</run_address>
         <size>0x9f</size>
         <input_file_ref idref="fl-43"/>
      </object_component>
      <object_component id="oc-121">
         <name>.text</name>
         <load_address>0x99a8</load_address>
         <run_address>0x99a8</run_address>
         <size>0x8f</size>
         <input_file_ref idref="fl-42"/>
      </object_component>
      <object_component id="oc-11d">
         <name>.text</name>
         <load_address>0x9a37</load_address>
         <run_address>0x9a37</run_address>
         <size>0x88</size>
         <input_file_ref idref="fl-40"/>
      </object_component>
      <object_component id="oc-6c">
         <name>.text</name>
         <load_address>0x9abf</load_address>
         <run_address>0x9abf</run_address>
         <size>0x83</size>
         <input_file_ref idref="fl-18"/>
      </object_component>
      <object_component id="oc-80">
         <name>.text</name>
         <load_address>0x9b42</load_address>
         <run_address>0x9b42</run_address>
         <size>0x83</size>
         <input_file_ref idref="fl-1c"/>
      </object_component>
      <object_component id="oc-76">
         <name>.text</name>
         <load_address>0x9bc5</load_address>
         <run_address>0x9bc5</run_address>
         <size>0x78</size>
         <input_file_ref idref="fl-1a"/>
      </object_component>
      <object_component id="oc-112">
         <name>.text</name>
         <load_address>0x9c3d</load_address>
         <run_address>0x9c3d</run_address>
         <size>0x5c</size>
         <input_file_ref idref="fl-d"/>
      </object_component>
      <object_component id="oc-108">
         <name>.text</name>
         <load_address>0x9c99</load_address>
         <run_address>0x9c99</run_address>
         <size>0x5b</size>
         <input_file_ref idref="fl-e"/>
      </object_component>
      <object_component id="oc-85">
         <name>.text</name>
         <load_address>0x9cf4</load_address>
         <run_address>0x9cf4</run_address>
         <size>0x5a</size>
         <input_file_ref idref="fl-1d"/>
      </object_component>
      <object_component id="oc-11e">
         <name>.text</name>
         <load_address>0x9d4e</load_address>
         <run_address>0x9d4e</run_address>
         <size>0x51</size>
         <input_file_ref idref="fl-45"/>
      </object_component>
      <object_component id="oc-118">
         <name>.text</name>
         <load_address>0x9d9f</load_address>
         <run_address>0x9d9f</run_address>
         <size>0x47</size>
         <input_file_ref idref="fl-14"/>
      </object_component>
      <object_component id="oc-11a">
         <name>.text</name>
         <load_address>0x9de6</load_address>
         <run_address>0x9de6</run_address>
         <size>0x45</size>
         <input_file_ref idref="fl-10"/>
      </object_component>
      <object_component id="oc-13">
         <name>.text</name>
         <load_address>0x9e2b</load_address>
         <run_address>0x9e2b</run_address>
         <size>0x44</size>
         <input_file_ref idref="fl-36"/>
      </object_component>
      <object_component id="oc-123">
         <name>.text</name>
         <load_address>0x9e6f</load_address>
         <run_address>0x9e6f</run_address>
         <size>0x41</size>
         <input_file_ref idref="fl-44"/>
      </object_component>
      <object_component id="oc-11c">
         <name>.text</name>
         <load_address>0x9eb0</load_address>
         <run_address>0x9eb0</run_address>
         <size>0x33</size>
         <input_file_ref idref="fl-3d"/>
      </object_component>
      <object_component id="oc-10f">
         <name>.text</name>
         <load_address>0x9ee3</load_address>
         <run_address>0x9ee3</run_address>
         <size>0x33</size>
         <input_file_ref idref="fl-11"/>
      </object_component>
      <object_component id="oc-116">
         <name>.text</name>
         <load_address>0x9f16</load_address>
         <run_address>0x9f16</run_address>
         <size>0x2e</size>
         <input_file_ref idref="fl-b"/>
      </object_component>
      <object_component id="oc-dd">
         <name>.text</name>
         <load_address>0x9f44</load_address>
         <run_address>0x9f44</run_address>
         <size>0x29</size>
         <input_file_ref idref="fl-3e"/>
      </object_component>
      <object_component id="oc-117">
         <name>.text</name>
         <load_address>0x9f6d</load_address>
         <run_address>0x9f6d</run_address>
         <size>0x25</size>
         <input_file_ref idref="fl-7"/>
      </object_component>
      <object_component id="oc-94">
         <name>.text</name>
         <load_address>0x9f92</load_address>
         <run_address>0x9f92</run_address>
         <size>0x25</size>
         <input_file_ref idref="fl-20"/>
      </object_component>
      <object_component id="oc-ec">
         <name>.text</name>
         <load_address>0x9fb7</load_address>
         <run_address>0x9fb7</run_address>
         <size>0x22</size>
         <input_file_ref idref="fl-41"/>
      </object_component>
      <object_component id="oc-119">
         <name>.text</name>
         <load_address>0x9fd9</load_address>
         <run_address>0x9fd9</run_address>
         <size>0x21</size>
         <input_file_ref idref="fl-8"/>
      </object_component>
      <object_component id="oc-9e">
         <name>.text</name>
         <load_address>0x9ffa</load_address>
         <run_address>0x9ffa</run_address>
         <size>0x21</size>
         <input_file_ref idref="fl-22"/>
      </object_component>
      <object_component id="oc-71">
         <name>.text</name>
         <load_address>0xa01b</load_address>
         <run_address>0xa01b</run_address>
         <size>0x1f</size>
         <input_file_ref idref="fl-19"/>
      </object_component>
      <object_component id="oc-99">
         <name>.text</name>
         <load_address>0xa03a</load_address>
         <run_address>0xa03a</run_address>
         <size>0x1d</size>
         <input_file_ref idref="fl-21"/>
      </object_component>
      <object_component id="oc-8f">
         <name>.text</name>
         <load_address>0xa057</load_address>
         <run_address>0xa057</run_address>
         <size>0x1c</size>
         <input_file_ref idref="fl-1f"/>
      </object_component>
      <object_component id="oc-a3">
         <name>.text</name>
         <load_address>0xa073</load_address>
         <run_address>0xa073</run_address>
         <size>0x1a</size>
         <input_file_ref idref="fl-23"/>
      </object_component>
      <object_component id="oc-e2">
         <name>.text</name>
         <load_address>0xa08d</load_address>
         <run_address>0xa08d</run_address>
         <size>0x1a</size>
         <input_file_ref idref="fl-3f"/>
      </object_component>
      <object_component id="oc-105">
         <name>.text</name>
         <load_address>0xa0a7</load_address>
         <run_address>0xa0a7</run_address>
         <size>0x19</size>
         <input_file_ref idref="fl-37"/>
      </object_component>
      <object_component id="oc-106">
         <name>.text</name>
         <load_address>0xa0c0</load_address>
         <run_address>0xa0c0</run_address>
         <size>0x19</size>
         <input_file_ref idref="fl-38"/>
      </object_component>
      <object_component id="oc-7b">
         <name>.text</name>
         <load_address>0xa0d9</load_address>
         <run_address>0xa0d9</run_address>
         <size>0x17</size>
         <input_file_ref idref="fl-1b"/>
      </object_component>
      <object_component id="oc-120">
         <name>.text</name>
         <load_address>0xa0f0</load_address>
         <run_address>0xa0f0</run_address>
         <size>0x14</size>
         <input_file_ref idref="fl-3c"/>
      </object_component>
      <object_component id="oc-ad">
         <name>.text</name>
         <load_address>0xa104</load_address>
         <run_address>0xa104</run_address>
         <size>0x13</size>
         <input_file_ref idref="fl-25"/>
      </object_component>
      <object_component id="oc-a8">
         <name>.text</name>
         <load_address>0xa117</load_address>
         <run_address>0xa117</run_address>
         <size>0x10</size>
         <input_file_ref idref="fl-24"/>
      </object_component>
      <object_component id="oc-10d">
         <name>.text</name>
         <load_address>0xa127</load_address>
         <run_address>0xa127</run_address>
         <size>0x9</size>
         <input_file_ref idref="fl-39"/>
      </object_component>
      <object_component id="oc-3b">
         <name>.text:retain</name>
         <load_address>0xa130</load_address>
         <run_address>0xa130</run_address>
         <size>0x5</size>
         <input_file_ref idref="fl-c"/>
      </object_component>
      <object_component id="oc-8a">
         <name>.text</name>
         <load_address>0xa135</load_address>
         <run_address>0xa135</run_address>
         <size>0x5</size>
         <input_file_ref idref="fl-1e"/>
      </object_component>
      <object_component id="oc-46">
         <name>.cinit</name>
         <load_address>0x50</load_address>
         <run_address>0x50</run_address>
         <size>0x8a</size>
         <input_file_ref idref="fl-e"/>
      </object_component>
      <object_component id="oc-bf">
         <name>.cinit</name>
         <load_address>0xda</load_address>
         <run_address>0xda</run_address>
         <size>0xa</size>
         <input_file_ref idref="fl-38"/>
      </object_component>
      <object_component id="oc-10a">
         <name>.cinit:__lock</name>
         <load_address>0xe4</load_address>
         <run_address>0xe4</run_address>
         <size>0x5</size>
         <input_file_ref idref="fl-39"/>
      </object_component>
      <object_component id="oc-10e">
         <name>.cinit:__unlock</name>
         <load_address>0xe9</load_address>
         <run_address>0xe9</run_address>
         <size>0x5</size>
         <input_file_ref idref="fl-39"/>
      </object_component>
      <object_component id="oc-d0">
         <name>.cinit</name>
         <load_address>0xee</load_address>
         <run_address>0xee</run_address>
         <size>0x4</size>
         <input_file_ref idref="fl-3b"/>
      </object_component>
      <object_component id="oc-b4">
         <name>.reset</name>
         <load_address>0x3fffc0</load_address>
         <run_address>0x3fffc0</run_address>
         <size>0x2</size>
         <input_file_ref idref="fl-36"/>
      </object_component>
      <object_component id="oc-b3">
         <name>.stack</name>
         <uninitialized>true</uninitialized>
         <run_address>0x400</run_address>
         <size>0x0</size>
         <input_file_ref idref="fl-36"/>
      </object_component>
      <object_component id="oc-13f">
         <name>.stack</name>
         <uninitialized>true</uninitialized>
         <run_address>0x400</run_address>
         <size>0x0</size>
      </object_component>
      <object_component id="oc-1f">
         <name>.ebss</name>
         <uninitialized>true</uninitialized>
         <run_address>0xa2ae</run_address>
         <size>0x1</size>
         <input_file_ref idref="fl-7"/>
      </object_component>
      <object_component id="oc-2f">
         <name>.ebss</name>
         <uninitialized>true</uninitialized>
         <run_address>0xa2c0</run_address>
         <size>0x9a</size>
         <input_file_ref idref="fl-a"/>
      </object_component>
      <object_component id="oc-47">
         <name>.ebss</name>
         <uninitialized>true</uninitialized>
         <run_address>0xa140</run_address>
         <size>0x16c</size>
         <input_file_ref idref="fl-e"/>
      </object_component>
      <object_component id="oc-c0">
         <name>.ebss</name>
         <uninitialized>true</uninitialized>
         <run_address>0xa13a</run_address>
         <size>0x4</size>
         <input_file_ref idref="fl-38"/>
      </object_component>
      <object_component id="oc-11f">
         <name>.ebss:__unlock</name>
         <uninitialized>true</uninitialized>
         <run_address>0xa2ac</run_address>
         <size>0x2</size>
         <input_file_ref idref="fl-39"/>
      </object_component>
      <object_component id="oc-109">
         <name>.ebss:__lock</name>
         <uninitialized>true</uninitialized>
         <run_address>0xa13e</run_address>
         <size>0x2</size>
         <input_file_ref idref="fl-39"/>
      </object_component>
      <object_component id="oc-d1">
         <name>.ebss</name>
         <uninitialized>true</uninitialized>
         <run_address>0xa2af</run_address>
         <size>0x1</size>
         <input_file_ref idref="fl-3b"/>
      </object_component>
      <object_component id="oc-62">
         <name>.econst</name>
         <load_address>0xa36e</load_address>
         <run_address>0xa36e</run_address>
         <size>0x8</size>
         <input_file_ref idref="fl-13"/>
      </object_component>
      <object_component id="oc-30">
         <name>.econst</name>
         <load_address>0xa376</load_address>
         <run_address>0xa376</run_address>
         <size>0x4</size>
         <input_file_ref idref="fl-a"/>
      </object_component>
      <object_component id="oc-b2">
         <name>IQmath</name>
         <load_address>0xa35a</load_address>
         <run_address>0xa35a</run_address>
         <size>0x14</size>
         <input_file_ref idref="fl-35"/>
      </object_component>
      <object_component id="oc-14">
         <name>.debug_info</name>
         <load_address>0x0</load_address>
         <run_address>0x0</run_address>
         <size>0x57db</size>
         <input_file_ref idref="fl-5"/>
      </object_component>
      <object_component id="oc-19">
         <name>.debug_info</name>
         <load_address>0x57db</load_address>
         <run_address>0x57db</run_address>
         <size>0x6ec6</size>
         <input_file_ref idref="fl-6"/>
      </object_component>
      <object_component id="oc-1e">
         <name>.debug_info</name>
         <load_address>0xc6a1</load_address>
         <run_address>0xc6a1</run_address>
         <size>0x179d</size>
         <input_file_ref idref="fl-7"/>
      </object_component>
      <object_component id="oc-24">
         <name>.debug_info</name>
         <load_address>0xde3e</load_address>
         <run_address>0xde3e</run_address>
         <size>0x2a98</size>
         <input_file_ref idref="fl-8"/>
      </object_component>
      <object_component id="oc-29">
         <name>.debug_info</name>
         <load_address>0x108d6</load_address>
         <run_address>0x108d6</run_address>
         <size>0x40cc</size>
         <input_file_ref idref="fl-9"/>
      </object_component>
      <object_component id="oc-2e">
         <name>.debug_info</name>
         <load_address>0x149a2</load_address>
         <run_address>0x149a2</run_address>
         <size>0x106e6</size>
         <input_file_ref idref="fl-a"/>
      </object_component>
      <object_component id="oc-35">
         <name>.debug_info</name>
         <load_address>0x25088</load_address>
         <run_address>0x25088</run_address>
         <size>0xd09</size>
         <input_file_ref idref="fl-b"/>
      </object_component>
      <object_component id="oc-3a">
         <name>.debug_info</name>
         <load_address>0x25d91</load_address>
         <run_address>0x25d91</run_address>
         <size>0x5682</size>
         <input_file_ref idref="fl-c"/>
      </object_component>
      <object_component id="oc-40">
         <name>.debug_info</name>
         <load_address>0x2b413</load_address>
         <run_address>0x2b413</run_address>
         <size>0x2534</size>
         <input_file_ref idref="fl-d"/>
      </object_component>
      <object_component id="oc-45">
         <name>.debug_info</name>
         <load_address>0x2d947</load_address>
         <run_address>0x2d947</run_address>
         <size>0x5fbd</size>
         <input_file_ref idref="fl-e"/>
      </object_component>
      <object_component id="oc-4d">
         <name>.debug_info</name>
         <load_address>0x33904</load_address>
         <run_address>0x33904</run_address>
         <size>0xf057</size>
         <input_file_ref idref="fl-f"/>
      </object_component>
      <object_component id="oc-52">
         <name>.debug_info</name>
         <load_address>0x4295b</load_address>
         <run_address>0x4295b</run_address>
         <size>0x184a</size>
         <input_file_ref idref="fl-10"/>
      </object_component>
      <object_component id="oc-57">
         <name>.debug_info</name>
         <load_address>0x441a5</load_address>
         <run_address>0x441a5</run_address>
         <size>0x1474</size>
         <input_file_ref idref="fl-11"/>
      </object_component>
      <object_component id="oc-5d">
         <name>.debug_info</name>
         <load_address>0x45619</load_address>
         <run_address>0x45619</run_address>
         <size>0x298</size>
         <input_file_ref idref="fl-12"/>
      </object_component>
      <object_component id="oc-61">
         <name>.debug_info</name>
         <load_address>0x458b1</load_address>
         <run_address>0x458b1</run_address>
         <size>0x5376</size>
         <input_file_ref idref="fl-13"/>
      </object_component>
      <object_component id="oc-67">
         <name>.debug_info</name>
         <load_address>0x4ac27</load_address>
         <run_address>0x4ac27</run_address>
         <size>0x19fa</size>
         <input_file_ref idref="fl-14"/>
      </object_component>
      <object_component id="oc-6d">
         <name>.debug_info</name>
         <load_address>0x4c621</load_address>
         <run_address>0x4c621</run_address>
         <size>0x10c</size>
         <input_file_ref idref="fl-18"/>
      </object_component>
      <object_component id="oc-72">
         <name>.debug_info</name>
         <load_address>0x4c72d</load_address>
         <run_address>0x4c72d</run_address>
         <size>0x10c</size>
         <input_file_ref idref="fl-19"/>
      </object_component>
      <object_component id="oc-77">
         <name>.debug_info</name>
         <load_address>0x4c839</load_address>
         <run_address>0x4c839</run_address>
         <size>0x10c</size>
         <input_file_ref idref="fl-1a"/>
      </object_component>
      <object_component id="oc-7c">
         <name>.debug_info</name>
         <load_address>0x4c945</load_address>
         <run_address>0x4c945</run_address>
         <size>0x10c</size>
         <input_file_ref idref="fl-1b"/>
      </object_component>
      <object_component id="oc-81">
         <name>.debug_info</name>
         <load_address>0x4ca51</load_address>
         <run_address>0x4ca51</run_address>
         <size>0x10c</size>
         <input_file_ref idref="fl-1c"/>
      </object_component>
      <object_component id="oc-86">
         <name>.debug_info</name>
         <load_address>0x4cb5d</load_address>
         <run_address>0x4cb5d</run_address>
         <size>0x10c</size>
         <input_file_ref idref="fl-1d"/>
      </object_component>
      <object_component id="oc-8b">
         <name>.debug_info</name>
         <load_address>0x4cc69</load_address>
         <run_address>0x4cc69</run_address>
         <size>0x10c</size>
         <input_file_ref idref="fl-1e"/>
      </object_component>
      <object_component id="oc-90">
         <name>.debug_info</name>
         <load_address>0x4cd75</load_address>
         <run_address>0x4cd75</run_address>
         <size>0x10f</size>
         <input_file_ref idref="fl-1f"/>
      </object_component>
      <object_component id="oc-95">
         <name>.debug_info</name>
         <load_address>0x4ce84</load_address>
         <run_address>0x4ce84</run_address>
         <size>0x118</size>
         <input_file_ref idref="fl-20"/>
      </object_component>
      <object_component id="oc-9a">
         <name>.debug_info</name>
         <load_address>0x4cf9c</load_address>
         <run_address>0x4cf9c</run_address>
         <size>0x118</size>
         <input_file_ref idref="fl-21"/>
      </object_component>
      <object_component id="oc-9f">
         <name>.debug_info</name>
         <load_address>0x4d0b4</load_address>
         <run_address>0x4d0b4</run_address>
         <size>0x11b</size>
         <input_file_ref idref="fl-22"/>
      </object_component>
      <object_component id="oc-a4">
         <name>.debug_info</name>
         <load_address>0x4d1cf</load_address>
         <run_address>0x4d1cf</run_address>
         <size>0x112</size>
         <input_file_ref idref="fl-23"/>
      </object_component>
      <object_component id="oc-a9">
         <name>.debug_info</name>
         <load_address>0x4d2e1</load_address>
         <run_address>0x4d2e1</run_address>
         <size>0x10c</size>
         <input_file_ref idref="fl-24"/>
      </object_component>
      <object_component id="oc-ae">
         <name>.debug_info</name>
         <load_address>0x4d3ed</load_address>
         <run_address>0x4d3ed</run_address>
         <size>0x10f</size>
         <input_file_ref idref="fl-25"/>
      </object_component>
      <object_component id="oc-b5">
         <name>.debug_info</name>
         <load_address>0x4d4fc</load_address>
         <run_address>0x4d4fc</run_address>
         <size>0x12a</size>
         <input_file_ref idref="fl-36"/>
      </object_component>
      <object_component id="oc-b9">
         <name>.debug_info</name>
         <load_address>0x4d626</load_address>
         <run_address>0x4d626</run_address>
         <size>0x418</size>
         <input_file_ref idref="fl-37"/>
      </object_component>
      <object_component id="oc-be">
         <name>.debug_info</name>
         <load_address>0x4da3e</load_address>
         <run_address>0x4da3e</run_address>
         <size>0x421</size>
         <input_file_ref idref="fl-38"/>
      </object_component>
      <object_component id="oc-c5">
         <name>.debug_info</name>
         <load_address>0x4de5f</load_address>
         <run_address>0x4de5f</run_address>
         <size>0x44b</size>
         <input_file_ref idref="fl-39"/>
      </object_component>
      <object_component id="oc-ca">
         <name>.debug_info</name>
         <load_address>0x4e2aa</load_address>
         <run_address>0x4e2aa</run_address>
         <size>0x4c8</size>
         <input_file_ref idref="fl-3a"/>
      </object_component>
      <object_component id="oc-cf">
         <name>.debug_info</name>
         <load_address>0x4e772</load_address>
         <run_address>0x4e772</run_address>
         <size>0x1b7</size>
         <input_file_ref idref="fl-3b"/>
      </object_component>
      <object_component id="oc-d3">
         <name>.debug_info</name>
         <load_address>0x4e929</load_address>
         <run_address>0x4e929</run_address>
         <size>0x366</size>
         <input_file_ref idref="fl-3c"/>
      </object_component>
      <object_component id="oc-d8">
         <name>.debug_info</name>
         <load_address>0x4ec8f</load_address>
         <run_address>0x4ec8f</run_address>
         <size>0x3c2</size>
         <input_file_ref idref="fl-3d"/>
      </object_component>
      <object_component id="oc-de">
         <name>.debug_info</name>
         <load_address>0x4f051</load_address>
         <run_address>0x4f051</run_address>
         <size>0x118</size>
         <input_file_ref idref="fl-3e"/>
      </object_component>
      <object_component id="oc-e3">
         <name>.debug_info</name>
         <load_address>0x4f169</load_address>
         <run_address>0x4f169</run_address>
         <size>0x112</size>
         <input_file_ref idref="fl-3f"/>
      </object_component>
      <object_component id="oc-e7">
         <name>.debug_info</name>
         <load_address>0x4f27b</load_address>
         <run_address>0x4f27b</run_address>
         <size>0x49c</size>
         <input_file_ref idref="fl-40"/>
      </object_component>
      <object_component id="oc-ed">
         <name>.debug_info</name>
         <load_address>0x4f717</load_address>
         <run_address>0x4f717</run_address>
         <size>0x139</size>
         <input_file_ref idref="fl-41"/>
      </object_component>
      <object_component id="oc-f1">
         <name>.debug_info</name>
         <load_address>0x4f850</load_address>
         <run_address>0x4f850</run_address>
         <size>0x487</size>
         <input_file_ref idref="fl-42"/>
      </object_component>
      <object_component id="oc-f6">
         <name>.debug_info</name>
         <load_address>0x4fcd7</load_address>
         <run_address>0x4fcd7</run_address>
         <size>0x49b</size>
         <input_file_ref idref="fl-43"/>
      </object_component>
      <object_component id="oc-fb">
         <name>.debug_info</name>
         <load_address>0x50172</load_address>
         <run_address>0x50172</run_address>
         <size>0x392</size>
         <input_file_ref idref="fl-44"/>
      </object_component>
      <object_component id="oc-100">
         <name>.debug_info</name>
         <load_address>0x50504</load_address>
         <run_address>0x50504</run_address>
         <size>0x3e3</size>
         <input_file_ref idref="fl-45"/>
      </object_component>
      <object_component id="oc-140">
         <name>.debug_info</name>
         <load_address>0x508e7</load_address>
         <run_address>0x508e7</run_address>
         <size>0x143</size>
      </object_component>
      <object_component id="oc-15">
         <name>.debug_frame</name>
         <load_address>0x0</load_address>
         <run_address>0x0</run_address>
         <size>0x302</size>
         <input_file_ref idref="fl-5"/>
      </object_component>
      <object_component id="oc-1a">
         <name>.debug_frame</name>
         <load_address>0x302</load_address>
         <run_address>0x302</run_address>
         <size>0x539</size>
         <input_file_ref idref="fl-6"/>
      </object_component>
      <object_component id="oc-20">
         <name>.debug_frame</name>
         <load_address>0x83b</load_address>
         <run_address>0x83b</run_address>
         <size>0x149</size>
         <input_file_ref idref="fl-7"/>
      </object_component>
      <object_component id="oc-25">
         <name>.debug_frame</name>
         <load_address>0x984</load_address>
         <run_address>0x984</run_address>
         <size>0x1b2</size>
         <input_file_ref idref="fl-8"/>
      </object_component>
      <object_component id="oc-2a">
         <name>.debug_frame</name>
         <load_address>0xb36</load_address>
         <run_address>0xb36</run_address>
         <size>0x1a9</size>
         <input_file_ref idref="fl-9"/>
      </object_component>
      <object_component id="oc-31">
         <name>.debug_frame</name>
         <load_address>0xcdf</load_address>
         <run_address>0xcdf</run_address>
         <size>0x42d</size>
         <input_file_ref idref="fl-a"/>
      </object_component>
      <object_component id="oc-36">
         <name>.debug_frame</name>
         <load_address>0x110c</load_address>
         <run_address>0x110c</run_address>
         <size>0xb6</size>
         <input_file_ref idref="fl-b"/>
      </object_component>
      <object_component id="oc-3c">
         <name>.debug_frame</name>
         <load_address>0x11c2</load_address>
         <run_address>0x11c2</run_address>
         <size>0x299</size>
         <input_file_ref idref="fl-c"/>
      </object_component>
      <object_component id="oc-41">
         <name>.debug_frame</name>
         <load_address>0x145b</load_address>
         <run_address>0x145b</run_address>
         <size>0x1c7</size>
         <input_file_ref idref="fl-d"/>
      </object_component>
      <object_component id="oc-49">
         <name>.debug_frame</name>
         <load_address>0x1622</load_address>
         <run_address>0x1622</run_address>
         <size>0xd7</size>
         <input_file_ref idref="fl-e"/>
      </object_component>
      <object_component id="oc-4e">
         <name>.debug_frame</name>
         <load_address>0x16f9</load_address>
         <run_address>0x16f9</run_address>
         <size>0x929</size>
         <input_file_ref idref="fl-f"/>
      </object_component>
      <object_component id="oc-53">
         <name>.debug_frame</name>
         <load_address>0x2022</load_address>
         <run_address>0x2022</run_address>
         <size>0xf5</size>
         <input_file_ref idref="fl-10"/>
      </object_component>
      <object_component id="oc-58">
         <name>.debug_frame</name>
         <load_address>0x2117</load_address>
         <run_address>0x2117</run_address>
         <size>0x10a</size>
         <input_file_ref idref="fl-11"/>
      </object_component>
      <object_component id="oc-63">
         <name>.debug_frame</name>
         <load_address>0x2221</load_address>
         <run_address>0x2221</run_address>
         <size>0x266</size>
         <input_file_ref idref="fl-13"/>
      </object_component>
      <object_component id="oc-68">
         <name>.debug_frame</name>
         <load_address>0x2487</load_address>
         <run_address>0x2487</run_address>
         <size>0x149</size>
         <input_file_ref idref="fl-14"/>
      </object_component>
      <object_component id="oc-ba">
         <name>.debug_frame</name>
         <load_address>0x25d0</load_address>
         <run_address>0x25d0</run_address>
         <size>0x77</size>
         <input_file_ref idref="fl-37"/>
      </object_component>
      <object_component id="oc-c1">
         <name>.debug_frame</name>
         <load_address>0x2647</load_address>
         <run_address>0x2647</run_address>
         <size>0x95</size>
         <input_file_ref idref="fl-38"/>
      </object_component>
      <object_component id="oc-c6">
         <name>.debug_frame</name>
         <load_address>0x26dc</load_address>
         <run_address>0x26dc</run_address>
         <size>0xa1</size>
         <input_file_ref idref="fl-39"/>
      </object_component>
      <object_component id="oc-cb">
         <name>.debug_frame</name>
         <load_address>0x277d</load_address>
         <run_address>0x277d</run_address>
         <size>0x99</size>
         <input_file_ref idref="fl-3a"/>
      </object_component>
      <object_component id="oc-d4">
         <name>.debug_frame</name>
         <load_address>0x2816</load_address>
         <run_address>0x2816</run_address>
         <size>0x7d</size>
         <input_file_ref idref="fl-3c"/>
      </object_component>
      <object_component id="oc-d9">
         <name>.debug_frame</name>
         <load_address>0x2893</load_address>
         <run_address>0x2893</run_address>
         <size>0x8f</size>
         <input_file_ref idref="fl-3d"/>
      </object_component>
      <object_component id="oc-e8">
         <name>.debug_frame</name>
         <load_address>0x2922</load_address>
         <run_address>0x2922</run_address>
         <size>0x99</size>
         <input_file_ref idref="fl-40"/>
      </object_component>
      <object_component id="oc-f2">
         <name>.debug_frame</name>
         <load_address>0x29bb</load_address>
         <run_address>0x29bb</run_address>
         <size>0x99</size>
         <input_file_ref idref="fl-42"/>
      </object_component>
      <object_component id="oc-f7">
         <name>.debug_frame</name>
         <load_address>0x2a54</load_address>
         <run_address>0x2a54</run_address>
         <size>0x99</size>
         <input_file_ref idref="fl-43"/>
      </object_component>
      <object_component id="oc-fc">
         <name>.debug_frame</name>
         <load_address>0x2aed</load_address>
         <run_address>0x2aed</run_address>
         <size>0x86</size>
         <input_file_ref idref="fl-44"/>
      </object_component>
      <object_component id="oc-101">
         <name>.debug_frame</name>
         <load_address>0x2b73</load_address>
         <run_address>0x2b73</run_address>
         <size>0x99</size>
         <input_file_ref idref="fl-45"/>
      </object_component>
      <object_component id="oc-16">
         <name>.debug_line</name>
         <load_address>0x0</load_address>
         <run_address>0x0</run_address>
         <size>0x3be</size>
         <input_file_ref idref="fl-5"/>
      </object_component>
      <object_component id="oc-1b">
         <name>.debug_line</name>
         <load_address>0x3be</load_address>
         <run_address>0x3be</run_address>
         <size>0x5d4</size>
         <input_file_ref idref="fl-6"/>
      </object_component>
      <object_component id="oc-21">
         <name>.debug_line</name>
         <load_address>0x992</load_address>
         <run_address>0x992</run_address>
         <size>0x19b</size>
         <input_file_ref idref="fl-7"/>
      </object_component>
      <object_component id="oc-26">
         <name>.debug_line</name>
         <load_address>0xb2d</load_address>
         <run_address>0xb2d</run_address>
         <size>0x223</size>
         <input_file_ref idref="fl-8"/>
      </object_component>
      <object_component id="oc-2b">
         <name>.debug_line</name>
         <load_address>0xd50</load_address>
         <run_address>0xd50</run_address>
         <size>0x301</size>
         <input_file_ref idref="fl-9"/>
      </object_component>
      <object_component id="oc-32">
         <name>.debug_line</name>
         <load_address>0x1051</load_address>
         <run_address>0x1051</run_address>
         <size>0xd58</size>
         <input_file_ref idref="fl-a"/>
      </object_component>
      <object_component id="oc-37">
         <name>.debug_line</name>
         <load_address>0x1da9</load_address>
         <run_address>0x1da9</run_address>
         <size>0x123</size>
         <input_file_ref idref="fl-b"/>
      </object_component>
      <object_component id="oc-3d">
         <name>.debug_line</name>
         <load_address>0x1ecc</load_address>
         <run_address>0x1ecc</run_address>
         <size>0x35d</size>
         <input_file_ref idref="fl-c"/>
      </object_component>
      <object_component id="oc-42">
         <name>.debug_line</name>
         <load_address>0x2229</load_address>
         <run_address>0x2229</run_address>
         <size>0x232</size>
         <input_file_ref idref="fl-d"/>
      </object_component>
      <object_component id="oc-4a">
         <name>.debug_line</name>
         <load_address>0x245b</load_address>
         <run_address>0x245b</run_address>
         <size>0x4cc</size>
         <input_file_ref idref="fl-e"/>
      </object_component>
      <object_component id="oc-4f">
         <name>.debug_line</name>
         <load_address>0x2927</load_address>
         <run_address>0x2927</run_address>
         <size>0xa82</size>
         <input_file_ref idref="fl-f"/>
      </object_component>
      <object_component id="oc-54">
         <name>.debug_line</name>
         <load_address>0x33a9</load_address>
         <run_address>0x33a9</run_address>
         <size>0x15b</size>
         <input_file_ref idref="fl-10"/>
      </object_component>
      <object_component id="oc-59">
         <name>.debug_line</name>
         <load_address>0x3504</load_address>
         <run_address>0x3504</run_address>
         <size>0x170</size>
         <input_file_ref idref="fl-11"/>
      </object_component>
      <object_component id="oc-5e">
         <name>.debug_line</name>
         <load_address>0x3674</load_address>
         <run_address>0x3674</run_address>
         <size>0xcf</size>
         <input_file_ref idref="fl-12"/>
      </object_component>
      <object_component id="oc-64">
         <name>.debug_line</name>
         <load_address>0x3743</load_address>
         <run_address>0x3743</run_address>
         <size>0x574</size>
         <input_file_ref idref="fl-13"/>
      </object_component>
      <object_component id="oc-69">
         <name>.debug_line</name>
         <load_address>0x3cb7</load_address>
         <run_address>0x3cb7</run_address>
         <size>0x1ba</size>
         <input_file_ref idref="fl-14"/>
      </object_component>
      <object_component id="oc-6e">
         <name>.debug_line</name>
         <load_address>0x3e71</load_address>
         <run_address>0x3e71</run_address>
         <size>0xa2</size>
         <input_file_ref idref="fl-18"/>
      </object_component>
      <object_component id="oc-73">
         <name>.debug_line</name>
         <load_address>0x3f13</load_address>
         <run_address>0x3f13</run_address>
         <size>0x58</size>
         <input_file_ref idref="fl-19"/>
      </object_component>
      <object_component id="oc-78">
         <name>.debug_line</name>
         <load_address>0x3f6b</load_address>
         <run_address>0x3f6b</run_address>
         <size>0xa9</size>
         <input_file_ref idref="fl-1a"/>
      </object_component>
      <object_component id="oc-7d">
         <name>.debug_line</name>
         <load_address>0x4014</load_address>
         <run_address>0x4014</run_address>
         <size>0x52</size>
         <input_file_ref idref="fl-1b"/>
      </object_component>
      <object_component id="oc-82">
         <name>.debug_line</name>
         <load_address>0x4066</load_address>
         <run_address>0x4066</run_address>
         <size>0xab</size>
         <input_file_ref idref="fl-1c"/>
      </object_component>
      <object_component id="oc-87">
         <name>.debug_line</name>
         <load_address>0x4111</load_address>
         <run_address>0x4111</run_address>
         <size>0x8d</size>
         <input_file_ref idref="fl-1d"/>
      </object_component>
      <object_component id="oc-8c">
         <name>.debug_line</name>
         <load_address>0x419e</load_address>
         <run_address>0x419e</run_address>
         <size>0x41</size>
         <input_file_ref idref="fl-1e"/>
      </object_component>
      <object_component id="oc-91">
         <name>.debug_line</name>
         <load_address>0x41df</load_address>
         <run_address>0x41df</run_address>
         <size>0x56</size>
         <input_file_ref idref="fl-1f"/>
      </object_component>
      <object_component id="oc-96">
         <name>.debug_line</name>
         <load_address>0x4235</load_address>
         <run_address>0x4235</run_address>
         <size>0x5e</size>
         <input_file_ref idref="fl-20"/>
      </object_component>
      <object_component id="oc-9b">
         <name>.debug_line</name>
         <load_address>0x4293</load_address>
         <run_address>0x4293</run_address>
         <size>0x56</size>
         <input_file_ref idref="fl-21"/>
      </object_component>
      <object_component id="oc-a0">
         <name>.debug_line</name>
         <load_address>0x42e9</load_address>
         <run_address>0x42e9</run_address>
         <size>0x59</size>
         <input_file_ref idref="fl-22"/>
      </object_component>
      <object_component id="oc-a5">
         <name>.debug_line</name>
         <load_address>0x4342</load_address>
         <run_address>0x4342</run_address>
         <size>0x52</size>
         <input_file_ref idref="fl-23"/>
      </object_component>
      <object_component id="oc-aa">
         <name>.debug_line</name>
         <load_address>0x4394</load_address>
         <run_address>0x4394</run_address>
         <size>0x49</size>
         <input_file_ref idref="fl-24"/>
      </object_component>
      <object_component id="oc-af">
         <name>.debug_line</name>
         <load_address>0x43dd</load_address>
         <run_address>0x43dd</run_address>
         <size>0x4f</size>
         <input_file_ref idref="fl-25"/>
      </object_component>
      <object_component id="oc-b6">
         <name>.debug_line</name>
         <load_address>0x442c</load_address>
         <run_address>0x442c</run_address>
         <size>0x73</size>
         <input_file_ref idref="fl-36"/>
      </object_component>
      <object_component id="oc-bb">
         <name>.debug_line</name>
         <load_address>0x449f</load_address>
         <run_address>0x449f</run_address>
         <size>0x59</size>
         <input_file_ref idref="fl-37"/>
      </object_component>
      <object_component id="oc-c2">
         <name>.debug_line</name>
         <load_address>0x44f8</load_address>
         <run_address>0x44f8</run_address>
         <size>0x5d</size>
         <input_file_ref idref="fl-38"/>
      </object_component>
      <object_component id="oc-c7">
         <name>.debug_line</name>
         <load_address>0x4555</load_address>
         <run_address>0x4555</run_address>
         <size>0x5e</size>
         <input_file_ref idref="fl-39"/>
      </object_component>
      <object_component id="oc-cc">
         <name>.debug_line</name>
         <load_address>0x45b3</load_address>
         <run_address>0x45b3</run_address>
         <size>0x5b</size>
         <input_file_ref idref="fl-3a"/>
      </object_component>
      <object_component id="oc-d5">
         <name>.debug_line</name>
         <load_address>0x460e</load_address>
         <run_address>0x460e</run_address>
         <size>0x44</size>
         <input_file_ref idref="fl-3c"/>
      </object_component>
      <object_component id="oc-da">
         <name>.debug_line</name>
         <load_address>0x4652</load_address>
         <run_address>0x4652</run_address>
         <size>0x46</size>
         <input_file_ref idref="fl-3d"/>
      </object_component>
      <object_component id="oc-df">
         <name>.debug_line</name>
         <load_address>0x4698</load_address>
         <run_address>0x4698</run_address>
         <size>0x60</size>
         <input_file_ref idref="fl-3e"/>
      </object_component>
      <object_component id="oc-e4">
         <name>.debug_line</name>
         <load_address>0x46f8</load_address>
         <run_address>0x46f8</run_address>
         <size>0x53</size>
         <input_file_ref idref="fl-3f"/>
      </object_component>
      <object_component id="oc-e9">
         <name>.debug_line</name>
         <load_address>0x474b</load_address>
         <run_address>0x474b</run_address>
         <size>0x75</size>
         <input_file_ref idref="fl-40"/>
      </object_component>
      <object_component id="oc-ee">
         <name>.debug_line</name>
         <load_address>0x47c0</load_address>
         <run_address>0x47c0</run_address>
         <size>0x69</size>
         <input_file_ref idref="fl-41"/>
      </object_component>
      <object_component id="oc-f3">
         <name>.debug_line</name>
         <load_address>0x4829</load_address>
         <run_address>0x4829</run_address>
         <size>0x53</size>
         <input_file_ref idref="fl-42"/>
      </object_component>
      <object_component id="oc-f8">
         <name>.debug_line</name>
         <load_address>0x487c</load_address>
         <run_address>0x487c</run_address>
         <size>0x4e</size>
         <input_file_ref idref="fl-43"/>
      </object_component>
      <object_component id="oc-fd">
         <name>.debug_line</name>
         <load_address>0x48ca</load_address>
         <run_address>0x48ca</run_address>
         <size>0x4b</size>
         <input_file_ref idref="fl-44"/>
      </object_component>
      <object_component id="oc-102">
         <name>.debug_line</name>
         <load_address>0x4915</load_address>
         <run_address>0x4915</run_address>
         <size>0x57</size>
         <input_file_ref idref="fl-45"/>
      </object_component>
      <object_component id="oc-17">
         <name>.debug_abbrev</name>
         <load_address>0x0</load_address>
         <run_address>0x0</run_address>
         <size>0x18a</size>
         <input_file_ref idref="fl-5"/>
      </object_component>
      <object_component id="oc-1c">
         <name>.debug_abbrev</name>
         <load_address>0x18a</load_address>
         <run_address>0x18a</run_address>
         <size>0x16b</size>
         <input_file_ref idref="fl-6"/>
      </object_component>
      <object_component id="oc-22">
         <name>.debug_abbrev</name>
         <load_address>0x2f5</load_address>
         <run_address>0x2f5</run_address>
         <size>0x112</size>
         <input_file_ref idref="fl-7"/>
      </object_component>
      <object_component id="oc-27">
         <name>.debug_abbrev</name>
         <load_address>0x407</load_address>
         <run_address>0x407</run_address>
         <size>0x157</size>
         <input_file_ref idref="fl-8"/>
      </object_component>
      <object_component id="oc-2c">
         <name>.debug_abbrev</name>
         <load_address>0x55e</load_address>
         <run_address>0x55e</run_address>
         <size>0x162</size>
         <input_file_ref idref="fl-9"/>
      </object_component>
      <object_component id="oc-33">
         <name>.debug_abbrev</name>
         <load_address>0x6c0</load_address>
         <run_address>0x6c0</run_address>
         <size>0x232</size>
         <input_file_ref idref="fl-a"/>
      </object_component>
      <object_component id="oc-38">
         <name>.debug_abbrev</name>
         <load_address>0x8f2</load_address>
         <run_address>0x8f2</run_address>
         <size>0x100</size>
         <input_file_ref idref="fl-b"/>
      </object_component>
      <object_component id="oc-3e">
         <name>.debug_abbrev</name>
         <load_address>0x9f2</load_address>
         <run_address>0x9f2</run_address>
         <size>0x189</size>
         <input_file_ref idref="fl-c"/>
      </object_component>
      <object_component id="oc-43">
         <name>.debug_abbrev</name>
         <load_address>0xb7b</load_address>
         <run_address>0xb7b</run_address>
         <size>0x16b</size>
         <input_file_ref idref="fl-d"/>
      </object_component>
      <object_component id="oc-4b">
         <name>.debug_abbrev</name>
         <load_address>0xce6</load_address>
         <run_address>0xce6</run_address>
         <size>0x18d</size>
         <input_file_ref idref="fl-e"/>
      </object_component>
      <object_component id="oc-50">
         <name>.debug_abbrev</name>
         <load_address>0xe73</load_address>
         <run_address>0xe73</run_address>
         <size>0x174</size>
         <input_file_ref idref="fl-f"/>
      </object_component>
      <object_component id="oc-55">
         <name>.debug_abbrev</name>
         <load_address>0xfe7</load_address>
         <run_address>0xfe7</run_address>
         <size>0x114</size>
         <input_file_ref idref="fl-10"/>
      </object_component>
      <object_component id="oc-5a">
         <name>.debug_abbrev</name>
         <load_address>0x10fb</load_address>
         <run_address>0x10fb</run_address>
         <size>0x112</size>
         <input_file_ref idref="fl-11"/>
      </object_component>
      <object_component id="oc-5f">
         <name>.debug_abbrev</name>
         <load_address>0x120d</load_address>
         <run_address>0x120d</run_address>
         <size>0x2f</size>
         <input_file_ref idref="fl-12"/>
      </object_component>
      <object_component id="oc-65">
         <name>.debug_abbrev</name>
         <load_address>0x123c</load_address>
         <run_address>0x123c</run_address>
         <size>0x1a6</size>
         <input_file_ref idref="fl-13"/>
      </object_component>
      <object_component id="oc-6a">
         <name>.debug_abbrev</name>
         <load_address>0x13e2</load_address>
         <run_address>0x13e2</run_address>
         <size>0x114</size>
         <input_file_ref idref="fl-14"/>
      </object_component>
      <object_component id="oc-6f">
         <name>.debug_abbrev</name>
         <load_address>0x14f6</load_address>
         <run_address>0x14f6</run_address>
         <size>0x38</size>
         <input_file_ref idref="fl-18"/>
      </object_component>
      <object_component id="oc-74">
         <name>.debug_abbrev</name>
         <load_address>0x152e</load_address>
         <run_address>0x152e</run_address>
         <size>0x38</size>
         <input_file_ref idref="fl-19"/>
      </object_component>
      <object_component id="oc-79">
         <name>.debug_abbrev</name>
         <load_address>0x1566</load_address>
         <run_address>0x1566</run_address>
         <size>0x38</size>
         <input_file_ref idref="fl-1a"/>
      </object_component>
      <object_component id="oc-7e">
         <name>.debug_abbrev</name>
         <load_address>0x159e</load_address>
         <run_address>0x159e</run_address>
         <size>0x38</size>
         <input_file_ref idref="fl-1b"/>
      </object_component>
      <object_component id="oc-83">
         <name>.debug_abbrev</name>
         <load_address>0x15d6</load_address>
         <run_address>0x15d6</run_address>
         <size>0x38</size>
         <input_file_ref idref="fl-1c"/>
      </object_component>
      <object_component id="oc-88">
         <name>.debug_abbrev</name>
         <load_address>0x160e</load_address>
         <run_address>0x160e</run_address>
         <size>0x38</size>
         <input_file_ref idref="fl-1d"/>
      </object_component>
      <object_component id="oc-8d">
         <name>.debug_abbrev</name>
         <load_address>0x1646</load_address>
         <run_address>0x1646</run_address>
         <size>0x38</size>
         <input_file_ref idref="fl-1e"/>
      </object_component>
      <object_component id="oc-92">
         <name>.debug_abbrev</name>
         <load_address>0x167e</load_address>
         <run_address>0x167e</run_address>
         <size>0x38</size>
         <input_file_ref idref="fl-1f"/>
      </object_component>
      <object_component id="oc-97">
         <name>.debug_abbrev</name>
         <load_address>0x16b6</load_address>
         <run_address>0x16b6</run_address>
         <size>0x38</size>
         <input_file_ref idref="fl-20"/>
      </object_component>
      <object_component id="oc-9c">
         <name>.debug_abbrev</name>
         <load_address>0x16ee</load_address>
         <run_address>0x16ee</run_address>
         <size>0x38</size>
         <input_file_ref idref="fl-21"/>
      </object_component>
      <object_component id="oc-a1">
         <name>.debug_abbrev</name>
         <load_address>0x1726</load_address>
         <run_address>0x1726</run_address>
         <size>0x38</size>
         <input_file_ref idref="fl-22"/>
      </object_component>
      <object_component id="oc-a6">
         <name>.debug_abbrev</name>
         <load_address>0x175e</load_address>
         <run_address>0x175e</run_address>
         <size>0x38</size>
         <input_file_ref idref="fl-23"/>
      </object_component>
      <object_component id="oc-ab">
         <name>.debug_abbrev</name>
         <load_address>0x1796</load_address>
         <run_address>0x1796</run_address>
         <size>0x38</size>
         <input_file_ref idref="fl-24"/>
      </object_component>
      <object_component id="oc-b0">
         <name>.debug_abbrev</name>
         <load_address>0x17ce</load_address>
         <run_address>0x17ce</run_address>
         <size>0x38</size>
         <input_file_ref idref="fl-25"/>
      </object_component>
      <object_component id="oc-b7">
         <name>.debug_abbrev</name>
         <load_address>0x1806</load_address>
         <run_address>0x1806</run_address>
         <size>0x46</size>
         <input_file_ref idref="fl-36"/>
      </object_component>
      <object_component id="oc-bc">
         <name>.debug_abbrev</name>
         <load_address>0x184c</load_address>
         <run_address>0x184c</run_address>
         <size>0xfe</size>
         <input_file_ref idref="fl-37"/>
      </object_component>
      <object_component id="oc-c3">
         <name>.debug_abbrev</name>
         <load_address>0x194a</load_address>
         <run_address>0x194a</run_address>
         <size>0x117</size>
         <input_file_ref idref="fl-38"/>
      </object_component>
      <object_component id="oc-c8">
         <name>.debug_abbrev</name>
         <load_address>0x1a61</load_address>
         <run_address>0x1a61</run_address>
         <size>0xb2</size>
         <input_file_ref idref="fl-39"/>
      </object_component>
      <object_component id="oc-cd">
         <name>.debug_abbrev</name>
         <load_address>0x1b13</load_address>
         <run_address>0x1b13</run_address>
         <size>0xd4</size>
         <input_file_ref idref="fl-3a"/>
      </object_component>
      <object_component id="oc-d2">
         <name>.debug_abbrev</name>
         <load_address>0x1be7</load_address>
         <run_address>0x1be7</run_address>
         <size>0x31</size>
         <input_file_ref idref="fl-3b"/>
      </object_component>
      <object_component id="oc-d6">
         <name>.debug_abbrev</name>
         <load_address>0x1c18</load_address>
         <run_address>0x1c18</run_address>
         <size>0x9d</size>
         <input_file_ref idref="fl-3c"/>
      </object_component>
      <object_component id="oc-db">
         <name>.debug_abbrev</name>
         <load_address>0x1cb5</load_address>
         <run_address>0x1cb5</run_address>
         <size>0xab</size>
         <input_file_ref idref="fl-3d"/>
      </object_component>
      <object_component id="oc-e0">
         <name>.debug_abbrev</name>
         <load_address>0x1d60</load_address>
         <run_address>0x1d60</run_address>
         <size>0x38</size>
         <input_file_ref idref="fl-3e"/>
      </object_component>
      <object_component id="oc-e5">
         <name>.debug_abbrev</name>
         <load_address>0x1d98</load_address>
         <run_address>0x1d98</run_address>
         <size>0x38</size>
         <input_file_ref idref="fl-3f"/>
      </object_component>
      <object_component id="oc-ea">
         <name>.debug_abbrev</name>
         <load_address>0x1dd0</load_address>
         <run_address>0x1dd0</run_address>
         <size>0xcb</size>
         <input_file_ref idref="fl-40"/>
      </object_component>
      <object_component id="oc-ef">
         <name>.debug_abbrev</name>
         <load_address>0x1e9b</load_address>
         <run_address>0x1e9b</run_address>
         <size>0x38</size>
         <input_file_ref idref="fl-41"/>
      </object_component>
      <object_component id="oc-f4">
         <name>.debug_abbrev</name>
         <load_address>0x1ed3</load_address>
         <run_address>0x1ed3</run_address>
         <size>0xb4</size>
         <input_file_ref idref="fl-42"/>
      </object_component>
      <object_component id="oc-f9">
         <name>.debug_abbrev</name>
         <load_address>0x1f87</load_address>
         <run_address>0x1f87</run_address>
         <size>0xcb</size>
         <input_file_ref idref="fl-43"/>
      </object_component>
      <object_component id="oc-fe">
         <name>.debug_abbrev</name>
         <load_address>0x2052</load_address>
         <run_address>0x2052</run_address>
         <size>0xb2</size>
         <input_file_ref idref="fl-44"/>
      </object_component>
      <object_component id="oc-103">
         <name>.debug_abbrev</name>
         <load_address>0x2104</load_address>
         <run_address>0x2104</run_address>
         <size>0xbb</size>
         <input_file_ref idref="fl-45"/>
      </object_component>
      <object_component id="oc-141">
         <name>.debug_abbrev</name>
         <load_address>0x21bf</load_address>
         <run_address>0x21bf</run_address>
         <size>0xf</size>
      </object_component>
      <object_component id="oc-18">
         <name>.debug_aranges</name>
         <load_address>0x0</load_address>
         <run_address>0x0</run_address>
         <size>0x118</size>
         <input_file_ref idref="fl-5"/>
      </object_component>
      <object_component id="oc-1d">
         <name>.debug_aranges</name>
         <load_address>0x118</load_address>
         <run_address>0x118</run_address>
         <size>0x1f0</size>
         <input_file_ref idref="fl-6"/>
      </object_component>
      <object_component id="oc-23">
         <name>.debug_aranges</name>
         <load_address>0x308</load_address>
         <run_address>0x308</run_address>
         <size>0x70</size>
         <input_file_ref idref="fl-7"/>
      </object_component>
      <object_component id="oc-28">
         <name>.debug_aranges</name>
         <load_address>0x378</load_address>
         <run_address>0x378</run_address>
         <size>0x98</size>
         <input_file_ref idref="fl-8"/>
      </object_component>
      <object_component id="oc-2d">
         <name>.debug_aranges</name>
         <load_address>0x410</load_address>
         <run_address>0x410</run_address>
         <size>0x90</size>
         <input_file_ref idref="fl-9"/>
      </object_component>
      <object_component id="oc-34">
         <name>.debug_aranges</name>
         <load_address>0x4a0</load_address>
         <run_address>0x4a0</run_address>
         <size>0xf0</size>
         <input_file_ref idref="fl-a"/>
      </object_component>
      <object_component id="oc-39">
         <name>.debug_aranges</name>
         <load_address>0x590</load_address>
         <run_address>0x590</run_address>
         <size>0x38</size>
         <input_file_ref idref="fl-b"/>
      </object_component>
      <object_component id="oc-3f">
         <name>.debug_aranges</name>
         <load_address>0x5c8</load_address>
         <run_address>0x5c8</run_address>
         <size>0xf0</size>
         <input_file_ref idref="fl-c"/>
      </object_component>
      <object_component id="oc-44">
         <name>.debug_aranges</name>
         <load_address>0x6b8</load_address>
         <run_address>0x6b8</run_address>
         <size>0xa0</size>
         <input_file_ref idref="fl-d"/>
      </object_component>
      <object_component id="oc-4c">
         <name>.debug_aranges</name>
         <load_address>0x758</load_address>
         <run_address>0x758</run_address>
         <size>0x28</size>
         <input_file_ref idref="fl-e"/>
      </object_component>
      <object_component id="oc-51">
         <name>.debug_aranges</name>
         <load_address>0x780</load_address>
         <run_address>0x780</run_address>
         <size>0x370</size>
         <input_file_ref idref="fl-f"/>
      </object_component>
      <object_component id="oc-56">
         <name>.debug_aranges</name>
         <load_address>0xaf0</load_address>
         <run_address>0xaf0</run_address>
         <size>0x50</size>
         <input_file_ref idref="fl-10"/>
      </object_component>
      <object_component id="oc-5b">
         <name>.debug_aranges</name>
         <load_address>0xb40</load_address>
         <run_address>0xb40</run_address>
         <size>0x58</size>
         <input_file_ref idref="fl-11"/>
      </object_component>
      <object_component id="oc-60">
         <name>.debug_aranges</name>
         <load_address>0xb98</load_address>
         <run_address>0xb98</run_address>
         <size>0x20</size>
         <input_file_ref idref="fl-12"/>
      </object_component>
      <object_component id="oc-66">
         <name>.debug_aranges</name>
         <load_address>0xbb8</load_address>
         <run_address>0xbb8</run_address>
         <size>0x80</size>
         <input_file_ref idref="fl-13"/>
      </object_component>
      <object_component id="oc-6b">
         <name>.debug_aranges</name>
         <load_address>0xc38</load_address>
         <run_address>0xc38</run_address>
         <size>0x70</size>
         <input_file_ref idref="fl-14"/>
      </object_component>
      <object_component id="oc-70">
         <name>.debug_aranges</name>
         <load_address>0xca8</load_address>
         <run_address>0xca8</run_address>
         <size>0x20</size>
         <input_file_ref idref="fl-18"/>
      </object_component>
      <object_component id="oc-75">
         <name>.debug_aranges</name>
         <load_address>0xcc8</load_address>
         <run_address>0xcc8</run_address>
         <size>0x20</size>
         <input_file_ref idref="fl-19"/>
      </object_component>
      <object_component id="oc-7a">
         <name>.debug_aranges</name>
         <load_address>0xce8</load_address>
         <run_address>0xce8</run_address>
         <size>0x20</size>
         <input_file_ref idref="fl-1a"/>
      </object_component>
      <object_component id="oc-7f">
         <name>.debug_aranges</name>
         <load_address>0xd08</load_address>
         <run_address>0xd08</run_address>
         <size>0x20</size>
         <input_file_ref idref="fl-1b"/>
      </object_component>
      <object_component id="oc-84">
         <name>.debug_aranges</name>
         <load_address>0xd28</load_address>
         <run_address>0xd28</run_address>
         <size>0x20</size>
         <input_file_ref idref="fl-1c"/>
      </object_component>
      <object_component id="oc-89">
         <name>.debug_aranges</name>
         <load_address>0xd48</load_address>
         <run_address>0xd48</run_address>
         <size>0x20</size>
         <input_file_ref idref="fl-1d"/>
      </object_component>
      <object_component id="oc-8e">
         <name>.debug_aranges</name>
         <load_address>0xd68</load_address>
         <run_address>0xd68</run_address>
         <size>0x20</size>
         <input_file_ref idref="fl-1e"/>
      </object_component>
      <object_component id="oc-93">
         <name>.debug_aranges</name>
         <load_address>0xd88</load_address>
         <run_address>0xd88</run_address>
         <size>0x20</size>
         <input_file_ref idref="fl-1f"/>
      </object_component>
      <object_component id="oc-98">
         <name>.debug_aranges</name>
         <load_address>0xda8</load_address>
         <run_address>0xda8</run_address>
         <size>0x20</size>
         <input_file_ref idref="fl-20"/>
      </object_component>
      <object_component id="oc-9d">
[...]
         <object_component_ref idref="oc-110"/>
      </symbol>
      <symbol id="sm-265">
         <name>_PWM_enableAutoConvert</name>
         <value>0x9121</value>
         <object_component_ref idref="oc-110"/>
      </symbol>
      <symbol id="sm-266">
         <name>_PWM_setDigitalCompareBlankingPulse</name>
         <value>0x8fa7</value>
         <object_component_ref idref="oc-110"/>
      </symbol>
      <symbol id="sm-267">
         <name>_PWM_setCounterMode</name>
         <value>0x9022</value>
         <object_component_ref idref="oc-110"/>
      </symbol>
      <symbol id="sm-268">
         <name>_PWM_getIntCount</name>
         <value>0x90d8</value>
         <object_component_ref idref="oc-110"/>
      </symbol>
      <symbol id="sm-269">
         <name>_PWM_enableChopping</name>
         <value>0x911d</value>
         <object_component_ref idref="oc-110"/>
      </symbol>
      <symbol id="sm-26a">
         <name>_PWM_disableDeadBandHalfCycle</name>
         <value>0x9164</value>
         <object_component_ref idref="oc-110"/>
      </symbol>
      <symbol id="sm-26b">
         <name>_PWM_disableAutoConvert</name>
         <value>0x9172</value>
         <object_component_ref idref="oc-110"/>
      </symbol>
      <symbol id="sm-26c">
         <name>_PWM_setTripZoneDCEventSelect_DCBEVT2</name>
         <value>0x8ed4</value>
         <object_component_ref idref="oc-110"/>
      </symbol>
      <symbol id="sm-26d">
         <name>_PWM_setTripZoneDCEventSelect_DCBEVT1</name>
         <value>0x8ee0</value>
         <object_component_ref idref="oc-110"/>
      </symbol>
      <symbol id="sm-26e">
         <name>_PWM_setDeadBandRisingEdgeDelay</name>
         <value>0x9007</value>
         <object_component_ref idref="oc-110"/>
      </symbol>
      <symbol id="sm-26f">
         <name>_PWM_setDigitalCompareBEvent2</name>
         <value>0x8fb3</value>
         <object_component_ref idref="oc-110"/>
      </symbol>
      <symbol id="sm-270">
         <name>_PWM_setDigitalCompareBEvent1</name>
         <value>0x8fc3</value>
         <object_component_ref idref="oc-110"/>
      </symbol>
      <symbol id="sm-271">
         <name>_PWM_disableTripZoneSrc</name>
         <value>0x912e</value>
         <object_component_ref idref="oc-110"/>
      </symbol>
      <symbol id="sm-272">
         <name>_PWM_setChoppingDutyCycle</name>
         <value>0x9033</value>
         <object_component_ref idref="oc-110"/>
      </symbol>
      <symbol id="sm-273">
         <name>_PWM_setChoppingPulseWidth</name>
         <value>0x902c</value>
         <object_component_ref idref="oc-110"/>
      </symbol>
      <symbol id="sm-274">
         <name>_PWM_setSwSync</name>
         <value>0x8f06</value>
         <object_component_ref idref="oc-110"/>
      </symbol>
      <symbol id="sm-275">
         <name>_PWM_setSocAPulseSrc</name>
         <value>0x8f1b</value>
         <object_component_ref idref="oc-110"/>
      </symbol>
      <symbol id="sm-276">
         <name>_PWM_setActionQualContSWForce_PwmB</name>
         <value>0x90a9</value>
         <object_component_ref idref="oc-110"/>
      </symbol>
      <symbol id="sm-277">
         <name>_PWM_setDigitalCompareFilterWindow</name>
         <value>0x8f97</value>
         <object_component_ref idref="oc-110"/>
      </symbol>
      <symbol id="sm-278">
         <name>_PWM_setActionQualContSWForce_PwmA</name>
         <value>0x90b2</value>
         <object_component_ref idref="oc-110"/>
      </symbol>
      <symbol id="sm-279">
         <name>_PWM_setActionQual_CntDown_CmpA_PwmB</name>
         <value>0x9097</value>
         <object_component_ref idref="oc-110"/>
      </symbol>
      <symbol id="sm-27a">
         <name>_PWM_setActionQual_CntDown_CmpA_PwmA</name>
         <value>0x90a0</value>
         <object_component_ref idref="oc-110"/>
      </symbol>
      <symbol id="sm-27b">
         <name>_PWM_setActionQual_CntDown_CmpB_PwmB</name>
         <value>0x9085</value>
         <object_component_ref idref="oc-110"/>
      </symbol>
      <symbol id="sm-27c">
         <name>_PWM_setActionQual_CntDown_CmpB_PwmA</name>
         <value>0x908e</value>
         <object_component_ref idref="oc-110"/>
      </symbol>
      <symbol id="sm-27d">
         <name>_PWM_setCount</name>
         <value>0x9026</value>
         <object_component_ref idref="oc-110"/>
      </symbol>
      <symbol id="sm-27e">
         <name>_PWM_enableTripZoneInt</name>
         <value>0x90e8</value>
         <object_component_ref idref="oc-110"/>
      </symbol>
      <symbol id="sm-27f">
         <name>_PWM_setTripZoneState_DCBEVT1</name>
         <value>0x8eb0</value>
         <object_component_ref idref="oc-110"/>
      </symbol>
      <symbol id="sm-280">
         <name>_PWM_setTripZoneState_DCBEVT2</name>
         <value>0x8ea4</value>
         <object_component_ref idref="oc-110"/>
      </symbol>
      <symbol id="sm-281">
         <name>_PWM_setActionQual_Period_PwmA</name>
         <value>0x9058</value>
         <object_component_ref idref="oc-110"/>
      </symbol>
      <symbol id="sm-282">
         <name>_PWM_setActionQual_Period_PwmB</name>
         <value>0x904f</value>
         <object_component_ref idref="oc-110"/>
      </symbol>
      <symbol id="sm-290">
         <name>_PWR_init</name>
         <value>0x9e08</value>
         <object_component_ref idref="oc-11a"/>
      </symbol>
      <symbol id="sm-291">
         <name>_PWR_setNumStandByClocks</name>
         <value>0x9de6</value>
         <object_component_ref idref="oc-11a"/>
      </symbol>
      <symbol id="sm-292">
         <name>_PWR_disableWatchDogInt</name>
         <value>0x9e1e</value>
         <object_component_ref idref="oc-11a"/>
      </symbol>
      <symbol id="sm-293">
         <name>_PWR_enableWatchDogInt</name>
         <value>0x9e11</value>
         <object_component_ref idref="oc-11a"/>
      </symbol>
      <symbol id="sm-294">
         <name>_PWR_disableBrownOutReset</name>
         <value>0x9e28</value>
         <object_component_ref idref="oc-11a"/>
      </symbol>
      <symbol id="sm-295">
         <name>_PWR_enableBrownOutReset</name>
         <value>0x9e1b</value>
         <object_component_ref idref="oc-11a"/>
      </symbol>
      <symbol id="sm-296">
         <name>_PWR_setLowPowerMode</name>
         <value>0x9df7</value>
         <object_component_ref idref="oc-11a"/>
      </symbol>
      <symbol id="sm-2a4">
         <name>_TIMER_setEmulationMode</name>
         <value>0x9ef1</value>
         <object_component_ref idref="oc-10f"/>
      </symbol>
      <symbol id="sm-2a5">
         <name>_TIMER_disableInt</name>
         <value>0x9f10</value>
         <object_component_ref idref="oc-10f"/>
      </symbol>
      <symbol id="sm-2a6">
         <name>_TIMER_setPreScaler</name>
         <value>0x9ee3</value>
         <object_component_ref idref="oc-10f"/>
      </symbol>
      <symbol id="sm-2a7">
         <name>_TIMER_setDecimationFactor</name>
         <value>0x9ef5</value>
         <object_component_ref idref="oc-10f"/>
      </symbol>
      <symbol id="sm-2a8">
         <name>_TIMER_getStatus</name>
         <value>0x9f0a</value>
         <object_component_ref idref="oc-10f"/>
      </symbol>
      <symbol id="sm-2a9">
         <name>_TIMER_init</name>
         <value>0x9f03</value>
         <object_component_ref idref="oc-10f"/>
      </symbol>
      <symbol id="sm-2aa">
         <name>_TIMER_clearFlag</name>
         <value>0x9f13</value>
         <object_component_ref idref="oc-10f"/>
      </symbol>
      <symbol id="sm-2ab">
         <name>_TIMER_enableInt</name>
         <value>0x9f0d</value>
         <object_component_ref idref="oc-10f"/>
      </symbol>
      <symbol id="sm-2b7">
         <name>_usDelay</name>
         <value>0x126</value>
         <object_component_ref idref="oc-5c"/>
      </symbol>
      <symbol id="sm-2d4">
         <name>_USER_computeFlux_pu_to_VpHz_sf</name>
         <value>0x8d6a</value>
         <object_component_ref idref="oc-10c"/>
      </symbol>
      <symbol id="sm-2d5">
         <name>_USER_calcPIgains</name>
         <value>0x8dcd</value>
         <object_component_ref idref="oc-10c"/>
      </symbol>
      <symbol id="sm-2d6">
         <name>_USER_computeTorque_Ls_Id_Iq_pu_to_Nm_sf</name>
         <value>0x8c79</value>
         <object_component_ref idref="oc-10c"/>
      </symbol>
      <symbol id="sm-2d7">
         <name>_USER_computeTorque_lbin</name>
         <value>0x8bd4</value>
         <object_component_ref idref="oc-10c"/>
      </symbol>
      <symbol id="sm-2d8">
         <name>_USER_getErrorCode</name>
         <value>0x8bd1</value>
         <object_component_ref idref="oc-10c"/>
      </symbol>
      <symbol id="sm-2d9">
         <name>_USER_computeFlux</name>
         <value>0x8dbb</value>
         <object_component_ref idref="oc-10c"/>
      </symbol>
      <symbol id="sm-2da">
         <name>_USER_checkForErrors</name>
         <value>0x8dc9</value>
         <object_component_ref idref="oc-10c"/>
      </symbol>
      <symbol id="sm-2db">
         <name>_USER_computeFlux_pu_to_Wb_sf</name>
         <value>0x8d19</value>
         <object_component_ref idref="oc-10c"/>
      </symbol>
      <symbol id="sm-2dc">
         <name>_USER_computeTorque_Flux_Iq_pu_to_Nm_sf</name>
         <value>0x8cc8</value>
         <object_component_ref idref="oc-10c"/>
      </symbol>
      <symbol id="sm-2dd">
         <name>_USER_softwareUpdate1p6</name>
         <value>0x89c6</value>
         <object_component_ref idref="oc-10c"/>
      </symbol>
      <symbol id="sm-2de">
         <name>_USER_setErrorCode</name>
         <value>0x8bce</value>
         <object_component_ref idref="oc-10c"/>
      </symbol>
      <symbol id="sm-2df">
         <name>_USER_setParams</name>
         <value>0x8a5e</value>
         <object_component_ref idref="oc-10c"/>
      </symbol>
      <symbol id="sm-2e0">
         <name>_USER_computeTorque_Nm</name>
         <value>0x8c2c</value>
         <object_component_ref idref="oc-10c"/>
      </symbol>
      <symbol id="sm-2ee">
         <name>_WDOG_disableInt</name>
         <value>0x9dd0</value>
         <object_component_ref idref="oc-118"/>
      </symbol>
      <symbol id="sm-2ef">
         <name>_WDOG_setPreScaler</name>
         <value>0x9d9f</value>
         <object_component_ref idref="oc-118"/>
      </symbol>
      <symbol id="sm-2f0">
         <name>_WDOG_enableInt</name>
         <value>0x9dbb</value>
         <object_component_ref idref="oc-118"/>
      </symbol>
      <symbol id="sm-2f1">
         <name>_WDOG_enable</name>
         <value>0x9dc1</value>
         <object_component_ref idref="oc-118"/>
      </symbol>
      <symbol id="sm-2f2">
         <name>_WDOG_setCount</name>
         <value>0x9da9</value>
         <object_component_ref idref="oc-118"/>
      </symbol>
      <symbol id="sm-2f3">
         <name>_WDOG_init</name>
         <value>0x9dab</value>
         <object_component_ref idref="oc-118"/>
      </symbol>
      <symbol id="sm-2f4">
         <name>_WDOG_getIntStatus</name>
         <value>0x9db2</value>
         <object_component_ref idref="oc-118"/>
      </symbol>
      <symbol id="sm-2f5">
         <name>_WDOG_disable</name>
         <value>0x9dd6</value>
         <object_component_ref idref="oc-118"/>
      </symbol>
      <symbol id="sm-2f6">
         <name>_WDOG_enableOverRide</name>
         <value>0x9db5</value>
         <object_component_ref idref="oc-118"/>
      </symbol>
      <symbol id="sm-2f7">
         <name>_WDOG_disableOverRide</name>
         <value>0x9dca</value>
         <object_component_ref idref="oc-118"/>
      </symbol>
      <symbol id="sm-2f8">
         <name>_WDOG_clearCounter</name>
         <value>0x9dde</value>
         <object_component_ref idref="oc-118"/>
      </symbol>
      <symbol id="sm-30c">
         <name>FD$$MPY</name>
         <value>0x9abf</value>
         <object_component_ref idref="oc-6c"/>
      </symbol>
      <symbol id="sm-31b">
         <name>FD$$TOL</name>
         <value>0xa01b</value>
         <object_component_ref idref="oc-71"/>
      </symbol>
      <symbol id="sm-335">
         <name>FS$$ADD</name>
         <value>0x9bca</value>
         <object_component_ref idref="oc-76"/>
      </symbol>
      <symbol id="sm-336">
         <name>FS$$SUB</name>
         <value>0x9bc5</value>
         <object_component_ref idref="oc-76"/>
      </symbol>
      <symbol id="sm-348">
         <name>FS$$CMP</name>
         <value>0xa0d9</value>
         <object_component_ref idref="oc-7b"/>
      </symbol>
      <symbol id="sm-359">
         <name>FS$$DIV</name>
         <value>0x9b42</value>
         <object_component_ref idref="oc-80"/>
      </symbol>
      <symbol id="sm-36a">
         <name>FS$$MPY</name>
         <value>0x9cf4</value>
         <object_component_ref idref="oc-85"/>
      </symbol>
      <symbol id="sm-377">
         <name>FS$$NEG</name>
         <value>0xa135</value>
         <object_component_ref idref="oc-8a"/>
      </symbol>
      <symbol id="sm-387">
         <name>FS$$TOFD</name>
         <value>0xa057</value>
         <object_component_ref idref="oc-8f"/>
      </symbol>
      <symbol id="sm-398">
         <name>FS$$TOI</name>
         <value>0x9f92</value>
         <object_component_ref idref="oc-94"/>
      </symbol>
      <symbol id="sm-3a9">
         <name>FS$$TOU</name>
         <value>0xa03a</value>
         <object_component_ref idref="oc-99"/>
      </symbol>
      <symbol id="sm-3ba">
         <name>FS$$TOUL</name>
         <value>0x9ffa</value>
         <object_component_ref idref="oc-9e"/>
      </symbol>
      <symbol id="sm-3c9">
         <name>I$$TOFS</name>
         <value>0xa073</value>
         <object_component_ref idref="oc-a3"/>
      </symbol>
      <symbol id="sm-3d7">
         <name>U$$TOFS</name>
         <value>0xa117</value>
         <object_component_ref idref="oc-a8"/>
      </symbol>
      <symbol id="sm-3e7">
         <name>UL$$TOFS</name>
         <value>0xa104</value>
         <object_component_ref idref="oc-ad"/>
      </symbol>
      <symbol id="sm-3e9">
         <name>_CTRL_setGains</name>
         <value>0x3fa83e</value>
      </symbol>
      <symbol id="sm-3eb">
         <name>_EST_getFlux_pu</name>
         <value>0x3f96ab</value>
      </symbol>
      <symbol id="sm-3ed">
         <name>_EST_getLs_coarse_max_pu</name>
         <value>0x3f95ff</value>
      </symbol>
      <symbol id="sm-3ef">
         <name>_EST_getLs_d_H</name>
         <value>0x3f95f5</value>
      </symbol>
      <symbol id="sm-3f1">
         <name>_EST_getLs_d_pu</name>
         <value>0x3f95f0</value>
      </symbol>
      <symbol id="sm-3f3">
         <name>_EST_getLs_q_H</name>
         <value>0x3f95ce</value>
      </symbol>
      <symbol id="sm-3f5">
         <name>_EST_getLs_q_pu</name>
         <value>0x3f95c9</value>
      </symbol>
      <symbol id="sm-3f7">
         <name>_EST_getRs_Ohm</name>
         <value>0x3f9513</value>
      </symbol>
      <symbol id="sm-3f9">
         <name>_EST_setLs_d_pu</name>
         <value>0x3f8b45</value>
      </symbol>
      <symbol id="sm-3fb">
         <name>_EST_setLs_qFmt</name>
         <value>0x3f8af1</value>
      </symbol>
      <symbol id="sm-3fd">
         <name>_EST_setLs_q_pu</name>
         <value>0x3f8ae7</value>
      </symbol>
      <symbol id="sm-3ff">
         <name>_OFFSET_init</name>
         <value>0x3fb4dc</value>
      </symbol>
      <symbol id="sm-401">
         <name>_OFFSET_setBeta</name>
         <value>0x3fb4c6</value>
      </symbol>
      <symbol id="sm-403">
         <name>_OFFSET_setInitCond</name>
         <value>0x3fb4bd</value>
      </symbol>
      <symbol id="sm-405">
         <name>_OFFSET_setOffset</name>
         <value>0x3fb4bb</value>
      </symbol>
      <symbol id="sm-40f">
         <name>__IQ30toF</name>
         <value>0xa35a</value>
         <object_component_ref idref="oc-b2"/>
      </symbol>
      <symbol id="sm-428">
         <name>_c_int00</name>
         <value>0x9e2b</value>
         <object_component_ref idref="oc-13"/>
      </symbol>
      <symbol id="sm-429">
         <name>__stack</name>
         <value>0x400</value>
         <object_component_ref idref="oc-b3"/>
      </symbol>
      <symbol id="sm-439">
         <name>__args_main</name>
         <value>0xa0a7</value>
         <object_component_ref idref="oc-105"/>
      </symbol>
      <symbol id="sm-44d">
         <name>C$$EXIT</name>
         <value>0xa0c0</value>
         <object_component_ref idref="oc-106"/>
      </symbol>
      <symbol id="sm-44e">
         <name>_exit</name>
         <value>0xa0c2</value>
         <object_component_ref idref="oc-106"/>
      </symbol>
      <symbol id="sm-44f">
         <name>___TI_cleanup_ptr</name>
         <value>0xa13a</value>
         <object_component_ref idref="oc-c0"/>
      </symbol>
      <symbol id="sm-450">
         <name>_abort</name>
         <value>0xa0c0</value>
         <object_component_ref idref="oc-106"/>
      </symbol>
      <symbol id="sm-451">
         <name>___TI_dtors_ptr</name>
         <value>0xa13c</value>
         <object_component_ref idref="oc-c0"/>
      </symbol>
      <symbol id="sm-466">
         <name>__unlock</name>
         <value>0xa2ac</value>
         <object_component_ref idref="oc-11f"/>
      </symbol>
      <symbol id="sm-467">
         <name>__lock</name>
         <value>0xa13e</value>
         <object_component_ref idref="oc-109"/>
      </symbol>
      <symbol id="sm-468">
         <name>__register_lock</name>
         <value>0xa12b</value>
         <object_component_ref idref="oc-10d"/>
      </symbol>
      <symbol id="sm-469">
         <name>__nop</name>
         <value>0xa12f</value>
         <object_component_ref idref="oc-10d"/>
      </symbol>
      <symbol id="sm-46a">
         <name>__register_unlock</name>
         <value>0xa127</value>
         <object_component_ref idref="oc-10d"/>
      </symbol>
      <symbol id="sm-47d">
         <name>_log</name>
         <value>0x985c</value>
         <object_component_ref idref="oc-11b"/>
      </symbol>
      <symbol id="sm-488">
         <name>_errno</name>
         <value>0xa2af</value>
         <object_component_ref idref="oc-d1"/>
      </symbol>
      <symbol id="sm-498">
         <name>_frexp</name>
         <value>0xa0f0</value>
         <object_component_ref idref="oc-120"/>
      </symbol>
      <symbol id="sm-4a8">
         <name>_modf</name>
         <value>0x9eb0</value>
         <object_component_ref idref="oc-11c"/>
      </symbol>
      <symbol id="sm-4bb">
         <name>FS$$TOL</name>
         <value>0x9f44</value>
         <object_component_ref idref="oc-dd"/>
      </symbol>
      <symbol id="sm-4ca">
         <name>L$$TOFS</name>
         <value>0xa08d</value>
         <object_component_ref idref="oc-e2"/>
      </symbol>
      <symbol id="sm-4e0">
         <name>_pow</name>
         <value>0x9a37</value>
         <object_component_ref idref="oc-11d"/>
      </symbol>
      <symbol id="sm-4ee">
         <name>I$$MOD</name>
         <value>0x9fc8</value>
         <object_component_ref idref="oc-ec"/>
      </symbol>
      <symbol id="sm-4ef">
         <name>I$$DIV</name>
         <value>0x9fb7</value>
         <object_component_ref idref="oc-ec"/>
      </symbol>
      <symbol id="sm-4fe">
         <name>__log</name>
         <value>0x99a8</value>
         <object_component_ref idref="oc-121"/>
      </symbol>
      <symbol id="sm-50f">
         <name>_exp</name>
         <value>0x9909</value>
         <object_component_ref idref="oc-122"/>
      </symbol>
      <symbol id="sm-522">
         <name>_ldexp</name>
         <value>0x9e6f</value>
         <object_component_ref idref="oc-123"/>
      </symbol>
      <symbol id="sm-532">
         <name>_sqrt</name>
         <value>0x9d4e</value>
         <object_component_ref idref="oc-11e"/>
      </symbol>
   </symbol_table>
   <title>Link successful</title>
</link_info>
